Component: ARM Compiler 6.16 Tool: armlink [5dfeaa00]

==============================================================================

Section Cross References

    board.o(.text.BOARD_init) refers to clock_config.o(.text.BOARD_clockConfig) for BOARD_clockConfig
    board.o(.text.BOARD_init) refers to board.o(.text.BOARD_mpuConfig) for BOARD_mpuConfig
    board.o(.text.BOARD_init) refers to board.o(.text.BOARD_debugConsoleInit) for BOARD_debugConsoleInit
    board.o(.text.BOARD_init) refers to board.o(.text.BOARD_initForCPU2) for BOARD_initForCPU2
    board.o(.ARM.exidx.text.BOARD_init) refers to board.o(.text.BOARD_init) for [Anonymous Symbol]
    board.o(.text.BOARD_mpuConfig) refers to board.o(.text.ARM_MPU_Disable) for ARM_MPU_Disable
    board.o(.text.BOARD_mpuConfig) refers to board.o(.text.ARM_MPU_Load) for ARM_MPU_Load
    board.o(.text.BOARD_mpuConfig) refers to board.o(.text.ARM_MPU_Enable) for ARM_MPU_Enable
    board.o(.ARM.exidx.text.BOARD_mpuConfig) refers to board.o(.text.BOARD_mpuConfig) for [Anonymous Symbol]
    board.o(.text.BOARD_debugConsoleInit) refers to pin_config.o(.text.BOARD_uartPinConfig) for BOARD_uartPinConfig
    board.o(.text.BOARD_debugConsoleInit) refers to board.o(.text.SYSCTRL_selectCPUForPeripheral) for SYSCTRL_selectCPUForPeripheral
    board.o(.text.BOARD_debugConsoleInit) refers to board.o(.text.SYSCTRL_enablePeripheral) for SYSCTRL_enablePeripheral
    board.o(.text.BOARD_debugConsoleInit) refers to board.o(.text.BOARD_getPeripheralClk) for BOARD_getPeripheralClk
    board.o(.text.BOARD_debugConsoleInit) refers to hte_debug_console.o(.text.DEBUG_CONSOLE_init) for DEBUG_CONSOLE_init
    board.o(.ARM.exidx.text.BOARD_debugConsoleInit) refers to board.o(.text.BOARD_debugConsoleInit) for [Anonymous Symbol]
    board.o(.text.BOARD_initForCPU2) refers to clock_config.o(.text.BOARD_clockConfigForCPU2) for BOARD_clockConfigForCPU2
    board.o(.text.BOARD_initForCPU2) refers to board.o(.text.BOARD_debugConsoleInitForCPU2) for BOARD_debugConsoleInitForCPU2
    board.o(.ARM.exidx.text.BOARD_initForCPU2) refers to board.o(.text.BOARD_initForCPU2) for [Anonymous Symbol]
    board.o(.ARM.exidx.text.ARM_MPU_Disable) refers to board.o(.text.ARM_MPU_Disable) for [Anonymous Symbol]
    board.o(.text.ARM_MPU_Load) refers to board.o(.data.s_mpuRegions) for s_mpuRegions
    board.o(.text.ARM_MPU_Load) refers to board.o(.text.ARM_MPU_OrderedMemcpy) for ARM_MPU_OrderedMemcpy
    board.o(.ARM.exidx.text.ARM_MPU_Load) refers to board.o(.text.ARM_MPU_Load) for [Anonymous Symbol]
    board.o(.ARM.exidx.text.ARM_MPU_Enable) refers to board.o(.text.ARM_MPU_Enable) for [Anonymous Symbol]
    board.o(.ARM.exidx.text.SYSCTRL_selectCPUForPeripheral) refers to board.o(.text.SYSCTRL_selectCPUForPeripheral) for [Anonymous Symbol]
    board.o(.ARM.exidx.text.SYSCTRL_enablePeripheral) refers to board.o(.text.SYSCTRL_enablePeripheral) for [Anonymous Symbol]
    board.o(.text.BOARD_getPeripheralClk) refers to clock_config.o(.bss.g_clockConfig) for g_clockConfig
    board.o(.ARM.exidx.text.BOARD_getPeripheralClk) refers to board.o(.text.BOARD_getPeripheralClk) for [Anonymous Symbol]
    board.o(.text.BOARD_debugConsoleDeinit) refers to hte_debug_console.o(.text.DEBUG_CONSOLE_deinit) for DEBUG_CONSOLE_deinit
    board.o(.ARM.exidx.text.BOARD_debugConsoleDeinit) refers to board.o(.text.BOARD_debugConsoleDeinit) for [Anonymous Symbol]
    board.o(.text.BOARD_debugConsoleInitForCPU2) refers to pin_config.o(.text.BOARD_uartPinConfig) for BOARD_uartPinConfig
    board.o(.text.BOARD_debugConsoleInitForCPU2) refers to board.o(.text.SYSCTRL_selectCPUForPeripheral) for SYSCTRL_selectCPUForPeripheral
    board.o(.ARM.exidx.text.BOARD_debugConsoleInitForCPU2) refers to board.o(.text.BOARD_debugConsoleInitForCPU2) for [Anonymous Symbol]
    board.o(.text.BOARD_uartAssign2CPU2) refers to board.o(.text.SYSCTRL_selectCPUForPeripheral) for SYSCTRL_selectCPUForPeripheral
    board.o(.ARM.exidx.text.BOARD_uartAssign2CPU2) refers to board.o(.text.BOARD_uartAssign2CPU2) for [Anonymous Symbol]
    board.o(.text.BOARD_ecapAssign2CPU2) refers to board.o(.text.SYSCTRL_selectCPUForPeripheral) for SYSCTRL_selectCPUForPeripheral
    board.o(.ARM.exidx.text.BOARD_ecapAssign2CPU2) refers to board.o(.text.BOARD_ecapAssign2CPU2) for [Anonymous Symbol]
    board.o(.text.BOARD_i2cAssign2CPU2) refers to board.o(.text.SYSCTRL_selectCPUForPeripheral) for SYSCTRL_selectCPUForPeripheral
    board.o(.ARM.exidx.text.BOARD_i2cAssign2CPU2) refers to board.o(.text.BOARD_i2cAssign2CPU2) for [Anonymous Symbol]
    board.o(.text.BOARD_pmbusAssign2CPU2) refers to board.o(.text.SYSCTRL_selectCPUForPeripheral) for SYSCTRL_selectCPUForPeripheral
    board.o(.ARM.exidx.text.BOARD_pmbusAssign2CPU2) refers to board.o(.text.BOARD_pmbusAssign2CPU2) for [Anonymous Symbol]
    board.o(.text.BOARD_epwmAssign2CPU2) refers to board.o(.text.SYSCTRL_selectCPUForPeripheral) for SYSCTRL_selectCPUForPeripheral
[...]
    SYSCTRL_bypassAuxPLLPi                   0x00001089   Thumb Code    26  hte_sysctrl.o(.text.SYSCTRL_bypassAuxPLLPi)
    [Anonymous Symbol]                       0x00001088   Section        0  hte_sysctrl.o(.text.SYSCTRL_bypassAuxPLLPi)
    SYSCTRL_bypassPLLPi                      0x000010a9   Thumb Code    26  hte_sysctrl.o(.text.SYSCTRL_bypassPLLPi)
    [Anonymous Symbol]                       0x000010a8   Section        0  hte_sysctrl.o(.text.SYSCTRL_bypassPLLPi)
    SYSCTRL_enablePeripheral                 0x000010c9   Thumb Code    18  board.o(.text.SYSCTRL_enablePeripheral)
    [Anonymous Symbol]                       0x000010c8   Section        0  board.o(.text.SYSCTRL_enablePeripheral)
    SYSCTRL_enablePeripheral                 0x000010e1   Thumb Code    32  clock_config.o(.text.SYSCTRL_enablePeripheral)
    [Anonymous Symbol]                       0x000010e0   Section        0  clock_config.o(.text.SYSCTRL_enablePeripheral)
    SYSCTRL_gelAuxClkSrc                     0x00001101   Thumb Code    16  hte_sysctrl.o(.text.SYSCTRL_gelAuxClkSrc)
    [Anonymous Symbol]                       0x00001100   Section        0  hte_sysctrl.o(.text.SYSCTRL_gelAuxClkSrc)
    SYSCTRL_getAuxClkDivSel                  0x00001111   Thumb Code    16  hte_sysctrl.o(.text.SYSCTRL_getAuxClkDivSel)
    [Anonymous Symbol]                       0x00001110   Section        0  hte_sysctrl.o(.text.SYSCTRL_getAuxClkDivSel)
    [Anonymous Symbol]                       0x00001120   Section        0  hte_sysctrl.o(.text.SYSCTRL_getAuxClock)
    SYSCTRL_getAuxPLLCkRefSel                0x000011c1   Thumb Code    16  hte_sysctrl.o(.text.SYSCTRL_getAuxPLLCkRefSel)
    [Anonymous Symbol]                       0x000011c0   Section        0  hte_sysctrl.o(.text.SYSCTRL_getAuxPLLCkRefSel)
    SYSCTRL_getAuxPLLClkEn                   0x000011d1   Thumb Code    16  hte_sysctrl.o(.text.SYSCTRL_getAuxPLLClkEn)
    [Anonymous Symbol]                       0x000011d0   Section        0  hte_sysctrl.o(.text.SYSCTRL_getAuxPLLClkEn)
    SYSCTRL_getAuxPLLClkRefDiv               0x000011e1   Thumb Code    16  hte_sysctrl.o(.text.SYSCTRL_getAuxPLLClkRefDiv)
    [Anonymous Symbol]                       0x000011e0   Section        0  hte_sysctrl.o(.text.SYSCTRL_getAuxPLLClkRefDiv)
    SYSCTRL_getAuxPLLEn                      0x000011f1   Thumb Code    16  hte_sysctrl.o(.text.SYSCTRL_getAuxPLLEn)
    [Anonymous Symbol]                       0x000011f0   Section        0  hte_sysctrl.o(.text.SYSCTRL_getAuxPLLEn)
    SYSCTRL_getAuxPLLFcwSsc                  0x00001201   Thumb Code    16  hte_sysctrl.o(.text.SYSCTRL_getAuxPLLFcwSsc)
    [Anonymous Symbol]                       0x00001200   Section        0  hte_sysctrl.o(.text.SYSCTRL_getAuxPLLFcwSsc)
    SYSCTRL_getAuxPLLFcwSscDecPoint          0x00001211   Thumb Code    16  hte_sysctrl.o(.text.SYSCTRL_getAuxPLLFcwSscDecPoint)
    [Anonymous Symbol]                       0x00001210   Section        0  hte_sysctrl.o(.text.SYSCTRL_getAuxPLLFcwSscDecPoint)
    SYSCTRL_getAuxPLLLockStatus              0x00001221   Thumb Code    16  hte_sysctrl.o(.text.SYSCTRL_getAuxPLLLockStatus)
    [Anonymous Symbol]                       0x00001220   Section        0  hte_sysctrl.o(.text.SYSCTRL_getAuxPLLLockStatus)
    [Anonymous Symbol]                       0x00001230   Section        0  hte_sysctrl.o(.text.SYSCTRL_getClock)
    SYSCTRL_getMsgramInitDone                0x00001301   Thumb Code    16  clock_config.o(.text.SYSCTRL_getMsgramInitDone)
    [Anonymous Symbol]                       0x00001300   Section        0  clock_config.o(.text.SYSCTRL_getMsgramInitDone)
    SYSCTRL_getOscClkSrc                     0x00001311   Thumb Code    16  hte_sysctrl.o(.text.SYSCTRL_getOscClkSrc)
    [Anonymous Symbol]                       0x00001310   Section        0  hte_sysctrl.o(.text.SYSCTRL_getOscClkSrc)
    SYSCTRL_getPLLCkRefSel                   0x00001321   Thumb Code    16  hte_sysctrl.o(.text.SYSCTRL_getPLLCkRefSel)
    [Anonymous Symbol]                       0x00001320   Section        0  hte_sysctrl.o(.text.SYSCTRL_getPLLCkRefSel)
    SYSCTRL_getPLLClkEn                      0x00001331   Thumb Code    16  hte_sysctrl.o(.text.SYSCTRL_getPLLClkEn)
    [Anonymous Symbol]                       0x00001330   Section        0  hte_sysctrl.o(.text.SYSCTRL_getPLLClkEn)
    SYSCTRL_getPLLClkRefDiv                  0x00001341   Thumb Code    16  hte_sysctrl.o(.text.SYSCTRL_getPLLClkRefDiv)
    [Anonymous Symbol]                       0x00001340   Section        0  hte_sysctrl.o(.text.SYSCTRL_getPLLClkRefDiv)
    SYSCTRL_getPLLEn                         0x00001351   Thumb Code    16  hte_sysctrl.o(.text.SYSCTRL_getPLLEn)
    [Anonymous Symbol]                       0x00001350   Section        0  hte_sysctrl.o(.text.SYSCTRL_getPLLEn)
    SYSCTRL_getPLLFcwSsc                     0x00001361   Thumb Code    16  hte_sysctrl.o(.text.SYSCTRL_getPLLFcwSsc)
    [Anonymous Symbol]                       0x00001360   Section        0  hte_sysctrl.o(.text.SYSCTRL_getPLLFcwSsc)
    SYSCTRL_getPLLFcwSscDecPoint             0x00001371   Thumb Code    16  hte_sysctrl.o(.text.SYSCTRL_getPLLFcwSscDecPoint)
    [Anonymous Symbol]                       0x00001370   Section        0  hte_sysctrl.o(.text.SYSCTRL_getPLLFcwSscDecPoint)
    SYSCTRL_getPLLLockStatus                 0x00001381   Thumb Code    16  hte_sysctrl.o(.text.SYSCTRL_getPLLLockStatus)
    [Anonymous Symbol]                       0x00001380   Section        0  hte_sysctrl.o(.text.SYSCTRL_getPLLLockStatus)
    SYSCTRL_getPLLPi                         0x00001391   Thumb Code    16  hte_sysctrl.o(.text.SYSCTRL_getPLLPi)
    [Anonymous Symbol]                       0x00001390   Section        0  hte_sysctrl.o(.text.SYSCTRL_getPLLPi)
    SYSCTRL_getSysClkDivSel                  0x000013a1   Thumb Code    16  hte_sysctrl.o(.text.SYSCTRL_getSysClkDivSel)
    [Anonymous Symbol]                       0x000013a0   Section        0  hte_sysctrl.o(.text.SYSCTRL_getSysClkDivSel)
    SYSCTRL_initMsgram                       0x000013b1   Thumb Code    18  clock_config.o(.text.SYSCTRL_initMsgram)
    [Anonymous Symbol]                       0x000013b0   Section        0  clock_config.o(.text.SYSCTRL_initMsgram)
    SYSCTRL_isMCDClockFailureDetected        0x000013c9   Thumb Code    16  hte_sysctrl.o(.text.SYSCTRL_isMCDClockFailureDetected)
    [Anonymous Symbol]                       0x000013c8   Section        0  hte_sysctrl.o(.text.SYSCTRL_isMCDClockFailureDetected)
    SYSCTRL_resetAuxPLL                      0x000013d9   Thumb Code    26  hte_sysctrl.o(.text.SYSCTRL_resetAuxPLL)
    [Anonymous Symbol]                       0x000013d8   Section        0  hte_sysctrl.o(.text.SYSCTRL_resetAuxPLL)
    SYSCTRL_resetMCD                         0x000013f9   Thumb Code    18  hte_sysctrl.o(.text.SYSCTRL_resetMCD)
    [Anonymous Symbol]                       0x000013f8   Section        0  hte_sysctrl.o(.text.SYSCTRL_resetMCD)
    SYSCTRL_resetPLL                         0x00001411   Thumb Code    26  hte_sysctrl.o(.text.SYSCTRL_resetPLL)
    [Anonymous Symbol]                       0x00001410   Section        0  hte_sysctrl.o(.text.SYSCTRL_resetPLL)
    SYSCTRL_selAuxClkSrc                     0x00001431   Thumb Code    18  hte_sysctrl.o(.text.SYSCTRL_selAuxClkSrc)
    [Anonymous Symbol]                       0x00001430   Section        0  hte_sysctrl.o(.text.SYSCTRL_selAuxClkSrc)
    SYSCTRL_selOscClkSrc                     0x00001449   Thumb Code    18  hte_sysctrl.o(.text.SYSCTRL_selOscClkSrc)
    [Anonymous Symbol]                       0x00001448   Section        0  hte_sysctrl.o(.text.SYSCTRL_selOscClkSrc)
    SYSCTRL_selectCPUForPeripheral           0x00001461   Thumb Code    40  board.o(.text.SYSCTRL_selectCPUForPeripheral)
    [Anonymous Symbol]                       0x00001460   Section        0  board.o(.text.SYSCTRL_selectCPUForPeripheral)
    [Anonymous Symbol]                       0x00001488   Section        0  hte_sysctrl.o(.text.SYSCTRL_selectOscSource)
    [Anonymous Symbol]                       0x000014e0   Section        0  hte_sysctrl.o(.text.SYSCTRL_selectXTAL)
    SYSCTRL_setAuxClkDivSel                  0x00001531   Thumb Code    12  hte_sysctrl.o(.text.SYSCTRL_setAuxClkDivSel)
    [Anonymous Symbol]                       0x00001530   Section        0  hte_sysctrl.o(.text.SYSCTRL_setAuxClkDivSel)
    [Anonymous Symbol]                       0x00001540   Section        0  hte_sysctrl.o(.text.SYSCTRL_setAuxClock)
    SYSCTRL_setAuxPLLCkRefSel                0x00001699   Thumb Code    26  hte_sysctrl.o(.text.SYSCTRL_setAuxPLLCkRefSel)
    [Anonymous Symbol]                       0x00001698   Section        0  hte_sysctrl.o(.text.SYSCTRL_setAuxPLLCkRefSel)
    SYSCTRL_setAuxPLLClkEn                   0x000016b9   Thumb Code    24  hte_sysctrl.o(.text.SYSCTRL_setAuxPLLClkEn)
    [Anonymous Symbol]                       0x000016b8   Section        0  hte_sysctrl.o(.text.SYSCTRL_setAuxPLLClkEn)
    SYSCTRL_setAuxPLLClkRefDiv               0x000016d1   Thumb Code    30  hte_sysctrl.o(.text.SYSCTRL_setAuxPLLClkRefDiv)
    [Anonymous Symbol]                       0x000016d0   Section        0  hte_sysctrl.o(.text.SYSCTRL_setAuxPLLClkRefDiv)
    SYSCTRL_setAuxPLLEn                      0x000016f1   Thumb Code    24  hte_sysctrl.o(.text.SYSCTRL_setAuxPLLEn)
    [Anonymous Symbol]                       0x000016f0   Section        0  hte_sysctrl.o(.text.SYSCTRL_setAuxPLLEn)
    SYSCTRL_setAuxPLLFcwSsc                  0x00001709   Thumb Code    18  hte_sysctrl.o(.text.SYSCTRL_setAuxPLLFcwSsc)
    [Anonymous Symbol]                       0x00001708   Section        0  hte_sysctrl.o(.text.SYSCTRL_setAuxPLLFcwSsc)
    SYSCTRL_setAuxPLLFcwSscDecPoint          0x00001721   Thumb Code    20  hte_sysctrl.o(.text.SYSCTRL_setAuxPLLFcwSscDecPoint)
    [Anonymous Symbol]                       0x00001720   Section        0  hte_sysctrl.o(.text.SYSCTRL_setAuxPLLFcwSscDecPoint)
    SYSCTRL_setAuxPLLHighFreqBand            0x00001739   Thumb Code    26  hte_sysctrl.o(.text.SYSCTRL_setAuxPLLHighFreqBand)
    [Anonymous Symbol]                       0x00001738   Section        0  hte_sysctrl.o(.text.SYSCTRL_setAuxPLLHighFreqBand)
    SYSCTRL_setAuxPLLLDOEn                   0x00001759   Thumb Code    26  hte_sysctrl.o(.text.SYSCTRL_setAuxPLLLDOEn)
    [Anonymous Symbol]                       0x00001758   Section        0  hte_sysctrl.o(.text.SYSCTRL_setAuxPLLLDOEn)
    [Anonymous Symbol]                       0x00001778   Section        0  hte_sysctrl.o(.text.SYSCTRL_setClock)
    SYSCTRL_setPLLCkRefSel                   0x000018d9   Thumb Code    26  hte_sysctrl.o(.text.SYSCTRL_setPLLCkRefSel)
    [Anonymous Symbol]                       0x000018d8   Section        0  hte_sysctrl.o(.text.SYSCTRL_setPLLCkRefSel)
    SYSCTRL_setPLLClkEn                      0x000018f9   Thumb Code    18  clock_config.o(.text.SYSCTRL_setPLLClkEn)
    [Anonymous Symbol]                       0x000018f8   Section        0  clock_config.o(.text.SYSCTRL_setPLLClkEn)
    SYSCTRL_setPLLClkEn                      0x00001911   Thumb Code    24  hte_sysctrl.o(.text.SYSCTRL_setPLLClkEn)
    [Anonymous Symbol]                       0x00001910   Section        0  hte_sysctrl.o(.text.SYSCTRL_setPLLClkEn)
    SYSCTRL_setPLLClkRefDiv                  0x00001929   Thumb Code    30  hte_sysctrl.o(.text.SYSCTRL_setPLLClkRefDiv)
    [Anonymous Symbol]                       0x00001928   Section        0  hte_sysctrl.o(.text.SYSCTRL_setPLLClkRefDiv)
    SYSCTRL_setPLLEn                         0x00001949   Thumb Code    24  hte_sysctrl.o(.text.SYSCTRL_setPLLEn)
    [Anonymous Symbol]                       0x00001948   Section        0  hte_sysctrl.o(.text.SYSCTRL_setPLLEn)
    SYSCTRL_setPLLFcwSsc                     0x00001961   Thumb Code    18  hte_sysctrl.o(.text.SYSCTRL_setPLLFcwSsc)
    [Anonymous Symbol]                       0x00001960   Section        0  hte_sysctrl.o(.text.SYSCTRL_setPLLFcwSsc)
    SYSCTRL_setPLLFcwSscDecPoint             0x00001979   Thumb Code    20  hte_sysctrl.o(.text.SYSCTRL_setPLLFcwSscDecPoint)
    [Anonymous Symbol]                       0x00001978   Section        0  hte_sysctrl.o(.text.SYSCTRL_setPLLFcwSscDecPoint)
    SYSCTRL_setPLLHighFreqBand               0x00001991   Thumb Code    26  hte_sysctrl.o(.text.SYSCTRL_setPLLHighFreqBand)
    [Anonymous Symbol]                       0x00001990   Section        0  hte_sysctrl.o(.text.SYSCTRL_setPLLHighFreqBand)
    SYSCTRL_setPLLLDOEn                      0x000019b1   Thumb Code    26  hte_sysctrl.o(.text.SYSCTRL_setPLLLDOEn)
    [Anonymous Symbol]                       0x000019b0   Section        0  hte_sysctrl.o(.text.SYSCTRL_setPLLLDOEn)
    SYSCTRL_setSysClkDivSel                  0x000019d1   Thumb Code    12  hte_sysctrl.o(.text.SYSCTRL_setSysClkDivSel)
    [Anonymous Symbol]                       0x000019d0   Section        0  hte_sysctrl.o(.text.SYSCTRL_setSysClkDivSel)
    SYSCTRL_turnOffOsc                       0x000019e1   Thumb Code    18  hte_sysctrl.o(.text.SYSCTRL_turnOffOsc)
    [Anonymous Symbol]                       0x000019e0   Section        0  hte_sysctrl.o(.text.SYSCTRL_turnOffOsc)
    SYSCTRL_turnOnOsc                        0x000019f9   Thumb Code    34  hte_sysctrl.o(.text.SYSCTRL_turnOnOsc)
    [Anonymous Symbol]                       0x000019f8   Section        0  hte_sysctrl.o(.text.SYSCTRL_turnOnOsc)
    [Anonymous Symbol]                       0x00001a20   Section        0  clock_config.o(.text.SysTick_DriverHandler)
    [Anonymous Symbol]                       0x00001a40   Section        0  system_hs32f7d377_cpu1.o(.text.SystemInit)
    [Anonymous Symbol]                       0x00001a58   Section        0  hte_uart.o(.text.UARTA_DriverHandler)
    [Anonymous Symbol]                       0x00001a80   Section        0  hte_uart.o(.text.UARTB_DriverHandler)
    [Anonymous Symbol]                       0x00001ab0   Section        0  hte_uart.o(.text.UARTC_DriverHandler)
    [Anonymous Symbol]                       0x00001ae0   Section        0  hte_uart.o(.text.UARTD_DriverHandler)
    UART_disableFIFOAccess                   0x00001b11   Thumb Code    38  hte_uart.o(.text.UART_disableFIFOAccess)
    [Anonymous Symbol]                       0x00001b10   Section        0  hte_uart.o(.text.UART_disableFIFOAccess)
    UART_disableLoopback                     0x00001b39   Thumb Code    38  hte_uart.o(.text.UART_disableLoopback)
    [Anonymous Symbol]                       0x00001b38   Section        0  hte_uart.o(.text.UART_disableLoopback)
    [Anonymous Symbol]                       0x00001b60   Section        0  hte_uart.o(.text.UART_getDefaultConfig)
    UART_getLineStatus                       0x00001b99   Thumb Code    32  hte_uart.o(.text.UART_getLineStatus)
    [Anonymous Symbol]                       0x00001b98   Section        0  hte_uart.o(.text.UART_getLineStatus)
    UART_getTxFIFOLevel                      0x00001bb9   Thumb Code    36  hte_uart.o(.text.UART_getTxFIFOLevel)
    [Anonymous Symbol]                       0x00001bb8   Section        0  hte_uart.o(.text.UART_getTxFIFOLevel)
    UART_haltTransmit                        0x00001be1   Thumb Code    42  hte_uart.o(.text.UART_haltTransmit)
    [Anonymous Symbol]                       0x00001be0   Section        0  hte_uart.o(.text.UART_haltTransmit)
    [Anonymous Symbol]                       0x00001c10   Section        0  hte_uart.o(.text.UART_init)
    UART_isBusy                              0x00001cc9   Thumb Code    36  hte_uart.o(.text.UART_isBusy)
    [Anonymous Symbol]                       0x00001cc8   Section        0  hte_uart.o(.text.UART_isBusy)
    UART_isFIFOEnabled                       0x00001cf1   Thumb Code    38  hte_uart.o(.text.UART_isFIFOEnabled)
    [Anonymous Symbol]                       0x00001cf0   Section        0  hte_uart.o(.text.UART_isFIFOEnabled)
    UART_isSpaceAvailable                    0x00001d19   Thumb Code    62  hte_uart.o(.text.UART_isSpaceAvailable)
    [Anonymous Symbol]                       0x00001d18   Section        0  hte_uart.o(.text.UART_isSpaceAvailable)
    UART_isTransmitHoldingEmpty              0x00001d59   Thumb Code    36  hte_uart.o(.text.UART_isTransmitHoldingEmpty)
    [Anonymous Symbol]                       0x00001d58   Section        0  hte_uart.o(.text.UART_isTransmitHoldingEmpty)
    UART_isTransmitRegisterEmpty             0x00001d81   Thumb Code    36  hte_uart.o(.text.UART_isTransmitRegisterEmpty)
    [Anonymous Symbol]                       0x00001d80   Section        0  hte_uart.o(.text.UART_isTransmitRegisterEmpty)
    [Anonymous Symbol]                       0x00001da8   Section        0  hte_uart.o(.text.UART_readDataBlocking)
    [Anonymous Symbol]                       0x00001e38   Section        0  hte_uart.o(.text.UART_setBaudRate)
    [Anonymous Symbol]                       0x00001f28   Section        0  hte_uart.o(.text.UART_writeDataBlocking)
    [Anonymous Symbol]                       0x00001f90   Section        0  hte_assert.o(.text.__aeabi_assert)
    [Anonymous Symbol]                       0x00001ff8   Section        0  hte_debug_console.o(.text.fputc)
    [Anonymous Symbol]                       0x00002028   Section        0  uart_polling.o(.text.main)
    i.__0printf$3                            0x000020a0   Section        0  printf3.o(i.__0printf$3)
    i.__scatterload_copy                     0x000020c0   Section       14  handlers.o(i.__scatterload_copy)
    i.__scatterload_null                     0x000020ce   Section        2  handlers.o(i.__scatterload_null)
    i.__scatterload_zeroinit                 0x000020d0   Section       14  handlers.o(i.__scatterload_zeroinit)
    _printf_core                             0x000020e1   Thumb Code   436  printf3.o(i._printf_core)
    i._printf_core                           0x000020e0   Section        0  printf3.o(i._printf_core)
    .L.str                                   0x000022ef   Data          20  hte_common.o(.rodata.str1.1)
    [Anonymous Symbol]                       0x000022ef   Section        0  hte_common.o(.rodata.str1.1)
    .L.str.1                                 0x00002303   Data          49  hte_common.o(.rodata.str1.1)
    .L.str                                   0x00002334   Data          21  hte_gpio.o(.rodata.str1.1)
    [Anonymous Symbol]                       0x00002334   Section        0  hte_gpio.o(.rodata.str1.1)
    .L.str.1                                 0x00002349   Data          45  hte_gpio.o(.rodata.str1.1)
    .L.str.6                                 0x00002349   Data           5  hte_uart.o(.rodata.str1.1)
    [Anonymous Symbol]                       0x00002349   Section        0  hte_uart.o(.rodata.str1.1)
    .L.str.1                                 0x0000234e   Data          45  hte_uart.o(.rodata.str1.1)
    .L.str.3                                 0x0000237b   Data           5  hte_uart.o(.rodata.str1.1)
    .L.str.2                                 0x00002380   Data           7  hte_uart.o(.rodata.str1.1)
    .L.str.7                                 0x00002387   Data          45  hte_uart.o(.rodata.str1.1)
    .data                                    0x20000000   Section        4  stderr.o(.data)
    s_debugConsole.0                         0x20000110   Data           4  hte_debug_console.o(.bss.s_debugConsole.0)
    [Anonymous Symbol]                       0x20000110   Section        0  hte_debug_console.o(.bss.s_debugConsole.0)
    VTOR                                     0xe000ed08   Number         0  startup_hs32f7d377_cpu1_ac6.o ABSOLUTE

    Global Symbols

    Symbol Name                              Value     Ov Type        Size  Object(Section)

    BuildAttributes$$THM_ISAv4$E$P$D$K$B$S$7EM$VFPi5$EXTD16$VFPS$VFMA$PE$PLD8$A:L22UL41UL21$X:L11$S22US41US21$IEEE1$IW$USESV6$~STKCKD$USESV7$~SHL$OTIME$ROPI$EBA8$UX$MICROLIB$REQ8$EABIv2 0x00000000   Number         0  anon$$obj.o ABSOLUTE
    __Vectors                                0x00000000   Number      1024  startup_hs32f7d377_cpu1_ac6.o(RESET)
    _printf_a                                0x00000000   Number         0  printfstubs.o ABSOLUTE
    _printf_c                                0x00000000   Number         0  printfstubs.o ABSOLUTE
    _printf_charcount                        0x00000000   Number         0  printfstubs.o ABSOLUTE
    _printf_d                                0x00000000   Number         0  printfstubs.o ABSOLUTE
    _printf_e                                0x00000000   Number         0  printfstubs.o ABSOLUTE
    _printf_f                                0x00000000   Number         0  printfstubs.o ABSOLUTE
    _printf_flags                            0x00000000   Number         0  printfstubs.o ABSOLUTE
    _printf_fp_dec                           0x00000000   Number         0  printfstubs.o ABSOLUTE
    _printf_fp_hex                           0x00000000   Number         0  printfstubs.o ABSOLUTE
    _printf_g                                0x00000000   Number         0  printfstubs.o ABSOLUTE
    _printf_i                                0x00000000   Number         0  printfstubs.o ABSOLUTE
    _printf_int_dec                          0x00000000   Number         0  printfstubs.o ABSOLUTE
    _printf_l                                0x00000000   Number         0  printfstubs.o ABSOLUTE
    _printf_lc                               0x00000000   Number         0  printfstubs.o ABSOLUTE
    _printf_ll                               0x00000000   Number         0  printfstubs.o ABSOLUTE
    _printf_lld                              0x00000000   Number         0  printfstubs.o ABSOLUTE
    _printf_lli                              0x00000000   Number         0  printfstubs.o ABSOLUTE
    _printf_llo                              0x00000000   Number         0  printfstubs.o ABSOLUTE
    _printf_llu                              0x00000000   Number         0  printfstubs.o ABSOLUTE
    _printf_llx                              0x00000000   Number         0  printfstubs.o ABSOLUTE
    _printf_longlong_dec                     0x00000000   Number         0  printfstubs.o ABSOLUTE
    _printf_longlong_hex                     0x00000000   Number         0  printfstubs.o ABSOLUTE
    _printf_longlong_oct                     0x00000000   Number         0  printfstubs.o ABSOLUTE
    _printf_ls                               0x00000000   Number         0  printfstubs.o ABSOLUTE
    _printf_mbtowc                           0x00000000   Number         0  printfstubs.o ABSOLUTE
    _printf_n                                0x00000000   Number         0  printfstubs.o ABSOLUTE
    _printf_o                                0x00000000   Number         0  printfstubs.o ABSOLUTE
    _printf_p                                0x00000000   Number         0  printfstubs.o ABSOLUTE
    _printf_percent                          0x00000000   Number         0  printfstubs.o ABSOLUTE
    _printf_pre_padding                      0x00000000   Number         0  printfstubs.o ABSOLUTE
    _printf_return_value                     0x00000000   Number         0  printfstubs.o ABSOLUTE
    _printf_s                                0x00000000   Number         0  printfstubs.o ABSOLUTE
    _printf_sizespec                         0x00000000   Number         0  printfstubs.o ABSOLUTE
    _printf_str                              0x00000000   Number         0  printfstubs.o ABSOLUTE
    _printf_truncate_signed                  0x00000000   Number         0  printfstubs.o ABSOLUTE
    _printf_truncate_unsigned                0x00000000   Number         0  printfstubs.o ABSOLUTE
    _printf_u                                0x00000000   Number         0  printfstubs.o ABSOLUTE
    _printf_wc                               0x00000000   Number         0  printfstubs.o ABSOLUTE
    _printf_wctomb                           0x00000000   Number         0  printfstubs.o ABSOLUTE
    _printf_widthprec                        0x00000000   Number         0  printfstubs.o ABSOLUTE
    _printf_x                                0x00000000   Number         0  printfstubs.o ABSOLUTE
    SHT$$ARM_EXIDX$$Base                      - Undefined Reference
    SHT$$ARM_EXIDX$$Limit                     - Undefined Reference
    __arm_find_exidx_section                  - Undefined Weak Reference
    __cpp_initialize__aeabi_                  - Undefined Weak Reference
    __cxa_finalize                            - Undefined Weak Reference
    __decompress                              - Undefined Weak Reference
    _clock_init                               - Undefined Weak Reference
    _microlib_exit                            - Undefined Weak Reference
    __Vectors_End                            0x00000400   Number         0  startup_hs32f7d377_cpu1_ac6.o(RESET)
    __Vectors_Size                           0x00000400   Number         0  startup_hs32f7d377_cpu1_ac6.o ABSOLUTE
    __main                                   0x00000401   Thumb Code     0  entry.o(.ARM.Collect$$$$00000000)
    _main_stk                                0x00000401   Thumb Code     0  entry4.o(.ARM.Collect$$$$00000003)
    _main_scatterload                        0x00000405   Thumb Code     0  entry5.o(.ARM.Collect$$$$00000004)
    __main_after_scatterload                 0x00000409   Thumb Code     0  entry5.o(.ARM.Collect$$$$00000004)
    _main_clock                              0x00000409   Thumb Code     0  entry7b.o(.ARM.Collect$$$$00000008)
    _main_cpp_init                           0x00000409   Thumb Code     0  entry8b.o(.ARM.Collect$$$$0000000A)
    _main_init                               0x00000409   Thumb Code     0  entry9a.o(.ARM.Collect$$$$0000000B)
    __rt_final_cpp                           0x00000411   Thumb Code     0  entry10a.o(.ARM.Collect$$$$0000000D)
    __rt_final_exit                          0x00000411   Thumb Code     0  entry11a.o(.ARM.Collect$$$$0000000F)
    Reset_Handler                            0x00000415   Thumb Code    24  startup_hs32f7d377_cpu1_ac6.o(.text)
    NMI_Handler                              0x0000042d   Thumb Code     4  startup_hs32f7d377_cpu1_ac6.o(.text)
    HardFault_Handler                        0x00000431   Thumb Code     4  startup_hs32f7d377_cpu1_ac6.o(.text)
    MemManage_Handler                        0x00000435   Thumb Code     4  startup_hs32f7d377_cpu1_ac6.o(.text)
    BusFault_Handler                         0x00000439   Thumb Code     4  startup_hs32f7d377_cpu1_ac6.o(.text)
    UsageFault_Handler                       0x0000043d   Thumb Code     4  startup_hs32f7d377_cpu1_ac6.o(.text)
    SVC_Handler                              0x00000441   Thumb Code     4  startup_hs32f7d377_cpu1_ac6.o(.text)
    DebugMon_Handler                         0x00000445   Thumb Code     4  startup_hs32f7d377_cpu1_ac6.o(.text)
    PendSV_Handler                           0x00000449   Thumb Code     4  startup_hs32f7d377_cpu1_ac6.o(.text)
    SysTick_Handler                          0x0000044d   Thumb Code     4  startup_hs32f7d377_cpu1_ac6.o(.text)
    WDT_Handler                              0x00000451   Thumb Code     4  startup_hs32f7d377_cpu1_ac6.o(.text)
    CPUTIMER0_Handler                        0x00000455   Thumb Code     4  startup_hs32f7d377_cpu1_ac6.o(.text)
    CPUTIMER1_Handler                        0x00000459   Thumb Code     4  startup_hs32f7d377_cpu1_ac6.o(.text)
    CPUTIMER2_Handler                        0x0000045d   Thumb Code     4  startup_hs32f7d377_cpu1_ac6.o(.text)
    DWTIMER_CH0_Handler                      0x00000461   Thumb Code     4  startup_hs32f7d377_cpu1_ac6.o(.text)
    DWTIMER_CH1_Handler                      0x00000465   Thumb Code     4  startup_hs32f7d377_cpu1_ac6.o(.text)
    DWTIMER_CH2_Handler                      0x00000469   Thumb Code     4  startup_hs32f7d377_cpu1_ac6.o(.text)
    IPC_INT0_Handler                         0x0000046d   Thumb Code     4  startup_hs32f7d377_cpu1_ac6.o(.text)
    IPC_INT1_Handler                         0x00000471   Thumb Code     4  startup_hs32f7d377_cpu1_ac6.o(.text)
    IPC_INT2_Handler                         0x00000475   Thumb Code     4  startup_hs32f7d377_cpu1_ac6.o(.text)
    IPC_INT3_Handler                         0x00000479   Thumb Code     4  startup_hs32f7d377_cpu1_ac6.o(.text)
    ADCA_EVT_Handler                         0x0000047d   Thumb Code     4  startup_hs32f7d377_cpu1_ac6.o(.text)
    ADCB_EVT_Handler                         0x00000481   Thumb Code     4  startup_hs32f7d377_cpu1_ac6.o(.text)
    ADCC_EVT_Handler                         0x00000485   Thumb Code     4  startup_hs32f7d377_cpu1_ac6.o(.text)
    ADCD_EVT_Handler                         0x00000489   Thumb Code     4  startup_hs32f7d377_cpu1_ac6.o(.text)
    ADCA_INT1_Handler                        0x0000048d   Thumb Code     4  startup_hs32f7d377_cpu1_ac6.o(.text)
    ADCA_INT2_Handler                        0x00000491   Thumb Code     4  startup_hs32f7d377_cpu1_ac6.o(.text)
    ADCA_INT3_Handler                        0x00000495   Thumb Code     4  startup_hs32f7d377_cpu1_ac6.o(.text)
    ADCA_INT4_Handler                        0x00000499   Thumb Code     4  startup_hs32f7d377_cpu1_ac6.o(.text)
    ADCB_INT1_Handler                        0x0000049d   Thumb Code     4  startup_hs32f7d377_cpu1_ac6.o(.text)
    ADCB_INT2_Handler                        0x000004a1   Thumb Code     4  startup_hs32f7d377_cpu1_ac6.o(.text)
    ADCB_INT3_Handler                        0x000004a5   Thumb Code     4  startup_hs32f7d377_cpu1_ac6.o(.text)
    ADCB_INT4_Handler                        0x000004a9   Thumb Code     4  startup_hs32f7d377_cpu1_ac6.o(.text)
    ADCC_INT1_Handler                        0x000004ad   Thumb Code     4  startup_hs32f7d377_cpu1_ac6.o(.text)
    ADCC_INT2_Handler                        0x000004b1   Thumb Code     4  startup_hs32f7d377_cpu1_ac6.o(.text)
    ADCC_INT3_Handler                        0x000004b5   Thumb Code     4  startup_hs32f7d377_cpu1_ac6.o(.text)
    ADCC_INT4_Handler                        0x000004b9   Thumb Code     4  startup_hs32f7d377_cpu1_ac6.o(.text)
    ADCD_INT1_Handler                        0x000004bd   Thumb Code     4  startup_hs32f7d377_cpu1_ac6.o(.text)
    ADCD_INT2_Handler                        0x000004c1   Thumb Code     4  startup_hs32f7d377_cpu1_ac6.o(.text)
    ADCD_INT3_Handler                        0x000004c5   Thumb Code     4  startup_hs32f7d377_cpu1_ac6.o(.text)
    ADCD_INT4_Handler                        0x000004c9   Thumb Code     4  startup_hs32f7d377_cpu1_ac6.o(.text)
    XINT1_Handler                            0x000004cd   Thumb Code     4  startup_hs32f7d377_cpu1_ac6.o(.text)
    XINT2_Handler                            0x000004d1   Thumb Code     4  startup_hs32f7d377_cpu1_ac6.o(.text)
    XINT3_Handler                            0x000004d5   Thumb Code     4  startup_hs32f7d377_cpu1_ac6.o(.text)
    XINT4_Handler                            0x000004d9   Thumb Code     4  startup_hs32f7d377_cpu1_ac6.o(.text)
    XINT5_Handler                            0x000004dd   Thumb Code     4  startup_hs32f7d377_cpu1_ac6.o(.text)
    EPWM_HRCAL_Handler                       0x000004e1   Thumb Code     4  startup_hs32f7d377_cpu1_ac6.o(.text)
    EPWM1_TZ_Handler                         0x000004e5   Thumb Code     4  startup_hs32f7d377_cpu1_ac6.o(.text)
    EPWM2_TZ_Handler                         0x000004e9   Thumb Code     4  startup_hs32f7d377_cpu1_ac6.o(.text)
    EPWM3_TZ_Handler                         0x000004ed   Thumb Code     4  startup_hs32f7d377_cpu1_ac6.o(.text)
    EPWM4_TZ_Handler                         0x000004f1   Thumb Code     4  startup_hs32f7d377_cpu1_ac6.o(.text)
    EPWM5_TZ_Handler                         0x000004f5   Thumb Code     4  startup_hs32f7d377_cpu1_ac6.o(.text)
    EPWM6_TZ_Handler                         0x000004f9   Thumb Code     4  startup_hs32f7d377_cpu1_ac6.o(.text)
    EPWM7_TZ_Handler                         0x000004fd   Thumb Code     4  startup_hs32f7d377_cpu1_ac6.o(.text)
    EPWM8_TZ_Handler                         0x00000501   Thumb Code     4  startup_hs32f7d377_cpu1_ac6.o(.text)
    EPWM9_TZ_Handler                         0x00000505   Thumb Code     4  startup_hs32f7d377_cpu1_ac6.o(.text)
    EPWM10_TZ_Handler                        0x00000509   Thumb Code     4  startup_hs32f7d377_cpu1_ac6.o(.text)
    EPWM11_TZ_Handler                        0x0000050d   Thumb Code     4  startup_hs32f7d377_cpu1_ac6.o(.text)
    EPWM12_TZ_Handler                        0x00000511   Thumb Code     4  startup_hs32f7d377_cpu1_ac6.o(.text)
    EPWM1_Handler                            0x00000515   Thumb Code     4  startup_hs32f7d377_cpu1_ac6.o(.text)
    EPWM2_Handler                            0x00000519   Thumb Code     4  startup_hs32f7d377_cpu1_ac6.o(.text)
    EPWM3_Handler                            0x0000051d   Thumb Code     4  startup_hs32f7d377_cpu1_ac6.o(.text)
    EPWM4_Handler                            0x00000521   Thumb Code     4  startup_hs32f7d377_cpu1_ac6.o(.text)
    EPWM5_Handler                            0x00000525   Thumb Code     4  startup_hs32f7d377_cpu1_ac6.o(.text)
    EPWM6_Handler                            0x00000529   Thumb Code     4  startup_hs32f7d377_cpu1_ac6.o(.text)
    EPWM7_Handler                            0x0000052d   Thumb Code     4  startup_hs32f7d377_cpu1_ac6.o(.text)
    EPWM8_Handler                            0x00000531   Thumb Code     4  startup_hs32f7d377_cpu1_ac6.o(.text)
    EPWM9_Handler                            0x00000535   Thumb Code     4  startup_hs32f7d377_cpu1_ac6.o(.text)
    EPWM10_Handler                           0x00000539   Thumb Code     4  startup_hs32f7d377_cpu1_ac6.o(.text)
    EPWM11_Handler                           0x0000053d   Thumb Code     4  startup_hs32f7d377_cpu1_ac6.o(.text)
    EPWM12_Handler                           0x00000541   Thumb Code     4  startup_hs32f7d377_cpu1_ac6.o(.text)
    ECAP1_Handler                            0x00000545   Thumb Code     4  startup_hs32f7d377_cpu1_ac6.o(.text)
    ECAP2_Handler                            0x00000549   Thumb Code     4  startup_hs32f7d377_cpu1_ac6.o(.text)
    ECAP3_Handler                            0x0000054d   Thumb Code     4  startup_hs32f7d377_cpu1_ac6.o(.text)
    ECAP4_Handler                            0x00000551   Thumb Code     4  startup_hs32f7d377_cpu1_ac6.o(.text)
    ECAP5_Handler                            0x00000555   Thumb Code     4  startup_hs32f7d377_cpu1_ac6.o(.text)
    ECAP6_Handler                            0x00000559   Thumb Code     4  startup_hs32f7d377_cpu1_ac6.o(.text)
    EQEP1_Handler                            0x0000055d   Thumb Code     4  startup_hs32f7d377_cpu1_ac6.o(.text)
    EQEP2_Handler                            0x00000561   Thumb Code     4  startup_hs32f7d377_cpu1_ac6.o(.text)
    EQEP3_Handler                            0x00000565   Thumb Code     4  startup_hs32f7d377_cpu1_ac6.o(.text)
    CLB1_Handler                             0x00000569   Thumb Code     4  startup_hs32f7d377_cpu1_ac6.o(.text)
    CLB2_Handler                             0x0000056d   Thumb Code     4  startup_hs32f7d377_cpu1_ac6.o(.text)
    CLB3_Handler                             0x00000571   Thumb Code     4  startup_hs32f7d377_cpu1_ac6.o(.text)
    CLB4_Handler                             0x00000575   Thumb Code     4  startup_hs32f7d377_cpu1_ac6.o(.text)
    CLB5_Handler                             0x00000579   Thumb Code     4  startup_hs32f7d377_cpu1_ac6.o(.text)
    CLB6_Handler                             0x0000057d   Thumb Code     4  startup_hs32f7d377_cpu1_ac6.o(.text)
    CLB7_Handler                             0x00000581   Thumb Code     4  startup_hs32f7d377_cpu1_ac6.o(.text)
    CLB8_Handler                             0x00000585   Thumb Code     4  startup_hs32f7d377_cpu1_ac6.o(.text)
    SDFM1_Handler                            0x00000589   Thumb Code     4  startup_hs32f7d377_cpu1_ac6.o(.text)
    SDFM1_FLT1DR_Handler                     0x0000058d   Thumb Code     4  startup_hs32f7d377_cpu1_ac6.o(.text)
    SDFM1_FLT2DR_Handler                     0x00000591   Thumb Code     4  startup_hs32f7d377_cpu1_ac6.o(.text)
    SDFM1_FLT3DR_Handler                     0x00000595   Thumb Code     4  startup_hs32f7d377_cpu1_ac6.o(.text)
    SDFM1_FLT4DR_Handler                     0x00000599   Thumb Code     4  startup_hs32f7d377_cpu1_ac6.o(.text)
    SDFM2_Handler                            0x0000059d   Thumb Code     4  startup_hs32f7d377_cpu1_ac6.o(.text)
    SDFM2_FLT1DR_Handler                     0x000005a1   Thumb Code     4  startup_hs32f7d377_cpu1_ac6.o(.text)
    SDFM2_FLT2DR_Handler                     0x000005a5   Thumb Code     4  startup_hs32f7d377_cpu1_ac6.o(.text)
    SDFM2_FLT3DR_Handler                     0x000005a9   Thumb Code     4  startup_hs32f7d377_cpu1_ac6.o(.text)
    SDFM2_FLT4DR_Handler                     0x000005ad   Thumb Code     4  startup_hs32f7d377_cpu1_ac6.o(.text)
    DMA_CH1_Handler                          0x000005b1   Thumb Code     4  startup_hs32f7d377_cpu1_ac6.o(.text)
    DMA_CH2_Handler                          0x000005b5   Thumb Code     4  startup_hs32f7d377_cpu1_ac6.o(.text)
    DMA_CH3_Handler                          0x000005b9   Thumb Code     4  startup_hs32f7d377_cpu1_ac6.o(.text)
    DMA_CH4_Handler                          0x000005bd   Thumb Code     4  startup_hs32f7d377_cpu1_ac6.o(.text)
    DMA_CH5_Handler                          0x000005c1   Thumb Code     4  startup_hs32f7d377_cpu1_ac6.o(.text)
    DMA_CH6_Handler                          0x000005c5   Thumb Code     4  startup_hs32f7d377_cpu1_ac6.o(.text)
    USBA_Handler                             0x000005c9   Thumb Code     4  startup_hs32f7d377_cpu1_ac6.o(.text)
    USBA_EP_MP_Handler                       0x000005cd   Thumb Code     4  startup_hs32f7d377_cpu1_ac6.o(.text)
    USBA_EP0_Handler                         0x000005d1   Thumb Code     4  startup_hs32f7d377_cpu1_ac6.o(.text)
    USBA_EP1_Handler                         0x000005d5   Thumb Code     4  startup_hs32f7d377_cpu1_ac6.o(.text)
    USBA_EP2_Handler                         0x000005d9   Thumb Code     4  startup_hs32f7d377_cpu1_ac6.o(.text)
    USBA_EP3_Handler                         0x000005dd   Thumb Code     4  startup_hs32f7d377_cpu1_ac6.o(.text)
    USBA_EP4_Handler                         0x000005e1   Thumb Code     4  startup_hs32f7d377_cpu1_ac6.o(.text)
    USBA_EP5_Handler                         0x000005e5   Thumb Code     4  startup_hs32f7d377_cpu1_ac6.o(.text)
    USBA_EP6_Handler                         0x000005e9   Thumb Code     4  startup_hs32f7d377_cpu1_ac6.o(.text)
    USBA_EP7_Handler                         0x000005ed   Thumb Code     4  startup_hs32f7d377_cpu1_ac6.o(.text)
    USBA_EP8_Handler                         0x000005f1   Thumb Code     4  startup_hs32f7d377_cpu1_ac6.o(.text)
    USBA_EP9_Handler                         0x000005f5   Thumb Code     4  startup_hs32f7d377_cpu1_ac6.o(.text)
    USBA_EP10_Handler                        0x000005f9   Thumb Code     4  startup_hs32f7d377_cpu1_ac6.o(.text)
    USBA_EP11_Handler                        0x000005fd   Thumb Code     4  startup_hs32f7d377_cpu1_ac6.o(.text)
    USBA_EP12_Handler                        0x00000601   Thumb Code     4  startup_hs32f7d377_cpu1_ac6.o(.text)
    USBA_EP13_Handler                        0x00000605   Thumb Code     4  startup_hs32f7d377_cpu1_ac6.o(.text)
    USBA_EP14_Handler                        0x00000609   Thumb Code     4  startup_hs32f7d377_cpu1_ac6.o(.text)
    USBA_EP15_Handler                        0x0000060d   Thumb Code     4  startup_hs32f7d377_cpu1_ac6.o(.text)
    USBA_EP16_Handler                        0x00000611   Thumb Code     4  startup_hs32f7d377_cpu1_ac6.o(.text)
    USBA_EP17_Handler                        0x00000615   Thumb Code     4  startup_hs32f7d377_cpu1_ac6.o(.text)
    USBA_EP18_Handler                        0x00000619   Thumb Code     4  startup_hs32f7d377_cpu1_ac6.o(.text)
    USBA_EP19_Handler                        0x0000061d   Thumb Code     4  startup_hs32f7d377_cpu1_ac6.o(.text)
    USBA_EP20_Handler                        0x00000621   Thumb Code     4  startup_hs32f7d377_cpu1_ac6.o(.text)
    USBA_EP21_Handler                        0x00000625   Thumb Code     4  startup_hs32f7d377_cpu1_ac6.o(.text)
    USBA_EP22_Handler                        0x00000629   Thumb Code     4  startup_hs32f7d377_cpu1_ac6.o(.text)
    USBA_EP23_Handler                        0x0000062d   Thumb Code     4  startup_hs32f7d377_cpu1_ac6.o(.text)
    USBA_EP24_Handler                        0x00000631   Thumb Code     4  startup_hs32f7d377_cpu1_ac6.o(.text)
    USBA_EP25_Handler                        0x00000635   Thumb Code     4  startup_hs32f7d377_cpu1_ac6.o(.text)
    USBA_EP26_Handler                        0x00000639   Thumb Code     4  startup_hs32f7d377_cpu1_ac6.o(.text)
    USBA_EP27_Handler                        0x0000063d   Thumb Code     4  startup_hs32f7d377_cpu1_ac6.o(.text)
    USBA_EP28_Handler                        0x00000641   Thumb Code     4  startup_hs32f7d377_cpu1_ac6.o(.text)
    USBA_EP29_Handler                        0x00000645   Thumb Code     4  startup_hs32f7d377_cpu1_ac6.o(.text)
    USBA_EP30_Handler                        0x00000649   Thumb Code     4  startup_hs32f7d377_cpu1_ac6.o(.text)
    USBA_EP31_Handler                        0x0000064d   Thumb Code     4  startup_hs32f7d377_cpu1_ac6.o(.text)
    MCANA_INT0_Handler                       0x00000651   Thumb Code     4  startup_hs32f7d377_cpu1_ac6.o(.text)
    MCANA_INT1_Handler                       0x00000655   Thumb Code     4  startup_hs32f7d377_cpu1_ac6.o(.text)
    MCANB_INT0_Handler                       0x00000659   Thumb Code     4  startup_hs32f7d377_cpu1_ac6.o(.text)
    MCANB_INT1_Handler                       0x0000065d   Thumb Code     4  startup_hs32f7d377_cpu1_ac6.o(.text)
    MCANC_INT0_Handler                       0x00000661   Thumb Code     4  startup_hs32f7d377_cpu1_ac6.o(.text)
    MCANC_INT1_Handler                       0x00000665   Thumb Code     4  startup_hs32f7d377_cpu1_ac6.o(.text)
    I2CA_Handler                             0x00000669   Thumb Code     4  startup_hs32f7d377_cpu1_ac6.o(.text)
    I2CB_Handler                             0x0000066d   Thumb Code     4  startup_hs32f7d377_cpu1_ac6.o(.text)
    PMBUSA_Handler                           0x00000671   Thumb Code     4  startup_hs32f7d377_cpu1_ac6.o(.text)
    UARTA_Handler                            0x00000675   Thumb Code     4  startup_hs32f7d377_cpu1_ac6.o(.text)
    UARTB_Handler                            0x00000679   Thumb Code     4  startup_hs32f7d377_cpu1_ac6.o(.text)
    UARTC_Handler                            0x0000067d   Thumb Code     4  startup_hs32f7d377_cpu1_ac6.o(.text)
    UARTD_Handler                            0x00000681   Thumb Code     4  startup_hs32f7d377_cpu1_ac6.o(.text)
    SPIA_Handler                             0x00000685   Thumb Code     4  startup_hs32f7d377_cpu1_ac6.o(.text)
    SPIB_Handler                             0x00000689   Thumb Code     4  startup_hs32f7d377_cpu1_ac6.o(.text)
    SPIC_Handler                             0x0000068d   Thumb Code     4  startup_hs32f7d377_cpu1_ac6.o(.text)
    SRAM_ECC_ERR_Handler                     0x00000691   Thumb Code     4  startup_hs32f7d377_cpu1_ac6.o(.text)
    EFLASH_Handler                           0x00000695   Thumb Code     4  startup_hs32f7d377_cpu1_ac6.o(.text)
    SRAM_ACC_VIO_Handler                     0x00000699   Thumb Code     4  startup_hs32f7d377_cpu1_ac6.o(.text)
    EMIF1_ERR_Handler                        0x0000069d   Thumb Code     4  startup_hs32f7d377_cpu1_ac6.o(.text)
    WAKEUP_Handler                           0x000006a1   Thumb Code     4  startup_hs32f7d377_cpu1_ac6.o(.text)
    TFU_Handler                              0x000006a5   Thumb Code     4  startup_hs32f7d377_cpu1_ac6.o(.text)
    IPC_RAM_ERR_Handler                      0x000006a9   Thumb Code     4  startup_hs32f7d377_cpu1_ac6.o(.text)
    HardFault_DriverHandler                  0x000006ad   Thumb Code     2  startup_hs32f7d377_cpu1_ac6.o(.text)
    ADCA_EVT_DriverHandler                   0x000006af   Thumb Code     2  startup_hs32f7d377_cpu1_ac6.o(.text)
    ADCA_INT1_DriverHandler                  0x000006af   Thumb Code     2  startup_hs32f7d377_cpu1_ac6.o(.text)
    ADCA_INT2_DriverHandler                  0x000006af   Thumb Code     2  startup_hs32f7d377_cpu1_ac6.o(.text)
    ADCA_INT3_DriverHandler                  0x000006af   Thumb Code     2  startup_hs32f7d377_cpu1_ac6.o(.text)
    ADCA_INT4_DriverHandler                  0x000006af   Thumb Code     2  startup_hs32f7d377_cpu1_ac6.o(.text)
    ADCB_EVT_DriverHandler                   0x000006af   Thumb Code     2  startup_hs32f7d377_cpu1_ac6.o(.text)
    ADCB_INT1_DriverHandler                  0x000006af   Thumb Code     2  startup_hs32f7d377_cpu1_ac6.o(.text)
    ADCB_INT2_DriverHandler                  0x000006af   Thumb Code     2  startup_hs32f7d377_cpu1_ac6.o(.text)
    ADCB_INT3_DriverHandler                  0x000006af   Thumb Code     2  startup_hs32f7d377_cpu1_ac6.o(.text)
    ADCB_INT4_DriverHandler                  0x000006af   Thumb Code     2  startup_hs32f7d377_cpu1_ac6.o(.text)
    ADCC_EVT_DriverHandler                   0x000006af   Thumb Code     2  startup_hs32f7d377_cpu1_ac6.o(.text)
    ADCC_INT1_DriverHandler                  0x000006af   Thumb Code     2  startup_hs32f7d377_cpu1_ac6.o(.text)
    ADCC_INT2_DriverHandler                  0x000006af   Thumb Code     2  startup_hs32f7d377_cpu1_ac6.o(.text)
    ADCC_INT3_DriverHandler                  0x000006af   Thumb Code     2  startup_hs32f7d377_cpu1_ac6.o(.text)
    ADCC_INT4_DriverHandler                  0x000006af   Thumb Code     2  startup_hs32f7d377_cpu1_ac6.o(.text)
    ADCD_EVT_DriverHandler                   0x000006af   Thumb Code     2  startup_hs32f7d377_cpu1_ac6.o(.text)
    ADCD_INT1_DriverHandler                  0x000006af   Thumb Code     2  startup_hs32f7d377_cpu1_ac6.o(.text)
    ADCD_INT2_DriverHandler                  0x000006af   Thumb Code     2  startup_hs32f7d377_cpu1_ac6.o(.text)
    ADCD_INT3_DriverHandler                  0x000006af   Thumb Code     2  startup_hs32f7d377_cpu1_ac6.o(.text)
    ADCD_INT4_DriverHandler                  0x000006af   Thumb Code     2  startup_hs32f7d377_cpu1_ac6.o(.text)
    BusFault_DriverHandler                   0x000006af   Thumb Code     2  startup_hs32f7d377_cpu1_ac6.o(.text)
    CLB1_DriverHandler                       0x000006af   Thumb Code     2  startup_hs32f7d377_cpu1_ac6.o(.text)
    CLB2_DriverHandler                       0x000006af   Thumb Code     2  startup_hs32f7d377_cpu1_ac6.o(.text)
    CLB3_DriverHandler                       0x000006af   Thumb Code     2  startup_hs32f7d377_cpu1_ac6.o(.text)
    CLB4_DriverHandler                       0x000006af   Thumb Code     2  startup_hs32f7d377_cpu1_ac6.o(.text)
    CLB5_DriverHandler                       0x000006af   Thumb Code     2  startup_hs32f7d377_cpu1_ac6.o(.text)
    CLB6_DriverHandler                       0x000006af   Thumb Code     2  startup_hs32f7d377_cpu1_ac6.o(.text)
    CLB7_DriverHandler                       0x000006af   Thumb Code     2  startup_hs32f7d377_cpu1_ac6.o(.text)
    CLB8_DriverHandler                       0x000006af   Thumb Code     2  startup_hs32f7d377_cpu1_ac6.o(.text)
    CPUTIMER0_DriverHandler                  0x000006af   Thumb Code     2  startup_hs32f7d377_cpu1_ac6.o(.text)
    CPUTIMER1_DriverHandler                  0x000006af   Thumb Code     2  startup_hs32f7d377_cpu1_ac6.o(.text)
    CPUTIMER2_DriverHandler                  0x000006af   Thumb Code     2  startup_hs32f7d377_cpu1_ac6.o(.text)
    DMA_CH1_DriverHandler                    0x000006af   Thumb Code     2  startup_hs32f7d377_cpu1_ac6.o(.text)
    DMA_CH2_DriverHandler                    0x000006af   Thumb Code     2  startup_hs32f7d377_cpu1_ac6.o(.text)
    DMA_CH3_DriverHandler                    0x000006af   Thumb Code     2  startup_hs32f7d377_cpu1_ac6.o(.text)
    DMA_CH4_DriverHandler                    0x000006af   Thumb Code     2  startup_hs32f7d377_cpu1_ac6.o(.text)
    DMA_CH5_DriverHandler                    0x000006af   Thumb Code     2  startup_hs32f7d377_cpu1_ac6.o(.text)
    DMA_CH6_DriverHandler                    0x000006af   Thumb Code     2  startup_hs32f7d377_cpu1_ac6.o(.text)
    DWTIMER_CH0_DriverHandler                0x000006af   Thumb Code     2  startup_hs32f7d377_cpu1_ac6.o(.text)
    DWTIMER_CH1_DriverHandler                0x000006af   Thumb Code     2  startup_hs32f7d377_cpu1_ac6.o(.text)
    DWTIMER_CH2_DriverHandler                0x000006af   Thumb Code     2  startup_hs32f7d377_cpu1_ac6.o(.text)
    DebugMon_DriverHandler                   0x000006af   Thumb Code     2  startup_hs32f7d377_cpu1_ac6.o(.text)
    Default_DriverHandler                    0x000006af   Thumb Code     2  startup_hs32f7d377_cpu1_ac6.o(.text)
    ECAP1_DriverHandler                      0x000006af   Thumb Code     2  startup_hs32f7d377_cpu1_ac6.o(.text)
    ECAP2_DriverHandler                      0x000006af   Thumb Code     2  startup_hs32f7d377_cpu1_ac6.o(.text)
    ECAP3_DriverHandler                      0x000006af   Thumb Code     2  startup_hs32f7d377_cpu1_ac6.o(.text)
    ECAP4_DriverHandler                      0x000006af   Thumb Code     2  startup_hs32f7d377_cpu1_ac6.o(.text)
    ECAP5_DriverHandler                      0x000006af   Thumb Code     2  startup_hs32f7d377_cpu1_ac6.o(.text)
    ECAP6_DriverHandler                      0x000006af   Thumb Code     2  startup_hs32f7d377_cpu1_ac6.o(.text)
    EFLASH_DriverHandler                     0x000006af   Thumb Code     2  startup_hs32f7d377_cpu1_ac6.o(.text)
    EMIF1_ERR_DriverHandler                  0x000006af   Thumb Code     2  startup_hs32f7d377_cpu1_ac6.o(.text)
    EPWM10_DriverHandler                     0x000006af   Thumb Code     2  startup_hs32f7d377_cpu1_ac6.o(.text)
    EPWM10_TZ_DriverHandler                  0x000006af   Thumb Code     2  startup_hs32f7d377_cpu1_ac6.o(.text)
    EPWM11_DriverHandler                     0x000006af   Thumb Code     2  startup_hs32f7d377_cpu1_ac6.o(.text)
    EPWM11_TZ_DriverHandler                  0x000006af   Thumb Code     2  startup_hs32f7d377_cpu1_ac6.o(.text)
    EPWM12_DriverHandler                     0x000006af   Thumb Code     2  startup_hs32f7d377_cpu1_ac6.o(.text)
    EPWM12_TZ_DriverHandler                  0x000006af   Thumb Code     2  startup_hs32f7d377_cpu1_ac6.o(.text)
    EPWM1_DriverHandler                      0x000006af   Thumb Code     2  startup_hs32f7d377_cpu1_ac6.o(.text)
    EPWM1_TZ_DriverHandler                   0x000006af   Thumb Code     2  startup_hs32f7d377_cpu1_ac6.o(.text)
    EPWM2_DriverHandler                      0x000006af   Thumb Code     2  startup_hs32f7d377_cpu1_ac6.o(.text)
    EPWM2_TZ_DriverHandler                   0x000006af   Thumb Code     2  startup_hs32f7d377_cpu1_ac6.o(.text)
    EPWM3_DriverHandler                      0x000006af   Thumb Code     2  startup_hs32f7d377_cpu1_ac6.o(.text)
    EPWM3_TZ_DriverHandler                   0x000006af   Thumb Code     2  startup_hs32f7d377_cpu1_ac6.o(.text)
    EPWM4_DriverHandler                      0x000006af   Thumb Code     2  startup_hs32f7d377_cpu1_ac6.o(.text)
    EPWM4_TZ_DriverHandler                   0x000006af   Thumb Code     2  startup_hs32f7d377_cpu1_ac6.o(.text)
    EPWM5_DriverHandler                      0x000006af   Thumb Code     2  startup_hs32f7d377_cpu1_ac6.o(.text)
    EPWM5_TZ_DriverHandler                   0x000006af   Thumb Code     2  startup_hs32f7d377_cpu1_ac6.o(.text)
    EPWM6_DriverHandler                      0x000006af   Thumb Code     2  startup_hs32f7d377_cpu1_ac6.o(.text)
    EPWM6_TZ_DriverHandler                   0x000006af   Thumb Code     2  startup_hs32f7d377_cpu1_ac6.o(.text)
    EPWM7_DriverHandler                      0x000006af   Thumb Code     2  startup_hs32f7d377_cpu1_ac6.o(.text)
    EPWM7_TZ_DriverHandler                   0x000006af   Thumb Code     2  startup_hs32f7d377_cpu1_ac6.o(.text)
    EPWM8_DriverHandler                      0x000006af   Thumb Code     2  startup_hs32f7d377_cpu1_ac6.o(.text)
    EPWM8_TZ_DriverHandler                   0x000006af   Thumb Code     2  startup_hs32f7d377_cpu1_ac6.o(.text)
    EPWM9_DriverHandler                      0x000006af   Thumb Code     2  startup_hs32f7d377_cpu1_ac6.o(.text)
    EPWM9_TZ_DriverHandler                   0x000006af   Thumb Code     2  startup_hs32f7d377_cpu1_ac6.o(.text)
    EPWM_HRCAL_DriverHandler                 0x000006af   Thumb Code     2  startup_hs32f7d377_cpu1_ac6.o(.text)
    EQEP1_DriverHandler                      0x000006af   Thumb Code     2  startup_hs32f7d377_cpu1_ac6.o(.text)
    EQEP2_DriverHandler                      0x000006af   Thumb Code     2  startup_hs32f7d377_cpu1_ac6.o(.text)
    EQEP3_DriverHandler                      0x000006af   Thumb Code     2  startup_hs32f7d377_cpu1_ac6.o(.text)
    I2CA_DriverHandler                       0x000006af   Thumb Code     2  startup_hs32f7d377_cpu1_ac6.o(.text)
    I2CB_DriverHandler                       0x000006af   Thumb Code     2  startup_hs32f7d377_cpu1_ac6.o(.text)
    IPC_INT0_DriverHandler                   0x000006af   Thumb Code     2  startup_hs32f7d377_cpu1_ac6.o(.text)
    IPC_INT1_DriverHandler                   0x000006af   Thumb Code     2  startup_hs32f7d377_cpu1_ac6.o(.text)
    IPC_INT2_DriverHandler                   0x000006af   Thumb Code     2  startup_hs32f7d377_cpu1_ac6.o(.text)
    IPC_INT3_DriverHandler                   0x000006af   Thumb Code     2  startup_hs32f7d377_cpu1_ac6.o(.text)
    IPC_RAM_ERR_DriverHandler                0x000006af   Thumb Code     2  startup_hs32f7d377_cpu1_ac6.o(.text)
    MCANA_INT0_DriverHandler                 0x000006af   Thumb Code     2  startup_hs32f7d377_cpu1_ac6.o(.text)
    MCANA_INT1_DriverHandler                 0x000006af   Thumb Code     2  startup_hs32f7d377_cpu1_ac6.o(.text)
    MCANB_INT0_DriverHandler                 0x000006af   Thumb Code     2  startup_hs32f7d377_cpu1_ac6.o(.text)
    MCANB_INT1_DriverHandler                 0x000006af   Thumb Code     2  startup_hs32f7d377_cpu1_ac6.o(.text)
    MCANC_INT0_DriverHandler                 0x000006af   Thumb Code     2  startup_hs32f7d377_cpu1_ac6.o(.text)
    MCANC_INT1_DriverHandler                 0x000006af   Thumb Code     2  startup_hs32f7d377_cpu1_ac6.o(.text)
    MemManage_DriverHandler                  0x000006af   Thumb Code     2  startup_hs32f7d377_cpu1_ac6.o(.text)
    NMI_DriverHandler                        0x000006af   Thumb Code     2  startup_hs32f7d377_cpu1_ac6.o(.text)
    PMBUSA_DriverHandler                     0x000006af   Thumb Code     2  startup_hs32f7d377_cpu1_ac6.o(.text)
    PendSV_DriverHandler                     0x000006af   Thumb Code     2  startup_hs32f7d377_cpu1_ac6.o(.text)
    SDFM1_DriverHandler                      0x000006af   Thumb Code     2  startup_hs32f7d377_cpu1_ac6.o(.text)
    SDFM1_FLT1DR_DriverHandler               0x000006af   Thumb Code     2  startup_hs32f7d377_cpu1_ac6.o(.text)
    SDFM1_FLT2DR_DriverHandler               0x000006af   Thumb Code     2  startup_hs32f7d377_cpu1_ac6.o(.text)
    SDFM1_FLT3DR_DriverHandler               0x000006af   Thumb Code     2  startup_hs32f7d377_cpu1_ac6.o(.text)
    SDFM1_FLT4DR_DriverHandler               0x000006af   Thumb Code     2  startup_hs32f7d377_cpu1_ac6.o(.text)
    SDFM2_DriverHandler                      0x000006af   Thumb Code     2  startup_hs32f7d377_cpu1_ac6.o(.text)
    SDFM2_FLT1DR_DriverHandler               0x000006af   Thumb Code     2  startup_hs32f7d377_cpu1_ac6.o(.text)
    SDFM2_FLT2DR_DriverHandler               0x000006af   Thumb Code     2  startup_hs32f7d377_cpu1_ac6.o(.text)
    SDFM2_FLT3DR_DriverHandler               0x000006af   Thumb Code     2  startup_hs32f7d377_cpu1_ac6.o(.text)
    SDFM2_FLT4DR_DriverHandler               0x000006af   Thumb Code     2  startup_hs32f7d377_cpu1_ac6.o(.text)
    SPIA_DriverHandler                       0x000006af   Thumb Code     2  startup_hs32f7d377_cpu1_ac6.o(.text)
    SPIB_DriverHandler                       0x000006af   Thumb Code     2  startup_hs32f7d377_cpu1_ac6.o(.text)
    SPIC_DriverHandler                       0x000006af   Thumb Code     2  startup_hs32f7d377_cpu1_ac6.o(.text)
    SRAM_ACC_VIO_DriverHandler               0x000006af   Thumb Code     2  startup_hs32f7d377_cpu1_ac6.o(.text)
    SRAM_ECC_ERR_DriverHandler               0x000006af   Thumb Code     2  startup_hs32f7d377_cpu1_ac6.o(.text)
    SVC_DriverHandler                        0x000006af   Thumb Code     2  startup_hs32f7d377_cpu1_ac6.o(.text)
    TFU_DriverHandler                        0x000006af   Thumb Code     2  startup_hs32f7d377_cpu1_ac6.o(.text)
    USBA_DriverHandler                       0x000006af   Thumb Code     2  startup_hs32f7d377_cpu1_ac6.o(.text)
    USBA_EP0_DriverHandler                   0x000006af   Thumb Code     2  startup_hs32f7d377_cpu1_ac6.o(.text)
    USBA_EP10_DriverHandler                  0x000006af   Thumb Code     2  startup_hs32f7d377_cpu1_ac6.o(.text)
    USBA_EP11_DriverHandler                  0x000006af   Thumb Code     2  startup_hs32f7d377_cpu1_ac6.o(.text)
    USBA_EP12_DriverHandler                  0x000006af   Thumb Code     2  startup_hs32f7d377_cpu1_ac6.o(.text)
    USBA_EP13_DriverHandler                  0x000006af   Thumb Code     2  startup_hs32f7d377_cpu1_ac6.o(.text)
    USBA_EP14_DriverHandler                  0x000006af   Thumb Code     2  startup_hs32f7d377_cpu1_ac6.o(.text)
    USBA_EP15_DriverHandler                  0x000006af   Thumb Code     2  startup_hs32f7d377_cpu1_ac6.o(.text)
    USBA_EP16_DriverHandler                  0x000006af   Thumb Code     2  startup_hs32f7d377_cpu1_ac6.o(.text)
    USBA_EP17_DriverHandler                  0x000006af   Thumb Code     2  startup_hs32f7d377_cpu1_ac6.o(.text)
    USBA_EP18_DriverHandler                  0x000006af   Thumb Code     2  startup_hs32f7d377_cpu1_ac6.o(.text)
    USBA_EP19_DriverHandler                  0x000006af   Thumb Code     2  startup_hs32f7d377_cpu1_ac6.o(.text)
    USBA_EP1_DriverHandler                   0x000006af   Thumb Code     2  startup_hs32f7d377_cpu1_ac6.o(.text)
    USBA_EP20_DriverHandler                  0x000006af   Thumb Code     2  startup_hs32f7d377_cpu1_ac6.o(.text)
    USBA_EP21_DriverHandler                  0x000006af   Thumb Code     2  startup_hs32f7d377_cpu1_ac6.o(.text)
    USBA_EP22_DriverHandler                  0x000006af   Thumb Code     2  startup_hs32f7d377_cpu1_ac6.o(.text)
    USBA_EP23_DriverHandler                  0x000006af   Thumb Code     2  startup_hs32f7d377_cpu1_ac6.o(.text)
    USBA_EP24_DriverHandler                  0x000006af   Thumb Code     2  startup_hs32f7d377_cpu1_ac6.o(.text)
    USBA_EP25_DriverHandler                  0x000006af   Thumb Code     2  startup_hs32f7d377_cpu1_ac6.o(.text)
    USBA_EP26_DriverHandler                  0x000006af   Thumb Code     2  startup_hs32f7d377_cpu1_ac6.o(.text)
    USBA_EP27_DriverHandler                  0x000006af   Thumb Code     2  startup_hs32f7d377_cpu1_ac6.o(.text)
    USBA_EP28_DriverHandler                  0x000006af   Thumb Code     2  startup_hs32f7d377_cpu1_ac6.o(.text)
    USBA_EP29_DriverHandler                  0x000006af   Thumb Code     2  startup_hs32f7d377_cpu1_ac6.o(.text)
    USBA_EP2_DriverHandler                   0x000006af   Thumb Code     2  startup_hs32f7d377_cpu1_ac6.o(.text)
    USBA_EP30_DriverHandler                  0x000006af   Thumb Code     2  startup_hs32f7d377_cpu1_ac6.o(.text)
    USBA_EP31_DriverHandler                  0x000006af   Thumb Code     2  startup_hs32f7d377_cpu1_ac6.o(.text)
    USBA_EP3_DriverHandler                   0x000006af   Thumb Code     2  startup_hs32f7d377_cpu1_ac6.o(.text)
    USBA_EP4_DriverHandler                   0x000006af   Thumb Code     2  startup_hs32f7d377_cpu1_ac6.o(.text)
    USBA_EP5_DriverHandler                   0x000006af   Thumb Code     2  startup_hs32f7d377_cpu1_ac6.o(.text)
    USBA_EP6_DriverHandler                   0x000006af   Thumb Code     2  startup_hs32f7d377_cpu1_ac6.o(.text)
    USBA_EP7_DriverHandler                   0x000006af   Thumb Code     2  startup_hs32f7d377_cpu1_ac6.o(.text)
    USBA_EP8_DriverHandler                   0x000006af   Thumb Code     2  startup_hs32f7d377_cpu1_ac6.o(.text)
    USBA_EP9_DriverHandler                   0x000006af   Thumb Code     2  startup_hs32f7d377_cpu1_ac6.o(.text)
    USBA_EP_MP_DriverHandler                 0x000006af   Thumb Code     2  startup_hs32f7d377_cpu1_ac6.o(.text)
    UsageFault_DriverHandler                 0x000006af   Thumb Code     2  startup_hs32f7d377_cpu1_ac6.o(.text)
    WAKEUP_DriverHandler                     0x000006af   Thumb Code     2  startup_hs32f7d377_cpu1_ac6.o(.text)
    WDT_DriverHandler                        0x000006af   Thumb Code     2  startup_hs32f7d377_cpu1_ac6.o(.text)
    XINT1_DriverHandler                      0x000006af   Thumb Code     2  startup_hs32f7d377_cpu1_ac6.o(.text)
    XINT2_DriverHandler                      0x000006af   Thumb Code     2  startup_hs32f7d377_cpu1_ac6.o(.text)
    XINT3_DriverHandler                      0x000006af   Thumb Code     2  startup_hs32f7d377_cpu1_ac6.o(.text)
    XINT4_DriverHandler                      0x000006af   Thumb Code     2  startup_hs32f7d377_cpu1_ac6.o(.text)
    XINT5_DriverHandler                      0x000006af   Thumb Code     2  startup_hs32f7d377_cpu1_ac6.o(.text)
    __aeabi_uldivmod                         0x00000941   Thumb Code    98  uldiv.o(.text)
    ___aeabi_memcpy4$ret                     0x000009a3   Thumb Code     0  memcpy.o(.text)
    ___aeabi_memcpy8$ret                     0x000009a3   Thumb Code     0  memcpy.o(.text)
    __aeabi_memcpy                           0x000009a3   Thumb Code    40  memcpy.o(.text)
    memcpy                                   0x000009a3   Thumb Code     0  memcpy.o(.text)
    __aeabi_uidiv                            0x000009cb   Thumb Code     0  uidiv.o(.text)
    __aeabi_uidivmod                         0x000009cb   Thumb Code    44  uidiv.o(.text)
    __aeabi_llsl                             0x000009f7   Thumb Code    30  llshl.o(.text)
    _ll_shift_l                              0x000009f7   Thumb Code     0  llshl.o(.text)
    __aeabi_llsr                             0x00000a15   Thumb Code    32  llushr.o(.text)
    _ll_ushift_r                             0x00000a15   Thumb Code     0  llushr.o(.text)
    __scatterload                            0x00000a35   Thumb Code    28  init.o(.text)
    __scatterload_rt2                        0x00000a35   Thumb Code     0  init.o(.text)
    BOARD_clockConfig                        0x00000ae9   Thumb Code   128  clock_config.o(.text.BOARD_clockConfig)
    BOARD_clockConfigForCPU2                 0x00000b69   Thumb Code    22  clock_config.o(.text.BOARD_clockConfigForCPU2)
    BOARD_clockInfStore                      0x00000b81   Thumb Code    26  clock_config.o(.text.BOARD_clockInfStore)
    BOARD_debugConsoleInit                   0x00000ba1   Thumb Code    62  board.o(.text.BOARD_debugConsoleInit)
    BOARD_debugConsoleInitForCPU2            0x00000be1   Thumb Code    26  board.o(.text.BOARD_debugConsoleInitForCPU2)
    BOARD_init                               0x00000c21   Thumb Code    20  board.o(.text.BOARD_init)
    BOARD_initForCPU2                        0x00000c39   Thumb Code    12  board.o(.text.BOARD_initForCPU2)
    BOARD_mpuConfig                          0x00000c49   Thumb Code    98  board.o(.text.BOARD_mpuConfig)
    BOARD_uartAssign2CPU2                    0x00000cb1   Thumb Code    56  board.o(.text.BOARD_uartAssign2CPU2)
    BOARD_uartClockEnable                    0x00000ce9   Thumb Code    54  clock_config.o(.text.BOARD_uartClockEnable)
    BOARD_uartPinConfig                      0x00000d21   Thumb Code    76  pin_config.o(.text.BOARD_uartPinConfig)
    DEBUG_CONSOLE_init                       0x00000df9   Thumb Code   122  hte_debug_console.o(.text.DEBUG_CONSOLE_init)
    GPIO_setPadConfig                        0x00000ee1   Thumb Code   162  hte_gpio.o(.text.GPIO_setPadConfig)
    GPIO_setPinConfig                        0x00000f89   Thumb Code    76  hte_gpio.o(.text.GPIO_setPinConfig)
    SDK_dwtDelay                             0x00000fd9   Thumb Code   132  hte_common.o(.text.SDK_dwtDelay)
    SYSCTRL_getAuxClock                      0x00001121   Thumb Code   156  hte_sysctrl.o(.text.SYSCTRL_getAuxClock)
    SYSCTRL_getClock                         0x00001231   Thumb Code   204  hte_sysctrl.o(.text.SYSCTRL_getClock)
    SYSCTRL_selectOscSource                  0x00001489   Thumb Code    86  hte_sysctrl.o(.text.SYSCTRL_selectOscSource)
    SYSCTRL_selectXTAL                       0x000014e1   Thumb Code    74  hte_sysctrl.o(.text.SYSCTRL_selectXTAL)
    SYSCTRL_setAuxClock                      0x00001541   Thumb Code   340  hte_sysctrl.o(.text.SYSCTRL_setAuxClock)
    SYSCTRL_setClock                         0x00001779   Thumb Code   352  hte_sysctrl.o(.text.SYSCTRL_setClock)
    SysTick_DriverHandler                    0x00001a21   Thumb Code    30  clock_config.o(.text.SysTick_DriverHandler)
    SystemInit                               0x00001a41   Thumb Code    18  system_hs32f7d377_cpu1.o(.text.SystemInit)
    UARTA_DriverHandler                      0x00001a59   Thumb Code    36  hte_uart.o(.text.UARTA_DriverHandler)
    UARTB_DriverHandler                      0x00001a81   Thumb Code    42  hte_uart.o(.text.UARTB_DriverHandler)
    UARTC_DriverHandler                      0x00001ab1   Thumb Code    42  hte_uart.o(.text.UARTC_DriverHandler)
    UARTD_DriverHandler                      0x00001ae1   Thumb Code    42  hte_uart.o(.text.UARTD_DriverHandler)
    UART_getDefaultConfig                    0x00001b61   Thumb Code    54  hte_uart.o(.text.UART_getDefaultConfig)
    UART_init                                0x00001c11   Thumb Code   180  hte_uart.o(.text.UART_init)
    UART_readDataBlocking                    0x00001da9   Thumb Code   142  hte_uart.o(.text.UART_readDataBlocking)
    UART_setBaudRate                         0x00001e39   Thumb Code   208  hte_uart.o(.text.UART_setBaudRate)
    UART_writeDataBlocking                   0x00001f29   Thumb Code    98  hte_uart.o(.text.UART_writeDataBlocking)
    __aeabi_assert                           0x00001f91   Thumb Code    40  hte_assert.o(.text.__aeabi_assert)
    fputc                                    0x00001ff9   Thumb Code    46  hte_debug_console.o(.text.fputc)
    main                                     0x00002029   Thumb Code   118  uart_polling.o(.text.main)
    __0printf$3                              0x000020a1   Thumb Code    22  printf3.o(i.__0printf$3)
    __1printf$3                              0x000020a1   Thumb Code     0  printf3.o(i.__0printf$3)
    __2printf                                0x000020a1   Thumb Code     0  printf3.o(i.__0printf$3)
    __scatterload_copy                       0x000020c1   Thumb Code    14  handlers.o(i.__scatterload_copy)
    __scatterload_null                       0x000020cf   Thumb Code     2  handlers.o(i.__scatterload_null)
    __scatterload_zeroinit                   0x000020d1   Thumb Code    14  handlers.o(i.__scatterload_zeroinit)
    s_uartExampleString                      0x00002298   Data          87  uart_polling.o(.rodata.s_uartExampleString)
    Region$$Table$$Base                      0x000023b4   Number         0  anon$$obj.o(Region$$Table)
    Region$$Table$$Limit                     0x000023d4   Number         0  anon$$obj.o(Region$$Table)
    __stderr                                 0x20000000   Data           4  stderr.o(.data)
    SystemCoreClock                          0x20000004   Data           4  system_hs32f7d377_cpu1.o(.data.SystemCoreClock)
    gSystickFreq                             0x20000008   Data           1  clock_config.o(.data.gSystickFreq)
    s_mpuRegions                             0x2000000c   Data          56  board.o(.data.s_mpuRegions)
    __stdin                                  0x20000044   Data          84  hte_debug_console.o(.bss.__stdin)
    __stdout                                 0x20000098   Data          84  hte_debug_console.o(.bss.__stdout)
    gSystick                                 0x200000ec   Data           4  clock_config.o(.bss.gSystick)
    g_clockConfig                            0x200000f0   Data          32  clock_config.o(.bss.g_clockConfig)
    s_uartHandle                             0x20000114   Data         144  hte_uart.o(.bss.s_uartHandle)
    s_uartISR                                0x200001a4   Data          16  hte_uart.o(.bss.s_uartISR)
    Image$$ARM_LIB_STACK$$ZI$$Limit          0x20020000   Number         0  anon$$obj.o ABSOLUTE
    Image$$CLOCK_INFO$$Base                  0x40001fe0   Number         0  anon$$obj.o ABSOLUTE



==============================================================================

Memory Map of the image

  Image Entry point : 0x00000401

  Load Region LR_ROM (Base: 0x00000000, Size: 0x00002418, Max: 0x00020000, ABSOLUTE)

    Execution Region ER_ROM (Exec base: 0x00000000, Load base: 0x00000000, Size: 0x000023d4, Max: 0x00020000, ABSOLUTE)

    Exec Addr    Load Addr    Size         Type   Attr      Idx    E Section Name        Object

    0x00000000   0x00000000   0x00000400   Data   RO          589    RESET               startup_hs32f7d377_cpu1_ac6.o
    0x00000400   0x00000400   0x00000000   Code   RO          632  * .ARM.Collect$$$$00000000  mc_w.l(entry.o)
    0x00000400   0x00000400   0x00000004   Code   RO          983    .ARM.Collect$$$$00000003  mc_w.l(entry4.o)
    0x00000404   0x00000404   0x00000004   Code   RO          986    .ARM.Collect$$$$00000004  mc_w.l(entry5.o)
    0x00000408   0x00000408   0x00000000   Code   RO          988    .ARM.Collect$$$$00000008  mc_w.l(entry7b.o)
    0x00000408   0x00000408   0x00000000   Code   RO          990    .ARM.Collect$$$$0000000A  mc_w.l(entry8b.o)
    0x00000408   0x00000408   0x00000008   Code   RO          991    .ARM.Collect$$$$0000000B  mc_w.l(entry9a.o)
    0x00000410   0x00000410   0x00000000   Code   RO          993    .ARM.Collect$$$$0000000D  mc_w.l(entry10a.o)
    0x00000410   0x00000410   0x00000000   Code   RO          995    .ARM.Collect$$$$0000000F  mc_w.l(entry11a.o)
    0x00000410   0x00000410   0x00000004   Code   RO          984    .ARM.Collect$$$$00002714  mc_w.l(entry4.o)
    0x00000414   0x00000414   0x0000052c   Code   RO          588    .text               startup_hs32f7d377_cpu1_ac6.o
    0x00000940   0x00000940   0x00000062   Code   RO          638    .text               mc_w.l(uldiv.o)
    0x000009a2   0x000009a2   0x00000028   Code   RO          640    .text               mc_w.l(memcpy.o)
    0x000009ca   0x000009ca   0x0000002c   Code   RO         1006    .text               mc_w.l(uidiv.o)
    0x000009f6   0x000009f6   0x0000001e   Code   RO         1008    .text               mc_w.l(llshl.o)
    0x00000a14   0x00000a14   0x00000020   Code   RO         1010    .text               mc_w.l(llushr.o)
    0x00000a34   0x00000a34   0x00000024   Code   RO         1026    .text               mc_w.l(init.o)
    0x00000a58   0x00000a58   0x00000026   Code   RO           13    .text.ARM_MPU_Disable  board.o
    0x00000a7e   0x00000a7e   0x00000002   PAD
    0x00000a80   0x00000a80   0x00000022   Code   RO           17    .text.ARM_MPU_Enable  board.o
    0x00000aa2   0x00000aa2   0x00000006   PAD
    0x00000aa8   0x00000aa8   0x0000001e   Code   RO           15    .text.ARM_MPU_Load  board.o
    0x00000ac6   0x00000ac6   0x00000002   PAD
    0x00000ac8   0x00000ac8   0x0000001e   Code   RO           41    .text.ARM_MPU_OrderedMemcpy  board.o
    0x00000ae6   0x00000ae6   0x00000002   PAD
    0x00000ae8   0x00000ae8   0x00000080   Code   RO           70    .text.BOARD_clockConfig  clock_config.o
    0x00000b68   0x00000b68   0x00000016   Code   RO           74    .text.BOARD_clockConfigForCPU2  clock_config.o
    0x00000b7e   0x00000b7e   0x00000002   PAD
    0x00000b80   0x00000b80   0x0000001a   Code   RO           66    .text.BOARD_clockInfStore  clock_config.o
    0x00000b9a   0x00000b9a   0x00000006   PAD
    0x00000ba0   0x00000ba0   0x0000003e   Code   RO            9    .text.BOARD_debugConsoleInit  board.o
    0x00000bde   0x00000bde   0x00000002   PAD
    0x00000be0   0x00000be0   0x0000001a   Code   RO           27    .text.BOARD_debugConsoleInitForCPU2  board.o
    0x00000bfa   0x00000bfa   0x00000006   PAD
    0x00000c00   0x00000c00   0x0000000c   Code   RO           23    .text.BOARD_getPeripheralClk  board.o
    0x00000c0c   0x00000c0c   0x00000004   PAD
    0x00000c10   0x00000c10   0x0000000c   Code   RO          577    .text.BOARD_getPeripheralClk  uart_polling.o
    0x00000c1c   0x00000c1c   0x00000004   PAD
    0x00000c20   0x00000c20   0x00000014   Code   RO            5    .text.BOARD_init    board.o
    0x00000c34   0x00000c34   0x00000004   PAD
    0x00000c38   0x00000c38   0x0000000c   Code   RO           11    .text.BOARD_initForCPU2  board.o
    0x00000c44   0x00000c44   0x00000004   PAD
    0x00000c48   0x00000c48   0x00000062   Code   RO            7    .text.BOARD_mpuConfig  board.o
    0x00000caa   0x00000caa   0x00000006   PAD
    0x00000cb0   0x00000cb0   0x00000038   Code   RO           29    .text.BOARD_uartAssign2CPU2  board.o
    0x00000ce8   0x00000ce8   0x00000036   Code   RO           80    .text.BOARD_uartClockEnable  clock_config.o
    0x00000d1e   0x00000d1e   0x00000002   PAD
    0x00000d20   0x00000d20   0x0000008c   Code   RO          133    .text.BOARD_uartPinConfig  pin_config.o
    0x00000dac   0x00000dac   0x00000004   PAD
    0x00000db0   0x00000db0   0x0000003a   Code   RO          186    .text.DEBUG_CONSOLE_HAL_uartInit  hte_debug_console.o
    0x00000dea   0x00000dea   0x00000006   PAD
    0x00000df0   0x00000df0   0x00000008   Code   RO          190    .text.DEBUG_CONSOLE_HAL_uartTransmit  hte_debug_console.o
    0x00000df8   0x00000df8   0x0000007a   Code   RO          184    .text.DEBUG_CONSOLE_init  hte_debug_console.o
    0x00000e72   0x00000e72   0x00000006   PAD
    0x00000e78   0x00000e78   0x00000054   Code   RO          260    .text.GPIO_getPort  hte_gpio.o
    0x00000ecc   0x00000ecc   0x00000004   PAD
    0x00000ed0   0x00000ed0   0x0000000c   Code   RO          284    .text.GPIO_isPinValid  hte_gpio.o
    0x00000edc   0x00000edc   0x00000004   PAD
    0x00000ee0   0x00000ee0   0x000000a2   Code   RO          274    .text.GPIO_setPadConfig  hte_gpio.o
    0x00000f82   0x00000f82   0x00000006   PAD
    0x00000f88   0x00000f88   0x0000004c   Code   RO          272    .text.GPIO_setPinConfig  hte_gpio.o
    0x00000fd4   0x00000fd4   0x00000004   PAD
    0x00000fd8   0x00000fd8   0x000000ac   Code   RO          247    .text.SDK_dwtDelay  hte_common.o
    0x00001084   0x00001084   0x00000004   PAD
    0x00001088   0x00001088   0x0000001a   Code   RO          413    .text.SYSCTRL_bypassAuxPLLPi  hte_sysctrl.o
    0x000010a2   0x000010a2   0x00000006   PAD
    0x000010a8   0x000010a8   0x0000001a   Code   RO          387    .text.SYSCTRL_bypassPLLPi  hte_sysctrl.o
    0x000010c2   0x000010c2   0x00000006   PAD
    0x000010c8   0x000010c8   0x00000012   Code   RO           21    .text.SYSCTRL_enablePeripheral  board.o
    0x000010da   0x000010da   0x00000006   PAD
    0x000010e0   0x000010e0   0x00000020   Code   RO           82    .text.SYSCTRL_enablePeripheral  clock_config.o
    0x00001100   0x00001100   0x00000010   Code   RO          333    .text.SYSCTRL_gelAuxClkSrc  hte_sysctrl.o
    0x00001110   0x00001110   0x00000010   Code   RO          347    .text.SYSCTRL_getAuxClkDivSel  hte_sysctrl.o
    0x00001120   0x00001120   0x0000009c   Code   RO          331    .text.SYSCTRL_getAuxClock  hte_sysctrl.o
    0x000011bc   0x000011bc   0x00000004   PAD
    0x000011c0   0x000011c0   0x00000010   Code   RO          339    .text.SYSCTRL_getAuxPLLCkRefSel  hte_sysctrl.o
    0x000011d0   0x000011d0   0x00000010   Code   RO          337    .text.SYSCTRL_getAuxPLLClkEn  hte_sysctrl.o
    0x000011e0   0x000011e0   0x00000010   Code   RO          341    .text.SYSCTRL_getAuxPLLClkRefDiv  hte_sysctrl.o
    0x000011f0   0x000011f0   0x00000010   Code   RO          335    .text.SYSCTRL_getAuxPLLEn  hte_sysctrl.o
    0x00001200   0x00001200   0x00000010   Code   RO          345    .text.SYSCTRL_getAuxPLLFcwSsc  hte_sysctrl.o
    0x00001210   0x00001210   0x00000010   Code   RO          343    .text.SYSCTRL_getAuxPLLFcwSscDecPoint  hte_sysctrl.o
    0x00001220   0x00001220   0x00000010   Code   RO          415    .text.SYSCTRL_getAuxPLLLockStatus  hte_sysctrl.o
    0x00001230   0x00001230   0x000000cc   Code   RO          309    .text.SYSCTRL_getClock  hte_sysctrl.o
    0x000012fc   0x000012fc   0x00000004   PAD
    0x00001300   0x00001300   0x00000010   Code   RO           78    .text.SYSCTRL_getMsgramInitDone  clock_config.o
    0x00001310   0x00001310   0x00000010   Code   RO          313    .text.SYSCTRL_getOscClkSrc  hte_sysctrl.o
    0x00001320   0x00001320   0x00000010   Code   RO          319    .text.SYSCTRL_getPLLCkRefSel  hte_sysctrl.o
    0x00001330   0x00001330   0x00000010   Code   RO          317    .text.SYSCTRL_getPLLClkEn  hte_sysctrl.o
    0x00001340   0x00001340   0x00000010   Code   RO          321    .text.SYSCTRL_getPLLClkRefDiv  hte_sysctrl.o
    0x00001350   0x00001350   0x00000010   Code   RO          315    .text.SYSCTRL_getPLLEn  hte_sysctrl.o
    0x00001360   0x00001360   0x00000010   Code   RO          325    .text.SYSCTRL_getPLLFcwSsc  hte_sysctrl.o
    0x00001370   0x00001370   0x00000010   Code   RO          323    .text.SYSCTRL_getPLLFcwSscDecPoint  hte_sysctrl.o
    0x00001380   0x00001380   0x00000010   Code   RO          389    .text.SYSCTRL_getPLLLockStatus  hte_sysctrl.o
    0x00001390   0x00001390   0x00000010   Code   RO          327    .text.SYSCTRL_getPLLPi  hte_sysctrl.o
    0x000013a0   0x000013a0   0x00000010   Code   RO          329    .text.SYSCTRL_getSysClkDivSel  hte_sysctrl.o
    0x000013b0   0x000013b0   0x00000012   Code   RO           76    .text.SYSCTRL_initMsgram  clock_config.o
    0x000013c2   0x000013c2   0x00000006   PAD
    0x000013c8   0x000013c8   0x00000010   Code   RO          311    .text.SYSCTRL_isMCDClockFailureDetected  hte_sysctrl.o
    0x000013d8   0x000013d8   0x0000001a   Code   RO          399    .text.SYSCTRL_resetAuxPLL  hte_sysctrl.o
    0x000013f2   0x000013f2   0x00000006   PAD
    0x000013f8   0x000013f8   0x00000012   Code   RO          355    .text.SYSCTRL_resetMCD  hte_sysctrl.o
    0x0000140a   0x0000140a   0x00000006   PAD
    0x00001410   0x00001410   0x0000001a   Code   RO          373    .text.SYSCTRL_resetPLL  hte_sysctrl.o
    0x0000142a   0x0000142a   0x00000006   PAD
    0x00001430   0x00001430   0x00000012   Code   RO          363    .text.SYSCTRL_selAuxClkSrc  hte_sysctrl.o
    0x00001442   0x00001442   0x00000006   PAD
    0x00001448   0x00001448   0x00000012   Code   RO          353    .text.SYSCTRL_selOscClkSrc  hte_sysctrl.o
    0x0000145a   0x0000145a   0x00000006   PAD
    0x00001460   0x00001460   0x00000028   Code   RO           19    .text.SYSCTRL_selectCPUForPeripheral  board.o
    0x00001488   0x00001488   0x00000056   Code   RO          357    .text.SYSCTRL_selectOscSource  hte_sysctrl.o
    0x000014de   0x000014de   0x00000002   PAD
    0x000014e0   0x000014e0   0x0000004a   Code   RO          349    .text.SYSCTRL_selectXTAL  hte_sysctrl.o
    0x0000152a   0x0000152a   0x00000006   PAD
    0x00001530   0x00001530   0x0000000c   Code   RO          393    .text.SYSCTRL_setAuxClkDivSel  hte_sysctrl.o
    0x0000153c   0x0000153c   0x00000004   PAD
    0x00001540   0x00001540   0x00000154   Code   RO          391    .text.SYSCTRL_setAuxClock  hte_sysctrl.o
    0x00001694   0x00001694   0x00000004   PAD
    0x00001698   0x00001698   0x0000001a   Code   RO          405    .text.SYSCTRL_setAuxPLLCkRefSel  hte_sysctrl.o
    0x000016b2   0x000016b2   0x00000006   PAD
    0x000016b8   0x000016b8   0x00000018   Code   RO          395    .text.SYSCTRL_setAuxPLLClkEn  hte_sysctrl.o
    0x000016d0   0x000016d0   0x0000001e   Code   RO          407    .text.SYSCTRL_setAuxPLLClkRefDiv  hte_sysctrl.o
    0x000016ee   0x000016ee   0x00000002   PAD
    0x000016f0   0x000016f0   0x00000018   Code   RO          401    .text.SYSCTRL_setAuxPLLEn  hte_sysctrl.o
    0x00001708   0x00001708   0x00000012   Code   RO          411    .text.SYSCTRL_setAuxPLLFcwSsc  hte_sysctrl.o
    0x0000171a   0x0000171a   0x00000006   PAD
    0x00001720   0x00001720   0x00000014   Code   RO          409    .text.SYSCTRL_setAuxPLLFcwSscDecPoint  hte_sysctrl.o
    0x00001734   0x00001734   0x00000004   PAD
    0x00001738   0x00001738   0x0000001a   Code   RO          397    .text.SYSCTRL_setAuxPLLHighFreqBand  hte_sysctrl.o
    0x00001752   0x00001752   0x00000006   PAD
    0x00001758   0x00001758   0x0000001a   Code   RO          403    .text.SYSCTRL_setAuxPLLLDOEn  hte_sysctrl.o
    0x00001772   0x00001772   0x00000006   PAD
    0x00001778   0x00001778   0x00000160   Code   RO          365    .text.SYSCTRL_setClock  hte_sysctrl.o
    0x000018d8   0x000018d8   0x0000001a   Code   RO          379    .text.SYSCTRL_setPLLCkRefSel  hte_sysctrl.o
    0x000018f2   0x000018f2   0x00000006   PAD
    0x000018f8   0x000018f8   0x00000012   Code   RO           72    .text.SYSCTRL_setPLLClkEn  clock_config.o
    0x0000190a   0x0000190a   0x00000006   PAD
    0x00001910   0x00001910   0x00000018   Code   RO          369    .text.SYSCTRL_setPLLClkEn  hte_sysctrl.o
    0x00001928   0x00001928   0x0000001e   Code   RO          381    .text.SYSCTRL_setPLLClkRefDiv  hte_sysctrl.o
    0x00001946   0x00001946   0x00000002   PAD
    0x00001948   0x00001948   0x00000018   Code   RO          375    .text.SYSCTRL_setPLLEn  hte_sysctrl.o
    0x00001960   0x00001960   0x00000012   Code   RO          385    .text.SYSCTRL_setPLLFcwSsc  hte_sysctrl.o
    0x00001972   0x00001972   0x00000006   PAD
    0x00001978   0x00001978   0x00000014   Code   RO          383    .text.SYSCTRL_setPLLFcwSscDecPoint  hte_sysctrl.o
    0x0000198c   0x0000198c   0x00000004   PAD
    0x00001990   0x00001990   0x0000001a   Code   RO          371    .text.SYSCTRL_setPLLHighFreqBand  hte_sysctrl.o
    0x000019aa   0x000019aa   0x00000006   PAD
    0x000019b0   0x000019b0   0x0000001a   Code   RO          377    .text.SYSCTRL_setPLLLDOEn  hte_sysctrl.o
    0x000019ca   0x000019ca   0x00000006   PAD
    0x000019d0   0x000019d0   0x0000000c   Code   RO          367    .text.SYSCTRL_setSysClkDivSel  hte_sysctrl.o
    0x000019dc   0x000019dc   0x00000004   PAD
    0x000019e0   0x000019e0   0x00000012   Code   RO          359    .text.SYSCTRL_turnOffOsc  hte_sysctrl.o
    0x000019f2   0x000019f2   0x00000006   PAD
    0x000019f8   0x000019f8   0x00000022   Code   RO          351    .text.SYSCTRL_turnOnOsc  hte_sysctrl.o
    0x00001a1a   0x00001a1a   0x00000006   PAD
    0x00001a20   0x00001a20   0x0000001e   Code   RO           52    .text.SysTick_DriverHandler  clock_config.o
    0x00001a3e   0x00001a3e   0x00000002   PAD
    0x00001a40   0x00001a40   0x00000012   Code   RO          227    .text.SystemInit    system_hs32f7d377_cpu1.o
    0x00001a52   0x00001a52   0x00000006   PAD
    0x00001a58   0x00001a58   0x00000024   Code   RO          513    .text.UARTA_DriverHandler  hte_uart.o
    0x00001a7c   0x00001a7c   0x00000004   PAD
    0x00001a80   0x00001a80   0x0000002a   Code   RO          515    .text.UARTB_DriverHandler  hte_uart.o
    0x00001aaa   0x00001aaa   0x00000006   PAD
    0x00001ab0   0x00001ab0   0x0000002a   Code   RO          517    .text.UARTC_DriverHandler  hte_uart.o
    0x00001ada   0x00001ada   0x00000006   PAD
    0x00001ae0   0x00001ae0   0x0000002a   Code   RO          519    .text.UARTD_DriverHandler  hte_uart.o
    0x00001b0a   0x00001b0a   0x00000006   PAD
    0x00001b10   0x00001b10   0x00000026   Code   RO          449    .text.UART_disableFIFOAccess  hte_uart.o
    0x00001b36   0x00001b36   0x00000002   PAD
    0x00001b38   0x00001b38   0x00000026   Code   RO          451    .text.UART_disableLoopback  hte_uart.o
    0x00001b5e   0x00001b5e   0x00000002   PAD
    0x00001b60   0x00001b60   0x00000036   Code   RO          441    .text.UART_getDefaultConfig  hte_uart.o
    0x00001b96   0x00001b96   0x00000002   PAD
    0x00001b98   0x00001b98   0x00000020   Code   RO          459    .text.UART_getLineStatus  hte_uart.o
    0x00001bb8   0x00001bb8   0x00000024   Code   RO          521    .text.UART_getTxFIFOLevel  hte_uart.o
    0x00001bdc   0x00001bdc   0x00000004   PAD
    0x00001be0   0x00001be0   0x0000002a   Code   RO          453    .text.UART_haltTransmit  hte_uart.o
    0x00001c0a   0x00001c0a   0x00000006   PAD
    0x00001c10   0x00001c10   0x000000b4   Code   RO          443    .text.UART_init     hte_uart.o
    0x00001cc4   0x00001cc4   0x00000004   PAD
    0x00001cc8   0x00001cc8   0x00000024   Code   RO          445    .text.UART_isBusy   hte_uart.o
    0x00001cec   0x00001cec   0x00000004   PAD
    0x00001cf0   0x00001cf0   0x00000026   Code   RO          473    .text.UART_isFIFOEnabled  hte_uart.o
    0x00001d16   0x00001d16   0x00000002   PAD
    0x00001d18   0x00001d18   0x0000003e   Code   RO          465    .text.UART_isSpaceAvailable  hte_uart.o
    0x00001d56   0x00001d56   0x00000002   PAD
    0x00001d58   0x00001d58   0x00000024   Code   RO          523    .text.UART_isTransmitHoldingEmpty  hte_uart.o
    0x00001d7c   0x00001d7c   0x00000004   PAD
    0x00001d80   0x00001d80   0x00000024   Code   RO          467    .text.UART_isTransmitRegisterEmpty  hte_uart.o
    0x00001da4   0x00001da4   0x00000004   PAD
    0x00001da8   0x00001da8   0x0000008e   Code   RO          469    .text.UART_readDataBlocking  hte_uart.o
    0x00001e36   0x00001e36   0x00000002   PAD
    0x00001e38   0x00001e38   0x000000f0   Code   RO          447    .text.UART_setBaudRate  hte_uart.o
    0x00001f28   0x00001f28   0x00000062   Code   RO          463    .text.UART_writeDataBlocking  hte_uart.o
    0x00001f8a   0x00001f8a   0x00000006   PAD
    0x00001f90   0x00001f90   0x00000068   Code   RO          175    .text.__aeabi_assert  hte_assert.o
    0x00001ff8   0x00001ff8   0x0000002e   Code   RO          210    .text.fputc         hte_debug_console.o
    0x00002026   0x00002026   0x00000002   PAD
    0x00002028   0x00002028   0x00000076   Code   RO          575    .text.main          uart_polling.o
    0x0000209e   0x0000209e   0x00000002   PAD
    0x000020a0   0x000020a0   0x00000020   Code   RO          737    i.__0printf$3       mc_w.l(printf3.o)
    0x000020c0   0x000020c0   0x0000000e   Code   RO         1038    i.__scatterload_copy  mc_w.l(handlers.o)
    0x000020ce   0x000020ce   0x00000002   Code   RO         1039    i.__scatterload_null  mc_w.l(handlers.o)
    0x000020d0   0x000020d0   0x0000000e   Code   RO         1040    i.__scatterload_zeroinit  mc_w.l(handlers.o)
    0x000020de   0x000020de   0x00000002   PAD
    0x000020e0   0x000020e0   0x000001b8   Code   RO          744    i._printf_core      mc_w.l(printf3.o)
    0x00002298   0x00002298   0x00000057   Data   RO          579    .rodata.s_uartExampleString  uart_polling.o
    0x000022ef   0x000022ef   0x00000045   Data   RO          249    .rodata.str1.1      hte_common.o
    0x00002334   0x00002334   0x00000015   Data   RO          300    .rodata.str1.1      hte_gpio.o
    0x00002349   0x00002349   0x0000006b   Data   RO          546    .rodata.str1.1      hte_uart.o
    0x000023b4   0x000023b4   0x00000020   Data   RO         1037    Region$$Table       anon$$obj.o


    Execution Region RW_RAM (Exec base: 0x20000000, Load base: 0x000023d4, Size: 0x000001b4, Max: 0x0001f200, ABSOLUTE)

    Exec Addr    Load Addr    Size         Type   Attr      Idx    E Section Name        Object

    0x20000000   0x000023d4   0x00000004   Data   RW          637    .data               mc_w.l(stderr.o)
    0x20000004   0x000023d8   0x00000004   Data   RW          231    .data.SystemCoreClock  system_hs32f7d377_cpu1.o
    0x20000008   0x000023dc   0x00000001   Data   RW          119    .data.gSystickFreq  clock_config.o
    0x20000009   0x000023dd   0x00000003   PAD
    0x2000000c   0x000023e0   0x00000038   Data   RW           43    .data.s_mpuRegions  board.o
    0x20000044        -       0x00000054   Zero   RW          214    .bss.__stdin        hte_debug_console.o
    0x20000098        -       0x00000054   Zero   RW          215    .bss.__stdout       hte_debug_console.o
    0x200000ec        -       0x00000004   Zero   RW          118    .bss.gSystick       clock_config.o
    0x200000f0        -       0x00000020   Zero   RW          120    .bss.g_clockConfig  clock_config.o
    0x20000110        -       0x00000004   Zero   RW          216    .bss.s_debugConsole.0  hte_debug_console.o
    0x20000114        -       0x00000090   Zero   RW          547    .bss.s_uartHandle   hte_uart.o
    0x200001a4        -       0x00000010   Zero   RW          545    .bss.s_uartISR      hte_uart.o


    Execution Region ARM_LIB_HEAP (Exec base: 0x200001b8, Load base: 0x00002418, Size: 0x00000c00, Max: 0x00000c00, ABSOLUTE)

    Exec Addr    Load Addr    Size         Type   Attr      Idx    E Section Name        Object

    0x200001b8        -       0x00000c00   Zero   RW            1    ARM_LIB_HEAP.bss    anon$$obj.o


    Execution Region ARM_LIB_STACK (Exec base: 0x2001fe00, Load base: 0x00002418, Size: 0x00000200, Max: 0x00000200, ABSOLUTE)

    Exec Addr    Load Addr    Size         Type   Attr      Idx    E Section Name        Object

    0x2001fe00        -       0x00000200   Zero   RW            2    ARM_LIB_STACK.bss   anon$$obj.o


    Execution Region CLOCK_INFO (Exec base: 0x40001fe0, Load base: 0x00002418, Size: 0x00000020, Max: 0x00000020, ABSOLUTE)

    Exec Addr    Load Addr    Size         Type   Attr      Idx    E Section Name        Object

    0x40001fe0        -       0x00000020   Zero   RW            3    CLOCK_INFO.bss      anon$$obj.o


==============================================================================

Image component sizes


      Code (inc. data)   RO Data    RW Data    ZI Data      Debug   Object Name

       476          4          0         56          0      60325   board.o
       344          4          0          1         36     169907   clock_config.o
       104         64          0          0          0        743   hte_assert.o
       172         40         69          0          0       2976   hte_common.o
       234          0          0          0        172      10004   hte_debug_console.o
       334         48         21          0          0      19136   hte_gpio.o
      2154          8          0          0          0      37800   hte_sysctrl.o
      1270         36        107          0        160      30166   hte_uart.o
       140         64          0          0          0     117296   pin_config.o
      1324        656       1024          0          0       5615   startup_hs32f7d377_cpu1_ac6.o
        18          0          0          4          0       2242   system_hs32f7d377_cpu1.o
       130          0         87          0          0       5779   uart_polling.o

    ----------------------------------------------------------------------
      7028        940       1340         64       3984     461989   Object Totals
         0          0         32          0       3616          0   (incl. Generated)
       328         16          0          3          0          0   (incl. Padding)

    ----------------------------------------------------------------------

      Code (inc. data)   RO Data    RW Data    ZI Data      Debug   Library Member Name

         0          0          0          0          0          0   entry.o
         0          0          0          0          0          0   entry10a.o
         0          0          0          0          0          0   entry11a.o
         8          4          0          0          0          0   entry4.o
         4          0          0          0          0          0   entry5.o
         0          0          0          0          0          0   entry7b.o
         0          0          0          0          0          0   entry8b.o
         8          4          0          0          0          0   entry9a.o
        30          0          0          0          0          0   handlers.o
        36          8          0          0          0         68   init.o
        30          0          0          0          0         68   llshl.o
        32          0          0          0          0         68   llushr.o
        40          0          0          0          0         76   memcpy.o
       472         14          0          0          0        184   printf3.o
         0          0          0          4          0          0   stderr.o
        44          0          0          0          0         80   uidiv.o
        98          0          0          0          0         92   uldiv.o

    ----------------------------------------------------------------------
       804         30          0          4          0        636   Library Totals
         2          0          0          0          0          0   (incl. Padding)

    ----------------------------------------------------------------------

      Code (inc. data)   RO Data    RW Data    ZI Data      Debug   Library Name

       802         30          0          4          0        636   mc_w.l

    ----------------------------------------------------------------------
       804         30          0          4          0        636   Library Totals

    ----------------------------------------------------------------------

==============================================================================


      Code (inc. data)   RO Data    RW Data    ZI Data      Debug   

      7832        970       1340         68       3984     462369   Grand Totals
      7832        970       1340         68       3984     462369   ELF Image Totals
      7832        970       1340         68          0          0   ROM Totals

==============================================================================

    Total RO  Size (Code + RO Data)                 9172 (   8.96kB)
    Total RW  Size (RW Data + ZI Data)              4052 (   3.96kB)
    Total ROM Size (Code + RO Data + RW Data)       9240 (   9.02kB)

==============================================================================

