Component: ARM Compiler 6.16 Tool: armlink [5dfeaa00]

==============================================================================

Section Cross References

    board.o(.text.BOARD_init) refers to clock_config.o(.text.BOARD_clockConfig) for BOARD_clockConfig
    board.o(.text.BOARD_init) refers to board.o(.text.BOARD_mpuConfig) for BOARD_mpuConfig
    board.o(.text.BOARD_init) refers to board.o(.text.BOARD_debugConsoleInit) for BOARD_debugConsoleInit
    board.o(.ARM.exidx.text.BOARD_init) refers to board.o(.text.BOARD_init) for [Anonymous Symbol]
    board.o(.text.BOARD_mpuConfig) refers to board.o(.text.ARM_MPU_Disable) for ARM_MPU_Disable
    board.o(.text.BOARD_mpuConfig) refers to board.o(.text.ARM_MPU_Load) for ARM_MPU_Load
    board.o(.text.BOARD_mpuConfig) refers to board.o(.text.ARM_MPU_Enable) for ARM_MPU_Enable
    board.o(.ARM.exidx.text.BOARD_mpuConfig) refers to board.o(.text.BOARD_mpuConfig) for [Anonymous Symbol]
    board.o(.text.BOARD_debugConsoleInit) refers to board.o(.text.SYSCTRL_enablePeripheral) for SYSCTRL_enablePeripheral
    board.o(.text.BOARD_debugConsoleInit) refers to board.o(.text.BOARD_getPeripheralClk) for BOARD_getPeripheralClk
    board.o(.text.BOARD_debugConsoleInit) refers to hte_debug_console.o(.text.DEBUG_CONSOLE_init) for DEBUG_CONSOLE_init
    board.o(.ARM.exidx.text.BOARD_debugConsoleInit) refers to board.o(.text.BOARD_debugConsoleInit) for [Anonymous Symbol]
    board.o(.ARM.exidx.text.ARM_MPU_Disable) refers to board.o(.text.ARM_MPU_Disable) for [Anonymous Symbol]
    board.o(.text.ARM_MPU_Load) refers to board.o(.data.s_mpuRegions) for s_mpuRegions
    board.o(.text.ARM_MPU_Load) refers to board.o(.text.ARM_MPU_OrderedMemcpy) for ARM_MPU_OrderedMemcpy
    board.o(.ARM.exidx.text.ARM_MPU_Load) refers to board.o(.text.ARM_MPU_Load) for [Anonymous Symbol]
    board.o(.ARM.exidx.text.ARM_MPU_Enable) refers to board.o(.text.ARM_MPU_Enable) for [Anonymous Symbol]
    board.o(.ARM.exidx.text.SYSCTRL_enablePeripheral) refers to board.o(.text.SYSCTRL_enablePeripheral) for [Anonymous Symbol]
    board.o(.text.BOARD_getPeripheralClk) refers to clock_config.o(.bss.g_clockConfig) for g_clockConfig
    board.o(.ARM.exidx.text.BOARD_getPeripheralClk) refers to board.o(.text.BOARD_getPeripheralClk) for [Anonymous Symbol]
    board.o(.text.BOARD_debugConsoleDeinit) refers to hte_debug_console.o(.text.DEBUG_CONSOLE_deinit) for DEBUG_CONSOLE_deinit
    board.o(.ARM.exidx.text.BOARD_debugConsoleDeinit) refers to board.o(.text.BOARD_debugConsoleDeinit) for [Anonymous Symbol]
    board.o(.ARM.exidx.text.ARM_MPU_OrderedMemcpy) refers to board.o(.text.ARM_MPU_OrderedMemcpy) for [Anonymous Symbol]
    clock_config.o(.text.SysTick_DriverHandler) refers to clock_config.o(.data.gSystickFreq) for gSystickFreq
    clock_config.o(.text.SysTick_DriverHandler) refers to clock_config.o(.bss.gSystick) for gSystick
    clock_config.o(.ARM.exidx.text.SysTick_DriverHandler) refers to clock_config.o(.text.SysTick_DriverHandler) for [Anonymous Symbol]
    clock_config.o(.text.BOARD_initTick) refers to clock_config.o(.data.gSystickFreq) for gSystickFreq
    clock_config.o(.text.BOARD_initTick) refers to clock_config.o(.bss.g_clockConfig) for g_clockConfig
    clock_config.o(.text.BOARD_initTick) refers to clock_config.o(.text.SysTick_Config) for SysTick_Config
    clock_config.o(.text.BOARD_initTick) refers to clock_config.o(.text.__NVIC_SetPriority) for __NVIC_SetPriority
    clock_config.o(.ARM.exidx.text.BOARD_initTick) refers to clock_config.o(.text.BOARD_initTick) for [Anonymous Symbol]
    clock_config.o(.text.SysTick_Config) refers to clock_config.o(.text.__NVIC_SetPriority) for __NVIC_SetPriority
    clock_config.o(.ARM.exidx.text.SysTick_Config) refers to clock_config.o(.text.SysTick_Config) for [Anonymous Symbol]
    clock_config.o(.ARM.exidx.text.__NVIC_SetPriority) refers to clock_config.o(.text.__NVIC_SetPriority) for [Anonymous Symbol]
    clock_config.o(.text.BOARD_getTick) refers to clock_config.o(.bss.gSystick) for gSystick
    clock_config.o(.ARM.exidx.text.BOARD_getTick) refers to clock_config.o(.text.BOARD_getTick) for [Anonymous Symbol]
    clock_config.o(.text.BOARD_setSystickFreq) refers to clock_config.o(.data.gSystickFreq) for gSystickFreq
    clock_config.o(.text.BOARD_setSystickFreq) refers to clock_config.o(.text.BOARD_initTick) for BOARD_initTick
    clock_config.o(.text.BOARD_setSystickFreq) refers to hte_assert.o(.text.__aeabi_assert) for __aeabi_assert
    clock_config.o(.ARM.exidx.text.BOARD_setSystickFreq) refers to clock_config.o(.text.BOARD_setSystickFreq) for [Anonymous Symbol]
    clock_config.o(.text.BOARD_getSystickFreq) refers to clock_config.o(.data.gSystickFreq) for gSystickFreq
    clock_config.o(.ARM.exidx.text.BOARD_getSystickFreq) refers to clock_config.o(.text.BOARD_getSystickFreq) for [Anonymous Symbol]
    clock_config.o(.text.BOARD_clockInfStore) refers to clock_config.o(.bss.g_clockConfig) for g_clockConfig
[...]
    ../fplib/microlib/fpepilogue.c           0x00000000   Number         0  depilogue.o ABSOLUTE
    ../fplib/microlib/fpfix.c                0x00000000   Number         0  dfixul.o ABSOLUTE
    ../fplib/microlib/fpmul.c                0x00000000   Number         0  dmul.o ABSOLUTE
    Unwind-EHABI.cpp                         0x00000000   Number         0  Unwind-EHABI.cpp.o ABSOLUTE
    board.c                                  0x00000000   Number         0  board.o ABSOLUTE
    cdrcmple.s                               0x00000000   Number         0  cdrcmple.o ABSOLUTE
    clock_config.c                           0x00000000   Number         0  clock_config.o ABSOLUTE
    dc.s                                     0x00000000   Number         0  dc.o ABSOLUTE
    handlers.s                               0x00000000   Number         0  handlers.o ABSOLUTE
    hte_assert.c                             0x00000000   Number         0  hte_assert.o ABSOLUTE
    hte_common.c                             0x00000000   Number         0  hte_common.o ABSOLUTE
    hte_cpu2_ipc.c                           0x00000000   Number         0  hte_cpu2_ipc.o ABSOLUTE
    hte_cpu2_ipc_com.c                       0x00000000   Number         0  hte_cpu2_ipc_com.o ABSOLUTE
    hte_debug_console.c                      0x00000000   Number         0  hte_debug_console.o ABSOLUTE
    hte_gpio.c                               0x00000000   Number         0  hte_gpio.o ABSOLUTE
    hte_mcan.c                               0x00000000   Number         0  hte_mcan.o ABSOLUTE
    hte_uart.c                               0x00000000   Number         0  hte_uart.o ABSOLUTE
    hte_xbar.c                               0x00000000   Number         0  hte_xbar.o ABSOLUTE
    init.s                                   0x00000000   Number         0  init.o ABSOLUTE
    libunwind.cpp                            0x00000000   Number         0  libunwind.cpp.o ABSOLUTE
    mcan_ex2_receive.c                       0x00000000   Number         0  mcan_ex2_receive.o ABSOLUTE
    system_HS32F7D377_cpu2.c                 0x00000000   Number         0  system_hs32f7d377_cpu2.o ABSOLUTE
    .ARM.Collect$$$$00000000                 0x10300400   Section        0  entry.o(.ARM.Collect$$$$00000000)
    .ARM.Collect$$$$00000003                 0x10300400   Section        4  entry4.o(.ARM.Collect$$$$00000003)
    .ARM.Collect$$$$00000004                 0x10300404   Section        4  entry5.o(.ARM.Collect$$$$00000004)
    .ARM.Collect$$$$00000008                 0x10300408   Section        0  entry7b.o(.ARM.Collect$$$$00000008)
    .ARM.Collect$$$$0000000A                 0x10300408   Section        0  entry8b.o(.ARM.Collect$$$$0000000A)
    .ARM.Collect$$$$0000000B                 0x10300408   Section        8  entry9a.o(.ARM.Collect$$$$0000000B)
    __lit__00000000                          0x10300410   Data           4  entry4.o(.ARM.Collect$$$$00002714)
    .ARM.Collect$$$$0000000D                 0x10300410   Section        0  entry10a.o(.ARM.Collect$$$$0000000D)
    .ARM.Collect$$$$0000000F                 0x10300410   Section        0  entry11a.o(.ARM.Collect$$$$0000000F)
    .ARM.Collect$$$$00002714                 0x10300410   Section        4  entry4.o(.ARM.Collect$$$$00002714)
    [Anonymous Symbol]                       0x10300414   Section        0  startup_hs32f7d377_cpu2_ac6.o(.text)
    .text                                    0x10300940   Section        0  uldiv.o(.text)
    .text                                    0x103009a2   Section        0  memcpy.o(.text)
    .text                                    0x103009ca   Section        0  memseta.o(.text)
    .text                                    0x103009ee   Section        0  llshl.o(.text)
    .text                                    0x10300a0c   Section        0  llushr.o(.text)
    .text                                    0x10300a2c   Section       36  init.o(.text)
    ARM_MPU_Disable                          0x10300a51   Thumb Code    38  board.o(.text.ARM_MPU_Disable)
    [Anonymous Symbol]                       0x10300a50   Section        0  board.o(.text.ARM_MPU_Disable)
    ARM_MPU_Enable                           0x10300a79   Thumb Code    34  board.o(.text.ARM_MPU_Enable)
    [Anonymous Symbol]                       0x10300a78   Section        0  board.o(.text.ARM_MPU_Enable)
    ARM_MPU_Load                             0x10300aa1   Thumb Code    30  board.o(.text.ARM_MPU_Load)
    [Anonymous Symbol]                       0x10300aa0   Section        0  board.o(.text.ARM_MPU_Load)
    ARM_MPU_OrderedMemcpy                    0x10300ac1   Thumb Code    30  board.o(.text.ARM_MPU_OrderedMemcpy)
    [Anonymous Symbol]                       0x10300ac0   Section        0  board.o(.text.ARM_MPU_OrderedMemcpy)
    [Anonymous Symbol]                       0x10300ae0   Section        0  clock_config.o(.text.BOARD_clockConfig)
    [Anonymous Symbol]                       0x10300b10   Section        0  clock_config.o(.text.BOARD_clockInfGet)
    [Anonymous Symbol]                       0x10300b30   Section        0  board.o(.text.BOARD_debugConsoleInit)
    BOARD_getPeripheralClk                   0x10300b69   Thumb Code    12  board.o(.text.BOARD_getPeripheralClk)
    [Anonymous Symbol]                       0x10300b68   Section        0  board.o(.text.BOARD_getPeripheralClk)
    [Anonymous Symbol]                       0x10300b78   Section        0  board.o(.text.BOARD_init)
    [Anonymous Symbol]                       0x10300b88   Section        0  board.o(.text.BOARD_mpuConfig)
    DEBUG_CONSOLE_HAL_uartInit               0x10300bf1   Thumb Code    58  hte_debug_console.o(.text.DEBUG_CONSOLE_HAL_uartInit)
    [Anonymous Symbol]                       0x10300bf0   Section        0  hte_debug_console.o(.text.DEBUG_CONSOLE_HAL_uartInit)
    DEBUG_CONSOLE_HAL_uartTransmit           0x10300c31   Thumb Code     8  hte_debug_console.o(.text.DEBUG_CONSOLE_HAL_uartTransmit)
    [Anonymous Symbol]                       0x10300c30   Section        0  hte_debug_console.o(.text.DEBUG_CONSOLE_HAL_uartTransmit)
    [Anonymous Symbol]                       0x10300c38   Section        0  hte_debug_console.o(.text.DEBUG_CONSOLE_init)
    GPIO_getPort                             0x10300cb9   Thumb Code    28  hte_cpu2_ipc_com.o(.text.GPIO_getPort)
    [Anonymous Symbol]                       0x10300cb8   Section        0  hte_cpu2_ipc_com.o(.text.GPIO_getPort)
    GPIO_isPinValid                          0x10300d21   Thumb Code    12  hte_cpu2_ipc_com.o(.text.GPIO_isPinValid)
    [Anonymous Symbol]                       0x10300d20   Section        0  hte_cpu2_ipc_com.o(.text.GPIO_isPinValid)
    [Anonymous Symbol]                       0x10300d30   Section        0  hte_cpu2_ipc.o(.text.IPC_INT0_DriverHandler)
    [Anonymous Symbol]                       0x10300d40   Section        0  hte_cpu2_ipc.o(.text.IPC_INT1_DriverHandler)
    [Anonymous Symbol]                       0x10300d50   Section        0  hte_cpu2_ipc.o(.text.IPC_INT2_DriverHandler)
    [Anonymous Symbol]                       0x10300d60   Section        0  hte_cpu2_ipc.o(.text.IPC_INT3_DriverHandler)
    [Anonymous Symbol]                       0x10300d70   Section        0  hte_cpu2_ipc_com.o(.text.IPC_com_GPIO_setMasterCore)
    [Anonymous Symbol]                       0x10300dc8   Section        0  hte_cpu2_ipc_com.o(.text.IPC_com_GPIO_setPinConfig)
    [Anonymous Symbol]                       0x10300e48   Section        0  hte_cpu2_ipc_com.o(.text.IPC_com_SYSCTRL_enablePeripheral)
    [Anonymous Symbol]                       0x10300e88   Section        0  hte_cpu2_ipc_com.o(.text.IPC_com_SYSCTRL_getCANSramInitDone)
    [Anonymous Symbol]                       0x10300ea8   Section        0  hte_cpu2_ipc_com.o(.text.IPC_com_SYSCTRL_initCANSram)
    [Anonymous Symbol]                       0x10300ed8   Section        0  hte_cpu2_ipc_com.o(.text.IPC_com_getReg)
    [Anonymous Symbol]                       0x10300f20   Section        0  hte_cpu2_ipc_com.o(.text.IPC_com_selectCPUForPeripheral)
    [Anonymous Symbol]                       0x10300f68   Section        0  hte_cpu2_ipc_com.o(.text.IPC_com_setReg)
    IPC_getResponse                          0x10300fb9   Thumb Code    10  hte_cpu2_ipc_com.o(.text.IPC_getResponse)
    [Anonymous Symbol]                       0x10300fb8   Section        0  hte_cpu2_ipc_com.o(.text.IPC_getResponse)
    [Anonymous Symbol]                       0x10300fc8   Section        0  hte_cpu2_ipc.o(.text.IPC_handlerIRQ)
    IPC_isFlagBusyLtoR                       0x10300fe1   Thumb Code    14  hte_cpu2_ipc_com.o(.text.IPC_isFlagBusyLtoR)
    [Anonymous Symbol]                       0x10300fe0   Section        0  hte_cpu2_ipc_com.o(.text.IPC_isFlagBusyLtoR)
    [Anonymous Symbol]                       0x10300ff0   Section        0  hte_cpu2_ipc.o(.text.IPC_sendCommand)
    IPC_waitForAck                           0x10301029   Thumb Code    16  hte_cpu2_ipc_com.o(.text.IPC_waitForAck)
    [Anonymous Symbol]                       0x10301028   Section        0  hte_cpu2_ipc_com.o(.text.IPC_waitForAck)
    [Anonymous Symbol]                       0x10301038   Section        0  hte_mcan.o(.text.MCANA_INT0_DriverHandler)
    [Anonymous Symbol]                       0x10301050   Section        0  hte_mcan.o(.text.MCANA_INT1_DriverHandler)
    [Anonymous Symbol]                       0x10301068   Section        0  hte_mcan.o(.text.MCANB_INT0_DriverHandler)
    [Anonymous Symbol]                       0x10301080   Section        0  hte_mcan.o(.text.MCANB_INT1_DriverHandler)
    [Anonymous Symbol]                       0x10301098   Section        0  hte_mcan.o(.text.MCANC_INT0_DriverHandler)
    [Anonymous Symbol]                       0x103010b0   Section        0  hte_mcan.o(.text.MCANC_INT1_DriverHandler)
    MCANConfig                               0x103010c9   Thumb Code   326  mcan_ex2_receive.o(.text.MCANConfig)
    [Anonymous Symbol]                       0x103010c8   Section        0  mcan_ex2_receive.o(.text.MCANConfig)
    [Anonymous Symbol]                       0x10301210   Section        0  hte_mcan.o(.text.MCAN_addStdMsgIDFilter)
    [Anonymous Symbol]                       0x10301268   Section        0  hte_mcan.o(.text.MCAN_config)
    MCAN_getDataSize                         0x10301349   Thumb Code    32  hte_mcan.o(.text.MCAN_getDataSize)
    [Anonymous Symbol]                       0x10301348   Section        0  hte_mcan.o(.text.MCAN_getDataSize)
    MCAN_getMsgObjSize                       0x103013b9   Thumb Code     8  hte_mcan.o(.text.MCAN_getMsgObjSize)
    [Anonymous Symbol]                       0x103013b8   Section        0  hte_mcan.o(.text.MCAN_getMsgObjSize)
    [Anonymous Symbol]                       0x103013e0   Section        0  hte_mcan.o(.text.MCAN_getNewDataStatus)
    [Anonymous Symbol]                       0x10301418   Section        0  hte_mcan.o(.text.MCAN_getOpMode)
    MCAN_getRamBase                          0x10301449   Thumb Code    36  hte_mcan.o(.text.MCAN_getRamBase)
    [Anonymous Symbol]                       0x10301448   Section        0  hte_mcan.o(.text.MCAN_getRamBase)
    [Anonymous Symbol]                       0x10301470   Section        0  hte_mcan.o(.text.MCAN_getRevisionId)
    [Anonymous Symbol]                       0x103014c0   Section        0  hte_mcan.o(.text.MCAN_handlerIRQ)
    [Anonymous Symbol]                       0x103014e0   Section        0  hte_mcan.o(.text.MCAN_init)
    MCAN_isBaseValid                         0x103015a9   Thumb Code    36  hte_mcan.o(.text.MCAN_isBaseValid)
    [Anonymous Symbol]                       0x103015a8   Section        0  hte_mcan.o(.text.MCAN_isBaseValid)
    [Anonymous Symbol]                       0x103015d0   Section        0  hte_mcan.o(.text.MCAN_msgRAMConfig)
    [Anonymous Symbol]                       0x10301770   Section        0  mcan_ex2_receive.o(.text.MCAN_pinMux)
    MCAN_readMsg                             0x10301799   Thumb Code   256  hte_mcan.o(.text.MCAN_readMsg)
    [Anonymous Symbol]                       0x10301798   Section        0  hte_mcan.o(.text.MCAN_readMsg)
    [Anonymous Symbol]                       0x103018c0   Section        0  hte_mcan.o(.text.MCAN_readMsgRam)
    [Anonymous Symbol]                       0x103019c0   Section        0  hte_mcan.o(.text.MCAN_setBitTime)
    [Anonymous Symbol]                       0x10301ab0   Section        0  hte_mcan.o(.text.MCAN_setOpMode)
    [Anonymous Symbol]                       0x10301ae0   Section        0  mcan_ex2_receive.o(.text.MCAN_setPclkEnable)
    MCAN_writeProtectedRegAccessLock         0x10301b71   Thumb Code    46  hte_mcan.o(.text.MCAN_writeProtectedRegAccessLock)
    [Anonymous Symbol]                       0x10301b70   Section        0  hte_mcan.o(.text.MCAN_writeProtectedRegAccessLock)
    MCAN_writeProtectedRegAccessUnlock       0x10301ba1   Thumb Code    46  hte_mcan.o(.text.MCAN_writeProtectedRegAccessUnlock)
    [Anonymous Symbol]                       0x10301ba0   Section        0  hte_mcan.o(.text.MCAN_writeProtectedRegAccessUnlock)
    [Anonymous Symbol]                       0x10301bd0   Section        0  hte_mcan.o(.text.MCAN_writeRxFIFOAck)
    [Anonymous Symbol]                       0x10301c40   Section        0  hte_common.o(.text.SDK_dwtDelay)
    SYSCTRL_enablePeripheral                 0x10301cf1   Thumb Code    18  board.o(.text.SYSCTRL_enablePeripheral)
    [Anonymous Symbol]                       0x10301cf0   Section        0  board.o(.text.SYSCTRL_enablePeripheral)
    SYSCTRL_enablePeripheral                 0x10301d09   Thumb Code    32  mcan_ex2_receive.o(.text.SYSCTRL_enablePeripheral)
    [Anonymous Symbol]                       0x10301d08   Section        0  mcan_ex2_receive.o(.text.SYSCTRL_enablePeripheral)
    [Anonymous Symbol]                       0x10301d28   Section        0  clock_config.o(.text.SysTick_DriverHandler)
    [Anonymous Symbol]                       0x10301d48   Section        0  system_hs32f7d377_cpu2.o(.text.SystemInit)
    [Anonymous Symbol]                       0x10301d60   Section        0  hte_uart.o(.text.UARTA_DriverHandler)
    [Anonymous Symbol]                       0x10301d88   Section        0  hte_uart.o(.text.UARTB_DriverHandler)
    [Anonymous Symbol]                       0x10301db8   Section        0  hte_uart.o(.text.UARTC_DriverHandler)
    [Anonymous Symbol]                       0x10301de8   Section        0  hte_uart.o(.text.UARTD_DriverHandler)
    UART_disableFIFOAccess                   0x10301e19   Thumb Code    38  hte_uart.o(.text.UART_disableFIFOAccess)
    [Anonymous Symbol]                       0x10301e18   Section        0  hte_uart.o(.text.UART_disableFIFOAccess)
    UART_disableLoopback                     0x10301e41   Thumb Code    38  hte_uart.o(.text.UART_disableLoopback)
    [Anonymous Symbol]                       0x10301e40   Section        0  hte_uart.o(.text.UART_disableLoopback)
    [Anonymous Symbol]                       0x10301e68   Section        0  hte_uart.o(.text.UART_getDefaultConfig)
    UART_getTxFIFOLevel                      0x10301ea1   Thumb Code    36  hte_uart.o(.text.UART_getTxFIFOLevel)
    [Anonymous Symbol]                       0x10301ea0   Section        0  hte_uart.o(.text.UART_getTxFIFOLevel)
    UART_haltTransmit                        0x10301ec9   Thumb Code    42  hte_uart.o(.text.UART_haltTransmit)
    [Anonymous Symbol]                       0x10301ec8   Section        0  hte_uart.o(.text.UART_haltTransmit)
    [Anonymous Symbol]                       0x10301ef8   Section        0  hte_uart.o(.text.UART_init)
    UART_isBusy                              0x10301fb1   Thumb Code    36  hte_uart.o(.text.UART_isBusy)
    [Anonymous Symbol]                       0x10301fb0   Section        0  hte_uart.o(.text.UART_isBusy)
    UART_isFIFOEnabled                       0x10301fd9   Thumb Code    38  hte_uart.o(.text.UART_isFIFOEnabled)
    [Anonymous Symbol]                       0x10301fd8   Section        0  hte_uart.o(.text.UART_isFIFOEnabled)
    UART_isSpaceAvailable                    0x10302001   Thumb Code    62  hte_uart.o(.text.UART_isSpaceAvailable)
    [Anonymous Symbol]                       0x10302000   Section        0  hte_uart.o(.text.UART_isSpaceAvailable)
    UART_isTransmitHoldingEmpty              0x10302041   Thumb Code    36  hte_uart.o(.text.UART_isTransmitHoldingEmpty)
    [Anonymous Symbol]                       0x10302040   Section        0  hte_uart.o(.text.UART_isTransmitHoldingEmpty)
    UART_isTransmitRegisterEmpty             0x10302069   Thumb Code    36  hte_uart.o(.text.UART_isTransmitRegisterEmpty)
    [Anonymous Symbol]                       0x10302068   Section        0  hte_uart.o(.text.UART_isTransmitRegisterEmpty)
    [Anonymous Symbol]                       0x10302090   Section        0  hte_uart.o(.text.UART_setBaudRate)
    [Anonymous Symbol]                       0x10302180   Section        0  hte_uart.o(.text.UART_writeDataBlocking)
    [Anonymous Symbol]                       0x103021e8   Section        0  hte_assert.o(.text.__aeabi_assert)
    [Anonymous Symbol]                       0x10302250   Section        0  hte_debug_console.o(.text.fputc)
    [Anonymous Symbol]                       0x10302280   Section        0  mcan_ex2_receive.o(.text.main)
    i.__0printf$5                            0x10302360   Section        0  printf5.o(i.__0printf$5)
    i.__scatterload_copy                     0x10302380   Section       14  handlers.o(i.__scatterload_copy)
    i.__scatterload_null                     0x1030238e   Section        2  handlers.o(i.__scatterload_null)
    i.__scatterload_zeroinit                 0x10302390   Section       14  handlers.o(i.__scatterload_zeroinit)
    _printf_core                             0x103023a1   Thumb Code   658  printf5.o(i._printf_core)
    i._printf_core                           0x103023a0   Section        0  printf5.o(i._printf_core)
    .L.str                                   0x10302660   Data          20  hte_common.o(.rodata.str1.1)
    [Anonymous Symbol]                       0x10302660   Section        0  hte_common.o(.rodata.str1.1)
    .L.str.1                                 0x10302674   Data          49  hte_common.o(.rodata.str1.1)
    .L.str                                   0x103026a5   Data          23  hte_mcan.o(.rodata.str1.1)
    [Anonymous Symbol]                       0x103026a5   Section        0  hte_mcan.o(.rodata.str1.1)
    .L.str.4                                 0x103026bc   Data          39  hte_mcan.o(.rodata.str1.1)
    .L.str.1                                 0x103026e3   Data          45  hte_mcan.o(.rodata.str1.1)
    .L.str.2                                 0x103026e9   Data          23  hte_mcan.o(.rodata.str1.1)
    .L.str.6                                 0x10302710   Data           5  hte_uart.o(.rodata.str1.1)
    [Anonymous Symbol]                       0x10302710   Section        0  hte_uart.o(.rodata.str1.1)
    .L.str.1                                 0x10302715   Data          45  hte_uart.o(.rodata.str1.1)
    .L.str.3                                 0x10302742   Data           5  hte_uart.o(.rodata.str1.1)
    .L.str.2                                 0x10302747   Data           7  hte_uart.o(.rodata.str1.1)
    .L.str.7                                 0x1030274e   Data          45  hte_uart.o(.rodata.str1.1)
    .data                                    0x20000000   Section        4  stderr.o(.data)
    s_debugConsole.0                         0x20000264   Data           4  hte_debug_console.o(.bss.s_debugConsole.0)
    [Anonymous Symbol]                       0x20000264   Section        0  hte_debug_console.o(.bss.s_debugConsole.0)
    s_ipcISR                                 0x20000268   Data          16  hte_cpu2_ipc.o(.bss.s_ipcISR)
    [Anonymous Symbol]                       0x20000268   Section        0  hte_cpu2_ipc.o(.bss.s_ipcISR)
    s_mcanISR                                0x20000278   Data          24  hte_mcan.o(.bss.s_mcanISR)
    [Anonymous Symbol]                       0x20000278   Section        0  hte_mcan.o(.bss.s_mcanISR)
    VTOR                                     0xe000ed08   Number         0  startup_hs32f7d377_cpu2_ac6.o ABSOLUTE

    Global Symbols

    Symbol Name                              Value     Ov Type        Size  Object(Section)

    BuildAttributes$$THM_ISAv4$E$P$D$K$B$S$7EM$VFPi5$EXTD16$VFPS$VFMA$PE$PLD8$A:L22UL41UL21$X:L11$S22US41US21$IEEE1$IW$USESV6$~STKCKD$USESV7$~SHL$OTIME$ROPI$EBA8$UX$MICROLIB$REQ8$EABIv2 0x00000000   Number         0  anon$$obj.o ABSOLUTE
    _printf_a                                0x00000000   Number         0  printfstubs.o ABSOLUTE
    _printf_c                                0x00000000   Number         0  printfstubs.o ABSOLUTE
    _printf_charcount                        0x00000000   Number         0  printfstubs.o ABSOLUTE
    _printf_d                                0x00000000   Number         0  printfstubs.o ABSOLUTE
    _printf_e                                0x00000000   Number         0  printfstubs.o ABSOLUTE
    _printf_f                                0x00000000   Number         0  printfstubs.o ABSOLUTE
    _printf_flags                            0x00000000   Number         0  printfstubs.o ABSOLUTE
    _printf_fp_dec                           0x00000000   Number         0  printfstubs.o ABSOLUTE
    _printf_fp_hex                           0x00000000   Number         0  printfstubs.o ABSOLUTE
    _printf_g                                0x00000000   Number         0  printfstubs.o ABSOLUTE
    _printf_i                                0x00000000   Number         0  printfstubs.o ABSOLUTE
    _printf_int_dec                          0x00000000   Number         0  printfstubs.o ABSOLUTE
    _printf_l                                0x00000000   Number         0  printfstubs.o ABSOLUTE
    _printf_lc                               0x00000000   Number         0  printfstubs.o ABSOLUTE
    _printf_ll                               0x00000000   Number         0  printfstubs.o ABSOLUTE
    _printf_lld                              0x00000000   Number         0  printfstubs.o ABSOLUTE
    _printf_lli                              0x00000000   Number         0  printfstubs.o ABSOLUTE
    _printf_llo                              0x00000000   Number         0  printfstubs.o ABSOLUTE
    _printf_llu                              0x00000000   Number         0  printfstubs.o ABSOLUTE
    _printf_llx                              0x00000000   Number         0  printfstubs.o ABSOLUTE
    _printf_longlong_dec                     0x00000000   Number         0  printfstubs.o ABSOLUTE
    _printf_longlong_hex                     0x00000000   Number         0  printfstubs.o ABSOLUTE
    _printf_longlong_oct                     0x00000000   Number         0  printfstubs.o ABSOLUTE
    _printf_ls                               0x00000000   Number         0  printfstubs.o ABSOLUTE
    _printf_mbtowc                           0x00000000   Number         0  printfstubs.o ABSOLUTE
    _printf_n                                0x00000000   Number         0  printfstubs.o ABSOLUTE
    _printf_o                                0x00000000   Number         0  printfstubs.o ABSOLUTE
    _printf_p                                0x00000000   Number         0  printfstubs.o ABSOLUTE
    _printf_percent                          0x00000000   Number         0  printfstubs.o ABSOLUTE
    _printf_pre_padding                      0x00000000   Number         0  printfstubs.o ABSOLUTE
    _printf_return_value                     0x00000000   Number         0  printfstubs.o ABSOLUTE
    _printf_s                                0x00000000   Number         0  printfstubs.o ABSOLUTE
    _printf_sizespec                         0x00000000   Number         0  printfstubs.o ABSOLUTE
    _printf_str                              0x00000000   Number         0  printfstubs.o ABSOLUTE
    _printf_truncate_signed                  0x00000000   Number         0  printfstubs.o ABSOLUTE
    _printf_truncate_unsigned                0x00000000   Number         0  printfstubs.o ABSOLUTE
    _printf_u                                0x00000000   Number         0  printfstubs.o ABSOLUTE
    _printf_wc                               0x00000000   Number         0  printfstubs.o ABSOLUTE
    _printf_wctomb                           0x00000000   Number         0  printfstubs.o ABSOLUTE
    _printf_widthprec                        0x00000000   Number         0  printfstubs.o ABSOLUTE
    _printf_x                                0x00000000   Number         0  printfstubs.o ABSOLUTE
    SHT$$ARM_EXIDX$$Base                      - Undefined Reference
    SHT$$ARM_EXIDX$$Limit                     - Undefined Reference
    __arm_find_exidx_section                  - Undefined Weak Reference
    __cpp_initialize__aeabi_                  - Undefined Weak Reference
    __cxa_finalize                            - Undefined Weak Reference
    __decompress                              - Undefined Weak Reference
    _clock_init                               - Undefined Weak Reference
    _microlib_exit                            - Undefined Weak Reference
    __Vectors_Size                           0x00000400   Number         0  startup_hs32f7d377_cpu2_ac6.o ABSOLUTE
    __Vectors                                0x10300000   Number      1024  startup_hs32f7d377_cpu2_ac6.o(RESET)
    __Vectors_End                            0x10300400   Number         0  startup_hs32f7d377_cpu2_ac6.o(RESET)
    __main                                   0x10300401   Thumb Code     0  entry.o(.ARM.Collect$$$$00000000)
    _main_stk                                0x10300401   Thumb Code     0  entry4.o(.ARM.Collect$$$$00000003)
    _main_scatterload                        0x10300405   Thumb Code     0  entry5.o(.ARM.Collect$$$$00000004)
    __main_after_scatterload                 0x10300409   Thumb Code     0  entry5.o(.ARM.Collect$$$$00000004)
    _main_clock                              0x10300409   Thumb Code     0  entry7b.o(.ARM.Collect$$$$00000008)
    _main_cpp_init                           0x10300409   Thumb Code     0  entry8b.o(.ARM.Collect$$$$0000000A)
    _main_init                               0x10300409   Thumb Code     0  entry9a.o(.ARM.Collect$$$$0000000B)
    __rt_final_cpp                           0x10300411   Thumb Code     0  entry10a.o(.ARM.Collect$$$$0000000D)
    __rt_final_exit                          0x10300411   Thumb Code     0  entry11a.o(.ARM.Collect$$$$0000000F)
    Reset_Handler                            0x10300415   Thumb Code    24  startup_hs32f7d377_cpu2_ac6.o(.text)
    NMI_Handler                              0x1030042d   Thumb Code     4  startup_hs32f7d377_cpu2_ac6.o(.text)
    HardFault_Handler                        0x10300431   Thumb Code     4  startup_hs32f7d377_cpu2_ac6.o(.text)
    MemManage_Handler                        0x10300435   Thumb Code     4  startup_hs32f7d377_cpu2_ac6.o(.text)
    BusFault_Handler                         0x10300439   Thumb Code     4  startup_hs32f7d377_cpu2_ac6.o(.text)
    UsageFault_Handler                       0x1030043d   Thumb Code     4  startup_hs32f7d377_cpu2_ac6.o(.text)
    SVC_Handler                              0x10300441   Thumb Code     4  startup_hs32f7d377_cpu2_ac6.o(.text)
    DebugMon_Handler                         0x10300445   Thumb Code     4  startup_hs32f7d377_cpu2_ac6.o(.text)
    PendSV_Handler                           0x10300449   Thumb Code     4  startup_hs32f7d377_cpu2_ac6.o(.text)
    SysTick_Handler                          0x1030044d   Thumb Code     4  startup_hs32f7d377_cpu2_ac6.o(.text)
    WDT_Handler                              0x10300451   Thumb Code     4  startup_hs32f7d377_cpu2_ac6.o(.text)
    CPUTIMER0_Handler                        0x10300455   Thumb Code     4  startup_hs32f7d377_cpu2_ac6.o(.text)
    CPUTIMER1_Handler                        0x10300459   Thumb Code     4  startup_hs32f7d377_cpu2_ac6.o(.text)
    CPUTIMER2_Handler                        0x1030045d   Thumb Code     4  startup_hs32f7d377_cpu2_ac6.o(.text)
    DWTIMER_CH0_Handler                      0x10300461   Thumb Code     4  startup_hs32f7d377_cpu2_ac6.o(.text)
    DWTIMER_CH1_Handler                      0x10300465   Thumb Code     4  startup_hs32f7d377_cpu2_ac6.o(.text)
    DWTIMER_CH2_Handler                      0x10300469   Thumb Code     4  startup_hs32f7d377_cpu2_ac6.o(.text)
    IPC_INT0_Handler                         0x1030046d   Thumb Code     4  startup_hs32f7d377_cpu2_ac6.o(.text)
    IPC_INT1_Handler                         0x10300471   Thumb Code     4  startup_hs32f7d377_cpu2_ac6.o(.text)
    IPC_INT2_Handler                         0x10300475   Thumb Code     4  startup_hs32f7d377_cpu2_ac6.o(.text)
    IPC_INT3_Handler                         0x10300479   Thumb Code     4  startup_hs32f7d377_cpu2_ac6.o(.text)
    ADCA_EVT_Handler                         0x1030047d   Thumb Code     4  startup_hs32f7d377_cpu2_ac6.o(.text)
    ADCB_EVT_Handler                         0x10300481   Thumb Code     4  startup_hs32f7d377_cpu2_ac6.o(.text)
    ADCC_EVT_Handler                         0x10300485   Thumb Code     4  startup_hs32f7d377_cpu2_ac6.o(.text)
    ADCD_EVT_Handler                         0x10300489   Thumb Code     4  startup_hs32f7d377_cpu2_ac6.o(.text)
    ADCA_INT1_Handler                        0x1030048d   Thumb Code     4  startup_hs32f7d377_cpu2_ac6.o(.text)
    ADCA_INT2_Handler                        0x10300491   Thumb Code     4  startup_hs32f7d377_cpu2_ac6.o(.text)
    ADCA_INT3_Handler                        0x10300495   Thumb Code     4  startup_hs32f7d377_cpu2_ac6.o(.text)
    ADCA_INT4_Handler                        0x10300499   Thumb Code     4  startup_hs32f7d377_cpu2_ac6.o(.text)
    ADCB_INT1_Handler                        0x1030049d   Thumb Code     4  startup_hs32f7d377_cpu2_ac6.o(.text)
    ADCB_INT2_Handler                        0x103004a1   Thumb Code     4  startup_hs32f7d377_cpu2_ac6.o(.text)
    ADCB_INT3_Handler                        0x103004a5   Thumb Code     4  startup_hs32f7d377_cpu2_ac6.o(.text)
    ADCB_INT4_Handler                        0x103004a9   Thumb Code     4  startup_hs32f7d377_cpu2_ac6.o(.text)
    ADCC_INT1_Handler                        0x103004ad   Thumb Code     4  startup_hs32f7d377_cpu2_ac6.o(.text)
    ADCC_INT2_Handler                        0x103004b1   Thumb Code     4  startup_hs32f7d377_cpu2_ac6.o(.text)
    ADCC_INT3_Handler                        0x103004b5   Thumb Code     4  startup_hs32f7d377_cpu2_ac6.o(.text)
    ADCC_INT4_Handler                        0x103004b9   Thumb Code     4  startup_hs32f7d377_cpu2_ac6.o(.text)
    ADCD_INT1_Handler                        0x103004bd   Thumb Code     4  startup_hs32f7d377_cpu2_ac6.o(.text)
    ADCD_INT2_Handler                        0x103004c1   Thumb Code     4  startup_hs32f7d377_cpu2_ac6.o(.text)
    ADCD_INT3_Handler                        0x103004c5   Thumb Code     4  startup_hs32f7d377_cpu2_ac6.o(.text)
    ADCD_INT4_Handler                        0x103004c9   Thumb Code     4  startup_hs32f7d377_cpu2_ac6.o(.text)
    XINT1_Handler                            0x103004cd   Thumb Code     4  startup_hs32f7d377_cpu2_ac6.o(.text)
    XINT2_Handler                            0x103004d1   Thumb Code     4  startup_hs32f7d377_cpu2_ac6.o(.text)
    XINT3_Handler                            0x103004d5   Thumb Code     4  startup_hs32f7d377_cpu2_ac6.o(.text)
    XINT4_Handler                            0x103004d9   Thumb Code     4  startup_hs32f7d377_cpu2_ac6.o(.text)
    XINT5_Handler                            0x103004dd   Thumb Code     4  startup_hs32f7d377_cpu2_ac6.o(.text)
    EPWM_HRCAL_Handler                       0x103004e1   Thumb Code     4  startup_hs32f7d377_cpu2_ac6.o(.text)
    EPWM1_TZ_Handler                         0x103004e5   Thumb Code     4  startup_hs32f7d377_cpu2_ac6.o(.text)
    EPWM2_TZ_Handler                         0x103004e9   Thumb Code     4  startup_hs32f7d377_cpu2_ac6.o(.text)
    EPWM3_TZ_Handler                         0x103004ed   Thumb Code     4  startup_hs32f7d377_cpu2_ac6.o(.text)
    EPWM4_TZ_Handler                         0x103004f1   Thumb Code     4  startup_hs32f7d377_cpu2_ac6.o(.text)
    EPWM5_TZ_Handler                         0x103004f5   Thumb Code     4  startup_hs32f7d377_cpu2_ac6.o(.text)
    EPWM6_TZ_Handler                         0x103004f9   Thumb Code     4  startup_hs32f7d377_cpu2_ac6.o(.text)
    EPWM7_TZ_Handler                         0x103004fd   Thumb Code     4  startup_hs32f7d377_cpu2_ac6.o(.text)
    EPWM8_TZ_Handler                         0x10300501   Thumb Code     4  startup_hs32f7d377_cpu2_ac6.o(.text)
    EPWM9_TZ_Handler                         0x10300505   Thumb Code     4  startup_hs32f7d377_cpu2_ac6.o(.text)
    EPWM10_TZ_Handler                        0x10300509   Thumb Code     4  startup_hs32f7d377_cpu2_ac6.o(.text)
    EPWM11_TZ_Handler                        0x1030050d   Thumb Code     4  startup_hs32f7d377_cpu2_ac6.o(.text)
    EPWM12_TZ_Handler                        0x10300511   Thumb Code     4  startup_hs32f7d377_cpu2_ac6.o(.text)
    EPWM1_Handler                            0x10300515   Thumb Code     4  startup_hs32f7d377_cpu2_ac6.o(.text)
    EPWM2_Handler                            0x10300519   Thumb Code     4  startup_hs32f7d377_cpu2_ac6.o(.text)
    EPWM3_Handler                            0x1030051d   Thumb Code     4  startup_hs32f7d377_cpu2_ac6.o(.text)
    EPWM4_Handler                            0x10300521   Thumb Code     4  startup_hs32f7d377_cpu2_ac6.o(.text)
    EPWM5_Handler                            0x10300525   Thumb Code     4  startup_hs32f7d377_cpu2_ac6.o(.text)
    EPWM6_Handler                            0x10300529   Thumb Code     4  startup_hs32f7d377_cpu2_ac6.o(.text)
    EPWM7_Handler                            0x1030052d   Thumb Code     4  startup_hs32f7d377_cpu2_ac6.o(.text)
    EPWM8_Handler                            0x10300531   Thumb Code     4  startup_hs32f7d377_cpu2_ac6.o(.text)
    EPWM9_Handler                            0x10300535   Thumb Code     4  startup_hs32f7d377_cpu2_ac6.o(.text)
    EPWM10_Handler                           0x10300539   Thumb Code     4  startup_hs32f7d377_cpu2_ac6.o(.text)
    EPWM11_Handler                           0x1030053d   Thumb Code     4  startup_hs32f7d377_cpu2_ac6.o(.text)
    EPWM12_Handler                           0x10300541   Thumb Code     4  startup_hs32f7d377_cpu2_ac6.o(.text)
    ECAP1_Handler                            0x10300545   Thumb Code     4  startup_hs32f7d377_cpu2_ac6.o(.text)
    ECAP2_Handler                            0x10300549   Thumb Code     4  startup_hs32f7d377_cpu2_ac6.o(.text)
    ECAP3_Handler                            0x1030054d   Thumb Code     4  startup_hs32f7d377_cpu2_ac6.o(.text)
    ECAP4_Handler                            0x10300551   Thumb Code     4  startup_hs32f7d377_cpu2_ac6.o(.text)
    ECAP5_Handler                            0x10300555   Thumb Code     4  startup_hs32f7d377_cpu2_ac6.o(.text)
    ECAP6_Handler                            0x10300559   Thumb Code     4  startup_hs32f7d377_cpu2_ac6.o(.text)
    EQEP1_Handler                            0x1030055d   Thumb Code     4  startup_hs32f7d377_cpu2_ac6.o(.text)
    EQEP2_Handler                            0x10300561   Thumb Code     4  startup_hs32f7d377_cpu2_ac6.o(.text)
    EQEP3_Handler                            0x10300565   Thumb Code     4  startup_hs32f7d377_cpu2_ac6.o(.text)
    CLB1_Handler                             0x10300569   Thumb Code     4  startup_hs32f7d377_cpu2_ac6.o(.text)
    CLB2_Handler                             0x1030056d   Thumb Code     4  startup_hs32f7d377_cpu2_ac6.o(.text)
    CLB3_Handler                             0x10300571   Thumb Code     4  startup_hs32f7d377_cpu2_ac6.o(.text)
    CLB4_Handler                             0x10300575   Thumb Code     4  startup_hs32f7d377_cpu2_ac6.o(.text)
    CLB5_Handler                             0x10300579   Thumb Code     4  startup_hs32f7d377_cpu2_ac6.o(.text)
    CLB6_Handler                             0x1030057d   Thumb Code     4  startup_hs32f7d377_cpu2_ac6.o(.text)
    CLB7_Handler                             0x10300581   Thumb Code     4  startup_hs32f7d377_cpu2_ac6.o(.text)
    CLB8_Handler                             0x10300585   Thumb Code     4  startup_hs32f7d377_cpu2_ac6.o(.text)
    SDFM1_Handler                            0x10300589   Thumb Code     4  startup_hs32f7d377_cpu2_ac6.o(.text)
    SDFM1_FLT1DR_Handler                     0x1030058d   Thumb Code     4  startup_hs32f7d377_cpu2_ac6.o(.text)
    SDFM1_FLT2DR_Handler                     0x10300591   Thumb Code     4  startup_hs32f7d377_cpu2_ac6.o(.text)
    SDFM1_FLT3DR_Handler                     0x10300595   Thumb Code     4  startup_hs32f7d377_cpu2_ac6.o(.text)
    SDFM1_FLT4DR_Handler                     0x10300599   Thumb Code     4  startup_hs32f7d377_cpu2_ac6.o(.text)
    SDFM2_Handler                            0x1030059d   Thumb Code     4  startup_hs32f7d377_cpu2_ac6.o(.text)
    SDFM2_FLT1DR_Handler                     0x103005a1   Thumb Code     4  startup_hs32f7d377_cpu2_ac6.o(.text)
    SDFM2_FLT2DR_Handler                     0x103005a5   Thumb Code     4  startup_hs32f7d377_cpu2_ac6.o(.text)
    SDFM2_FLT3DR_Handler                     0x103005a9   Thumb Code     4  startup_hs32f7d377_cpu2_ac6.o(.text)
    SDFM2_FLT4DR_Handler                     0x103005ad   Thumb Code     4  startup_hs32f7d377_cpu2_ac6.o(.text)
    DMA_CH1_Handler                          0x103005b1   Thumb Code     4  startup_hs32f7d377_cpu2_ac6.o(.text)
    DMA_CH2_Handler                          0x103005b5   Thumb Code     4  startup_hs32f7d377_cpu2_ac6.o(.text)
    DMA_CH3_Handler                          0x103005b9   Thumb Code     4  startup_hs32f7d377_cpu2_ac6.o(.text)
    DMA_CH4_Handler                          0x103005bd   Thumb Code     4  startup_hs32f7d377_cpu2_ac6.o(.text)
    DMA_CH5_Handler                          0x103005c1   Thumb Code     4  startup_hs32f7d377_cpu2_ac6.o(.text)
    DMA_CH6_Handler                          0x103005c5   Thumb Code     4  startup_hs32f7d377_cpu2_ac6.o(.text)
    USBA_Handler                             0x103005c9   Thumb Code     4  startup_hs32f7d377_cpu2_ac6.o(.text)
    USBA_EP_MP_Handler                       0x103005cd   Thumb Code     4  startup_hs32f7d377_cpu2_ac6.o(.text)
    USBA_EP0_Handler                         0x103005d1   Thumb Code     4  startup_hs32f7d377_cpu2_ac6.o(.text)
    USBA_EP1_Handler                         0x103005d5   Thumb Code     4  startup_hs32f7d377_cpu2_ac6.o(.text)
    USBA_EP2_Handler                         0x103005d9   Thumb Code     4  startup_hs32f7d377_cpu2_ac6.o(.text)
    USBA_EP3_Handler                         0x103005dd   Thumb Code     4  startup_hs32f7d377_cpu2_ac6.o(.text)
    USBA_EP4_Handler                         0x103005e1   Thumb Code     4  startup_hs32f7d377_cpu2_ac6.o(.text)
    USBA_EP5_Handler                         0x103005e5   Thumb Code     4  startup_hs32f7d377_cpu2_ac6.o(.text)
    USBA_EP6_Handler                         0x103005e9   Thumb Code     4  startup_hs32f7d377_cpu2_ac6.o(.text)
    USBA_EP7_Handler                         0x103005ed   Thumb Code     4  startup_hs32f7d377_cpu2_ac6.o(.text)
    USBA_EP8_Handler                         0x103005f1   Thumb Code     4  startup_hs32f7d377_cpu2_ac6.o(.text)
    USBA_EP9_Handler                         0x103005f5   Thumb Code     4  startup_hs32f7d377_cpu2_ac6.o(.text)
    USBA_EP10_Handler                        0x103005f9   Thumb Code     4  startup_hs32f7d377_cpu2_ac6.o(.text)
    USBA_EP11_Handler                        0x103005fd   Thumb Code     4  startup_hs32f7d377_cpu2_ac6.o(.text)
    USBA_EP12_Handler                        0x10300601   Thumb Code     4  startup_hs32f7d377_cpu2_ac6.o(.text)
    USBA_EP13_Handler                        0x10300605   Thumb Code     4  startup_hs32f7d377_cpu2_ac6.o(.text)
    USBA_EP14_Handler                        0x10300609   Thumb Code     4  startup_hs32f7d377_cpu2_ac6.o(.text)
    USBA_EP15_Handler                        0x1030060d   Thumb Code     4  startup_hs32f7d377_cpu2_ac6.o(.text)
    USBA_EP16_Handler                        0x10300611   Thumb Code     4  startup_hs32f7d377_cpu2_ac6.o(.text)
    USBA_EP17_Handler                        0x10300615   Thumb Code     4  startup_hs32f7d377_cpu2_ac6.o(.text)
    USBA_EP18_Handler                        0x10300619   Thumb Code     4  startup_hs32f7d377_cpu2_ac6.o(.text)
    USBA_EP19_Handler                        0x1030061d   Thumb Code     4  startup_hs32f7d377_cpu2_ac6.o(.text)
    USBA_EP20_Handler                        0x10300621   Thumb Code     4  startup_hs32f7d377_cpu2_ac6.o(.text)
    USBA_EP21_Handler                        0x10300625   Thumb Code     4  startup_hs32f7d377_cpu2_ac6.o(.text)
    USBA_EP22_Handler                        0x10300629   Thumb Code     4  startup_hs32f7d377_cpu2_ac6.o(.text)
    USBA_EP23_Handler                        0x1030062d   Thumb Code     4  startup_hs32f7d377_cpu2_ac6.o(.text)
    USBA_EP24_Handler                        0x10300631   Thumb Code     4  startup_hs32f7d377_cpu2_ac6.o(.text)
    USBA_EP25_Handler                        0x10300635   Thumb Code     4  startup_hs32f7d377_cpu2_ac6.o(.text)
    USBA_EP26_Handler                        0x10300639   Thumb Code     4  startup_hs32f7d377_cpu2_ac6.o(.text)
    USBA_EP27_Handler                        0x1030063d   Thumb Code     4  startup_hs32f7d377_cpu2_ac6.o(.text)
    USBA_EP28_Handler                        0x10300641   Thumb Code     4  startup_hs32f7d377_cpu2_ac6.o(.text)
    USBA_EP29_Handler                        0x10300645   Thumb Code     4  startup_hs32f7d377_cpu2_ac6.o(.text)
    USBA_EP30_Handler                        0x10300649   Thumb Code     4  startup_hs32f7d377_cpu2_ac6.o(.text)
    USBA_EP31_Handler                        0x1030064d   Thumb Code     4  startup_hs32f7d377_cpu2_ac6.o(.text)
    MCANA_INT0_Handler                       0x10300651   Thumb Code     4  startup_hs32f7d377_cpu2_ac6.o(.text)
    MCANA_INT1_Handler                       0x10300655   Thumb Code     4  startup_hs32f7d377_cpu2_ac6.o(.text)
    MCANB_INT0_Handler                       0x10300659   Thumb Code     4  startup_hs32f7d377_cpu2_ac6.o(.text)
    MCANB_INT1_Handler                       0x1030065d   Thumb Code     4  startup_hs32f7d377_cpu2_ac6.o(.text)
    MCANC_INT0_Handler                       0x10300661   Thumb Code     4  startup_hs32f7d377_cpu2_ac6.o(.text)
    MCANC_INT1_Handler                       0x10300665   Thumb Code     4  startup_hs32f7d377_cpu2_ac6.o(.text)
    I2CA_Handler                             0x10300669   Thumb Code     4  startup_hs32f7d377_cpu2_ac6.o(.text)
    I2CB_Handler                             0x1030066d   Thumb Code     4  startup_hs32f7d377_cpu2_ac6.o(.text)
    PMBUSA_Handler                           0x10300671   Thumb Code     4  startup_hs32f7d377_cpu2_ac6.o(.text)
    UARTA_Handler                            0x10300675   Thumb Code     4  startup_hs32f7d377_cpu2_ac6.o(.text)
    UARTB_Handler                            0x10300679   Thumb Code     4  startup_hs32f7d377_cpu2_ac6.o(.text)
    UARTC_Handler                            0x1030067d   Thumb Code     4  startup_hs32f7d377_cpu2_ac6.o(.text)
    UARTD_Handler                            0x10300681   Thumb Code     4  startup_hs32f7d377_cpu2_ac6.o(.text)
    SPIA_Handler                             0x10300685   Thumb Code     4  startup_hs32f7d377_cpu2_ac6.o(.text)
    SPIB_Handler                             0x10300689   Thumb Code     4  startup_hs32f7d377_cpu2_ac6.o(.text)
    SPIC_Handler                             0x1030068d   Thumb Code     4  startup_hs32f7d377_cpu2_ac6.o(.text)
    SRAM_ECC_ERR_Handler                     0x10300691   Thumb Code     4  startup_hs32f7d377_cpu2_ac6.o(.text)
    EFLASH_Handler                           0x10300695   Thumb Code     4  startup_hs32f7d377_cpu2_ac6.o(.text)
    SRAM_ACC_VIO_Handler                     0x10300699   Thumb Code     4  startup_hs32f7d377_cpu2_ac6.o(.text)
    EMIF1_ERR_Handler                        0x1030069d   Thumb Code     4  startup_hs32f7d377_cpu2_ac6.o(.text)
    WAKEUP_Handler                           0x103006a1   Thumb Code     4  startup_hs32f7d377_cpu2_ac6.o(.text)
    TFU_Handler                              0x103006a5   Thumb Code     4  startup_hs32f7d377_cpu2_ac6.o(.text)
    IPC_RAM_ERR_Handler                      0x103006a9   Thumb Code     4  startup_hs32f7d377_cpu2_ac6.o(.text)
    HardFault_DriverHandler                  0x103006ad   Thumb Code     2  startup_hs32f7d377_cpu2_ac6.o(.text)
    ADCA_EVT_DriverHandler                   0x103006af   Thumb Code     2  startup_hs32f7d377_cpu2_ac6.o(.text)
    ADCA_INT1_DriverHandler                  0x103006af   Thumb Code     2  startup_hs32f7d377_cpu2_ac6.o(.text)
    ADCA_INT2_DriverHandler                  0x103006af   Thumb Code     2  startup_hs32f7d377_cpu2_ac6.o(.text)
    ADCA_INT3_DriverHandler                  0x103006af   Thumb Code     2  startup_hs32f7d377_cpu2_ac6.o(.text)
    ADCA_INT4_DriverHandler                  0x103006af   Thumb Code     2  startup_hs32f7d377_cpu2_ac6.o(.text)
    ADCB_EVT_DriverHandler                   0x103006af   Thumb Code     2  startup_hs32f7d377_cpu2_ac6.o(.text)
    ADCB_INT1_DriverHandler                  0x103006af   Thumb Code     2  startup_hs32f7d377_cpu2_ac6.o(.text)
    ADCB_INT2_DriverHandler                  0x103006af   Thumb Code     2  startup_hs32f7d377_cpu2_ac6.o(.text)
    ADCB_INT3_DriverHandler                  0x103006af   Thumb Code     2  startup_hs32f7d377_cpu2_ac6.o(.text)
    ADCB_INT4_DriverHandler                  0x103006af   Thumb Code     2  startup_hs32f7d377_cpu2_ac6.o(.text)
    ADCC_EVT_DriverHandler                   0x103006af   Thumb Code     2  startup_hs32f7d377_cpu2_ac6.o(.text)
    ADCC_INT1_DriverHandler                  0x103006af   Thumb Code     2  startup_hs32f7d377_cpu2_ac6.o(.text)
    ADCC_INT2_DriverHandler                  0x103006af   Thumb Code     2  startup_hs32f7d377_cpu2_ac6.o(.text)
    ADCC_INT3_DriverHandler                  0x103006af   Thumb Code     2  startup_hs32f7d377_cpu2_ac6.o(.text)
    ADCC_INT4_DriverHandler                  0x103006af   Thumb Code     2  startup_hs32f7d377_cpu2_ac6.o(.text)
    ADCD_EVT_DriverHandler                   0x103006af   Thumb Code     2  startup_hs32f7d377_cpu2_ac6.o(.text)
    ADCD_INT1_DriverHandler                  0x103006af   Thumb Code     2  startup_hs32f7d377_cpu2_ac6.o(.text)
    ADCD_INT2_DriverHandler                  0x103006af   Thumb Code     2  startup_hs32f7d377_cpu2_ac6.o(.text)
    ADCD_INT3_DriverHandler                  0x103006af   Thumb Code     2  startup_hs32f7d377_cpu2_ac6.o(.text)
    ADCD_INT4_DriverHandler                  0x103006af   Thumb Code     2  startup_hs32f7d377_cpu2_ac6.o(.text)
    BusFault_DriverHandler                   0x103006af   Thumb Code     2  startup_hs32f7d377_cpu2_ac6.o(.text)
    CLB1_DriverHandler                       0x103006af   Thumb Code     2  startup_hs32f7d377_cpu2_ac6.o(.text)
    CLB2_DriverHandler                       0x103006af   Thumb Code     2  startup_hs32f7d377_cpu2_ac6.o(.text)
    CLB3_DriverHandler                       0x103006af   Thumb Code     2  startup_hs32f7d377_cpu2_ac6.o(.text)
    CLB4_DriverHandler                       0x103006af   Thumb Code     2  startup_hs32f7d377_cpu2_ac6.o(.text)
    CLB5_DriverHandler                       0x103006af   Thumb Code     2  startup_hs32f7d377_cpu2_ac6.o(.text)
    CLB6_DriverHandler                       0x103006af   Thumb Code     2  startup_hs32f7d377_cpu2_ac6.o(.text)
    CLB7_DriverHandler                       0x103006af   Thumb Code     2  startup_hs32f7d377_cpu2_ac6.o(.text)
    CLB8_DriverHandler                       0x103006af   Thumb Code     2  startup_hs32f7d377_cpu2_ac6.o(.text)
    CPUTIMER0_DriverHandler                  0x103006af   Thumb Code     2  startup_hs32f7d377_cpu2_ac6.o(.text)
    CPUTIMER1_DriverHandler                  0x103006af   Thumb Code     2  startup_hs32f7d377_cpu2_ac6.o(.text)
    CPUTIMER2_DriverHandler                  0x103006af   Thumb Code     2  startup_hs32f7d377_cpu2_ac6.o(.text)
    DMA_CH1_DriverHandler                    0x103006af   Thumb Code     2  startup_hs32f7d377_cpu2_ac6.o(.text)
    DMA_CH2_DriverHandler                    0x103006af   Thumb Code     2  startup_hs32f7d377_cpu2_ac6.o(.text)
    DMA_CH3_DriverHandler                    0x103006af   Thumb Code     2  startup_hs32f7d377_cpu2_ac6.o(.text)
    DMA_CH4_DriverHandler                    0x103006af   Thumb Code     2  startup_hs32f7d377_cpu2_ac6.o(.text)
    DMA_CH5_DriverHandler                    0x103006af   Thumb Code     2  startup_hs32f7d377_cpu2_ac6.o(.text)
    DMA_CH6_DriverHandler                    0x103006af   Thumb Code     2  startup_hs32f7d377_cpu2_ac6.o(.text)
    DWTIMER_CH0_DriverHandler                0x103006af   Thumb Code     2  startup_hs32f7d377_cpu2_ac6.o(.text)
    DWTIMER_CH1_DriverHandler                0x103006af   Thumb Code     2  startup_hs32f7d377_cpu2_ac6.o(.text)
    DWTIMER_CH2_DriverHandler                0x103006af   Thumb Code     2  startup_hs32f7d377_cpu2_ac6.o(.text)
    DebugMon_DriverHandler                   0x103006af   Thumb Code     2  startup_hs32f7d377_cpu2_ac6.o(.text)
    Default_DriverHandler                    0x103006af   Thumb Code     2  startup_hs32f7d377_cpu2_ac6.o(.text)
    ECAP1_DriverHandler                      0x103006af   Thumb Code     2  startup_hs32f7d377_cpu2_ac6.o(.text)
    ECAP2_DriverHandler                      0x103006af   Thumb Code     2  startup_hs32f7d377_cpu2_ac6.o(.text)
    ECAP3_DriverHandler                      0x103006af   Thumb Code     2  startup_hs32f7d377_cpu2_ac6.o(.text)
    ECAP4_DriverHandler                      0x103006af   Thumb Code     2  startup_hs32f7d377_cpu2_ac6.o(.text)
    ECAP5_DriverHandler                      0x103006af   Thumb Code     2  startup_hs32f7d377_cpu2_ac6.o(.text)
    ECAP6_DriverHandler                      0x103006af   Thumb Code     2  startup_hs32f7d377_cpu2_ac6.o(.text)
    EFLASH_DriverHandler                     0x103006af   Thumb Code     2  startup_hs32f7d377_cpu2_ac6.o(.text)
    EMIF1_ERR_DriverHandler                  0x103006af   Thumb Code     2  startup_hs32f7d377_cpu2_ac6.o(.text)
    EPWM10_DriverHandler                     0x103006af   Thumb Code     2  startup_hs32f7d377_cpu2_ac6.o(.text)
    EPWM10_TZ_DriverHandler                  0x103006af   Thumb Code     2  startup_hs32f7d377_cpu2_ac6.o(.text)
    EPWM11_DriverHandler                     0x103006af   Thumb Code     2  startup_hs32f7d377_cpu2_ac6.o(.text)
    EPWM11_TZ_DriverHandler                  0x103006af   Thumb Code     2  startup_hs32f7d377_cpu2_ac6.o(.text)
    EPWM12_DriverHandler                     0x103006af   Thumb Code     2  startup_hs32f7d377_cpu2_ac6.o(.text)
    EPWM12_TZ_DriverHandler                  0x103006af   Thumb Code     2  startup_hs32f7d377_cpu2_ac6.o(.text)
    EPWM1_DriverHandler                      0x103006af   Thumb Code     2  startup_hs32f7d377_cpu2_ac6.o(.text)
    EPWM1_TZ_DriverHandler                   0x103006af   Thumb Code     2  startup_hs32f7d377_cpu2_ac6.o(.text)
    EPWM2_DriverHandler                      0x103006af   Thumb Code     2  startup_hs32f7d377_cpu2_ac6.o(.text)
    EPWM2_TZ_DriverHandler                   0x103006af   Thumb Code     2  startup_hs32f7d377_cpu2_ac6.o(.text)
    EPWM3_DriverHandler                      0x103006af   Thumb Code     2  startup_hs32f7d377_cpu2_ac6.o(.text)
    EPWM3_TZ_DriverHandler                   0x103006af   Thumb Code     2  startup_hs32f7d377_cpu2_ac6.o(.text)
    EPWM4_DriverHandler                      0x103006af   Thumb Code     2  startup_hs32f7d377_cpu2_ac6.o(.text)
    EPWM4_TZ_DriverHandler                   0x103006af   Thumb Code     2  startup_hs32f7d377_cpu2_ac6.o(.text)
    EPWM5_DriverHandler                      0x103006af   Thumb Code     2  startup_hs32f7d377_cpu2_ac6.o(.text)
    EPWM5_TZ_DriverHandler                   0x103006af   Thumb Code     2  startup_hs32f7d377_cpu2_ac6.o(.text)
    EPWM6_DriverHandler                      0x103006af   Thumb Code     2  startup_hs32f7d377_cpu2_ac6.o(.text)
    EPWM6_TZ_DriverHandler                   0x103006af   Thumb Code     2  startup_hs32f7d377_cpu2_ac6.o(.text)
    EPWM7_DriverHandler                      0x103006af   Thumb Code     2  startup_hs32f7d377_cpu2_ac6.o(.text)
    EPWM7_TZ_DriverHandler                   0x103006af   Thumb Code     2  startup_hs32f7d377_cpu2_ac6.o(.text)
    EPWM8_DriverHandler                      0x103006af   Thumb Code     2  startup_hs32f7d377_cpu2_ac6.o(.text)
    EPWM8_TZ_DriverHandler                   0x103006af   Thumb Code     2  startup_hs32f7d377_cpu2_ac6.o(.text)
    EPWM9_DriverHandler                      0x103006af   Thumb Code     2  startup_hs32f7d377_cpu2_ac6.o(.text)
    EPWM9_TZ_DriverHandler                   0x103006af   Thumb Code     2  startup_hs32f7d377_cpu2_ac6.o(.text)
    EPWM_HRCAL_DriverHandler                 0x103006af   Thumb Code     2  startup_hs32f7d377_cpu2_ac6.o(.text)
    EQEP1_DriverHandler                      0x103006af   Thumb Code     2  startup_hs32f7d377_cpu2_ac6.o(.text)
    EQEP2_DriverHandler                      0x103006af   Thumb Code     2  startup_hs32f7d377_cpu2_ac6.o(.text)
    EQEP3_DriverHandler                      0x103006af   Thumb Code     2  startup_hs32f7d377_cpu2_ac6.o(.text)
    I2CA_DriverHandler                       0x103006af   Thumb Code     2  startup_hs32f7d377_cpu2_ac6.o(.text)
    I2CB_DriverHandler                       0x103006af   Thumb Code     2  startup_hs32f7d377_cpu2_ac6.o(.text)
    IPC_RAM_ERR_DriverHandler                0x103006af   Thumb Code     2  startup_hs32f7d377_cpu2_ac6.o(.text)
    MemManage_DriverHandler                  0x103006af   Thumb Code     2  startup_hs32f7d377_cpu2_ac6.o(.text)
    NMI_DriverHandler                        0x103006af   Thumb Code     2  startup_hs32f7d377_cpu2_ac6.o(.text)
    PMBUSA_DriverHandler                     0x103006af   Thumb Code     2  startup_hs32f7d377_cpu2_ac6.o(.text)
    PendSV_DriverHandler                     0x103006af   Thumb Code     2  startup_hs32f7d377_cpu2_ac6.o(.text)
    SDFM1_DriverHandler                      0x103006af   Thumb Code     2  startup_hs32f7d377_cpu2_ac6.o(.text)
    SDFM1_FLT1DR_DriverHandler               0x103006af   Thumb Code     2  startup_hs32f7d377_cpu2_ac6.o(.text)
    SDFM1_FLT2DR_DriverHandler               0x103006af   Thumb Code     2  startup_hs32f7d377_cpu2_ac6.o(.text)
    SDFM1_FLT3DR_DriverHandler               0x103006af   Thumb Code     2  startup_hs32f7d377_cpu2_ac6.o(.text)
    SDFM1_FLT4DR_DriverHandler               0x103006af   Thumb Code     2  startup_hs32f7d377_cpu2_ac6.o(.text)
    SDFM2_DriverHandler                      0x103006af   Thumb Code     2  startup_hs32f7d377_cpu2_ac6.o(.text)
    SDFM2_FLT1DR_DriverHandler               0x103006af   Thumb Code     2  startup_hs32f7d377_cpu2_ac6.o(.text)
    SDFM2_FLT2DR_DriverHandler               0x103006af   Thumb Code     2  startup_hs32f7d377_cpu2_ac6.o(.text)
    SDFM2_FLT3DR_DriverHandler               0x103006af   Thumb Code     2  startup_hs32f7d377_cpu2_ac6.o(.text)
    SDFM2_FLT4DR_DriverHandler               0x103006af   Thumb Code     2  startup_hs32f7d377_cpu2_ac6.o(.text)
    SPIA_DriverHandler                       0x103006af   Thumb Code     2  startup_hs32f7d377_cpu2_ac6.o(.text)
    SPIB_DriverHandler                       0x103006af   Thumb Code     2  startup_hs32f7d377_cpu2_ac6.o(.text)
    SPIC_DriverHandler                       0x103006af   Thumb Code     2  startup_hs32f7d377_cpu2_ac6.o(.text)
    SRAM_ACC_VIO_DriverHandler               0x103006af   Thumb Code     2  startup_hs32f7d377_cpu2_ac6.o(.text)
    SRAM_ECC_ERR_DriverHandler               0x103006af   Thumb Code     2  startup_hs32f7d377_cpu2_ac6.o(.text)
    SVC_DriverHandler                        0x103006af   Thumb Code     2  startup_hs32f7d377_cpu2_ac6.o(.text)
    TFU_DriverHandler                        0x103006af   Thumb Code     2  startup_hs32f7d377_cpu2_ac6.o(.text)
    USBA_DriverHandler                       0x103006af   Thumb Code     2  startup_hs32f7d377_cpu2_ac6.o(.text)
    USBA_EP0_DriverHandler                   0x103006af   Thumb Code     2  startup_hs32f7d377_cpu2_ac6.o(.text)
    USBA_EP10_DriverHandler                  0x103006af   Thumb Code     2  startup_hs32f7d377_cpu2_ac6.o(.text)
    USBA_EP11_DriverHandler                  0x103006af   Thumb Code     2  startup_hs32f7d377_cpu2_ac6.o(.text)
    USBA_EP12_DriverHandler                  0x103006af   Thumb Code     2  startup_hs32f7d377_cpu2_ac6.o(.text)
    USBA_EP13_DriverHandler                  0x103006af   Thumb Code     2  startup_hs32f7d377_cpu2_ac6.o(.text)
    USBA_EP14_DriverHandler                  0x103006af   Thumb Code     2  startup_hs32f7d377_cpu2_ac6.o(.text)
    USBA_EP15_DriverHandler                  0x103006af   Thumb Code     2  startup_hs32f7d377_cpu2_ac6.o(.text)
    USBA_EP16_DriverHandler                  0x103006af   Thumb Code     2  startup_hs32f7d377_cpu2_ac6.o(.text)
    USBA_EP17_DriverHandler                  0x103006af   Thumb Code     2  startup_hs32f7d377_cpu2_ac6.o(.text)
    USBA_EP18_DriverHandler                  0x103006af   Thumb Code     2  startup_hs32f7d377_cpu2_ac6.o(.text)
    USBA_EP19_DriverHandler                  0x103006af   Thumb Code     2  startup_hs32f7d377_cpu2_ac6.o(.text)
    USBA_EP1_DriverHandler                   0x103006af   Thumb Code     2  startup_hs32f7d377_cpu2_ac6.o(.text)
    USBA_EP20_DriverHandler                  0x103006af   Thumb Code     2  startup_hs32f7d377_cpu2_ac6.o(.text)
    USBA_EP21_DriverHandler                  0x103006af   Thumb Code     2  startup_hs32f7d377_cpu2_ac6.o(.text)
    USBA_EP22_DriverHandler                  0x103006af   Thumb Code     2  startup_hs32f7d377_cpu2_ac6.o(.text)
    USBA_EP23_DriverHandler                  0x103006af   Thumb Code     2  startup_hs32f7d377_cpu2_ac6.o(.text)
    USBA_EP24_DriverHandler                  0x103006af   Thumb Code     2  startup_hs32f7d377_cpu2_ac6.o(.text)
    USBA_EP25_DriverHandler                  0x103006af   Thumb Code     2  startup_hs32f7d377_cpu2_ac6.o(.text)
    USBA_EP26_DriverHandler                  0x103006af   Thumb Code     2  startup_hs32f7d377_cpu2_ac6.o(.text)
    USBA_EP27_DriverHandler                  0x103006af   Thumb Code     2  startup_hs32f7d377_cpu2_ac6.o(.text)
    USBA_EP28_DriverHandler                  0x103006af   Thumb Code     2  startup_hs32f7d377_cpu2_ac6.o(.text)
    USBA_EP29_DriverHandler                  0x103006af   Thumb Code     2  startup_hs32f7d377_cpu2_ac6.o(.text)
    USBA_EP2_DriverHandler                   0x103006af   Thumb Code     2  startup_hs32f7d377_cpu2_ac6.o(.text)
    USBA_EP30_DriverHandler                  0x103006af   Thumb Code     2  startup_hs32f7d377_cpu2_ac6.o(.text)
    USBA_EP31_DriverHandler                  0x103006af   Thumb Code     2  startup_hs32f7d377_cpu2_ac6.o(.text)
    USBA_EP3_DriverHandler                   0x103006af   Thumb Code     2  startup_hs32f7d377_cpu2_ac6.o(.text)
    USBA_EP4_DriverHandler                   0x103006af   Thumb Code     2  startup_hs32f7d377_cpu2_ac6.o(.text)
    USBA_EP5_DriverHandler                   0x103006af   Thumb Code     2  startup_hs32f7d377_cpu2_ac6.o(.text)
    USBA_EP6_DriverHandler                   0x103006af   Thumb Code     2  startup_hs32f7d377_cpu2_ac6.o(.text)
    USBA_EP7_DriverHandler                   0x103006af   Thumb Code     2  startup_hs32f7d377_cpu2_ac6.o(.text)
    USBA_EP8_DriverHandler                   0x103006af   Thumb Code     2  startup_hs32f7d377_cpu2_ac6.o(.text)
    USBA_EP9_DriverHandler                   0x103006af   Thumb Code     2  startup_hs32f7d377_cpu2_ac6.o(.text)
    USBA_EP_MP_DriverHandler                 0x103006af   Thumb Code     2  startup_hs32f7d377_cpu2_ac6.o(.text)
    UsageFault_DriverHandler                 0x103006af   Thumb Code     2  startup_hs32f7d377_cpu2_ac6.o(.text)
    WAKEUP_DriverHandler                     0x103006af   Thumb Code     2  startup_hs32f7d377_cpu2_ac6.o(.text)
    WDT_DriverHandler                        0x103006af   Thumb Code     2  startup_hs32f7d377_cpu2_ac6.o(.text)
    XINT1_DriverHandler                      0x103006af   Thumb Code     2  startup_hs32f7d377_cpu2_ac6.o(.text)
    XINT2_DriverHandler                      0x103006af   Thumb Code     2  startup_hs32f7d377_cpu2_ac6.o(.text)
    XINT3_DriverHandler                      0x103006af   Thumb Code     2  startup_hs32f7d377_cpu2_ac6.o(.text)
    XINT4_DriverHandler                      0x103006af   Thumb Code     2  startup_hs32f7d377_cpu2_ac6.o(.text)
    XINT5_DriverHandler                      0x103006af   Thumb Code     2  startup_hs32f7d377_cpu2_ac6.o(.text)
    __aeabi_uldivmod                         0x10300941   Thumb Code    98  uldiv.o(.text)
    ___aeabi_memcpy8$ret                     0x103009a3   Thumb Code     0  memcpy.o(.text)
    __aeabi_memcpy                           0x103009a3   Thumb Code    40  memcpy.o(.text)
    __aeabi_memcpy4                          0x103009a3   Thumb Code     0  memcpy.o(.text)
    memcpy                                   0x103009a3   Thumb Code     0  memcpy.o(.text)
    __aeabi_memset                           0x103009cb   Thumb Code    14  memseta.o(.text)
    __aeabi_memset4                          0x103009cb   Thumb Code     0  memseta.o(.text)
    __aeabi_memset8                          0x103009cb   Thumb Code     0  memseta.o(.text)
    __aeabi_memclr                           0x103009d9   Thumb Code     4  memseta.o(.text)
    __aeabi_memclr4                          0x103009d9   Thumb Code     0  memseta.o(.text)
    __aeabi_memclr8                          0x103009d9   Thumb Code     0  memseta.o(.text)
    memset                                   0x103009dd   Thumb Code    18  memseta.o(.text)
    __aeabi_llsl                             0x103009ef   Thumb Code    30  llshl.o(.text)
    _ll_shift_l                              0x103009ef   Thumb Code     0  llshl.o(.text)
    __aeabi_llsr                             0x10300a0d   Thumb Code    32  llushr.o(.text)
    _ll_ushift_r                             0x10300a0d   Thumb Code     0  llushr.o(.text)
    __scatterload                            0x10300a2d   Thumb Code    28  init.o(.text)
    __scatterload_rt2                        0x10300a2d   Thumb Code     0  init.o(.text)
    BOARD_clockConfig                        0x10300ae1   Thumb Code    46  clock_config.o(.text.BOARD_clockConfig)
    BOARD_clockInfGet                        0x10300b11   Thumb Code    26  clock_config.o(.text.BOARD_clockInfGet)
    BOARD_debugConsoleInit                   0x10300b31   Thumb Code    50  board.o(.text.BOARD_debugConsoleInit)
    BOARD_init                               0x10300b79   Thumb Code    16  board.o(.text.BOARD_init)
    BOARD_mpuConfig                          0x10300b89   Thumb Code    98  board.o(.text.BOARD_mpuConfig)
    DEBUG_CONSOLE_init                       0x10300c39   Thumb Code   122  hte_debug_console.o(.text.DEBUG_CONSOLE_init)
    IPC_INT0_DriverHandler                   0x10300d31   Thumb Code    14  hte_cpu2_ipc.o(.text.IPC_INT0_DriverHandler)
    IPC_INT1_DriverHandler                   0x10300d41   Thumb Code    14  hte_cpu2_ipc.o(.text.IPC_INT1_DriverHandler)
    IPC_INT2_DriverHandler                   0x10300d51   Thumb Code    14  hte_cpu2_ipc.o(.text.IPC_INT2_DriverHandler)
    IPC_INT3_DriverHandler                   0x10300d61   Thumb Code    14  hte_cpu2_ipc.o(.text.IPC_INT3_DriverHandler)
    IPC_com_GPIO_setMasterCore               0x10300d71   Thumb Code    84  hte_cpu2_ipc_com.o(.text.IPC_com_GPIO_setMasterCore)
    IPC_com_GPIO_setPinConfig                0x10300dc9   Thumb Code   122  hte_cpu2_ipc_com.o(.text.IPC_com_GPIO_setPinConfig)
    IPC_com_SYSCTRL_enablePeripheral         0x10300e49   Thumb Code    62  hte_cpu2_ipc_com.o(.text.IPC_com_SYSCTRL_enablePeripheral)
    IPC_com_SYSCTRL_getCANSramInitDone       0x10300e89   Thumb Code    30  hte_cpu2_ipc_com.o(.text.IPC_com_SYSCTRL_getCANSramInitDone)
    IPC_com_SYSCTRL_initCANSram              0x10300ea9   Thumb Code    44  hte_cpu2_ipc_com.o(.text.IPC_com_SYSCTRL_initCANSram)
    IPC_com_getReg                           0x10300ed9   Thumb Code    66  hte_cpu2_ipc_com.o(.text.IPC_com_getReg)
    IPC_com_selectCPUForPeripheral           0x10300f21   Thumb Code    72  hte_cpu2_ipc_com.o(.text.IPC_com_selectCPUForPeripheral)
    IPC_com_setReg                           0x10300f69   Thumb Code    80  hte_cpu2_ipc_com.o(.text.IPC_com_setReg)
    IPC_handlerIRQ                           0x10300fc9   Thumb Code    24  hte_cpu2_ipc.o(.text.IPC_handlerIRQ)
    IPC_sendCommand                          0x10300ff1   Thumb Code    52  hte_cpu2_ipc.o(.text.IPC_sendCommand)
    MCANA_INT0_DriverHandler                 0x10301039   Thumb Code    22  hte_mcan.o(.text.MCANA_INT0_DriverHandler)
    MCANA_INT1_DriverHandler                 0x10301051   Thumb Code    22  hte_mcan.o(.text.MCANA_INT1_DriverHandler)
    MCANB_INT0_DriverHandler                 0x10301069   Thumb Code    24  hte_mcan.o(.text.MCANB_INT0_DriverHandler)
    MCANB_INT1_DriverHandler                 0x10301081   Thumb Code    24  hte_mcan.o(.text.MCANB_INT1_DriverHandler)
    MCANC_INT0_DriverHandler                 0x10301099   Thumb Code    24  hte_mcan.o(.text.MCANC_INT0_DriverHandler)
    MCANC_INT1_DriverHandler                 0x103010b1   Thumb Code    24  hte_mcan.o(.text.MCANC_INT1_DriverHandler)
    MCAN_addStdMsgIDFilter                   0x10301211   Thumb Code    82  hte_mcan.o(.text.MCAN_addStdMsgIDFilter)
    MCAN_config                              0x10301269   Thumb Code   222  hte_mcan.o(.text.MCAN_config)
    MCAN_getNewDataStatus                    0x103013e1   Thumb Code    54  hte_mcan.o(.text.MCAN_getNewDataStatus)
    MCAN_getOpMode                           0x10301419   Thumb Code    44  hte_mcan.o(.text.MCAN_getOpMode)
    MCAN_getRevisionId                       0x10301471   Thumb Code    80  hte_mcan.o(.text.MCAN_getRevisionId)
    MCAN_handlerIRQ                          0x103014c1   Thumb Code    30  hte_mcan.o(.text.MCAN_handlerIRQ)
    MCAN_init                                0x103014e1   Thumb Code   194  hte_mcan.o(.text.MCAN_init)
    MCAN_msgRAMConfig                        0x103015d1   Thumb Code   410  hte_mcan.o(.text.MCAN_msgRAMConfig)
    MCAN_pinMux                              0x10301771   Thumb Code    40  mcan_ex2_receive.o(.text.MCAN_pinMux)
    MCAN_readMsgRam                          0x103018c1   Thumb Code   250  hte_mcan.o(.text.MCAN_readMsgRam)
    MCAN_setBitTime                          0x103019c1   Thumb Code   236  hte_mcan.o(.text.MCAN_setBitTime)
    MCAN_setOpMode                           0x10301ab1   Thumb Code    48  hte_mcan.o(.text.MCAN_setOpMode)
    MCAN_setPclkEnable                       0x10301ae1   Thumb Code   140  mcan_ex2_receive.o(.text.MCAN_setPclkEnable)
    MCAN_writeRxFIFOAck                      0x10301bd1   Thumb Code   106  hte_mcan.o(.text.MCAN_writeRxFIFOAck)
    SDK_dwtDelay                             0x10301c41   Thumb Code   132  hte_common.o(.text.SDK_dwtDelay)
    SysTick_DriverHandler                    0x10301d29   Thumb Code    30  clock_config.o(.text.SysTick_DriverHandler)
    SystemInit                               0x10301d49   Thumb Code    18  system_hs32f7d377_cpu2.o(.text.SystemInit)
    UARTA_DriverHandler                      0x10301d61   Thumb Code    36  hte_uart.o(.text.UARTA_DriverHandler)
    UARTB_DriverHandler                      0x10301d89   Thumb Code    42  hte_uart.o(.text.UARTB_DriverHandler)
    UARTC_DriverHandler                      0x10301db9   Thumb Code    42  hte_uart.o(.text.UARTC_DriverHandler)
    UARTD_DriverHandler                      0x10301de9   Thumb Code    42  hte_uart.o(.text.UARTD_DriverHandler)
    UART_getDefaultConfig                    0x10301e69   Thumb Code    54  hte_uart.o(.text.UART_getDefaultConfig)
    UART_init                                0x10301ef9   Thumb Code   180  hte_uart.o(.text.UART_init)
    UART_setBaudRate                         0x10302091   Thumb Code   208  hte_uart.o(.text.UART_setBaudRate)
    UART_writeDataBlocking                   0x10302181   Thumb Code    98  hte_uart.o(.text.UART_writeDataBlocking)
    __aeabi_assert                           0x103021e9   Thumb Code    40  hte_assert.o(.text.__aeabi_assert)
    fputc                                    0x10302251   Thumb Code    46  hte_debug_console.o(.text.fputc)
    main                                     0x10302281   Thumb Code   192  mcan_ex2_receive.o(.text.main)
    __0printf$5                              0x10302361   Thumb Code    22  printf5.o(i.__0printf$5)
    __1printf$5                              0x10302361   Thumb Code     0  printf5.o(i.__0printf$5)
    __2printf                                0x10302361   Thumb Code     0  printf5.o(i.__0printf$5)
    __scatterload_copy                       0x10302381   Thumb Code    14  handlers.o(i.__scatterload_copy)
    __scatterload_null                       0x1030238f   Thumb Code     2  handlers.o(i.__scatterload_null)
    __scatterload_zeroinit                   0x10302391   Thumb Code    14  handlers.o(i.__scatterload_zeroinit)
    Region$$Table$$Base                      0x1030277c   Number         0  anon$$obj.o(Region$$Table)
    Region$$Table$$Limit                     0x1030279c   Number         0  anon$$obj.o(Region$$Table)
    __stderr                                 0x20000000   Data           4  stderr.o(.data)
    SystemCoreClock                          0x20000004   Data           4  system_hs32f7d377_cpu2.o(.data.SystemCoreClock)
    gSystickFreq                             0x20000008   Data           1  clock_config.o(.data.gSystickFreq)
    s_mpuRegions                             0x2000000c   Data          56  board.o(.data.s_mpuRegions)
    __stdin                                  0x20000044   Data          84  hte_debug_console.o(.bss.__stdin)
    __stdout                                 0x20000098   Data          84  hte_debug_console.o(.bss.__stdout)
    gSystick                                 0x200000ec   Data           4  clock_config.o(.bss.gSystick)
    g_clockConfig                            0x200000f0   Data          32  clock_config.o(.bss.g_clockConfig)
    loopCnt                                  0x20000110   Data           4  mcan_ex2_receive.o(.bss.loopCnt)
    rxMsg                                    0x20000114   Data         168  mcan_ex2_receive.o(.bss.rxMsg)
    rxMsg1                                   0x200001bc   Data         168  mcan_ex2_receive.o(.bss.rxMsg1)
    s_uartHandle                             0x20000290   Data         144  hte_uart.o(.bss.s_uartHandle)
    s_uartISR                                0x20000320   Data          16  hte_uart.o(.bss.s_uartISR)
    Image$$ARM_LIB_STACK$$ZI$$Limit          0x20020000   Number         0  anon$$obj.o ABSOLUTE
    Image$$CLOCK_INFO$$Base                  0x40001fe0   Number         0  anon$$obj.o ABSOLUTE



==============================================================================

Memory Map of the image

  Image Entry point : 0x10300401

  Load Region LR_ROM (Base: 0x10300000, Size: 0x000027e0, Max: 0x00100000, ABSOLUTE)

    Execution Region ER_ROM (Exec base: 0x10300000, Load base: 0x10300000, Size: 0x0000279c, Max: 0x00100000, ABSOLUTE)

    Exec Addr    Load Addr    Size         Type   Attr      Idx    E Section Name        Object

    0x10300000   0x10300000   0x00000400   Data   RO          595    RESET               startup_hs32f7d377_cpu2_ac6.o
    0x10300400   0x10300400   0x00000000   Code   RO          638  * .ARM.Collect$$$$00000000  mc_w.l(entry.o)
    0x10300400   0x10300400   0x00000004   Code   RO          993    .ARM.Collect$$$$00000003  mc_w.l(entry4.o)
    0x10300404   0x10300404   0x00000004   Code   RO          996    .ARM.Collect$$$$00000004  mc_w.l(entry5.o)
    0x10300408   0x10300408   0x00000000   Code   RO          998    .ARM.Collect$$$$00000008  mc_w.l(entry7b.o)
    0x10300408   0x10300408   0x00000000   Code   RO         1000    .ARM.Collect$$$$0000000A  mc_w.l(entry8b.o)
    0x10300408   0x10300408   0x00000008   Code   RO         1001    .ARM.Collect$$$$0000000B  mc_w.l(entry9a.o)
    0x10300410   0x10300410   0x00000000   Code   RO         1003    .ARM.Collect$$$$0000000D  mc_w.l(entry10a.o)
    0x10300410   0x10300410   0x00000000   Code   RO         1005    .ARM.Collect$$$$0000000F  mc_w.l(entry11a.o)
    0x10300410   0x10300410   0x00000004   Code   RO          994    .ARM.Collect$$$$00002714  mc_w.l(entry4.o)
    0x10300414   0x10300414   0x0000052c   Code   RO          594    .text               startup_hs32f7d377_cpu2_ac6.o
    0x10300940   0x10300940   0x00000062   Code   RO          644    .text               mc_w.l(uldiv.o)
    0x103009a2   0x103009a2   0x00000028   Code   RO          646    .text               mc_w.l(memcpy.o)
    0x103009ca   0x103009ca   0x00000024   Code   RO          652    .text               mc_w.l(memseta.o)
    0x103009ee   0x103009ee   0x0000001e   Code   RO         1018    .text               mc_w.l(llshl.o)
    0x10300a0c   0x10300a0c   0x00000020   Code   RO         1020    .text               mc_w.l(llushr.o)
    0x10300a2c   0x10300a2c   0x00000024   Code   RO         1036    .text               mc_w.l(init.o)
    0x10300a50   0x10300a50   0x00000026   Code   RO           11    .text.ARM_MPU_Disable  board.o
    0x10300a76   0x10300a76   0x00000002   PAD
    0x10300a78   0x10300a78   0x00000022   Code   RO           15    .text.ARM_MPU_Enable  board.o
    0x10300a9a   0x10300a9a   0x00000006   PAD
    0x10300aa0   0x10300aa0   0x0000001e   Code   RO           13    .text.ARM_MPU_Load  board.o
    0x10300abe   0x10300abe   0x00000002   PAD
    0x10300ac0   0x10300ac0   0x0000001e   Code   RO           23    .text.ARM_MPU_OrderedMemcpy  board.o
    0x10300ade   0x10300ade   0x00000002   PAD
    0x10300ae0   0x10300ae0   0x0000002e   Code   RO           52    .text.BOARD_clockConfig  clock_config.o
    0x10300b0e   0x10300b0e   0x00000002   PAD
    0x10300b10   0x10300b10   0x0000001a   Code   RO           50    .text.BOARD_clockInfGet  clock_config.o
    0x10300b2a   0x10300b2a   0x00000006   PAD
    0x10300b30   0x10300b30   0x00000032   Code   RO            9    .text.BOARD_debugConsoleInit  board.o
    0x10300b62   0x10300b62   0x00000006   PAD
    0x10300b68   0x10300b68   0x0000000c   Code   RO           19    .text.BOARD_getPeripheralClk  board.o
    0x10300b74   0x10300b74   0x00000004   PAD
    0x10300b78   0x10300b78   0x00000010   Code   RO            5    .text.BOARD_init    board.o
    0x10300b88   0x10300b88   0x00000062   Code   RO            7    .text.BOARD_mpuConfig  board.o
    0x10300bea   0x10300bea   0x00000006   PAD
    0x10300bf0   0x10300bf0   0x0000003a   Code   RO          185    .text.DEBUG_CONSOLE_HAL_uartInit  hte_debug_console.o
    0x10300c2a   0x10300c2a   0x00000006   PAD
    0x10300c30   0x10300c30   0x00000008   Code   RO          189    .text.DEBUG_CONSOLE_HAL_uartTransmit  hte_debug_console.o
    0x10300c38   0x10300c38   0x0000007a   Code   RO          183    .text.DEBUG_CONSOLE_init  hte_debug_console.o
    0x10300cb2   0x10300cb2   0x00000006   PAD
    0x10300cb8   0x10300cb8   0x00000064   Code   RO          135    .text.GPIO_getPort  hte_cpu2_ipc_com.o
    0x10300d1c   0x10300d1c   0x00000004   PAD
    0x10300d20   0x10300d20   0x0000000c   Code   RO          163    .text.GPIO_isPinValid  hte_cpu2_ipc_com.o
    0x10300d2c   0x10300d2c   0x00000004   PAD
    0x10300d30   0x10300d30   0x0000000e   Code   RO          273    .text.IPC_INT0_DriverHandler  hte_cpu2_ipc.o
    0x10300d3e   0x10300d3e   0x00000002   PAD
    0x10300d40   0x10300d40   0x0000000e   Code   RO          275    .text.IPC_INT1_DriverHandler  hte_cpu2_ipc.o
    0x10300d4e   0x10300d4e   0x00000002   PAD
    0x10300d50   0x10300d50   0x0000000e   Code   RO          277    .text.IPC_INT2_DriverHandler  hte_cpu2_ipc.o
    0x10300d5e   0x10300d5e   0x00000002   PAD
    0x10300d60   0x10300d60   0x0000000e   Code   RO          279    .text.IPC_INT3_DriverHandler  hte_cpu2_ipc.o
    0x10300d6e   0x10300d6e   0x00000002   PAD
    0x10300d70   0x10300d70   0x00000054   Code   RO          133    .text.IPC_com_GPIO_setMasterCore  hte_cpu2_ipc_com.o
    0x10300dc4   0x10300dc4   0x00000004   PAD
    0x10300dc8   0x10300dc8   0x0000007a   Code   RO          147    .text.IPC_com_GPIO_setPinConfig  hte_cpu2_ipc_com.o
    0x10300e42   0x10300e42   0x00000006   PAD
    0x10300e48   0x10300e48   0x0000003e   Code   RO          125    .text.IPC_com_SYSCTRL_enablePeripheral  hte_cpu2_ipc_com.o
    0x10300e86   0x10300e86   0x00000002   PAD
    0x10300e88   0x10300e88   0x0000001e   Code   RO          129    .text.IPC_com_SYSCTRL_getCANSramInitDone  hte_cpu2_ipc_com.o
    0x10300ea6   0x10300ea6   0x00000002   PAD
    0x10300ea8   0x10300ea8   0x0000002c   Code   RO          127    .text.IPC_com_SYSCTRL_initCANSram  hte_cpu2_ipc_com.o
    0x10300ed4   0x10300ed4   0x00000004   PAD
    0x10300ed8   0x10300ed8   0x00000042   Code   RO          117    .text.IPC_com_getReg  hte_cpu2_ipc_com.o
    0x10300f1a   0x10300f1a   0x00000006   PAD
    0x10300f20   0x10300f20   0x00000048   Code   RO          123    .text.IPC_com_selectCPUForPeripheral  hte_cpu2_ipc_com.o
    0x10300f68   0x10300f68   0x00000050   Code   RO          109    .text.IPC_com_setReg  hte_cpu2_ipc_com.o
    0x10300fb8   0x10300fb8   0x0000000a   Code   RO          115    .text.IPC_getResponse  hte_cpu2_ipc_com.o
    0x10300fc2   0x10300fc2   0x00000006   PAD
    0x10300fc8   0x10300fc8   0x00000018   Code   RO          271    .text.IPC_handlerIRQ  hte_cpu2_ipc.o
    0x10300fe0   0x10300fe0   0x0000000e   Code   RO          111    .text.IPC_isFlagBusyLtoR  hte_cpu2_ipc_com.o
    0x10300fee   0x10300fee   0x00000002   PAD
    0x10300ff0   0x10300ff0   0x00000034   Code   RO          257    .text.IPC_sendCommand  hte_cpu2_ipc.o
    0x10301024   0x10301024   0x00000004   PAD
    0x10301028   0x10301028   0x00000010   Code   RO          113    .text.IPC_waitForAck  hte_cpu2_ipc_com.o
    0x10301038   0x10301038   0x00000016   Code   RO          429    .text.MCANA_INT0_DriverHandler  hte_mcan.o
    0x1030104e   0x1030104e   0x00000002   PAD
    0x10301050   0x10301050   0x00000016   Code   RO          431    .text.MCANA_INT1_DriverHandler  hte_mcan.o
    0x10301066   0x10301066   0x00000002   PAD
    0x10301068   0x10301068   0x00000018   Code   RO          433    .text.MCANB_INT0_DriverHandler  hte_mcan.o
    0x10301080   0x10301080   0x00000018   Code   RO          435    .text.MCANB_INT1_DriverHandler  hte_mcan.o
    0x10301098   0x10301098   0x00000018   Code   RO          437    .text.MCANC_INT0_DriverHandler  hte_mcan.o
    0x103010b0   0x103010b0   0x00000018   Code   RO          439    .text.MCANC_INT1_DriverHandler  hte_mcan.o
    0x103010c8   0x103010c8   0x00000146   Code   RO          578    .text.MCANConfig    mcan_ex2_receive.o
    0x1030120e   0x1030120e   0x00000002   PAD
    0x10301210   0x10301210   0x00000052   Code   RO          355    .text.MCAN_addStdMsgIDFilter  hte_mcan.o
    0x10301262   0x10301262   0x00000006   PAD
    0x10301268   0x10301268   0x000000de   Code   RO          323    .text.MCAN_config   hte_mcan.o
    0x10301346   0x10301346   0x00000002   PAD
    0x10301348   0x10301348   0x0000006c   Code   RO          441    .text.MCAN_getDataSize  hte_mcan.o
    0x103013b4   0x103013b4   0x00000004   PAD
    0x103013b8   0x103013b8   0x00000028   Code   RO          335    .text.MCAN_getMsgObjSize  hte_mcan.o
    0x103013e0   0x103013e0   0x00000036   Code   RO          341    .text.MCAN_getNewDataStatus  hte_mcan.o
    0x10301416   0x10301416   0x00000002   PAD
    0x10301418   0x10301418   0x0000002c   Code   RO          315    .text.MCAN_getOpMode  hte_mcan.o
    0x10301444   0x10301444   0x00000004   PAD
    0x10301448   0x10301448   0x00000024   Code   RO          333    .text.MCAN_getRamBase  hte_mcan.o
    0x1030146c   0x1030146c   0x00000004   PAD
    0x10301470   0x10301470   0x00000050   Code   RO          397    .text.MCAN_getRevisionId  hte_mcan.o
    0x103014c0   0x103014c0   0x0000001e   Code   RO          427    .text.MCAN_handlerIRQ  hte_mcan.o
    0x103014de   0x103014de   0x00000002   PAD
    0x103014e0   0x103014e0   0x000000c2   Code   RO          317    .text.MCAN_init     hte_mcan.o
    0x103015a2   0x103015a2   0x00000006   PAD
    0x103015a8   0x103015a8   0x00000024   Code   RO          313    .text.MCAN_isBaseValid  hte_mcan.o
    0x103015cc   0x103015cc   0x00000004   PAD
    0x103015d0   0x103015d0   0x0000019a   Code   RO          327    .text.MCAN_msgRAMConfig  hte_mcan.o
    0x1030176a   0x1030176a   0x00000006   PAD
    0x10301770   0x10301770   0x00000028   Code   RO          574    .text.MCAN_pinMux   mcan_ex2_receive.o
    0x10301798   0x10301798   0x00000128   Code   RO          347    .text.MCAN_readMsg  hte_mcan.o
    0x103018c0   0x103018c0   0x000000fa   Code   RO          345    .text.MCAN_readMsgRam  hte_mcan.o
    0x103019ba   0x103019ba   0x00000006   PAD
    0x103019c0   0x103019c0   0x000000ec   Code   RO          325    .text.MCAN_setBitTime  hte_mcan.o
    0x10301aac   0x10301aac   0x00000004   PAD
    0x10301ab0   0x10301ab0   0x00000030   Code   RO          311    .text.MCAN_setOpMode  hte_mcan.o
    0x10301ae0   0x10301ae0   0x0000008c   Code   RO          576    .text.MCAN_setPclkEnable  mcan_ex2_receive.o
    0x10301b6c   0x10301b6c   0x00000004   PAD
    0x10301b70   0x10301b70   0x0000002e   Code   RO          321    .text.MCAN_writeProtectedRegAccessLock  hte_mcan.o
    0x10301b9e   0x10301b9e   0x00000002   PAD
    0x10301ba0   0x10301ba0   0x0000002e   Code   RO          319    .text.MCAN_writeProtectedRegAccessUnlock  hte_mcan.o
    0x10301bce   0x10301bce   0x00000002   PAD
    0x10301bd0   0x10301bd0   0x0000006a   Code   RO          349    .text.MCAN_writeRxFIFOAck  hte_mcan.o
    0x10301c3a   0x10301c3a   0x00000006   PAD
    0x10301c40   0x10301c40   0x000000ac   Code   RO          246    .text.SDK_dwtDelay  hte_common.o
    0x10301cec   0x10301cec   0x00000004   PAD
    0x10301cf0   0x10301cf0   0x00000012   Code   RO           17    .text.SYSCTRL_enablePeripheral  board.o
    0x10301d02   0x10301d02   0x00000006   PAD
    0x10301d08   0x10301d08   0x00000020   Code   RO          580    .text.SYSCTRL_enablePeripheral  mcan_ex2_receive.o
    0x10301d28   0x10301d28   0x0000001e   Code   RO           34    .text.SysTick_DriverHandler  clock_config.o
    0x10301d46   0x10301d46   0x00000002   PAD
    0x10301d48   0x10301d48   0x00000012   Code   RO          226    .text.SystemInit    system_hs32f7d377_cpu2.o
    0x10301d5a   0x10301d5a   0x00000006   PAD
    0x10301d60   0x10301d60   0x00000024   Code   RO          528    .text.UARTA_DriverHandler  hte_uart.o
    0x10301d84   0x10301d84   0x00000004   PAD
    0x10301d88   0x10301d88   0x0000002a   Code   RO          530    .text.UARTB_DriverHandler  hte_uart.o
    0x10301db2   0x10301db2   0x00000006   PAD
    0x10301db8   0x10301db8   0x0000002a   Code   RO          532    .text.UARTC_DriverHandler  hte_uart.o
    0x10301de2   0x10301de2   0x00000006   PAD
    0x10301de8   0x10301de8   0x0000002a   Code   RO          534    .text.UARTD_DriverHandler  hte_uart.o
    0x10301e12   0x10301e12   0x00000006   PAD
    0x10301e18   0x10301e18   0x00000026   Code   RO          464    .text.UART_disableFIFOAccess  hte_uart.o
    0x10301e3e   0x10301e3e   0x00000002   PAD
    0x10301e40   0x10301e40   0x00000026   Code   RO          466    .text.UART_disableLoopback  hte_uart.o
    0x10301e66   0x10301e66   0x00000002   PAD
    0x10301e68   0x10301e68   0x00000036   Code   RO          456    .text.UART_getDefaultConfig  hte_uart.o
    0x10301e9e   0x10301e9e   0x00000002   PAD
    0x10301ea0   0x10301ea0   0x00000024   Code   RO          536    .text.UART_getTxFIFOLevel  hte_uart.o
    0x10301ec4   0x10301ec4   0x00000004   PAD
    0x10301ec8   0x10301ec8   0x0000002a   Code   RO          468    .text.UART_haltTransmit  hte_uart.o
    0x10301ef2   0x10301ef2   0x00000006   PAD
    0x10301ef8   0x10301ef8   0x000000b4   Code   RO          458    .text.UART_init     hte_uart.o
    0x10301fac   0x10301fac   0x00000004   PAD
    0x10301fb0   0x10301fb0   0x00000024   Code   RO          460    .text.UART_isBusy   hte_uart.o
    0x10301fd4   0x10301fd4   0x00000004   PAD
    0x10301fd8   0x10301fd8   0x00000026   Code   RO          488    .text.UART_isFIFOEnabled  hte_uart.o
    0x10301ffe   0x10301ffe   0x00000002   PAD
    0x10302000   0x10302000   0x0000003e   Code   RO          480    .text.UART_isSpaceAvailable  hte_uart.o
    0x1030203e   0x1030203e   0x00000002   PAD
    0x10302040   0x10302040   0x00000024   Code   RO          538    .text.UART_isTransmitHoldingEmpty  hte_uart.o
    0x10302064   0x10302064   0x00000004   PAD
    0x10302068   0x10302068   0x00000024   Code   RO          482    .text.UART_isTransmitRegisterEmpty  hte_uart.o
    0x1030208c   0x1030208c   0x00000004   PAD
    0x10302090   0x10302090   0x000000f0   Code   RO          462    .text.UART_setBaudRate  hte_uart.o
    0x10302180   0x10302180   0x00000062   Code   RO          478    .text.UART_writeDataBlocking  hte_uart.o
    0x103021e2   0x103021e2   0x00000006   PAD
    0x103021e8   0x103021e8   0x00000068   Code   RO          174    .text.__aeabi_assert  hte_assert.o
    0x10302250   0x10302250   0x0000002e   Code   RO          209    .text.fputc         hte_debug_console.o
    0x1030227e   0x1030227e   0x00000002   PAD
    0x10302280   0x10302280   0x000000e0   Code   RO          572    .text.main          mcan_ex2_receive.o
    0x10302360   0x10302360   0x00000020   Code   RO          791    i.__0printf$5       mc_w.l(printf5.o)
    0x10302380   0x10302380   0x0000000e   Code   RO         1044    i.__scatterload_copy  mc_w.l(handlers.o)
    0x1030238e   0x1030238e   0x00000002   Code   RO         1045    i.__scatterload_null  mc_w.l(handlers.o)
    0x10302390   0x10302390   0x0000000e   Code   RO         1046    i.__scatterload_zeroinit  mc_w.l(handlers.o)
    0x1030239e   0x1030239e   0x00000002   PAD
    0x103023a0   0x103023a0   0x000002c0   Code   RO          798    i._printf_core      mc_w.l(printf5.o)
    0x10302660   0x10302660   0x00000045   Data   RO          248    .rodata.str1.1      hte_common.o
    0x103026a5   0x103026a5   0x0000006b   Data   RO          443    .rodata.str1.1      hte_mcan.o
    0x10302710   0x10302710   0x0000006b   Data   RO          561    .rodata.str1.1      hte_uart.o
    0x1030277b   0x1030277b   0x00000001   PAD
    0x1030277c   0x1030277c   0x00000020   Data   RO         1043    Region$$Table       anon$$obj.o


    Execution Region RW_RAM (Exec base: 0x20000000, Load base: 0x1030279c, Size: 0x00000330, Max: 0x0001f200, ABSOLUTE)

    Exec Addr    Load Addr    Size         Type   Attr      Idx    E Section Name        Object

    0x20000000   0x1030279c   0x00000004   Data   RW          643    .data               mc_w.l(stderr.o)
    0x20000004   0x103027a0   0x00000004   Data   RW          230    .data.SystemCoreClock  system_hs32f7d377_cpu2.o
    0x20000008   0x103027a4   0x00000001   Data   RW           99    .data.gSystickFreq  clock_config.o
    0x20000009   0x103027a5   0x00000003   PAD
    0x2000000c   0x103027a8   0x00000038   Data   RW           25    .data.s_mpuRegions  board.o
    0x20000044        -       0x00000054   Zero   RW          213    .bss.__stdin        hte_debug_console.o
    0x20000098        -       0x00000054   Zero   RW          214    .bss.__stdout       hte_debug_console.o
    0x200000ec        -       0x00000004   Zero   RW           98    .bss.gSystick       clock_config.o
    0x200000f0        -       0x00000020   Zero   RW          100    .bss.g_clockConfig  clock_config.o
    0x20000110        -       0x00000004   Zero   RW          583    .bss.loopCnt        mcan_ex2_receive.o
    0x20000114        -       0x000000a8   Zero   RW          584    .bss.rxMsg          mcan_ex2_receive.o
    0x200001bc        -       0x000000a8   Zero   RW          585    .bss.rxMsg1         mcan_ex2_receive.o
    0x20000264        -       0x00000004   Zero   RW          215    .bss.s_debugConsole.0  hte_debug_console.o
    0x20000268        -       0x00000010   Zero   RW          282    .bss.s_ipcISR       hte_cpu2_ipc.o
    0x20000278        -       0x00000018   Zero   RW          444    .bss.s_mcanISR      hte_mcan.o
    0x20000290        -       0x00000090   Zero   RW          562    .bss.s_uartHandle   hte_uart.o
    0x20000320        -       0x00000010   Zero   RW          560    .bss.s_uartISR      hte_uart.o


    Execution Region ARM_LIB_HEAP (Exec base: 0x20000330, Load base: 0x103027e0, Size: 0x00000c00, Max: 0x00000c00, ABSOLUTE)

    Exec Addr    Load Addr    Size         Type   Attr      Idx    E Section Name        Object

    0x20000330        -       0x00000c00   Zero   RW            1    ARM_LIB_HEAP.bss    anon$$obj.o


    Execution Region ARM_LIB_STACK (Exec base: 0x2001fe00, Load base: 0x103027e0, Size: 0x00000200, Max: 0x00000200, ABSOLUTE)

    Exec Addr    Load Addr    Size         Type   Attr      Idx    E Section Name        Object

    0x2001fe00        -       0x00000200   Zero   RW            2    ARM_LIB_STACK.bss   anon$$obj.o


    Execution Region CLOCK_INFO (Exec base: 0x40001fe0, Load base: 0x103027e0, Size: 0x00000020, Max: 0x00000020, ABSOLUTE)

    Exec Addr    Load Addr    Size         Type   Attr      Idx    E Section Name        Object

    0x40001fe0        -       0x00000020   Zero   RW            3    CLOCK_INFO.bss      anon$$obj.o


==============================================================================

Image component sizes


      Code (inc. data)   RO Data    RW Data    ZI Data      Debug   Object Name

       326          0          0         56          0       7301   board.o
       102          0          0          1         36     160806   clock_config.o
       104         64          0          0          0        752   hte_assert.o
       172         40         69          0          0       2985   hte_common.o
       132          0          0          0         16      15077   hte_cpu2_ipc.o
       712         72          0          0          0      39353   hte_cpu2_ipc_com.o
       234          0          0          0        172      10013   hte_debug_console.o
      2504        148        107          0         24      46526   hte_mcan.o
      1096         36        107          0        160      30175   hte_uart.o
       762         32          0          0        340      27386   mcan_ex2_receive.o
      1324        656       1024          0          0       5624   startup_hs32f7d377_cpu2_ac6.o
        18          0          0          4          0       2251   system_hs32f7d377_cpu2.o

    ----------------------------------------------------------------------
      7740       1060       1340         64       4364     348249   Object Totals
         0          0         32          0       3616          0   (incl. Generated)
       254         12          1          3          0          0   (incl. Padding)

    ----------------------------------------------------------------------

      Code (inc. data)   RO Data    RW Data    ZI Data      Debug   Library Member Name

         0          0          0          0          0          0   entry.o
         0          0          0          0          0          0   entry10a.o
         0          0          0          0          0          0   entry11a.o
         8          4          0          0          0          0   entry4.o
         4          0          0          0          0          0   entry5.o
         0          0          0          0          0          0   entry7b.o
         0          0          0          0          0          0   entry8b.o
         8          4          0          0          0          0   entry9a.o
        30          0          0          0          0          0   handlers.o
        36          8          0          0          0         68   init.o
        30          0          0          0          0         68   llshl.o
        32          0          0          0          0         68   llushr.o
        40          0          0          0          0         76   memcpy.o
        36          0          0          0          0        108   memseta.o
       736         56          0          0          0        184   printf5.o
         0          0          0          4          0          0   stderr.o
        98          0          0          0          0         92   uldiv.o

    ----------------------------------------------------------------------
      1060         72          0          4          0        664   Library Totals
         2          0          0          0          0          0   (incl. Padding)

    ----------------------------------------------------------------------

      Code (inc. data)   RO Data    RW Data    ZI Data      Debug   Library Name

      1058         72          0          4          0        664   mc_w.l

    ----------------------------------------------------------------------
      1060         72          0          4          0        664   Library Totals

    ----------------------------------------------------------------------

==============================================================================


      Code (inc. data)   RO Data    RW Data    ZI Data      Debug   

      8800       1132       1340         68       4364     348657   Grand Totals
      8800       1132       1340         68       4364     348657   ELF Image Totals
      8800       1132       1340         68          0          0   ROM Totals

==============================================================================

    Total RO  Size (Code + RO Data)                10140 (   9.90kB)
    Total RW  Size (RW Data + ZI Data)              4432 (   4.33kB)
    Total ROM Size (Code + RO Data + RW Data)      10208 (   9.97kB)

==============================================================================

