Component: ARM Compiler 6.16 Tool: armlink [5dfeaa00]

==============================================================================

Section Cross References

    board.o(.text.BOARD_init) refers to clock_config.o(.text.BOARD_clockConfig) for BOARD_clockConfig
    board.o(.text.BOARD_init) refers to board.o(.text.BOARD_mpuConfig) for BOARD_mpuConfig
    board.o(.text.BOARD_init) refers to board.o(.text.BOARD_debugConsoleInit) for BOARD_debugConsoleInit
    board.o(.text.BOARD_init) refers to board.o(.text.BOARD_initForCPU2) for BOARD_initForCPU2
    board.o(.ARM.exidx.text.BOARD_init) refers to board.o(.text.BOARD_init) for [Anonymous Symbol]
    board.o(.text.BOARD_mpuConfig) refers to board.o(.text.ARM_MPU_Disable) for ARM_MPU_Disable
    board.o(.text.BOARD_mpuConfig) refers to board.o(.text.ARM_MPU_Load) for ARM_MPU_Load
    board.o(.text.BOARD_mpuConfig) refers to board.o(.text.ARM_MPU_Enable) for ARM_MPU_Enable
    board.o(.ARM.exidx.text.BOARD_mpuConfig) refers to board.o(.text.BOARD_mpuConfig) for [Anonymous Symbol]
    board.o(.text.BOARD_debugConsoleInit) refers to pin_config.o(.text.BOARD_uartPinConfig) for BOARD_uartPinConfig
    board.o(.text.BOARD_debugConsoleInit) refers to board.o(.text.SYSCTRL_selectCPUForPeripheral) for SYSCTRL_selectCPUForPeripheral
    board.o(.text.BOARD_debugConsoleInit) refers to board.o(.text.SYSCTRL_enablePeripheral) for SYSCTRL_enablePeripheral
    board.o(.text.BOARD_debugConsoleInit) refers to board.o(.text.BOARD_getPeripheralClk) for BOARD_getPeripheralClk
    board.o(.text.BOARD_debugConsoleInit) refers to hte_debug_console.o(.text.DEBUG_CONSOLE_init) for DEBUG_CONSOLE_init
    board.o(.ARM.exidx.text.BOARD_debugConsoleInit) refers to board.o(.text.BOARD_debugConsoleInit) for [Anonymous Symbol]
    board.o(.text.BOARD_initForCPU2) refers to clock_config.o(.text.BOARD_clockConfigForCPU2) for BOARD_clockConfigForCPU2
    board.o(.text.BOARD_initForCPU2) refers to board.o(.text.BOARD_debugConsoleInitForCPU2) for BOARD_debugConsoleInitForCPU2
    board.o(.ARM.exidx.text.BOARD_initForCPU2) refers to board.o(.text.BOARD_initForCPU2) for [Anonymous Symbol]
    board.o(.ARM.exidx.text.ARM_MPU_Disable) refers to board.o(.text.ARM_MPU_Disable) for [Anonymous Symbol]
    board.o(.text.ARM_MPU_Load) refers to board.o(.data.s_mpuRegions) for s_mpuRegions
    board.o(.text.ARM_MPU_Load) refers to board.o(.text.ARM_MPU_OrderedMemcpy) for ARM_MPU_OrderedMemcpy
    board.o(.ARM.exidx.text.ARM_MPU_Load) refers to board.o(.text.ARM_MPU_Load) for [Anonymous Symbol]
    board.o(.ARM.exidx.text.ARM_MPU_Enable) refers to board.o(.text.ARM_MPU_Enable) for [Anonymous Symbol]
    board.o(.ARM.exidx.text.SYSCTRL_selectCPUForPeripheral) refers to board.o(.text.SYSCTRL_selectCPUForPeripheral) for [Anonymous Symbol]
    board.o(.ARM.exidx.text.SYSCTRL_enablePeripheral) refers to board.o(.text.SYSCTRL_enablePeripheral) for [Anonymous Symbol]
    board.o(.text.BOARD_getPeripheralClk) refers to clock_config.o(.bss.g_clockConfig) for g_clockConfig
    board.o(.ARM.exidx.text.BOARD_getPeripheralClk) refers to board.o(.text.BOARD_getPeripheralClk) for [Anonymous Symbol]
    board.o(.text.BOARD_debugConsoleDeinit) refers to hte_debug_console.o(.text.DEBUG_CONSOLE_deinit) for DEBUG_CONSOLE_deinit
    board.o(.ARM.exidx.text.BOARD_debugConsoleDeinit) refers to board.o(.text.BOARD_debugConsoleDeinit) for [Anonymous Symbol]
    board.o(.text.BOARD_debugConsoleInitForCPU2) refers to pin_config.o(.text.BOARD_uartPinConfig) for BOARD_uartPinConfig
    board.o(.text.BOARD_debugConsoleInitForCPU2) refers to board.o(.text.SYSCTRL_selectCPUForPeripheral) for SYSCTRL_selectCPUForPeripheral
    board.o(.ARM.exidx.text.BOARD_debugConsoleInitForCPU2) refers to board.o(.text.BOARD_debugConsoleInitForCPU2) for [Anonymous Symbol]
    board.o(.text.BOARD_uartAssign2CPU2) refers to board.o(.text.SYSCTRL_selectCPUForPeripheral) for SYSCTRL_selectCPUForPeripheral
    board.o(.ARM.exidx.text.BOARD_uartAssign2CPU2) refers to board.o(.text.BOARD_uartAssign2CPU2) for [Anonymous Symbol]
    board.o(.text.BOARD_ecapAssign2CPU2) refers to board.o(.text.SYSCTRL_selectCPUForPeripheral) for SYSCTRL_selectCPUForPeripheral
    board.o(.ARM.exidx.text.BOARD_ecapAssign2CPU2) refers to board.o(.text.BOARD_ecapAssign2CPU2) for [Anonymous Symbol]
    board.o(.text.BOARD_i2cAssign2CPU2) refers to board.o(.text.SYSCTRL_selectCPUForPeripheral) for SYSCTRL_selectCPUForPeripheral
    board.o(.ARM.exidx.text.BOARD_i2cAssign2CPU2) refers to board.o(.text.BOARD_i2cAssign2CPU2) for [Anonymous Symbol]
    board.o(.text.BOARD_pmbusAssign2CPU2) refers to board.o(.text.SYSCTRL_selectCPUForPeripheral) for SYSCTRL_selectCPUForPeripheral
    board.o(.ARM.exidx.text.BOARD_pmbusAssign2CPU2) refers to board.o(.text.BOARD_pmbusAssign2CPU2) for [Anonymous Symbol]
    board.o(.text.BOARD_epwmAssign2CPU2) refers to board.o(.text.SYSCTRL_selectCPUForPeripheral) for SYSCTRL_selectCPUForPeripheral
[...]
    [Anonymous Symbol]                       0x00303258   Section        0  hte_cpu1_ipc_com.o(.text.cpu1_ipc_com_irq_handler)
    [Anonymous Symbol]                       0x003032d0   Section        0  crc.o(.text.crc16)
    [Anonymous Symbol]                       0x00303308   Section        0  decodecan.o(.text.decodeInst)
    [Anonymous Symbol]                       0x00303360   Section        0  hte_debug_console.o(.text.fputc)
    [Anonymous Symbol]                       0x00303390   Section        0  decodecan.o(.text.mUART_readDataBlocking)
    [Anonymous Symbol]                       0x00303448   Section        0  mcan_ex2_receive.o(.text.main)
    i.__0printf$3                            0x003035ac   Section        0  printf3.o(i.__0printf$3)
    i.__scatterload_copy                     0x003035cc   Section       14  handlers.o(i.__scatterload_copy)
    i.__scatterload_null                     0x003035da   Section        2  handlers.o(i.__scatterload_null)
    i.__scatterload_zeroinit                 0x003035dc   Section       14  handlers.o(i.__scatterload_zeroinit)
    _printf_core                             0x003035ed   Thumb Code   436  printf3.o(i._printf_core)
    i._printf_core                           0x003035ec   Section        0  printf3.o(i._printf_core)
    .L__const.GetInputVol.dataBuf            0x003037a4   Data          20  decodecan.o(.rodata..L__const.GetInputVol.dataBuf)
    .L__const.GetRpm.dataBuf                 0x003037b8   Data          20  decodecan.o(.rodata..L__const.GetRpm.dataBuf)
    s_ipcIRQ                                 0x003039cc   Data           8  hte_cpu1_ipc.o(.rodata.cst8)
    [Anonymous Symbol]                       0x003039cc   Section        0  hte_cpu1_ipc.o(.rodata.cst8)
    .L.str                                   0x003039d4   Data          20  hte_common.o(.rodata.str1.1)
    [Anonymous Symbol]                       0x003039d4   Section        0  hte_common.o(.rodata.str1.1)
    .L.str.1                                 0x003039e8   Data          49  hte_common.o(.rodata.str1.1)
    .L.str                                   0x00303a19   Data          25  hte_cpu1_ipc.o(.rodata.str1.1)
    [Anonymous Symbol]                       0x00303a19   Section        0  hte_cpu1_ipc.o(.rodata.str1.1)
    .L.str.1                                 0x00303a32   Data          48  hte_cpu1_ipc.o(.rodata.str1.1)
    .L.str                                   0x00303a62   Data          21  hte_gpio.o(.rodata.str1.1)
    [Anonymous Symbol]                       0x00303a62   Section        0  hte_gpio.o(.rodata.str1.1)
    .L.str                                   0x00303a77   Data          23  hte_mcan.o(.rodata.str1.1)
    .L.str.1                                 0x00303a77   Data          45  hte_gpio.o(.rodata.str1.1)
    [Anonymous Symbol]                       0x00303a77   Section        0  hte_mcan.o(.rodata.str1.1)
    .L.str.4                                 0x00303a8e   Data          39  hte_mcan.o(.rodata.str1.1)
    .L.str.1                                 0x00303ab5   Data          45  hte_mcan.o(.rodata.str1.1)
    .L.str.2                                 0x00303abb   Data          23  hte_mcan.o(.rodata.str1.1)
    .L.str.6                                 0x00303ae2   Data           5  hte_uart.o(.rodata.str1.1)
    [Anonymous Symbol]                       0x00303ae2   Section        0  hte_uart.o(.rodata.str1.1)
    .L.str.1                                 0x00303ae7   Data          45  hte_uart.o(.rodata.str1.1)
    .L.str                                   0x00303b14   Data           5  hte_uart.o(.rodata.str1.1)
    .L.str.3                                 0x00303b14   Data           5  hte_uart.o(.rodata.str1.1)
    .L.str.2                                 0x00303b19   Data           7  hte_uart.o(.rodata.str1.1)
    .L.str.7                                 0x00303b20   Data          45  hte_uart.o(.rodata.str1.1)
    .L.str.1                                 0x00303b4d   Data          18  decodecan.o(.rodata.str1.1)
    [Anonymous Symbol]                       0x00303b4d   Section        0  decodecan.o(.rodata.str1.1)
    .data                                    0x20000000   Section        4  stderr.o(.data)
    s_debugConsole.0                         0x2000027c   Data           4  hte_debug_console.o(.bss.s_debugConsole.0)
    [Anonymous Symbol]                       0x2000027c   Section        0  hte_debug_console.o(.bss.s_debugConsole.0)
    s_ipcISR                                 0x20000280   Data          16  hte_cpu1_ipc.o(.bss.s_ipcISR)
    [Anonymous Symbol]                       0x20000280   Section        0  hte_cpu1_ipc.o(.bss.s_ipcISR)
    s_mcanISR                                0x20000290   Data          24  hte_mcan.o(.bss.s_mcanISR)
    [Anonymous Symbol]                       0x20000290   Section        0  hte_mcan.o(.bss.s_mcanISR)
    VTOR                                     0xe000ed08   Number         0  startup_hs32f7d377_cpu1_ac6.o ABSOLUTE

    Global Symbols

    Symbol Name                              Value     Ov Type        Size  Object(Section)

    BuildAttributes$$THM_ISAv4$E$P$D$K$B$S$7EM$VFPi5$EXTD16$VFPS$VFMA$PE$PLD8$A:L22UL41UL21$X:L11$S22US41US21$IEEE1$IW$USESV6$~STKCKD$USESV7$~SHL$OTIME$ROPI$EBA8$UX$MICROLIB$REQ8$EABIv2 0x00000000   Number         0  anon$$obj.o ABSOLUTE
    _printf_a                                0x00000000   Number         0  printfstubs.o ABSOLUTE
    _printf_c                                0x00000000   Number         0  printfstubs.o ABSOLUTE
    _printf_charcount                        0x00000000   Number         0  printfstubs.o ABSOLUTE
    _printf_d                                0x00000000   Number         0  printfstubs.o ABSOLUTE
    _printf_e                                0x00000000   Number         0  printfstubs.o ABSOLUTE
    _printf_f                                0x00000000   Number         0  printfstubs.o ABSOLUTE
    _printf_flags                            0x00000000   Number         0  printfstubs.o ABSOLUTE
    _printf_fp_dec                           0x00000000   Number         0  printfstubs.o ABSOLUTE
    _printf_fp_hex                           0x00000000   Number         0  printfstubs.o ABSOLUTE
    _printf_g                                0x00000000   Number         0  printfstubs.o ABSOLUTE
    _printf_i                                0x00000000   Number         0  printfstubs.o ABSOLUTE
    _printf_int_dec                          0x00000000   Number         0  printfstubs.o ABSOLUTE
    _printf_l                                0x00000000   Number         0  printfstubs.o ABSOLUTE
    _printf_lc                               0x00000000   Number         0  printfstubs.o ABSOLUTE
    _printf_ll                               0x00000000   Number         0  printfstubs.o ABSOLUTE
    _printf_lld                              0x00000000   Number         0  printfstubs.o ABSOLUTE
    _printf_lli                              0x00000000   Number         0  printfstubs.o ABSOLUTE
    _printf_llo                              0x00000000   Number         0  printfstubs.o ABSOLUTE
    _printf_llu                              0x00000000   Number         0  printfstubs.o ABSOLUTE
    _printf_llx                              0x00000000   Number         0  printfstubs.o ABSOLUTE
    _printf_longlong_dec                     0x00000000   Number         0  printfstubs.o ABSOLUTE
    _printf_longlong_hex                     0x00000000   Number         0  printfstubs.o ABSOLUTE
    _printf_longlong_oct                     0x00000000   Number         0  printfstubs.o ABSOLUTE
    _printf_ls                               0x00000000   Number         0  printfstubs.o ABSOLUTE
    _printf_mbtowc                           0x00000000   Number         0  printfstubs.o ABSOLUTE
    _printf_n                                0x00000000   Number         0  printfstubs.o ABSOLUTE
    _printf_o                                0x00000000   Number         0  printfstubs.o ABSOLUTE
    _printf_p                                0x00000000   Number         0  printfstubs.o ABSOLUTE
    _printf_percent                          0x00000000   Number         0  printfstubs.o ABSOLUTE
    _printf_pre_padding                      0x00000000   Number         0  printfstubs.o ABSOLUTE
    _printf_return_value                     0x00000000   Number         0  printfstubs.o ABSOLUTE
    _printf_s                                0x00000000   Number         0  printfstubs.o ABSOLUTE
    _printf_sizespec                         0x00000000   Number         0  printfstubs.o ABSOLUTE
    _printf_str                              0x00000000   Number         0  printfstubs.o ABSOLUTE
    _printf_truncate_signed                  0x00000000   Number         0  printfstubs.o ABSOLUTE
    _printf_truncate_unsigned                0x00000000   Number         0  printfstubs.o ABSOLUTE
    _printf_u                                0x00000000   Number         0  printfstubs.o ABSOLUTE
    _printf_wc                               0x00000000   Number         0  printfstubs.o ABSOLUTE
    _printf_wctomb                           0x00000000   Number         0  printfstubs.o ABSOLUTE
    _printf_widthprec                        0x00000000   Number         0  printfstubs.o ABSOLUTE
    _printf_x                                0x00000000   Number         0  printfstubs.o ABSOLUTE
    SHT$$ARM_EXIDX$$Base                      - Undefined Reference
    SHT$$ARM_EXIDX$$Limit                     - Undefined Reference
    __arm_find_exidx_section                  - Undefined Weak Reference
    __cpp_initialize__aeabi_                  - Undefined Weak Reference
    __cxa_finalize                            - Undefined Weak Reference
    __decompress                              - Undefined Weak Reference
    _clock_init                               - Undefined Weak Reference
    _microlib_exit                            - Undefined Weak Reference
    __Vectors_Size                           0x00000400   Number         0  startup_hs32f7d377_cpu1_ac6.o ABSOLUTE
    __Vectors                                0x00300000   Number      1024  startup_hs32f7d377_cpu1_ac6.o(RESET)
    __Vectors_End                            0x00300400   Number         0  startup_hs32f7d377_cpu1_ac6.o(RESET)
    __main                                   0x00300401   Thumb Code     0  entry.o(.ARM.Collect$$$$00000000)
    _main_stk                                0x00300401   Thumb Code     0  entry4.o(.ARM.Collect$$$$00000003)
    _main_scatterload                        0x00300405   Thumb Code     0  entry5.o(.ARM.Collect$$$$00000004)
    __main_after_scatterload                 0x00300409   Thumb Code     0  entry5.o(.ARM.Collect$$$$00000004)
    _main_clock                              0x00300409   Thumb Code     0  entry7b.o(.ARM.Collect$$$$00000008)
    _main_cpp_init                           0x00300409   Thumb Code     0  entry8b.o(.ARM.Collect$$$$0000000A)
    _main_init                               0x00300409   Thumb Code     0  entry9a.o(.ARM.Collect$$$$0000000B)
    __rt_final_cpp                           0x00300411   Thumb Code     0  entry10a.o(.ARM.Collect$$$$0000000D)
    __rt_final_exit                          0x00300411   Thumb Code     0  entry11a.o(.ARM.Collect$$$$0000000F)
    Reset_Handler                            0x00300415   Thumb Code    24  startup_hs32f7d377_cpu1_ac6.o(.text)
    NMI_Handler                              0x0030042d   Thumb Code     4  startup_hs32f7d377_cpu1_ac6.o(.text)
    HardFault_Handler                        0x00300431   Thumb Code     4  startup_hs32f7d377_cpu1_ac6.o(.text)
    MemManage_Handler                        0x00300435   Thumb Code     4  startup_hs32f7d377_cpu1_ac6.o(.text)
    BusFault_Handler                         0x00300439   Thumb Code     4  startup_hs32f7d377_cpu1_ac6.o(.text)
    UsageFault_Handler                       0x0030043d   Thumb Code     4  startup_hs32f7d377_cpu1_ac6.o(.text)
    SVC_Handler                              0x00300441   Thumb Code     4  startup_hs32f7d377_cpu1_ac6.o(.text)
    DebugMon_Handler                         0x00300445   Thumb Code     4  startup_hs32f7d377_cpu1_ac6.o(.text)
    PendSV_Handler                           0x00300449   Thumb Code     4  startup_hs32f7d377_cpu1_ac6.o(.text)
    SysTick_Handler                          0x0030044d   Thumb Code     4  startup_hs32f7d377_cpu1_ac6.o(.text)
    WDT_Handler                              0x00300451   Thumb Code     4  startup_hs32f7d377_cpu1_ac6.o(.text)
    CPUTIMER0_Handler                        0x00300455   Thumb Code     4  startup_hs32f7d377_cpu1_ac6.o(.text)
    CPUTIMER1_Handler                        0x00300459   Thumb Code     4  startup_hs32f7d377_cpu1_ac6.o(.text)
    CPUTIMER2_Handler                        0x0030045d   Thumb Code     4  startup_hs32f7d377_cpu1_ac6.o(.text)
    DWTIMER_CH0_Handler                      0x00300461   Thumb Code     4  startup_hs32f7d377_cpu1_ac6.o(.text)
    DWTIMER_CH1_Handler                      0x00300465   Thumb Code     4  startup_hs32f7d377_cpu1_ac6.o(.text)
    DWTIMER_CH2_Handler                      0x00300469   Thumb Code     4  startup_hs32f7d377_cpu1_ac6.o(.text)
    IPC_INT0_Handler                         0x0030046d   Thumb Code     4  startup_hs32f7d377_cpu1_ac6.o(.text)
    IPC_INT1_Handler                         0x00300471   Thumb Code     4  startup_hs32f7d377_cpu1_ac6.o(.text)
    IPC_INT2_Handler                         0x00300475   Thumb Code     4  startup_hs32f7d377_cpu1_ac6.o(.text)
    IPC_INT3_Handler                         0x00300479   Thumb Code     4  startup_hs32f7d377_cpu1_ac6.o(.text)
    ADCA_EVT_Handler                         0x0030047d   Thumb Code     4  startup_hs32f7d377_cpu1_ac6.o(.text)
    ADCB_EVT_Handler                         0x00300481   Thumb Code     4  startup_hs32f7d377_cpu1_ac6.o(.text)
    ADCC_EVT_Handler                         0x00300485   Thumb Code     4  startup_hs32f7d377_cpu1_ac6.o(.text)
    ADCD_EVT_Handler                         0x00300489   Thumb Code     4  startup_hs32f7d377_cpu1_ac6.o(.text)
    ADCA_INT1_Handler                        0x0030048d   Thumb Code     4  startup_hs32f7d377_cpu1_ac6.o(.text)
    ADCA_INT2_Handler                        0x00300491   Thumb Code     4  startup_hs32f7d377_cpu1_ac6.o(.text)
    ADCA_INT3_Handler                        0x00300495   Thumb Code     4  startup_hs32f7d377_cpu1_ac6.o(.text)
    ADCA_INT4_Handler                        0x00300499   Thumb Code     4  startup_hs32f7d377_cpu1_ac6.o(.text)
    ADCB_INT1_Handler                        0x0030049d   Thumb Code     4  startup_hs32f7d377_cpu1_ac6.o(.text)
    ADCB_INT2_Handler                        0x003004a1   Thumb Code     4  startup_hs32f7d377_cpu1_ac6.o(.text)
    ADCB_INT3_Handler                        0x003004a5   Thumb Code     4  startup_hs32f7d377_cpu1_ac6.o(.text)
    ADCB_INT4_Handler                        0x003004a9   Thumb Code     4  startup_hs32f7d377_cpu1_ac6.o(.text)
    ADCC_INT1_Handler                        0x003004ad   Thumb Code     4  startup_hs32f7d377_cpu1_ac6.o(.text)
    ADCC_INT2_Handler                        0x003004b1   Thumb Code     4  startup_hs32f7d377_cpu1_ac6.o(.text)
    ADCC_INT3_Handler                        0x003004b5   Thumb Code     4  startup_hs32f7d377_cpu1_ac6.o(.text)
    ADCC_INT4_Handler                        0x003004b9   Thumb Code     4  startup_hs32f7d377_cpu1_ac6.o(.text)
    ADCD_INT1_Handler                        0x003004bd   Thumb Code     4  startup_hs32f7d377_cpu1_ac6.o(.text)
    ADCD_INT2_Handler                        0x003004c1   Thumb Code     4  startup_hs32f7d377_cpu1_ac6.o(.text)
    ADCD_INT3_Handler                        0x003004c5   Thumb Code     4  startup_hs32f7d377_cpu1_ac6.o(.text)
    ADCD_INT4_Handler                        0x003004c9   Thumb Code     4  startup_hs32f7d377_cpu1_ac6.o(.text)
    XINT1_Handler                            0x003004cd   Thumb Code     4  startup_hs32f7d377_cpu1_ac6.o(.text)
    XINT2_Handler                            0x003004d1   Thumb Code     4  startup_hs32f7d377_cpu1_ac6.o(.text)
    XINT3_Handler                            0x003004d5   Thumb Code     4  startup_hs32f7d377_cpu1_ac6.o(.text)
    XINT4_Handler                            0x003004d9   Thumb Code     4  startup_hs32f7d377_cpu1_ac6.o(.text)
    XINT5_Handler                            0x003004dd   Thumb Code     4  startup_hs32f7d377_cpu1_ac6.o(.text)
    EPWM_HRCAL_Handler                       0x003004e1   Thumb Code     4  startup_hs32f7d377_cpu1_ac6.o(.text)
    EPWM1_TZ_Handler                         0x003004e5   Thumb Code     4  startup_hs32f7d377_cpu1_ac6.o(.text)
    EPWM2_TZ_Handler                         0x003004e9   Thumb Code     4  startup_hs32f7d377_cpu1_ac6.o(.text)
    EPWM3_TZ_Handler                         0x003004ed   Thumb Code     4  startup_hs32f7d377_cpu1_ac6.o(.text)
    EPWM4_TZ_Handler                         0x003004f1   Thumb Code     4  startup_hs32f7d377_cpu1_ac6.o(.text)
    EPWM5_TZ_Handler                         0x003004f5   Thumb Code     4  startup_hs32f7d377_cpu1_ac6.o(.text)
    EPWM6_TZ_Handler                         0x003004f9   Thumb Code     4  startup_hs32f7d377_cpu1_ac6.o(.text)
    EPWM7_TZ_Handler                         0x003004fd   Thumb Code     4  startup_hs32f7d377_cpu1_ac6.o(.text)
    EPWM8_TZ_Handler                         0x00300501   Thumb Code     4  startup_hs32f7d377_cpu1_ac6.o(.text)
    EPWM9_TZ_Handler                         0x00300505   Thumb Code     4  startup_hs32f7d377_cpu1_ac6.o(.text)
    EPWM10_TZ_Handler                        0x00300509   Thumb Code     4  startup_hs32f7d377_cpu1_ac6.o(.text)
    EPWM11_TZ_Handler                        0x0030050d   Thumb Code     4  startup_hs32f7d377_cpu1_ac6.o(.text)
    EPWM12_TZ_Handler                        0x00300511   Thumb Code     4  startup_hs32f7d377_cpu1_ac6.o(.text)
    EPWM1_Handler                            0x00300515   Thumb Code     4  startup_hs32f7d377_cpu1_ac6.o(.text)
    EPWM2_Handler                            0x00300519   Thumb Code     4  startup_hs32f7d377_cpu1_ac6.o(.text)
    EPWM3_Handler                            0x0030051d   Thumb Code     4  startup_hs32f7d377_cpu1_ac6.o(.text)
    EPWM4_Handler                            0x00300521   Thumb Code     4  startup_hs32f7d377_cpu1_ac6.o(.text)
    EPWM5_Handler                            0x00300525   Thumb Code     4  startup_hs32f7d377_cpu1_ac6.o(.text)
    EPWM6_Handler                            0x00300529   Thumb Code     4  startup_hs32f7d377_cpu1_ac6.o(.text)
    EPWM7_Handler                            0x0030052d   Thumb Code     4  startup_hs32f7d377_cpu1_ac6.o(.text)
    EPWM8_Handler                            0x00300531   Thumb Code     4  startup_hs32f7d377_cpu1_ac6.o(.text)
    EPWM9_Handler                            0x00300535   Thumb Code     4  startup_hs32f7d377_cpu1_ac6.o(.text)
    EPWM10_Handler                           0x00300539   Thumb Code     4  startup_hs32f7d377_cpu1_ac6.o(.text)
    EPWM11_Handler                           0x0030053d   Thumb Code     4  startup_hs32f7d377_cpu1_ac6.o(.text)
    EPWM12_Handler                           0x00300541   Thumb Code     4  startup_hs32f7d377_cpu1_ac6.o(.text)
    ECAP1_Handler                            0x00300545   Thumb Code     4  startup_hs32f7d377_cpu1_ac6.o(.text)
    ECAP2_Handler                            0x00300549   Thumb Code     4  startup_hs32f7d377_cpu1_ac6.o(.text)
    ECAP3_Handler                            0x0030054d   Thumb Code     4  startup_hs32f7d377_cpu1_ac6.o(.text)
    ECAP4_Handler                            0x00300551   Thumb Code     4  startup_hs32f7d377_cpu1_ac6.o(.text)
    ECAP5_Handler                            0x00300555   Thumb Code     4  startup_hs32f7d377_cpu1_ac6.o(.text)
    ECAP6_Handler                            0x00300559   Thumb Code     4  startup_hs32f7d377_cpu1_ac6.o(.text)
    EQEP1_Handler                            0x0030055d   Thumb Code     4  startup_hs32f7d377_cpu1_ac6.o(.text)
    EQEP2_Handler                            0x00300561   Thumb Code     4  startup_hs32f7d377_cpu1_ac6.o(.text)
    EQEP3_Handler                            0x00300565   Thumb Code     4  startup_hs32f7d377_cpu1_ac6.o(.text)
    CLB1_Handler                             0x00300569   Thumb Code     4  startup_hs32f7d377_cpu1_ac6.o(.text)
    CLB2_Handler                             0x0030056d   Thumb Code     4  startup_hs32f7d377_cpu1_ac6.o(.text)
    CLB3_Handler                             0x00300571   Thumb Code     4  startup_hs32f7d377_cpu1_ac6.o(.text)
    CLB4_Handler                             0x00300575   Thumb Code     4  startup_hs32f7d377_cpu1_ac6.o(.text)
    CLB5_Handler                             0x00300579   Thumb Code     4  startup_hs32f7d377_cpu1_ac6.o(.text)
    CLB6_Handler                             0x0030057d   Thumb Code     4  startup_hs32f7d377_cpu1_ac6.o(.text)
    CLB7_Handler                             0x00300581   Thumb Code     4  startup_hs32f7d377_cpu1_ac6.o(.text)
    CLB8_Handler                             0x00300585   Thumb Code     4  startup_hs32f7d377_cpu1_ac6.o(.text)
    SDFM1_Handler                            0x00300589   Thumb Code     4  startup_hs32f7d377_cpu1_ac6.o(.text)
    SDFM1_FLT1DR_Handler                     0x0030058d   Thumb Code     4  startup_hs32f7d377_cpu1_ac6.o(.text)
    SDFM1_FLT2DR_Handler                     0x00300591   Thumb Code     4  startup_hs32f7d377_cpu1_ac6.o(.text)
    SDFM1_FLT3DR_Handler                     0x00300595   Thumb Code     4  startup_hs32f7d377_cpu1_ac6.o(.text)
    SDFM1_FLT4DR_Handler                     0x00300599   Thumb Code     4  startup_hs32f7d377_cpu1_ac6.o(.text)
    SDFM2_Handler                            0x0030059d   Thumb Code     4  startup_hs32f7d377_cpu1_ac6.o(.text)
    SDFM2_FLT1DR_Handler                     0x003005a1   Thumb Code     4  startup_hs32f7d377_cpu1_ac6.o(.text)
    SDFM2_FLT2DR_Handler                     0x003005a5   Thumb Code     4  startup_hs32f7d377_cpu1_ac6.o(.text)
    SDFM2_FLT3DR_Handler                     0x003005a9   Thumb Code     4  startup_hs32f7d377_cpu1_ac6.o(.text)
    SDFM2_FLT4DR_Handler                     0x003005ad   Thumb Code     4  startup_hs32f7d377_cpu1_ac6.o(.text)
    DMA_CH1_Handler                          0x003005b1   Thumb Code     4  startup_hs32f7d377_cpu1_ac6.o(.text)
    DMA_CH2_Handler                          0x003005b5   Thumb Code     4  startup_hs32f7d377_cpu1_ac6.o(.text)
    DMA_CH3_Handler                          0x003005b9   Thumb Code     4  startup_hs32f7d377_cpu1_ac6.o(.text)
    DMA_CH4_Handler                          0x003005bd   Thumb Code     4  startup_hs32f7d377_cpu1_ac6.o(.text)
    DMA_CH5_Handler                          0x003005c1   Thumb Code     4  startup_hs32f7d377_cpu1_ac6.o(.text)
    DMA_CH6_Handler                          0x003005c5   Thumb Code     4  startup_hs32f7d377_cpu1_ac6.o(.text)
    USBA_Handler                             0x003005c9   Thumb Code     4  startup_hs32f7d377_cpu1_ac6.o(.text)
    USBA_EP_MP_Handler                       0x003005cd   Thumb Code     4  startup_hs32f7d377_cpu1_ac6.o(.text)
    USBA_EP0_Handler                         0x003005d1   Thumb Code     4  startup_hs32f7d377_cpu1_ac6.o(.text)
    USBA_EP1_Handler                         0x003005d5   Thumb Code     4  startup_hs32f7d377_cpu1_ac6.o(.text)
    USBA_EP2_Handler                         0x003005d9   Thumb Code     4  startup_hs32f7d377_cpu1_ac6.o(.text)
    USBA_EP3_Handler                         0x003005dd   Thumb Code     4  startup_hs32f7d377_cpu1_ac6.o(.text)
    USBA_EP4_Handler                         0x003005e1   Thumb Code     4  startup_hs32f7d377_cpu1_ac6.o(.text)
    USBA_EP5_Handler                         0x003005e5   Thumb Code     4  startup_hs32f7d377_cpu1_ac6.o(.text)
    USBA_EP6_Handler                         0x003005e9   Thumb Code     4  startup_hs32f7d377_cpu1_ac6.o(.text)
    USBA_EP7_Handler                         0x003005ed   Thumb Code     4  startup_hs32f7d377_cpu1_ac6.o(.text)
    USBA_EP8_Handler                         0x003005f1   Thumb Code     4  startup_hs32f7d377_cpu1_ac6.o(.text)
    USBA_EP9_Handler                         0x003005f5   Thumb Code     4  startup_hs32f7d377_cpu1_ac6.o(.text)
    USBA_EP10_Handler                        0x003005f9   Thumb Code     4  startup_hs32f7d377_cpu1_ac6.o(.text)
    USBA_EP11_Handler                        0x003005fd   Thumb Code     4  startup_hs32f7d377_cpu1_ac6.o(.text)
    USBA_EP12_Handler                        0x00300601   Thumb Code     4  startup_hs32f7d377_cpu1_ac6.o(.text)
    USBA_EP13_Handler                        0x00300605   Thumb Code     4  startup_hs32f7d377_cpu1_ac6.o(.text)
    USBA_EP14_Handler                        0x00300609   Thumb Code     4  startup_hs32f7d377_cpu1_ac6.o(.text)
    USBA_EP15_Handler                        0x0030060d   Thumb Code     4  startup_hs32f7d377_cpu1_ac6.o(.text)
    USBA_EP16_Handler                        0x00300611   Thumb Code     4  startup_hs32f7d377_cpu1_ac6.o(.text)
    USBA_EP17_Handler                        0x00300615   Thumb Code     4  startup_hs32f7d377_cpu1_ac6.o(.text)
    USBA_EP18_Handler                        0x00300619   Thumb Code     4  startup_hs32f7d377_cpu1_ac6.o(.text)
    USBA_EP19_Handler                        0x0030061d   Thumb Code     4  startup_hs32f7d377_cpu1_ac6.o(.text)
    USBA_EP20_Handler                        0x00300621   Thumb Code     4  startup_hs32f7d377_cpu1_ac6.o(.text)
    USBA_EP21_Handler                        0x00300625   Thumb Code     4  startup_hs32f7d377_cpu1_ac6.o(.text)
    USBA_EP22_Handler                        0x00300629   Thumb Code     4  startup_hs32f7d377_cpu1_ac6.o(.text)
    USBA_EP23_Handler                        0x0030062d   Thumb Code     4  startup_hs32f7d377_cpu1_ac6.o(.text)
    USBA_EP24_Handler                        0x00300631   Thumb Code     4  startup_hs32f7d377_cpu1_ac6.o(.text)
    USBA_EP25_Handler                        0x00300635   Thumb Code     4  startup_hs32f7d377_cpu1_ac6.o(.text)
    USBA_EP26_Handler                        0x00300639   Thumb Code     4  startup_hs32f7d377_cpu1_ac6.o(.text)
    USBA_EP27_Handler                        0x0030063d   Thumb Code     4  startup_hs32f7d377_cpu1_ac6.o(.text)
    USBA_EP28_Handler                        0x00300641   Thumb Code     4  startup_hs32f7d377_cpu1_ac6.o(.text)
    USBA_EP29_Handler                        0x00300645   Thumb Code     4  startup_hs32f7d377_cpu1_ac6.o(.text)
    USBA_EP30_Handler                        0x00300649   Thumb Code     4  startup_hs32f7d377_cpu1_ac6.o(.text)
    USBA_EP31_Handler                        0x0030064d   Thumb Code     4  startup_hs32f7d377_cpu1_ac6.o(.text)
    MCANA_INT0_Handler                       0x00300651   Thumb Code     4  startup_hs32f7d377_cpu1_ac6.o(.text)
    MCANA_INT1_Handler                       0x00300655   Thumb Code     4  startup_hs32f7d377_cpu1_ac6.o(.text)
    MCANB_INT0_Handler                       0x00300659   Thumb Code     4  startup_hs32f7d377_cpu1_ac6.o(.text)
    MCANB_INT1_Handler                       0x0030065d   Thumb Code     4  startup_hs32f7d377_cpu1_ac6.o(.text)
    MCANC_INT0_Handler                       0x00300661   Thumb Code     4  startup_hs32f7d377_cpu1_ac6.o(.text)
    MCANC_INT1_Handler                       0x00300665   Thumb Code     4  startup_hs32f7d377_cpu1_ac6.o(.text)
    I2CA_Handler                             0x00300669   Thumb Code     4  startup_hs32f7d377_cpu1_ac6.o(.text)
    I2CB_Handler                             0x0030066d   Thumb Code     4  startup_hs32f7d377_cpu1_ac6.o(.text)
    PMBUSA_Handler                           0x00300671   Thumb Code     4  startup_hs32f7d377_cpu1_ac6.o(.text)
    UARTA_Handler                            0x00300675   Thumb Code     4  startup_hs32f7d377_cpu1_ac6.o(.text)
    UARTB_Handler                            0x00300679   Thumb Code     4  startup_hs32f7d377_cpu1_ac6.o(.text)
    UARTC_Handler                            0x0030067d   Thumb Code     4  startup_hs32f7d377_cpu1_ac6.o(.text)
    UARTD_Handler                            0x00300681   Thumb Code     4  startup_hs32f7d377_cpu1_ac6.o(.text)
    SPIA_Handler                             0x00300685   Thumb Code     4  startup_hs32f7d377_cpu1_ac6.o(.text)
    SPIB_Handler                             0x00300689   Thumb Code     4  startup_hs32f7d377_cpu1_ac6.o(.text)
    SPIC_Handler                             0x0030068d   Thumb Code     4  startup_hs32f7d377_cpu1_ac6.o(.text)
    SRAM_ECC_ERR_Handler                     0x00300691   Thumb Code     4  startup_hs32f7d377_cpu1_ac6.o(.text)
    EFLASH_Handler                           0x00300695   Thumb Code     4  startup_hs32f7d377_cpu1_ac6.o(.text)
    SRAM_ACC_VIO_Handler                     0x00300699   Thumb Code     4  startup_hs32f7d377_cpu1_ac6.o(.text)
    EMIF1_ERR_Handler                        0x0030069d   Thumb Code     4  startup_hs32f7d377_cpu1_ac6.o(.text)
    WAKEUP_Handler                           0x003006a1   Thumb Code     4  startup_hs32f7d377_cpu1_ac6.o(.text)
    TFU_Handler                              0x003006a5   Thumb Code     4  startup_hs32f7d377_cpu1_ac6.o(.text)
    IPC_RAM_ERR_Handler                      0x003006a9   Thumb Code     4  startup_hs32f7d377_cpu1_ac6.o(.text)
    HardFault_DriverHandler                  0x003006ad   Thumb Code     2  startup_hs32f7d377_cpu1_ac6.o(.text)
    ADCA_EVT_DriverHandler                   0x003006af   Thumb Code     2  startup_hs32f7d377_cpu1_ac6.o(.text)
    ADCA_INT1_DriverHandler                  0x003006af   Thumb Code     2  startup_hs32f7d377_cpu1_ac6.o(.text)
    ADCA_INT2_DriverHandler                  0x003006af   Thumb Code     2  startup_hs32f7d377_cpu1_ac6.o(.text)
    ADCA_INT3_DriverHandler                  0x003006af   Thumb Code     2  startup_hs32f7d377_cpu1_ac6.o(.text)
    ADCA_INT4_DriverHandler                  0x003006af   Thumb Code     2  startup_hs32f7d377_cpu1_ac6.o(.text)
    ADCB_EVT_DriverHandler                   0x003006af   Thumb Code     2  startup_hs32f7d377_cpu1_ac6.o(.text)
    ADCB_INT1_DriverHandler                  0x003006af   Thumb Code     2  startup_hs32f7d377_cpu1_ac6.o(.text)
    ADCB_INT2_DriverHandler                  0x003006af   Thumb Code     2  startup_hs32f7d377_cpu1_ac6.o(.text)
    ADCB_INT3_DriverHandler                  0x003006af   Thumb Code     2  startup_hs32f7d377_cpu1_ac6.o(.text)
    ADCB_INT4_DriverHandler                  0x003006af   Thumb Code     2  startup_hs32f7d377_cpu1_ac6.o(.text)
    ADCC_EVT_DriverHandler                   0x003006af   Thumb Code     2  startup_hs32f7d377_cpu1_ac6.o(.text)
    ADCC_INT1_DriverHandler                  0x003006af   Thumb Code     2  startup_hs32f7d377_cpu1_ac6.o(.text)
    ADCC_INT2_DriverHandler                  0x003006af   Thumb Code     2  startup_hs32f7d377_cpu1_ac6.o(.text)
    ADCC_INT3_DriverHandler                  0x003006af   Thumb Code     2  startup_hs32f7d377_cpu1_ac6.o(.text)
    ADCC_INT4_DriverHandler                  0x003006af   Thumb Code     2  startup_hs32f7d377_cpu1_ac6.o(.text)
    ADCD_EVT_DriverHandler                   0x003006af   Thumb Code     2  startup_hs32f7d377_cpu1_ac6.o(.text)
    ADCD_INT1_DriverHandler                  0x003006af   Thumb Code     2  startup_hs32f7d377_cpu1_ac6.o(.text)
    ADCD_INT2_DriverHandler                  0x003006af   Thumb Code     2  startup_hs32f7d377_cpu1_ac6.o(.text)
    ADCD_INT3_DriverHandler                  0x003006af   Thumb Code     2  startup_hs32f7d377_cpu1_ac6.o(.text)
    ADCD_INT4_DriverHandler                  0x003006af   Thumb Code     2  startup_hs32f7d377_cpu1_ac6.o(.text)
    BusFault_DriverHandler                   0x003006af   Thumb Code     2  startup_hs32f7d377_cpu1_ac6.o(.text)
    CLB1_DriverHandler                       0x003006af   Thumb Code     2  startup_hs32f7d377_cpu1_ac6.o(.text)
    CLB2_DriverHandler                       0x003006af   Thumb Code     2  startup_hs32f7d377_cpu1_ac6.o(.text)
    CLB3_DriverHandler                       0x003006af   Thumb Code     2  startup_hs32f7d377_cpu1_ac6.o(.text)
    CLB4_DriverHandler                       0x003006af   Thumb Code     2  startup_hs32f7d377_cpu1_ac6.o(.text)
    CLB5_DriverHandler                       0x003006af   Thumb Code     2  startup_hs32f7d377_cpu1_ac6.o(.text)
    CLB6_DriverHandler                       0x003006af   Thumb Code     2  startup_hs32f7d377_cpu1_ac6.o(.text)
    CLB7_DriverHandler                       0x003006af   Thumb Code     2  startup_hs32f7d377_cpu1_ac6.o(.text)
    CLB8_DriverHandler                       0x003006af   Thumb Code     2  startup_hs32f7d377_cpu1_ac6.o(.text)
    CPUTIMER0_DriverHandler                  0x003006af   Thumb Code     2  startup_hs32f7d377_cpu1_ac6.o(.text)
    CPUTIMER1_DriverHandler                  0x003006af   Thumb Code     2  startup_hs32f7d377_cpu1_ac6.o(.text)
    CPUTIMER2_DriverHandler                  0x003006af   Thumb Code     2  startup_hs32f7d377_cpu1_ac6.o(.text)
    DMA_CH1_DriverHandler                    0x003006af   Thumb Code     2  startup_hs32f7d377_cpu1_ac6.o(.text)
    DMA_CH2_DriverHandler                    0x003006af   Thumb Code     2  startup_hs32f7d377_cpu1_ac6.o(.text)
    DMA_CH3_DriverHandler                    0x003006af   Thumb Code     2  startup_hs32f7d377_cpu1_ac6.o(.text)
    DMA_CH4_DriverHandler                    0x003006af   Thumb Code     2  startup_hs32f7d377_cpu1_ac6.o(.text)
    DMA_CH5_DriverHandler                    0x003006af   Thumb Code     2  startup_hs32f7d377_cpu1_ac6.o(.text)
    DMA_CH6_DriverHandler                    0x003006af   Thumb Code     2  startup_hs32f7d377_cpu1_ac6.o(.text)
    DWTIMER_CH0_DriverHandler                0x003006af   Thumb Code     2  startup_hs32f7d377_cpu1_ac6.o(.text)
    DWTIMER_CH1_DriverHandler                0x003006af   Thumb Code     2  startup_hs32f7d377_cpu1_ac6.o(.text)
    DWTIMER_CH2_DriverHandler                0x003006af   Thumb Code     2  startup_hs32f7d377_cpu1_ac6.o(.text)
    DebugMon_DriverHandler                   0x003006af   Thumb Code     2  startup_hs32f7d377_cpu1_ac6.o(.text)
    Default_DriverHandler                    0x003006af   Thumb Code     2  startup_hs32f7d377_cpu1_ac6.o(.text)
    ECAP1_DriverHandler                      0x003006af   Thumb Code     2  startup_hs32f7d377_cpu1_ac6.o(.text)
    ECAP2_DriverHandler                      0x003006af   Thumb Code     2  startup_hs32f7d377_cpu1_ac6.o(.text)
    ECAP3_DriverHandler                      0x003006af   Thumb Code     2  startup_hs32f7d377_cpu1_ac6.o(.text)
    ECAP4_DriverHandler                      0x003006af   Thumb Code     2  startup_hs32f7d377_cpu1_ac6.o(.text)
    ECAP5_DriverHandler                      0x003006af   Thumb Code     2  startup_hs32f7d377_cpu1_ac6.o(.text)
    ECAP6_DriverHandler                      0x003006af   Thumb Code     2  startup_hs32f7d377_cpu1_ac6.o(.text)
    EFLASH_DriverHandler                     0x003006af   Thumb Code     2  startup_hs32f7d377_cpu1_ac6.o(.text)
    EMIF1_ERR_DriverHandler                  0x003006af   Thumb Code     2  startup_hs32f7d377_cpu1_ac6.o(.text)
    EPWM10_DriverHandler                     0x003006af   Thumb Code     2  startup_hs32f7d377_cpu1_ac6.o(.text)
    EPWM10_TZ_DriverHandler                  0x003006af   Thumb Code     2  startup_hs32f7d377_cpu1_ac6.o(.text)
    EPWM11_DriverHandler                     0x003006af   Thumb Code     2  startup_hs32f7d377_cpu1_ac6.o(.text)
    EPWM11_TZ_DriverHandler                  0x003006af   Thumb Code     2  startup_hs32f7d377_cpu1_ac6.o(.text)
    EPWM12_DriverHandler                     0x003006af   Thumb Code     2  startup_hs32f7d377_cpu1_ac6.o(.text)
    EPWM12_TZ_DriverHandler                  0x003006af   Thumb Code     2  startup_hs32f7d377_cpu1_ac6.o(.text)
    EPWM1_DriverHandler                      0x003006af   Thumb Code     2  startup_hs32f7d377_cpu1_ac6.o(.text)
    EPWM1_TZ_DriverHandler                   0x003006af   Thumb Code     2  startup_hs32f7d377_cpu1_ac6.o(.text)
    EPWM2_DriverHandler                      0x003006af   Thumb Code     2  startup_hs32f7d377_cpu1_ac6.o(.text)
    EPWM2_TZ_DriverHandler                   0x003006af   Thumb Code     2  startup_hs32f7d377_cpu1_ac6.o(.text)
    EPWM3_DriverHandler                      0x003006af   Thumb Code     2  startup_hs32f7d377_cpu1_ac6.o(.text)
    EPWM3_TZ_DriverHandler                   0x003006af   Thumb Code     2  startup_hs32f7d377_cpu1_ac6.o(.text)
    EPWM4_DriverHandler                      0x003006af   Thumb Code     2  startup_hs32f7d377_cpu1_ac6.o(.text)
    EPWM4_TZ_DriverHandler                   0x003006af   Thumb Code     2  startup_hs32f7d377_cpu1_ac6.o(.text)
    EPWM5_DriverHandler                      0x003006af   Thumb Code     2  startup_hs32f7d377_cpu1_ac6.o(.text)
    EPWM5_TZ_DriverHandler                   0x003006af   Thumb Code     2  startup_hs32f7d377_cpu1_ac6.o(.text)
    EPWM6_DriverHandler                      0x003006af   Thumb Code     2  startup_hs32f7d377_cpu1_ac6.o(.text)
    EPWM6_TZ_DriverHandler                   0x003006af   Thumb Code     2  startup_hs32f7d377_cpu1_ac6.o(.text)
    EPWM7_DriverHandler                      0x003006af   Thumb Code     2  startup_hs32f7d377_cpu1_ac6.o(.text)
    EPWM7_TZ_DriverHandler                   0x003006af   Thumb Code     2  startup_hs32f7d377_cpu1_ac6.o(.text)
    EPWM8_DriverHandler                      0x003006af   Thumb Code     2  startup_hs32f7d377_cpu1_ac6.o(.text)
    EPWM8_TZ_DriverHandler                   0x003006af   Thumb Code     2  startup_hs32f7d377_cpu1_ac6.o(.text)
    EPWM9_DriverHandler                      0x003006af   Thumb Code     2  startup_hs32f7d377_cpu1_ac6.o(.text)
    EPWM9_TZ_DriverHandler                   0x003006af   Thumb Code     2  startup_hs32f7d377_cpu1_ac6.o(.text)
    EPWM_HRCAL_DriverHandler                 0x003006af   Thumb Code     2  startup_hs32f7d377_cpu1_ac6.o(.text)
    EQEP1_DriverHandler                      0x003006af   Thumb Code     2  startup_hs32f7d377_cpu1_ac6.o(.text)
    EQEP2_DriverHandler                      0x003006af   Thumb Code     2  startup_hs32f7d377_cpu1_ac6.o(.text)
    EQEP3_DriverHandler                      0x003006af   Thumb Code     2  startup_hs32f7d377_cpu1_ac6.o(.text)
    I2CA_DriverHandler                       0x003006af   Thumb Code     2  startup_hs32f7d377_cpu1_ac6.o(.text)
    I2CB_DriverHandler                       0x003006af   Thumb Code     2  startup_hs32f7d377_cpu1_ac6.o(.text)
    IPC_RAM_ERR_DriverHandler                0x003006af   Thumb Code     2  startup_hs32f7d377_cpu1_ac6.o(.text)
    MemManage_DriverHandler                  0x003006af   Thumb Code     2  startup_hs32f7d377_cpu1_ac6.o(.text)
    NMI_DriverHandler                        0x003006af   Thumb Code     2  startup_hs32f7d377_cpu1_ac6.o(.text)
    PMBUSA_DriverHandler                     0x003006af   Thumb Code     2  startup_hs32f7d377_cpu1_ac6.o(.text)
    PendSV_DriverHandler                     0x003006af   Thumb Code     2  startup_hs32f7d377_cpu1_ac6.o(.text)
    SDFM1_DriverHandler                      0x003006af   Thumb Code     2  startup_hs32f7d377_cpu1_ac6.o(.text)
    SDFM1_FLT1DR_DriverHandler               0x003006af   Thumb Code     2  startup_hs32f7d377_cpu1_ac6.o(.text)
    SDFM1_FLT2DR_DriverHandler               0x003006af   Thumb Code     2  startup_hs32f7d377_cpu1_ac6.o(.text)
    SDFM1_FLT3DR_DriverHandler               0x003006af   Thumb Code     2  startup_hs32f7d377_cpu1_ac6.o(.text)
    SDFM1_FLT4DR_DriverHandler               0x003006af   Thumb Code     2  startup_hs32f7d377_cpu1_ac6.o(.text)
    SDFM2_DriverHandler                      0x003006af   Thumb Code     2  startup_hs32f7d377_cpu1_ac6.o(.text)
    SDFM2_FLT1DR_DriverHandler               0x003006af   Thumb Code     2  startup_hs32f7d377_cpu1_ac6.o(.text)
    SDFM2_FLT2DR_DriverHandler               0x003006af   Thumb Code     2  startup_hs32f7d377_cpu1_ac6.o(.text)
    SDFM2_FLT3DR_DriverHandler               0x003006af   Thumb Code     2  startup_hs32f7d377_cpu1_ac6.o(.text)
    SDFM2_FLT4DR_DriverHandler               0x003006af   Thumb Code     2  startup_hs32f7d377_cpu1_ac6.o(.text)
    SPIA_DriverHandler                       0x003006af   Thumb Code     2  startup_hs32f7d377_cpu1_ac6.o(.text)
    SPIB_DriverHandler                       0x003006af   Thumb Code     2  startup_hs32f7d377_cpu1_ac6.o(.text)
    SPIC_DriverHandler                       0x003006af   Thumb Code     2  startup_hs32f7d377_cpu1_ac6.o(.text)
    SRAM_ACC_VIO_DriverHandler               0x003006af   Thumb Code     2  startup_hs32f7d377_cpu1_ac6.o(.text)
    SRAM_ECC_ERR_DriverHandler               0x003006af   Thumb Code     2  startup_hs32f7d377_cpu1_ac6.o(.text)
    SVC_DriverHandler                        0x003006af   Thumb Code     2  startup_hs32f7d377_cpu1_ac6.o(.text)
    TFU_DriverHandler                        0x003006af   Thumb Code     2  startup_hs32f7d377_cpu1_ac6.o(.text)
    USBA_DriverHandler                       0x003006af   Thumb Code     2  startup_hs32f7d377_cpu1_ac6.o(.text)
    USBA_EP0_DriverHandler                   0x003006af   Thumb Code     2  startup_hs32f7d377_cpu1_ac6.o(.text)
    USBA_EP10_DriverHandler                  0x003006af   Thumb Code     2  startup_hs32f7d377_cpu1_ac6.o(.text)
    USBA_EP11_DriverHandler                  0x003006af   Thumb Code     2  startup_hs32f7d377_cpu1_ac6.o(.text)
    USBA_EP12_DriverHandler                  0x003006af   Thumb Code     2  startup_hs32f7d377_cpu1_ac6.o(.text)
    USBA_EP13_DriverHandler                  0x003006af   Thumb Code     2  startup_hs32f7d377_cpu1_ac6.o(.text)
    USBA_EP14_DriverHandler                  0x003006af   Thumb Code     2  startup_hs32f7d377_cpu1_ac6.o(.text)
    USBA_EP15_DriverHandler                  0x003006af   Thumb Code     2  startup_hs32f7d377_cpu1_ac6.o(.text)
    USBA_EP16_DriverHandler                  0x003006af   Thumb Code     2  startup_hs32f7d377_cpu1_ac6.o(.text)
    USBA_EP17_DriverHandler                  0x003006af   Thumb Code     2  startup_hs32f7d377_cpu1_ac6.o(.text)
    USBA_EP18_DriverHandler                  0x003006af   Thumb Code     2  startup_hs32f7d377_cpu1_ac6.o(.text)
    USBA_EP19_DriverHandler                  0x003006af   Thumb Code     2  startup_hs32f7d377_cpu1_ac6.o(.text)
    USBA_EP1_DriverHandler                   0x003006af   Thumb Code     2  startup_hs32f7d377_cpu1_ac6.o(.text)
    USBA_EP20_DriverHandler                  0x003006af   Thumb Code     2  startup_hs32f7d377_cpu1_ac6.o(.text)
    USBA_EP21_DriverHandler                  0x003006af   Thumb Code     2  startup_hs32f7d377_cpu1_ac6.o(.text)
    USBA_EP22_DriverHandler                  0x003006af   Thumb Code     2  startup_hs32f7d377_cpu1_ac6.o(.text)
    USBA_EP23_DriverHandler                  0x003006af   Thumb Code     2  startup_hs32f7d377_cpu1_ac6.o(.text)
    USBA_EP24_DriverHandler                  0x003006af   Thumb Code     2  startup_hs32f7d377_cpu1_ac6.o(.text)
    USBA_EP25_DriverHandler                  0x003006af   Thumb Code     2  startup_hs32f7d377_cpu1_ac6.o(.text)
    USBA_EP26_DriverHandler                  0x003006af   Thumb Code     2  startup_hs32f7d377_cpu1_ac6.o(.text)
    USBA_EP27_DriverHandler                  0x003006af   Thumb Code     2  startup_hs32f7d377_cpu1_ac6.o(.text)
    USBA_EP28_DriverHandler                  0x003006af   Thumb Code     2  startup_hs32f7d377_cpu1_ac6.o(.text)
    USBA_EP29_DriverHandler                  0x003006af   Thumb Code     2  startup_hs32f7d377_cpu1_ac6.o(.text)
    USBA_EP2_DriverHandler                   0x003006af   Thumb Code     2  startup_hs32f7d377_cpu1_ac6.o(.text)
    USBA_EP30_DriverHandler                  0x003006af   Thumb Code     2  startup_hs32f7d377_cpu1_ac6.o(.text)
    USBA_EP31_DriverHandler                  0x003006af   Thumb Code     2  startup_hs32f7d377_cpu1_ac6.o(.text)
    USBA_EP3_DriverHandler                   0x003006af   Thumb Code     2  startup_hs32f7d377_cpu1_ac6.o(.text)
    USBA_EP4_DriverHandler                   0x003006af   Thumb Code     2  startup_hs32f7d377_cpu1_ac6.o(.text)
    USBA_EP5_DriverHandler                   0x003006af   Thumb Code     2  startup_hs32f7d377_cpu1_ac6.o(.text)
    USBA_EP6_DriverHandler                   0x003006af   Thumb Code     2  startup_hs32f7d377_cpu1_ac6.o(.text)
    USBA_EP7_DriverHandler                   0x003006af   Thumb Code     2  startup_hs32f7d377_cpu1_ac6.o(.text)
    USBA_EP8_DriverHandler                   0x003006af   Thumb Code     2  startup_hs32f7d377_cpu1_ac6.o(.text)
    USBA_EP9_DriverHandler                   0x003006af   Thumb Code     2  startup_hs32f7d377_cpu1_ac6.o(.text)
    USBA_EP_MP_DriverHandler                 0x003006af   Thumb Code     2  startup_hs32f7d377_cpu1_ac6.o(.text)
    UsageFault_DriverHandler                 0x003006af   Thumb Code     2  startup_hs32f7d377_cpu1_ac6.o(.text)
    WAKEUP_DriverHandler                     0x003006af   Thumb Code     2  startup_hs32f7d377_cpu1_ac6.o(.text)
    WDT_DriverHandler                        0x003006af   Thumb Code     2  startup_hs32f7d377_cpu1_ac6.o(.text)
    XINT1_DriverHandler                      0x003006af   Thumb Code     2  startup_hs32f7d377_cpu1_ac6.o(.text)
    XINT2_DriverHandler                      0x003006af   Thumb Code     2  startup_hs32f7d377_cpu1_ac6.o(.text)
    XINT3_DriverHandler                      0x003006af   Thumb Code     2  startup_hs32f7d377_cpu1_ac6.o(.text)
    XINT4_DriverHandler                      0x003006af   Thumb Code     2  startup_hs32f7d377_cpu1_ac6.o(.text)
    XINT5_DriverHandler                      0x003006af   Thumb Code     2  startup_hs32f7d377_cpu1_ac6.o(.text)
    __aeabi_uldivmod                         0x00300941   Thumb Code    98  uldiv.o(.text)
    ___aeabi_memcpy8$ret                     0x003009a3   Thumb Code     0  memcpy.o(.text)
    __aeabi_memcpy                           0x003009a3   Thumb Code    40  memcpy.o(.text)
    __aeabi_memcpy4                          0x003009a3   Thumb Code     0  memcpy.o(.text)
    memcpy                                   0x003009a3   Thumb Code     0  memcpy.o(.text)
    __aeabi_memset                           0x003009cb   Thumb Code    14  memseta.o(.text)
    __aeabi_memset4                          0x003009cb   Thumb Code     0  memseta.o(.text)
    __aeabi_memset8                          0x003009cb   Thumb Code     0  memseta.o(.text)
    __aeabi_memclr                           0x003009d9   Thumb Code     4  memseta.o(.text)
    __aeabi_memclr4                          0x003009d9   Thumb Code     0  memseta.o(.text)
    __aeabi_memclr8                          0x003009d9   Thumb Code     0  memseta.o(.text)
    memset                                   0x003009dd   Thumb Code    18  memseta.o(.text)
    __aeabi_uidiv                            0x003009ef   Thumb Code     0  uidiv.o(.text)
    __aeabi_uidivmod                         0x003009ef   Thumb Code    44  uidiv.o(.text)
    __aeabi_llsl                             0x00300a1b   Thumb Code    30  llshl.o(.text)
    _ll_shift_l                              0x00300a1b   Thumb Code     0  llshl.o(.text)
    __aeabi_llsr                             0x00300a39   Thumb Code    32  llushr.o(.text)
    _ll_ushift_r                             0x00300a39   Thumb Code     0  llushr.o(.text)
    __scatterload                            0x00300a59   Thumb Code    28  init.o(.text)
    __scatterload_rt2                        0x00300a59   Thumb Code     0  init.o(.text)
    BOARD_clockConfig                        0x00300b11   Thumb Code   128  clock_config.o(.text.BOARD_clockConfig)
    BOARD_clockConfigForCPU2                 0x00300b91   Thumb Code    22  clock_config.o(.text.BOARD_clockConfigForCPU2)
    BOARD_clockInfStore                      0x00300ba9   Thumb Code    26  clock_config.o(.text.BOARD_clockInfStore)
    BOARD_debugConsoleInit                   0x00300bc9   Thumb Code    62  board.o(.text.BOARD_debugConsoleInit)
    BOARD_debugConsoleInitForCPU2            0x00300c09   Thumb Code    26  board.o(.text.BOARD_debugConsoleInitForCPU2)
    BOARD_init                               0x00300c49   Thumb Code    20  board.o(.text.BOARD_init)
    BOARD_initForCPU2                        0x00300c61   Thumb Code    12  board.o(.text.BOARD_initForCPU2)
    BOARD_mpuConfig                          0x00300c71   Thumb Code    98  board.o(.text.BOARD_mpuConfig)
    BOARD_uartPinConfig                      0x00300cd9   Thumb Code    76  pin_config.o(.text.BOARD_uartPinConfig)
    DEBUG_CONSOLE_init                       0x00300db1   Thumb Code   122  hte_debug_console.o(.text.DEBUG_CONSOLE_init)
    GPIO_setMasterCore                       0x00300e99   Thumb Code    60  hte_gpio.o(.text.GPIO_setMasterCore)
    GPIO_setPadConfig                        0x00300ed9   Thumb Code   162  hte_gpio.o(.text.GPIO_setPadConfig)
    GPIO_setPinConfig                        0x00300f81   Thumb Code    76  hte_gpio.o(.text.GPIO_setPinConfig)
    GetInputVol                              0x00300fd1   Thumb Code   128  decodecan.o(.text.GetInputVol)
    GetMotorValue                            0x00301051   Thumb Code   134  decodecan.o(.text.GetMotorValue)
    GetRpm                                   0x003010d9   Thumb Code   140  decodecan.o(.text.GetRpm)
    IPC_INT0_DriverHandler                   0x00301169   Thumb Code    14  hte_cpu1_ipc.o(.text.IPC_INT0_DriverHandler)
    IPC_INT1_DriverHandler                   0x00301179   Thumb Code    14  hte_cpu1_ipc.o(.text.IPC_INT1_DriverHandler)
    IPC_INT2_DriverHandler                   0x00301189   Thumb Code    14  hte_cpu1_ipc.o(.text.IPC_INT2_DriverHandler)
    IPC_INT3_DriverHandler                   0x00301199   Thumb Code    14  hte_cpu1_ipc.o(.text.IPC_INT3_DriverHandler)
    IPC_comInit                              0x003011b9   Thumb Code    30  hte_cpu1_ipc_com.o(.text.IPC_comInit)
    IPC_handlerIRQ                           0x003011d9   Thumb Code    24  hte_cpu1_ipc.o(.text.IPC_handlerIRQ)
    IPC_readCommand                          0x003011f1   Thumb Code    56  hte_cpu1_ipc.o(.text.IPC_readCommand)
    IPC_registerCallback                     0x00301229   Thumb Code   100  hte_cpu1_ipc.o(.text.IPC_registerCallback)
    MCANA_INT0_DriverHandler                 0x003012a9   Thumb Code    22  hte_mcan.o(.text.MCANA_INT0_DriverHandler)
    MCANA_INT1_DriverHandler                 0x003012c1   Thumb Code    22  hte_mcan.o(.text.MCANA_INT1_DriverHandler)
    MCANB_INT0_DriverHandler                 0x003012d9   Thumb Code    24  hte_mcan.o(.text.MCANB_INT0_DriverHandler)
    MCANB_INT1_DriverHandler                 0x003012f1   Thumb Code    24  hte_mcan.o(.text.MCANB_INT1_DriverHandler)
    MCANC_INT0_DriverHandler                 0x00301309   Thumb Code    24  hte_mcan.o(.text.MCANC_INT0_DriverHandler)
    MCANC_INT1_DriverHandler                 0x00301321   Thumb Code    24  hte_mcan.o(.text.MCANC_INT1_DriverHandler)
    MCAN_MsgRamInit                          0x00301489   Thumb Code    42  hte_mcan.o(.text.MCAN_MsgRamInit)
    MCAN_addStdMsgIDFilter                   0x003014b9   Thumb Code    82  hte_mcan.o(.text.MCAN_addStdMsgIDFilter)
    MCAN_clearNewDataStatus                  0x00301511   Thumb Code    54  hte_mcan.o(.text.MCAN_clearNewDataStatus)
    MCAN_config                              0x00301549   Thumb Code   222  hte_mcan.o(.text.MCAN_config)
    MCAN_getOpMode                           0x003016c1   Thumb Code    44  hte_mcan.o(.text.MCAN_getOpMode)
    MCAN_getRevisionId                       0x00301719   Thumb Code    80  hte_mcan.o(.text.MCAN_getRevisionId)
    MCAN_getRxFIFOStatus                     0x00301769   Thumb Code    92  hte_mcan.o(.text.MCAN_getRxFIFOStatus)
    MCAN_getTxBufReqPend                     0x003017c9   Thumb Code    42  hte_mcan.o(.text.MCAN_getTxBufReqPend)
    MCAN_handlerIRQ                          0x003017f9   Thumb Code    30  hte_mcan.o(.text.MCAN_handlerIRQ)
    MCAN_init                                0x00301819   Thumb Code   194  hte_mcan.o(.text.MCAN_init)
    MCAN_msgRAMConfig                        0x00301909   Thumb Code   410  hte_mcan.o(.text.MCAN_msgRAMConfig)
    MCAN_pinMux                              0x00301aa9   Thumb Code    40  mcan_ex2_receive.o(.text.MCAN_pinMux)
    MCAN_readMsgRam                          0x00301bf9   Thumb Code   250  hte_mcan.o(.text.MCAN_readMsgRam)
    MCAN_setBitTime                          0x00301cf9   Thumb Code   236  hte_mcan.o(.text.MCAN_setBitTime)
    MCAN_setOpMode                           0x00301de9   Thumb Code    48  hte_mcan.o(.text.MCAN_setOpMode)
    MCAN_setPclkEnable                       0x00301e19   Thumb Code    30  mcan_ex2_receive.o(.text.MCAN_setPclkEnable)
    MCAN_txBufAddReq                         0x00301e39   Thumb Code    72  hte_mcan.o(.text.MCAN_txBufAddReq)
    MCAN_writeMsgRam                         0x00301f91   Thumb Code   128  hte_mcan.o(.text.MCAN_writeMsgRam)
    MCAN_writeRxFIFOAck                      0x00302071   Thumb Code   106  hte_mcan.o(.text.MCAN_writeRxFIFOAck)
    SDK_dwtDelay                             0x003020e1   Thumb Code   132  hte_common.o(.text.SDK_dwtDelay)
    SYSCTRL_getAuxClock                      0x00302229   Thumb Code   156  hte_sysctrl.o(.text.SYSCTRL_getAuxClock)
    SYSCTRL_getClock                         0x00302349   Thumb Code   204  hte_sysctrl.o(.text.SYSCTRL_getClock)
    SYSCTRL_selectOscSource                  0x003025c9   Thumb Code    86  hte_sysctrl.o(.text.SYSCTRL_selectOscSource)
    SYSCTRL_selectXTAL                       0x00302621   Thumb Code    74  hte_sysctrl.o(.text.SYSCTRL_selectXTAL)
    SYSCTRL_setAuxClock                      0x00302681   Thumb Code   340  hte_sysctrl.o(.text.SYSCTRL_setAuxClock)
    SYSCTRL_setClock                         0x003028b9   Thumb Code   352  hte_sysctrl.o(.text.SYSCTRL_setClock)
    SetDuty                                  0x00302b61   Thumb Code   100  decodecan.o(.text.SetDuty)
    SetDutyClr                               0x00302bc9   Thumb Code    46  decodecan.o(.text.SetDutyClr)
    SetI                                     0x00302bf9   Thumb Code   100  decodecan.o(.text.SetI)
    SysTick_DriverHandler                    0x00302c61   Thumb Code    30  clock_config.o(.text.SysTick_DriverHandler)
    SystemInit                               0x00302c81   Thumb Code    18  system_hs32f7d377_cpu1.o(.text.SystemInit)
    UARTA_DriverHandler                      0x00302c99   Thumb Code    36  hte_uart.o(.text.UARTA_DriverHandler)
    UARTB_DriverHandler                      0x00302cc1   Thumb Code    42  hte_uart.o(.text.UARTB_DriverHandler)
    UARTC_DriverHandler                      0x00302cf1   Thumb Code    42  hte_uart.o(.text.UARTC_DriverHandler)
    UARTD_DriverHandler                      0x00302d21   Thumb Code    42  hte_uart.o(.text.UARTD_DriverHandler)
    UART_getDefaultConfig                    0x00302da1   Thumb Code    54  hte_uart.o(.text.UART_getDefaultConfig)
    UART_init                                0x00302e81   Thumb Code   180  hte_uart.o(.text.UART_init)
    UART_setBaudRate                         0x00303019   Thumb Code   208  hte_uart.o(.text.UART_setBaudRate)
    UART_writeDataBlocking                   0x00303109   Thumb Code   124  hte_uart.o(.text.UART_writeDataBlocking)
    __aeabi_assert                           0x003031d1   Thumb Code    40  hte_assert.o(.text.__aeabi_assert)
    backCanStandID                           0x00303239   Thumb Code    32  decodecan.o(.text.backCanStandID)
    cpu1_ipc_com_irq_handler                 0x00303259   Thumb Code   120  hte_cpu1_ipc_com.o(.text.cpu1_ipc_com_irq_handler)
    crc16                                    0x003032d1   Thumb Code    50  crc.o(.text.crc16)
    decodeInst                               0x00303309   Thumb Code    88  decodecan.o(.text.decodeInst)
    fputc                                    0x00303361   Thumb Code    46  hte_debug_console.o(.text.fputc)
    mUART_readDataBlocking                   0x00303391   Thumb Code   176  decodecan.o(.text.mUART_readDataBlocking)
    main                                     0x00303449   Thumb Code   356  mcan_ex2_receive.o(.text.main)
    __0printf$3                              0x003035ad   Thumb Code    22  printf3.o(i.__0printf$3)
    __1printf$3                              0x003035ad   Thumb Code     0  printf3.o(i.__0printf$3)
    __2printf                                0x003035ad   Thumb Code     0  printf3.o(i.__0printf$3)
    __scatterload_copy                       0x003035cd   Thumb Code    14  handlers.o(i.__scatterload_copy)
    __scatterload_null                       0x003035db   Thumb Code     2  handlers.o(i.__scatterload_null)
    __scatterload_zeroinit                   0x003035dd   Thumb Code    14  handlers.o(i.__scatterload_zeroinit)
    crc16_tab                                0x003037cc   Data         512  crc.o(.rodata.crc16_tab)
    Region$$Table$$Base                      0x00303b60   Number         0  anon$$obj.o(Region$$Table)
    Region$$Table$$Limit                     0x00303b80   Number         0  anon$$obj.o(Region$$Table)
    __stderr                                 0x20000000   Data           4  stderr.o(.data)
    SystemCoreClock                          0x20000004   Data           4  system_hs32f7d377_cpu1.o(.data.SystemCoreClock)
    gSystickFreq                             0x20000008   Data           1  clock_config.o(.data.gSystickFreq)
    s_mpuRegions                             0x2000000c   Data          56  board.o(.data.s_mpuRegions)
    RxFS                                     0x20000044   Data          24  mcan_ex2_receive.o(.bss.RxFS)
    __stdin                                  0x2000005c   Data          84  hte_debug_console.o(.bss.__stdin)
    __stdout                                 0x200000b0   Data          84  hte_debug_console.o(.bss.__stdout)
    gSystick                                 0x20000104   Data           4  clock_config.o(.bss.gSystick)
    g_clockConfig                            0x20000108   Data          32  clock_config.o(.bss.g_clockConfig)
    loopCnt                                  0x20000128   Data           4  mcan_ex2_receive.o(.bss.loopCnt)
    rxMsg                                    0x2000012c   Data         168  mcan_ex2_receive.o(.bss.rxMsg)
    rxMsg1                                   0x200001d4   Data         168  mcan_ex2_receive.o(.bss.rxMsg1)
    s_uartHandle                             0x200002a8   Data         144  hte_uart.o(.bss.s_uartHandle)
    s_uartISR                                0x20000338   Data          16  hte_uart.o(.bss.s_uartISR)
    Image$$ARM_LIB_STACK$$ZI$$Limit          0x20020000   Number         0  anon$$obj.o ABSOLUTE
    Image$$CLOCK_INFO$$Base                  0x40001fe0   Number         0  anon$$obj.o ABSOLUTE



==============================================================================

Memory Map of the image

  Image Entry point : 0x00300401

  Load Region LR_ROM (Base: 0x00300000, Size: 0x00003bc4, Max: 0x00100000, ABSOLUTE)

    Execution Region ER_ROM (Exec base: 0x00300000, Load base: 0x00300000, Size: 0x00003b80, Max: 0x00100000, ABSOLUTE)

    Exec Addr    Load Addr    Size         Type   Attr      Idx    E Section Name        Object

    0x00300000   0x00300000   0x00000400   Data   RO          849    RESET               startup_hs32f7d377_cpu1_ac6.o
    0x00300400   0x00300400   0x00000000   Code   RO          892  * .ARM.Collect$$$$00000000  mc_w.l(entry.o)
    0x00300400   0x00300400   0x00000004   Code   RO         1247    .ARM.Collect$$$$00000003  mc_w.l(entry4.o)
    0x00300404   0x00300404   0x00000004   Code   RO         1250    .ARM.Collect$$$$00000004  mc_w.l(entry5.o)
    0x00300408   0x00300408   0x00000000   Code   RO         1252    .ARM.Collect$$$$00000008  mc_w.l(entry7b.o)
    0x00300408   0x00300408   0x00000000   Code   RO         1254    .ARM.Collect$$$$0000000A  mc_w.l(entry8b.o)
    0x00300408   0x00300408   0x00000008   Code   RO         1255    .ARM.Collect$$$$0000000B  mc_w.l(entry9a.o)
    0x00300410   0x00300410   0x00000000   Code   RO         1257    .ARM.Collect$$$$0000000D  mc_w.l(entry10a.o)
    0x00300410   0x00300410   0x00000000   Code   RO         1259    .ARM.Collect$$$$0000000F  mc_w.l(entry11a.o)
    0x00300410   0x00300410   0x00000004   Code   RO         1248    .ARM.Collect$$$$00002714  mc_w.l(entry4.o)
    0x00300414   0x00300414   0x0000052c   Code   RO          848    .text               startup_hs32f7d377_cpu1_ac6.o
    0x00300940   0x00300940   0x00000062   Code   RO          898    .text               mc_w.l(uldiv.o)
    0x003009a2   0x003009a2   0x00000028   Code   RO          900    .text               mc_w.l(memcpy.o)
    0x003009ca   0x003009ca   0x00000024   Code   RO          906    .text               mc_w.l(memseta.o)
    0x003009ee   0x003009ee   0x0000002c   Code   RO         1270    .text               mc_w.l(uidiv.o)
    0x00300a1a   0x00300a1a   0x0000001e   Code   RO         1272    .text               mc_w.l(llshl.o)
    0x00300a38   0x00300a38   0x00000020   Code   RO         1274    .text               mc_w.l(llushr.o)
    0x00300a58   0x00300a58   0x00000024   Code   RO         1290    .text               mc_w.l(init.o)
    0x00300a7c   0x00300a7c   0x00000004   PAD
    0x00300a80   0x00300a80   0x00000026   Code   RO           13    .text.ARM_MPU_Disable  board.o
    0x00300aa6   0x00300aa6   0x00000002   PAD
    0x00300aa8   0x00300aa8   0x00000022   Code   RO           17    .text.ARM_MPU_Enable  board.o
    0x00300aca   0x00300aca   0x00000006   PAD
    0x00300ad0   0x00300ad0   0x0000001e   Code   RO           15    .text.ARM_MPU_Load  board.o
    0x00300aee   0x00300aee   0x00000002   PAD
    0x00300af0   0x00300af0   0x0000001e   Code   RO           41    .text.ARM_MPU_OrderedMemcpy  board.o
    0x00300b0e   0x00300b0e   0x00000002   PAD
    0x00300b10   0x00300b10   0x00000080   Code   RO           70    .text.BOARD_clockConfig  clock_config.o
    0x00300b90   0x00300b90   0x00000016   Code   RO           74    .text.BOARD_clockConfigForCPU2  clock_config.o
    0x00300ba6   0x00300ba6   0x00000002   PAD
    0x00300ba8   0x00300ba8   0x0000001a   Code   RO           66    .text.BOARD_clockInfStore  clock_config.o
    0x00300bc2   0x00300bc2   0x00000006   PAD
    0x00300bc8   0x00300bc8   0x0000003e   Code   RO            9    .text.BOARD_debugConsoleInit  board.o
    0x00300c06   0x00300c06   0x00000002   PAD
    0x00300c08   0x00300c08   0x0000001a   Code   RO           27    .text.BOARD_debugConsoleInitForCPU2  board.o
    0x00300c22   0x00300c22   0x00000006   PAD
    0x00300c28   0x00300c28   0x0000000c   Code   RO           23    .text.BOARD_getPeripheralClk  board.o
    0x00300c34   0x00300c34   0x00000004   PAD
    0x00300c38   0x00300c38   0x0000000c   Code   RO          779    .text.BOARD_getPeripheralClk  mcan_ex2_receive.o
    0x00300c44   0x00300c44   0x00000004   PAD
    0x00300c48   0x00300c48   0x00000014   Code   RO            5    .text.BOARD_init    board.o
    0x00300c5c   0x00300c5c   0x00000004   PAD
    0x00300c60   0x00300c60   0x0000000c   Code   RO           11    .text.BOARD_initForCPU2  board.o
    0x00300c6c   0x00300c6c   0x00000004   PAD
    0x00300c70   0x00300c70   0x00000062   Code   RO            7    .text.BOARD_mpuConfig  board.o
    0x00300cd2   0x00300cd2   0x00000006   PAD
    0x00300cd8   0x00300cd8   0x0000008c   Code   RO          151    .text.BOARD_uartPinConfig  pin_config.o
    0x00300d64   0x00300d64   0x00000004   PAD
    0x00300d68   0x00300d68   0x0000003a   Code   RO          204    .text.DEBUG_CONSOLE_HAL_uartInit  hte_debug_console.o
    0x00300da2   0x00300da2   0x00000006   PAD
    0x00300da8   0x00300da8   0x00000008   Code   RO          208    .text.DEBUG_CONSOLE_HAL_uartTransmit  hte_debug_console.o
    0x00300db0   0x00300db0   0x0000007a   Code   RO          202    .text.DEBUG_CONSOLE_init  hte_debug_console.o
    0x00300e2a   0x00300e2a   0x00000006   PAD
    0x00300e30   0x00300e30   0x00000054   Code   RO          313    .text.GPIO_getPort  hte_gpio.o
    0x00300e84   0x00300e84   0x00000004   PAD
    0x00300e88   0x00300e88   0x0000000c   Code   RO          337    .text.GPIO_isPinValid  hte_gpio.o
    0x00300e94   0x00300e94   0x00000004   PAD
    0x00300e98   0x00300e98   0x0000003c   Code   RO          311    .text.GPIO_setMasterCore  hte_gpio.o
    0x00300ed4   0x00300ed4   0x00000004   PAD
    0x00300ed8   0x00300ed8   0x000000a2   Code   RO          327    .text.GPIO_setPadConfig  hte_gpio.o
    0x00300f7a   0x00300f7a   0x00000006   PAD
    0x00300f80   0x00300f80   0x0000004c   Code   RO          325    .text.GPIO_setPinConfig  hte_gpio.o
    0x00300fcc   0x00300fcc   0x00000004   PAD
    0x00300fd0   0x00300fd0   0x00000080   Code   RO          815    .text.GetInputVol   decodecan.o
    0x00301050   0x00301050   0x00000086   Code   RO          811    .text.GetMotorValue  decodecan.o
    0x003010d6   0x003010d6   0x00000002   PAD
    0x003010d8   0x003010d8   0x0000008c   Code   RO          813    .text.GetRpm        decodecan.o
    0x00301164   0x00301164   0x00000004   PAD
    0x00301168   0x00301168   0x0000000e   Code   RO          292    .text.IPC_INT0_DriverHandler  hte_cpu1_ipc.o
    0x00301176   0x00301176   0x00000002   PAD
    0x00301178   0x00301178   0x0000000e   Code   RO          294    .text.IPC_INT1_DriverHandler  hte_cpu1_ipc.o
    0x00301186   0x00301186   0x00000002   PAD
    0x00301188   0x00301188   0x0000000e   Code   RO          296    .text.IPC_INT2_DriverHandler  hte_cpu1_ipc.o
    0x00301196   0x00301196   0x00000002   PAD
    0x00301198   0x00301198   0x0000000e   Code   RO          298    .text.IPC_INT3_DriverHandler  hte_cpu1_ipc.o
    0x003011a6   0x003011a6   0x00000002   PAD
    0x003011a8   0x003011a8   0x0000000a   Code   RO          133    .text.IPC_ackFlagRtoL  hte_cpu1_ipc_com.o
    0x003011b2   0x003011b2   0x00000006   PAD
    0x003011b8   0x003011b8   0x0000001e   Code   RO          135    .text.IPC_comInit   hte_cpu1_ipc_com.o
    0x003011d6   0x003011d6   0x00000002   PAD
    0x003011d8   0x003011d8   0x00000018   Code   RO          290    .text.IPC_handlerIRQ  hte_cpu1_ipc.o
    0x003011f0   0x003011f0   0x00000038   Code   RO          278    .text.IPC_readCommand  hte_cpu1_ipc.o
    0x00301228   0x00301228   0x0000006c   Code   RO          280    .text.IPC_registerCallback  hte_cpu1_ipc.o
    0x00301294   0x00301294   0x00000004   PAD
    0x00301298   0x00301298   0x0000000a   Code   RO          131    .text.IPC_sendResponse  hte_cpu1_ipc_com.o
    0x003012a2   0x003012a2   0x00000006   PAD
    0x003012a8   0x003012a8   0x00000016   Code   RO          486    .text.MCANA_INT0_DriverHandler  hte_mcan.o
    0x003012be   0x003012be   0x00000002   PAD
    0x003012c0   0x003012c0   0x00000016   Code   RO          488    .text.MCANA_INT1_DriverHandler  hte_mcan.o
    0x003012d6   0x003012d6   0x00000002   PAD
    0x003012d8   0x003012d8   0x00000018   Code   RO          490    .text.MCANB_INT0_DriverHandler  hte_mcan.o
    0x003012f0   0x003012f0   0x00000018   Code   RO          492    .text.MCANB_INT1_DriverHandler  hte_mcan.o
    0x00301308   0x00301308   0x00000018   Code   RO          494    .text.MCANC_INT0_DriverHandler  hte_mcan.o
    0x00301320   0x00301320   0x00000018   Code   RO          496    .text.MCANC_INT1_DriverHandler  hte_mcan.o
    0x00301338   0x00301338   0x0000014a   Code   RO          785    .text.MCANConfig    mcan_ex2_receive.o
    0x00301482   0x00301482   0x00000006   PAD
    0x00301488   0x00301488   0x0000002a   Code   RO          368    .text.MCAN_MsgRamInit  hte_mcan.o
    0x003014b2   0x003014b2   0x00000006   PAD
    0x003014b8   0x003014b8   0x00000052   Code   RO          412    .text.MCAN_addStdMsgIDFilter  hte_mcan.o
    0x0030150a   0x0030150a   0x00000006   PAD
    0x00301510   0x00301510   0x00000036   Code   RO          400    .text.MCAN_clearNewDataStatus  hte_mcan.o
    0x00301546   0x00301546   0x00000002   PAD
    0x00301548   0x00301548   0x000000de   Code   RO          380    .text.MCAN_config   hte_mcan.o
    0x00301626   0x00301626   0x00000002   PAD
    0x00301628   0x00301628   0x0000006c   Code   RO          498    .text.MCAN_getDataSize  hte_mcan.o
    0x00301694   0x00301694   0x00000004   PAD
    0x00301698   0x00301698   0x00000028   Code   RO          392    .text.MCAN_getMsgObjSize  hte_mcan.o
    0x003016c0   0x003016c0   0x0000002c   Code   RO          366    .text.MCAN_getOpMode  hte_mcan.o
    0x003016ec   0x003016ec   0x00000004   PAD
    0x003016f0   0x003016f0   0x00000024   Code   RO          390    .text.MCAN_getRamBase  hte_mcan.o
    0x00301714   0x00301714   0x00000004   PAD
    0x00301718   0x00301718   0x00000050   Code   RO          454    .text.MCAN_getRevisionId  hte_mcan.o
    0x00301768   0x00301768   0x0000005c   Code   RO          436    .text.MCAN_getRxFIFOStatus  hte_mcan.o
    0x003017c4   0x003017c4   0x00000004   PAD
    0x003017c8   0x003017c8   0x0000002a   Code   RO          440    .text.MCAN_getTxBufReqPend  hte_mcan.o
    0x003017f2   0x003017f2   0x00000006   PAD
    0x003017f8   0x003017f8   0x0000001e   Code   RO          484    .text.MCAN_handlerIRQ  hte_mcan.o
    0x00301816   0x00301816   0x00000002   PAD
    0x00301818   0x00301818   0x000000c2   Code   RO          374    .text.MCAN_init     hte_mcan.o
    0x003018da   0x003018da   0x00000006   PAD
    0x003018e0   0x003018e0   0x00000024   Code   RO          364    .text.MCAN_isBaseValid  hte_mcan.o
    0x00301904   0x00301904   0x00000004   PAD
    0x00301908   0x00301908   0x0000019a   Code   RO          384    .text.MCAN_msgRAMConfig  hte_mcan.o
    0x00301aa2   0x00301aa2   0x00000006   PAD
    0x00301aa8   0x00301aa8   0x00000028   Code   RO          781    .text.MCAN_pinMux   mcan_ex2_receive.o
    0x00301ad0   0x00301ad0   0x00000128   Code   RO          404    .text.MCAN_readMsg  hte_mcan.o
    0x00301bf8   0x00301bf8   0x000000fa   Code   RO          402    .text.MCAN_readMsgRam  hte_mcan.o
    0x00301cf2   0x00301cf2   0x00000006   PAD
    0x00301cf8   0x00301cf8   0x000000ec   Code   RO          382    .text.MCAN_setBitTime  hte_mcan.o
    0x00301de4   0x00301de4   0x00000004   PAD
    0x00301de8   0x00301de8   0x00000030   Code   RO          362    .text.MCAN_setOpMode  hte_mcan.o
    0x00301e18   0x00301e18   0x0000001e   Code   RO          783    .text.MCAN_setPclkEnable  mcan_ex2_receive.o
    0x00301e36   0x00301e36   0x00000002   PAD
    0x00301e38   0x00301e38   0x00000048   Code   RO          396    .text.MCAN_txBufAddReq  hte_mcan.o
    0x00301e80   0x00301e80   0x00000110   Code   RO          394    .text.MCAN_writeMsg  hte_mcan.o
    0x00301f90   0x00301f90   0x00000080   Code   RO          388    .text.MCAN_writeMsgRam  hte_mcan.o
    0x00302010   0x00302010   0x0000002e   Code   RO          378    .text.MCAN_writeProtectedRegAccessLock  hte_mcan.o
    0x0030203e   0x0030203e   0x00000002   PAD
    0x00302040   0x00302040   0x0000002e   Code   RO          376    .text.MCAN_writeProtectedRegAccessUnlock  hte_mcan.o
    0x0030206e   0x0030206e   0x00000002   PAD
    0x00302070   0x00302070   0x0000006a   Code   RO          406    .text.MCAN_writeRxFIFOAck  hte_mcan.o
    0x003020da   0x003020da   0x00000006   PAD
    0x003020e0   0x003020e0   0x000000ac   Code   RO          265    .text.SDK_dwtDelay  hte_common.o
    0x0030218c   0x0030218c   0x00000004   PAD
    0x00302190   0x00302190   0x0000001a   Code   RO          615    .text.SYSCTRL_bypassAuxPLLPi  hte_sysctrl.o
    0x003021aa   0x003021aa   0x00000006   PAD
    0x003021b0   0x003021b0   0x0000001a   Code   RO          589    .text.SYSCTRL_bypassPLLPi  hte_sysctrl.o
    0x003021ca   0x003021ca   0x00000006   PAD
    0x003021d0   0x003021d0   0x00000012   Code   RO           21    .text.SYSCTRL_enablePeripheral  board.o
    0x003021e2   0x003021e2   0x00000006   PAD
    0x003021e8   0x003021e8   0x00000020   Code   RO          787    .text.SYSCTRL_enablePeripheral  mcan_ex2_receive.o
    0x00302208   0x00302208   0x00000010   Code   RO          535    .text.SYSCTRL_gelAuxClkSrc  hte_sysctrl.o
    0x00302218   0x00302218   0x00000010   Code   RO          549    .text.SYSCTRL_getAuxClkDivSel  hte_sysctrl.o
    0x00302228   0x00302228   0x0000009c   Code   RO          533    .text.SYSCTRL_getAuxClock  hte_sysctrl.o
    0x003022c4   0x003022c4   0x00000004   PAD
    0x003022c8   0x003022c8   0x00000010   Code   RO          541    .text.SYSCTRL_getAuxPLLCkRefSel  hte_sysctrl.o
    0x003022d8   0x003022d8   0x00000010   Code   RO          539    .text.SYSCTRL_getAuxPLLClkEn  hte_sysctrl.o
    0x003022e8   0x003022e8   0x00000010   Code   RO          543    .text.SYSCTRL_getAuxPLLClkRefDiv  hte_sysctrl.o
    0x003022f8   0x003022f8   0x00000010   Code   RO          537    .text.SYSCTRL_getAuxPLLEn  hte_sysctrl.o
    0x00302308   0x00302308   0x00000010   Code   RO          547    .text.SYSCTRL_getAuxPLLFcwSsc  hte_sysctrl.o
    0x00302318   0x00302318   0x00000010   Code   RO          545    .text.SYSCTRL_getAuxPLLFcwSscDecPoint  hte_sysctrl.o
    0x00302328   0x00302328   0x00000010   Code   RO          617    .text.SYSCTRL_getAuxPLLLockStatus  hte_sysctrl.o
    0x00302338   0x00302338   0x00000010   Code   RO          372    .text.SYSCTRL_getCANSramInitDone  hte_mcan.o
    0x00302348   0x00302348   0x000000cc   Code   RO          511    .text.SYSCTRL_getClock  hte_sysctrl.o
    0x00302414   0x00302414   0x00000004   PAD
    0x00302418   0x00302418   0x00000010   Code   RO           78    .text.SYSCTRL_getMsgramInitDone  clock_config.o
    0x00302428   0x00302428   0x00000010   Code   RO          137    .text.SYSCTRL_getMsgramInitDone  hte_cpu1_ipc_com.o
    0x00302438   0x00302438   0x00000010   Code   RO          515    .text.SYSCTRL_getOscClkSrc  hte_sysctrl.o
    0x00302448   0x00302448   0x00000010   Code   RO          521    .text.SYSCTRL_getPLLCkRefSel  hte_sysctrl.o
    0x00302458   0x00302458   0x00000010   Code   RO          519    .text.SYSCTRL_getPLLClkEn  hte_sysctrl.o
    0x00302468   0x00302468   0x00000010   Code   RO          523    .text.SYSCTRL_getPLLClkRefDiv  hte_sysctrl.o
    0x00302478   0x00302478   0x00000010   Code   RO          517    .text.SYSCTRL_getPLLEn  hte_sysctrl.o
    0x00302488   0x00302488   0x00000010   Code   RO          527    .text.SYSCTRL_getPLLFcwSsc  hte_sysctrl.o
    0x00302498   0x00302498   0x00000010   Code   RO          525    .text.SYSCTRL_getPLLFcwSscDecPoint  hte_sysctrl.o
    0x003024a8   0x003024a8   0x00000010   Code   RO          591    .text.SYSCTRL_getPLLLockStatus  hte_sysctrl.o
    0x003024b8   0x003024b8   0x00000010   Code   RO          529    .text.SYSCTRL_getPLLPi  hte_sysctrl.o
    0x003024c8   0x003024c8   0x00000010   Code   RO          531    .text.SYSCTRL_getSysClkDivSel  hte_sysctrl.o
    0x003024d8   0x003024d8   0x00000012   Code   RO          370    .text.SYSCTRL_initCANSram  hte_mcan.o
    0x003024ea   0x003024ea   0x00000006   PAD
    0x003024f0   0x003024f0   0x00000012   Code   RO           76    .text.SYSCTRL_initMsgram  clock_config.o
    0x00302502   0x00302502   0x00000006   PAD
    0x00302508   0x00302508   0x00000010   Code   RO          513    .text.SYSCTRL_isMCDClockFailureDetected  hte_sysctrl.o
    0x00302518   0x00302518   0x0000001a   Code   RO          601    .text.SYSCTRL_resetAuxPLL  hte_sysctrl.o
    0x00302532   0x00302532   0x00000006   PAD
    0x00302538   0x00302538   0x00000012   Code   RO          557    .text.SYSCTRL_resetMCD  hte_sysctrl.o
    0x0030254a   0x0030254a   0x00000006   PAD
    0x00302550   0x00302550   0x0000001a   Code   RO          575    .text.SYSCTRL_resetPLL  hte_sysctrl.o
    0x0030256a   0x0030256a   0x00000006   PAD
    0x00302570   0x00302570   0x00000012   Code   RO          565    .text.SYSCTRL_selAuxClkSrc  hte_sysctrl.o
    0x00302582   0x00302582   0x00000006   PAD
    0x00302588   0x00302588   0x00000012   Code   RO          555    .text.SYSCTRL_selOscClkSrc  hte_sysctrl.o
    0x0030259a   0x0030259a   0x00000006   PAD
    0x003025a0   0x003025a0   0x00000028   Code   RO           19    .text.SYSCTRL_selectCPUForPeripheral  board.o
    0x003025c8   0x003025c8   0x00000056   Code   RO          559    .text.SYSCTRL_selectOscSource  hte_sysctrl.o
    0x0030261e   0x0030261e   0x00000002   PAD
    0x00302620   0x00302620   0x0000004a   Code   RO          551    .text.SYSCTRL_selectXTAL  hte_sysctrl.o
    0x0030266a   0x0030266a   0x00000006   PAD
    0x00302670   0x00302670   0x0000000c   Code   RO          595    .text.SYSCTRL_setAuxClkDivSel  hte_sysctrl.o
    0x0030267c   0x0030267c   0x00000004   PAD
    0x00302680   0x00302680   0x00000154   Code   RO          593    .text.SYSCTRL_setAuxClock  hte_sysctrl.o
    0x003027d4   0x003027d4   0x00000004   PAD
    0x003027d8   0x003027d8   0x0000001a   Code   RO          607    .text.SYSCTRL_setAuxPLLCkRefSel  hte_sysctrl.o
    0x003027f2   0x003027f2   0x00000006   PAD
    0x003027f8   0x003027f8   0x00000018   Code   RO          597    .text.SYSCTRL_setAuxPLLClkEn  hte_sysctrl.o
    0x00302810   0x00302810   0x0000001e   Code   RO          609    .text.SYSCTRL_setAuxPLLClkRefDiv  hte_sysctrl.o
    0x0030282e   0x0030282e   0x00000002   PAD
    0x00302830   0x00302830   0x00000018   Code   RO          603    .text.SYSCTRL_setAuxPLLEn  hte_sysctrl.o
    0x00302848   0x00302848   0x00000012   Code   RO          613    .text.SYSCTRL_setAuxPLLFcwSsc  hte_sysctrl.o
    0x0030285a   0x0030285a   0x00000006   PAD
    0x00302860   0x00302860   0x00000014   Code   RO          611    .text.SYSCTRL_setAuxPLLFcwSscDecPoint  hte_sysctrl.o
    0x00302874   0x00302874   0x00000004   PAD
    0x00302878   0x00302878   0x0000001a   Code   RO          599    .text.SYSCTRL_setAuxPLLHighFreqBand  hte_sysctrl.o
    0x00302892   0x00302892   0x00000006   PAD
    0x00302898   0x00302898   0x0000001a   Code   RO          605    .text.SYSCTRL_setAuxPLLLDOEn  hte_sysctrl.o
    0x003028b2   0x003028b2   0x00000006   PAD
    0x003028b8   0x003028b8   0x00000160   Code   RO          567    .text.SYSCTRL_setClock  hte_sysctrl.o
    0x00302a18   0x00302a18   0x0000001a   Code   RO          581    .text.SYSCTRL_setPLLCkRefSel  hte_sysctrl.o
    0x00302a32   0x00302a32   0x00000006   PAD
    0x00302a38   0x00302a38   0x00000012   Code   RO           72    .text.SYSCTRL_setPLLClkEn  clock_config.o
    0x00302a4a   0x00302a4a   0x00000006   PAD
    0x00302a50   0x00302a50   0x00000018   Code   RO          571    .text.SYSCTRL_setPLLClkEn  hte_sysctrl.o
    0x00302a68   0x00302a68   0x0000001e   Code   RO          583    .text.SYSCTRL_setPLLClkRefDiv  hte_sysctrl.o
    0x00302a86   0x00302a86   0x00000002   PAD
    0x00302a88   0x00302a88   0x00000018   Code   RO          577    .text.SYSCTRL_setPLLEn  hte_sysctrl.o
    0x00302aa0   0x00302aa0   0x00000012   Code   RO          587    .text.SYSCTRL_setPLLFcwSsc  hte_sysctrl.o
    0x00302ab2   0x00302ab2   0x00000006   PAD
    0x00302ab8   0x00302ab8   0x00000014   Code   RO          585    .text.SYSCTRL_setPLLFcwSscDecPoint  hte_sysctrl.o
    0x00302acc   0x00302acc   0x00000004   PAD
    0x00302ad0   0x00302ad0   0x0000001a   Code   RO          573    .text.SYSCTRL_setPLLHighFreqBand  hte_sysctrl.o
    0x00302aea   0x00302aea   0x00000006   PAD
    0x00302af0   0x00302af0   0x0000001a   Code   RO          579    .text.SYSCTRL_setPLLLDOEn  hte_sysctrl.o
    0x00302b0a   0x00302b0a   0x00000006   PAD
    0x00302b10   0x00302b10   0x0000000c   Code   RO          569    .text.SYSCTRL_setSysClkDivSel  hte_sysctrl.o
    0x00302b1c   0x00302b1c   0x00000004   PAD
    0x00302b20   0x00302b20   0x00000012   Code   RO          561    .text.SYSCTRL_turnOffOsc  hte_sysctrl.o
    0x00302b32   0x00302b32   0x00000006   PAD
    0x00302b38   0x00302b38   0x00000022   Code   RO          553    .text.SYSCTRL_turnOnOsc  hte_sysctrl.o
    0x00302b5a   0x00302b5a   0x00000006   PAD
    0x00302b60   0x00302b60   0x00000064   Code   RO          819    .text.SetDuty       decodecan.o
    0x00302bc4   0x00302bc4   0x00000004   PAD
    0x00302bc8   0x00302bc8   0x0000002e   Code   RO          817    .text.SetDutyClr    decodecan.o
    0x00302bf6   0x00302bf6   0x00000002   PAD
    0x00302bf8   0x00302bf8   0x00000064   Code   RO          821    .text.SetI          decodecan.o
    0x00302c5c   0x00302c5c   0x00000004   PAD
    0x00302c60   0x00302c60   0x0000001e   Code   RO           52    .text.SysTick_DriverHandler  clock_config.o
    0x00302c7e   0x00302c7e   0x00000002   PAD
    0x00302c80   0x00302c80   0x00000012   Code   RO          245    .text.SystemInit    system_hs32f7d377_cpu1.o
    0x00302c92   0x00302c92   0x00000006   PAD
    0x00302c98   0x00302c98   0x00000024   Code   RO          715    .text.UARTA_DriverHandler  hte_uart.o
    0x00302cbc   0x00302cbc   0x00000004   PAD
    0x00302cc0   0x00302cc0   0x0000002a   Code   RO          717    .text.UARTB_DriverHandler  hte_uart.o
    0x00302cea   0x00302cea   0x00000006   PAD
    0x00302cf0   0x00302cf0   0x0000002a   Code   RO          719    .text.UARTC_DriverHandler  hte_uart.o
    0x00302d1a   0x00302d1a   0x00000006   PAD
    0x00302d20   0x00302d20   0x0000002a   Code   RO          721    .text.UARTD_DriverHandler  hte_uart.o
    0x00302d4a   0x00302d4a   0x00000006   PAD
    0x00302d50   0x00302d50   0x00000026   Code   RO          651    .text.UART_disableFIFOAccess  hte_uart.o
    0x00302d76   0x00302d76   0x00000002   PAD
    0x00302d78   0x00302d78   0x00000026   Code   RO          653    .text.UART_disableLoopback  hte_uart.o
    0x00302d9e   0x00302d9e   0x00000002   PAD
    0x00302da0   0x00302da0   0x00000036   Code   RO          643    .text.UART_getDefaultConfig  hte_uart.o
    0x00302dd6   0x00302dd6   0x00000002   PAD
    0x00302dd8   0x00302dd8   0x0000004c   Code   RO          805    .text.UART_getLineStatus  decodecan.o
    0x00302e24   0x00302e24   0x00000004   PAD
    0x00302e28   0x00302e28   0x00000024   Code   RO          723    .text.UART_getTxFIFOLevel  hte_uart.o
    0x00302e4c   0x00302e4c   0x00000004   PAD
    0x00302e50   0x00302e50   0x0000002a   Code   RO          655    .text.UART_haltTransmit  hte_uart.o
    0x00302e7a   0x00302e7a   0x00000006   PAD
    0x00302e80   0x00302e80   0x000000b4   Code   RO          645    .text.UART_init     hte_uart.o
    0x00302f34   0x00302f34   0x00000004   PAD
    0x00302f38   0x00302f38   0x00000024   Code   RO          647    .text.UART_isBusy   hte_uart.o
    0x00302f5c   0x00302f5c   0x00000004   PAD
    0x00302f60   0x00302f60   0x00000026   Code   RO          675    .text.UART_isFIFOEnabled  hte_uart.o
    0x00302f86   0x00302f86   0x00000002   PAD
    0x00302f88   0x00302f88   0x0000003e   Code   RO          667    .text.UART_isSpaceAvailable  hte_uart.o
    0x00302fc6   0x00302fc6   0x00000002   PAD
    0x00302fc8   0x00302fc8   0x00000024   Code   RO          725    .text.UART_isTransmitHoldingEmpty  hte_uart.o
    0x00302fec   0x00302fec   0x00000004   PAD
    0x00302ff0   0x00302ff0   0x00000024   Code   RO          669    .text.UART_isTransmitRegisterEmpty  hte_uart.o
    0x00303014   0x00303014   0x00000004   PAD
    0x00303018   0x00303018   0x000000f0   Code   RO          649    .text.UART_setBaudRate  hte_uart.o
    0x00303108   0x00303108   0x0000007c   Code   RO          665    .text.UART_writeDataBlocking  hte_uart.o
    0x00303184   0x00303184   0x00000004   PAD
    0x00303188   0x00303188   0x00000020   Code   RO          284    .text.__NVIC_EnableIRQ  hte_cpu1_ipc.o
    0x003031a8   0x003031a8   0x00000022   Code   RO          282    .text.__NVIC_SetPriority  hte_cpu1_ipc.o
    0x003031ca   0x003031ca   0x00000006   PAD
    0x003031d0   0x003031d0   0x00000068   Code   RO          193    .text.__aeabi_assert  hte_assert.o
    0x00303238   0x00303238   0x00000020   Code   RO          807    .text.backCanStandID  decodecan.o
    0x00303258   0x00303258   0x00000078   Code   RO          129    .text.cpu1_ipc_com_irq_handler  hte_cpu1_ipc_com.o
    0x003032d0   0x003032d0   0x00000032   Code   RO          839    .text.crc16         crc.o
    0x00303302   0x00303302   0x00000006   PAD
    0x00303308   0x00303308   0x00000058   Code   RO          809    .text.decodeInst    decodecan.o
    0x00303360   0x00303360   0x0000002e   Code   RO          228    .text.fputc         hte_debug_console.o
    0x0030338e   0x0030338e   0x00000002   PAD
    0x00303390   0x00303390   0x000000b8   Code   RO          803    .text.mUART_readDataBlocking  decodecan.o
    0x00303448   0x00303448   0x00000164   Code   RO          777    .text.main          mcan_ex2_receive.o
    0x003035ac   0x003035ac   0x00000020   Code   RO         1001    i.__0printf$3       mc_w.l(printf3.o)
    0x003035cc   0x003035cc   0x0000000e   Code   RO         1298    i.__scatterload_copy  mc_w.l(handlers.o)
    0x003035da   0x003035da   0x00000002   Code   RO         1299    i.__scatterload_null  mc_w.l(handlers.o)
    0x003035dc   0x003035dc   0x0000000e   Code   RO         1300    i.__scatterload_zeroinit  mc_w.l(handlers.o)
    0x003035ea   0x003035ea   0x00000002   PAD
    0x003035ec   0x003035ec   0x000001b8   Code   RO         1008    i._printf_core      mc_w.l(printf3.o)
    0x003037a4   0x003037a4   0x00000014   Data   RO          829    .rodata..L__const.GetInputVol.dataBuf  decodecan.o
    0x003037b8   0x003037b8   0x00000014   Data   RO          828    .rodata..L__const.GetRpm.dataBuf  decodecan.o
    0x003037cc   0x003037cc   0x00000200   Data   RO          841    .rodata.crc16_tab   crc.o
    0x003039cc   0x003039cc   0x00000008   Data   RO          302    .rodata.cst8        hte_cpu1_ipc.o
    0x003039d4   0x003039d4   0x00000045   Data   RO          267    .rodata.str1.1      hte_common.o
    0x00303a19   0x00303a19   0x00000049   Data   RO          300    .rodata.str1.1      hte_cpu1_ipc.o
    0x00303a62   0x00303a62   0x00000015   Data   RO          353    .rodata.str1.1      hte_gpio.o
    0x00303a77   0x00303a77   0x0000006b   Data   RO          500    .rodata.str1.1      hte_mcan.o
    0x00303ae2   0x00303ae2   0x0000006b   Data   RO          748    .rodata.str1.1      hte_uart.o
    0x00303b4d   0x00303b4d   0x00000012   Data   RO          827    .rodata.str1.1      decodecan.o
    0x00303b5f   0x00303b5f   0x00000001   PAD
    0x00303b60   0x00303b60   0x00000020   Data   RO         1297    Region$$Table       anon$$obj.o


    Execution Region RW_RAM (Exec base: 0x20000000, Load base: 0x00303b80, Size: 0x00000348, Max: 0x0001f200, ABSOLUTE)

    Exec Addr    Load Addr    Size         Type   Attr      Idx    E Section Name        Object

    0x20000000   0x00303b80   0x00000004   Data   RW          897    .data               mc_w.l(stderr.o)
    0x20000004   0x00303b84   0x00000004   Data   RW          249    .data.SystemCoreClock  system_hs32f7d377_cpu1.o
    0x20000008   0x00303b88   0x00000001   Data   RW          119    .data.gSystickFreq  clock_config.o
    0x20000009   0x00303b89   0x00000003   PAD
    0x2000000c   0x00303b8c   0x00000038   Data   RW           43    .data.s_mpuRegions  board.o
    0x20000044        -       0x00000018   Zero   RW          792    .bss.RxFS           mcan_ex2_receive.o
    0x2000005c        -       0x00000054   Zero   RW          232    .bss.__stdin        hte_debug_console.o
    0x200000b0        -       0x00000054   Zero   RW          233    .bss.__stdout       hte_debug_console.o
    0x20000104        -       0x00000004   Zero   RW          118    .bss.gSystick       clock_config.o
    0x20000108        -       0x00000020   Zero   RW          120    .bss.g_clockConfig  clock_config.o
    0x20000128        -       0x00000004   Zero   RW          790    .bss.loopCnt        mcan_ex2_receive.o
    0x2000012c        -       0x000000a8   Zero   RW          791    .bss.rxMsg          mcan_ex2_receive.o
    0x200001d4        -       0x000000a8   Zero   RW          793    .bss.rxMsg1         mcan_ex2_receive.o
    0x2000027c        -       0x00000004   Zero   RW          234    .bss.s_debugConsole.0  hte_debug_console.o
    0x20000280        -       0x00000010   Zero   RW          301    .bss.s_ipcISR       hte_cpu1_ipc.o
    0x20000290        -       0x00000018   Zero   RW          501    .bss.s_mcanISR      hte_mcan.o
    0x200002a8        -       0x00000090   Zero   RW          749    .bss.s_uartHandle   hte_uart.o
    0x20000338        -       0x00000010   Zero   RW          747    .bss.s_uartISR      hte_uart.o


    Execution Region ARM_LIB_HEAP (Exec base: 0x20000348, Load base: 0x00303bc4, Size: 0x00000c00, Max: 0x00000c00, ABSOLUTE)

    Exec Addr    Load Addr    Size         Type   Attr      Idx    E Section Name        Object

    0x20000348        -       0x00000c00   Zero   RW            1    ARM_LIB_HEAP.bss    anon$$obj.o


    Execution Region ARM_LIB_STACK (Exec base: 0x2001fe00, Load base: 0x00303bc4, Size: 0x00000200, Max: 0x00000200, ABSOLUTE)

    Exec Addr    Load Addr    Size         Type   Attr      Idx    E Section Name        Object

    0x2001fe00        -       0x00000200   Zero   RW            2    ARM_LIB_STACK.bss   anon$$obj.o


    Execution Region CLOCK_INFO (Exec base: 0x40001fe0, Load base: 0x00303bc4, Size: 0x00000020, Max: 0x00000020, ABSOLUTE)

    Exec Addr    Load Addr    Size         Type   Attr      Idx    E Section Name        Object

    0x40001fe0        -       0x00000020   Zero   RW            3    CLOCK_INFO.bss      anon$$obj.o


==============================================================================

Image component sizes


      Code (inc. data)   RO Data    RW Data    ZI Data      Debug   Object Name

       420          0          0         56          0      60345   board.o
       258          0          0          1         36     169927   clock_config.o
        50          0        512          0          0        972   crc.o
      1028         56         58          0          0       8939   decodecan.o
       104         64          0          0          0        763   hte_assert.o
       172         40         69          0          0       2996   hte_common.o
       310          8         81          0         16      15112   hte_cpu1_ipc.o
       186          0          0          0          0      13226   hte_cpu1_ipc_com.o
       234          0          0          0        172      10024   hte_debug_console.o
       394         48         21          0          0      19156   hte_gpio.o
      3186        148        107          0         24      52975   hte_mcan.o
      2154          8          0          0          0      37820   hte_sysctrl.o
      1122         36        107          0        160      30273   hte_uart.o
       800          0          0          0        364      23937   mcan_ex2_receive.o
       140         64          0          0          0     117316   pin_config.o
      1324        656       1024          0          0       5635   startup_hs32f7d377_cpu1_ac6.o
        18          0          0          4          0       2262   system_hs32f7d377_cpu1.o

    ----------------------------------------------------------------------
     12376       1156       2012         64       4388     571678   Object Totals
         0          0         32          0       3616          0   (incl. Generated)
       476         28          1          3          0          0   (incl. Padding)

    ----------------------------------------------------------------------

      Code (inc. data)   RO Data    RW Data    ZI Data      Debug   Library Member Name

         0          0          0          0          0          0   entry.o
         0          0          0          0          0          0   entry10a.o
         0          0          0          0          0          0   entry11a.o
         8          4          0          0          0          0   entry4.o
         4          0          0          0          0          0   entry5.o
         0          0          0          0          0          0   entry7b.o
         0          0          0          0          0          0   entry8b.o
         8          4          0          0          0          0   entry9a.o
        30          0          0          0          0          0   handlers.o
        36          8          0          0          0         68   init.o
        30          0          0          0          0         68   llshl.o
        32          0          0          0          0         68   llushr.o
        40          0          0          0          0         76   memcpy.o
        36          0          0          0          0        108   memseta.o
       472         14          0          0          0        184   printf3.o
         0          0          0          4          0          0   stderr.o
        44          0          0          0          0         80   uidiv.o
        98          0          0          0          0         92   uldiv.o

    ----------------------------------------------------------------------
       844         34          0          4          0        744   Library Totals
         6          4          0          0          0          0   (incl. Padding)

    ----------------------------------------------------------------------

      Code (inc. data)   RO Data    RW Data    ZI Data      Debug   Library Name

       838         30          0          4          0        744   mc_w.l

    ----------------------------------------------------------------------
       844         34          0          4          0        744   Library Totals

    ----------------------------------------------------------------------

==============================================================================


      Code (inc. data)   RO Data    RW Data    ZI Data      Debug   

     13220       1190       2012         68       4388     572014   Grand Totals
     13220       1190       2012         68       4388     572014   ELF Image Totals
     13220       1190       2012         68          0          0   ROM Totals

==============================================================================

    Total RO  Size (Code + RO Data)                15232 (  14.88kB)
    Total RW  Size (RW Data + ZI Data)              4456 (   4.35kB)
    Total ROM Size (Code + RO Data + RW Data)      15300 (  14.94kB)

==============================================================================

