<html>
<body>
<pre>
<h1>µVision Build Log</h1>
<h2>Tool Versions:</h2>
IDE-Version: ¦ÌVision V5.36.0.0
Copyright (C) 2021 ARM Ltd and ARM Germany GmbH. All rights reserved.
License Information: wfl wfl, dctek, LIC=14HV2-9WQ7X-63LMB-28XQD-YNS0F-TJAI2
 
Tool Versions:
Toolchain:       MDK-ARM Plus  Version: 5.36.0.0
Toolchain Path:  E:\tool\mdk\ARM\ARMCLANG\Bin
C Compiler:      ArmClang.exe V6.16
Assembler:       Armasm.exe V6.16
Linker/Locator:  ArmLink.exe V6.16
Library Manager: ArmAr.exe V6.16
Hex Converter:   FromElf.exe V6.16
CPU DLL:         SARMCM3.DLL V5.36.0.0
Dialog DLL:      DCM.DLL V1.17.3.0
Target DLL:      Segger\JL2CM3.dll V2.99.40.0
Dialog DLL:      TCM.DLL V1.53.0.0
 
<h2>Project:</h2>
E:\IC\HT\SDK\HS32F7D377_RELEASE_1.0.0\examples\evb_hs32f7d377\driver_examples\uart\polling\ARM\cpu1\uart_polling_cpu1.uvprojx
Project File Date:  10/18/2024

<h2>Output:</h2>
*** Using Compiler 'V6.16', folder: 'E:\tool\mdk\ARM\ARMCLANG\Bin'
Build Project 'uart_polling_cpu1' - Target 'uart_polling_cpu1_itcm_debug'
compiling system_HS32F7D377_cpu1.c...
compiling hte_xbar.c...
compiling pin_config.c...
compiling board.c...
compiling hte_debug_console.c...
compiling hte_common.c...
compiling clock_config.c...
compiling hte_assert.c...
compiling hte_gpio.c...
compiling hte_uart.c...
compiling hte_sysctrl.c...
compiling uart_polling.c...
assembling startup_HS32F7D377_cpu1_ac6.S...
linking...
Program Size: Code=7832 RO-data=1340 RW-data=68 ZI-data=3984  
".\build\uart_polling_cpu1.axf" - 0 Error(s), 0 Warning(s).

<h2>Software Packages used:</h2>

Package Vendor: Watech
                https://www.huatai-elec.com/products/soc/soc-mcu/Watech.HS32F7D377_DFP.1.0.0-alpa.3.pack
                Watech.HS32F7D377_DFP.1.0.0-alpa.3
                HS32F7D377 Dual ARM Cortex-M7 Core Microcontrollers Device Family Pack

<h2>Collection of Component include folders:</h2>
  E:\tool\mdk\Watech\HS32F7D377_DFP\1.0.0-alpa.3\devices\HS32F7D377

<h2>Collection of Component Files used:</h2>
Build Time Elapsed:  00:00:01
</pre>
</body>
</html>
