<!doctype html public "-//w3c//dtd html 4.0 transitional//en">
<html><head>
<title>Static Call Graph - [.\build\hello_world_cpu1.axf]</title></head>
<body><HR>
<H1>Static Call Graph for image .\build\hello_world_cpu1.axf</H1><HR>
<BR><P>#&#060CALLGRAPH&#062# ARM Linker, 6160001: Last Updated: Tue Oct 15 17:07:55 2024
<BR><P>
<H3>Maximum Stack Usage =        144 bytes + Unknown(Functions without stacksize, Cycles, Untraceable Function Pointers)</H3><H3>
Call chain for Maximum Stack Depth:</H3>
main &rArr; BOARD_init &rArr; BOARD_debugConsoleInit &rArr; DEBUG_CONSOLE_init &rArr; DEBUG_CONSOLE_HAL_uartInit &rArr; UART_init &rArr; UART_setBaudRate &rArr; UART_isBusy &rArr; __aeabi_assert &rArr; __2printf
<P>
<H3>
Functions with no stack information
</H3><UL>
 <LI><a href="#[0]">Reset_Handler</a>
 <LI><a href="#[1]">NMI_Handler</a>
 <LI><a href="#[2]">HardFault_Handler</a>
 <LI><a href="#[3]">MemManage_Handler</a>
 <LI><a href="#[4]">BusFault_Handler</a>
 <LI><a href="#[5]">UsageFault_Handler</a>
 <LI><a href="#[6]">SVC_Handler</a>
 <LI><a href="#[7]">DebugMon_Handler</a>
 <LI><a href="#[8]">PendSV_Handler</a>
 <LI><a href="#[9]">SysTick_Handler</a>
 <LI><a href="#[a]">WDT_Handler</a>
 <LI><a href="#[b]">CPUTIMER0_Handler</a>
 <LI><a href="#[c]">CPUTIMER1_Handler</a>
 <LI><a href="#[d]">CPUTIMER2_Handler</a>
 <LI><a href="#[e]">DWTIMER_CH0_Handler</a>
 <LI><a href="#[f]">DWTIMER_CH1_Handler</a>
 <LI><a href="#[10]">DWTIMER_CH2_Handler</a>
 <LI><a href="#[11]">IPC_INT0_Handler</a>
 <LI><a href="#[12]">IPC_INT1_Handler</a>
 <LI><a href="#[13]">IPC_INT2_Handler</a>
 <LI><a href="#[14]">IPC_INT3_Handler</a>
 <LI><a href="#[15]">ADCA_EVT_Handler</a>
 <LI><a href="#[16]">ADCB_EVT_Handler</a>
 <LI><a href="#[17]">ADCC_EVT_Handler</a>
 <LI><a href="#[18]">ADCD_EVT_Handler</a>
 <LI><a href="#[19]">ADCA_INT1_Handler</a>
 <LI><a href="#[1a]">ADCA_INT2_Handler</a>
 <LI><a href="#[1b]">ADCA_INT3_Handler</a>
 <LI><a href="#[1c]">ADCA_INT4_Handler</a>
 <LI><a href="#[1d]">ADCB_INT1_Handler</a>
 <LI><a href="#[1e]">ADCB_INT2_Handler</a>
 <LI><a href="#[1f]">ADCB_INT3_Handler</a>
 <LI><a href="#[20]">ADCB_INT4_Handler</a>
 <LI><a href="#[21]">ADCC_INT1_Handler</a>
 <LI><a href="#[22]">ADCC_INT2_Handler</a>
 <LI><a href="#[23]">ADCC_INT3_Handler</a>
 <LI><a href="#[24]">ADCC_INT4_Handler</a>
 <LI><a href="#[25]">ADCD_INT1_Handler</a>
 <LI><a href="#[26]">ADCD_INT2_Handler</a>
 <LI><a href="#[27]">ADCD_INT3_Handler</a>
 <LI><a href="#[28]">ADCD_INT4_Handler</a>
 <LI><a href="#[29]">XINT1_Handler</a>
 <LI><a href="#[2a]">XINT2_Handler</a>
 <LI><a href="#[2b]">XINT3_Handler</a>
 <LI><a href="#[2c]">XINT4_Handler</a>
 <LI><a href="#[2d]">XINT5_Handler</a>
 <LI><a href="#[2e]">EPWM_HRCAL_Handler</a>
 <LI><a href="#[2f]">EPWM1_TZ_Handler</a>
 <LI><a href="#[30]">EPWM2_TZ_Handler</a>
 <LI><a href="#[31]">EPWM3_TZ_Handler</a>
 <LI><a href="#[32]">EPWM4_TZ_Handler</a>
 <LI><a href="#[33]">EPWM5_TZ_Handler</a>
 <LI><a href="#[34]">EPWM6_TZ_Handler</a>
 <LI><a href="#[35]">EPWM7_TZ_Handler</a>
 <LI><a href="#[36]">EPWM8_TZ_Handler</a>
 <LI><a href="#[37]">EPWM9_TZ_Handler</a>
 <LI><a href="#[38]">EPWM10_TZ_Handler</a>
 <LI><a href="#[39]">EPWM11_TZ_Handler</a>
 <LI><a href="#[3a]">EPWM12_TZ_Handler</a>
 <LI><a href="#[3b]">EPWM1_Handler</a>
 <LI><a href="#[3c]">EPWM2_Handler</a>
 <LI><a href="#[3d]">EPWM3_Handler</a>
 <LI><a href="#[3e]">EPWM4_Handler</a>
 <LI><a href="#[3f]">EPWM5_Handler</a>
 <LI><a href="#[40]">EPWM6_Handler</a>
 <LI><a href="#[41]">EPWM7_Handler</a>
 <LI><a href="#[42]">EPWM8_Handler</a>
 <LI><a href="#[43]">EPWM9_Handler</a>
 <LI><a href="#[44]">EPWM10_Handler</a>
 <LI><a href="#[45]">EPWM11_Handler</a>
 <LI><a href="#[46]">EPWM12_Handler</a>
 <LI><a href="#[47]">ECAP1_Handler</a>
 <LI><a href="#[48]">ECAP2_Handler</a>
 <LI><a href="#[49]">ECAP3_Handler</a>
 <LI><a href="#[4a]">ECAP4_Handler</a>
 <LI><a href="#[4b]">ECAP5_Handler</a>
 <LI><a href="#[4c]">ECAP6_Handler</a>
 <LI><a href="#[4d]">EQEP1_Handler</a>
 <LI><a href="#[4e]">EQEP2_Handler</a>
 <LI><a href="#[4f]">EQEP3_Handler</a>
 <LI><a href="#[50]">CLB1_Handler</a>
 <LI><a href="#[51]">CLB2_Handler</a>
 <LI><a href="#[52]">CLB3_Handler</a>
 <LI><a href="#[53]">CLB4_Handler</a>
 <LI><a href="#[54]">CLB5_Handler</a>
 <LI><a href="#[55]">CLB6_Handler</a>
 <LI><a href="#[56]">CLB7_Handler</a>
 <LI><a href="#[57]">CLB8_Handler</a>
 <LI><a href="#[58]">SDFM1_Handler</a>
 <LI><a href="#[59]">SDFM1_FLT1DR_Handler</a>
 <LI><a href="#[5a]">SDFM1_FLT2DR_Handler</a>
 <LI><a href="#[5b]">SDFM1_FLT3DR_Handler</a>
 <LI><a href="#[5c]">SDFM1_FLT4DR_Handler</a>
 <LI><a href="#[5d]">SDFM2_Handler</a>
 <LI><a href="#[5e]">SDFM2_FLT1DR_Handler</a>
 <LI><a href="#[5f]">SDFM2_FLT2DR_Handler</a>
 <LI><a href="#[60]">SDFM2_FLT3DR_Handler</a>
 <LI><a href="#[61]">SDFM2_FLT4DR_Handler</a>
 <LI><a href="#[62]">DMA_CH1_Handler</a>
 <LI><a href="#[63]">DMA_CH2_Handler</a>
 <LI><a href="#[64]">DMA_CH3_Handler</a>
 <LI><a href="#[65]">DMA_CH4_Handler</a>
 <LI><a href="#[66]">DMA_CH5_Handler</a>
 <LI><a href="#[67]">DMA_CH6_Handler</a>
 <LI><a href="#[68]">USBA_Handler</a>
 <LI><a href="#[69]">USBA_EP_MP_Handler</a>
 <LI><a href="#[6a]">USBA_EP0_Handler</a>
 <LI><a href="#[6b]">USBA_EP1_Handler</a>
 <LI><a href="#[6c]">USBA_EP2_Handler</a>
 <LI><a href="#[6d]">USBA_EP3_Handler</a>
 <LI><a href="#[6e]">USBA_EP4_Handler</a>
 <LI><a href="#[6f]">USBA_EP5_Handler</a>
 <LI><a href="#[70]">USBA_EP6_Handler</a>
 <LI><a href="#[71]">USBA_EP7_Handler</a>
 <LI><a href="#[72]">USBA_EP8_Handler</a>
 <LI><a href="#[73]">USBA_EP9_Handler</a>
 <LI><a href="#[74]">USBA_EP10_Handler</a>
 <LI><a href="#[75]">USBA_EP11_Handler</a>
 <LI><a href="#[76]">USBA_EP12_Handler</a>
 <LI><a href="#[77]">USBA_EP13_Handler</a>
 <LI><a href="#[78]">USBA_EP14_Handler</a>
 <LI><a href="#[79]">USBA_EP15_Handler</a>
 <LI><a href="#[7a]">USBA_EP16_Handler</a>
 <LI><a href="#[7b]">USBA_EP17_Handler</a>
 <LI><a href="#[7c]">USBA_EP18_Handler</a>
 <LI><a href="#[7d]">USBA_EP19_Handler</a>
 <LI><a href="#[7e]">USBA_EP20_Handler</a>
 <LI><a href="#[7f]">USBA_EP21_Handler</a>
 <LI><a href="#[80]">USBA_EP22_Handler</a>
 <LI><a href="#[81]">USBA_EP23_Handler</a>
 <LI><a href="#[82]">USBA_EP24_Handler</a>
 <LI><a href="#[83]">USBA_EP25_Handler</a>
 <LI><a href="#[84]">USBA_EP26_Handler</a>
 <LI><a href="#[85]">USBA_EP27_Handler</a>
 <LI><a href="#[86]">USBA_EP28_Handler</a>
 <LI><a href="#[87]">USBA_EP29_Handler</a>
 <LI><a href="#[88]">USBA_EP30_Handler</a>
 <LI><a href="#[89]">USBA_EP31_Handler</a>
 <LI><a href="#[8a]">MCANA_INT0_Handler</a>
 <LI><a href="#[8b]">MCANA_INT1_Handler</a>
 <LI><a href="#[8c]">MCANB_INT0_Handler</a>
 <LI><a href="#[8d]">MCANB_INT1_Handler</a>
 <LI><a href="#[8e]">MCANC_INT0_Handler</a>
 <LI><a href="#[8f]">MCANC_INT1_Handler</a>
 <LI><a href="#[90]">I2CA_Handler</a>
 <LI><a href="#[91]">I2CB_Handler</a>
 <LI><a href="#[92]">PMBUSA_Handler</a>
 <LI><a href="#[93]">UARTA_Handler</a>
 <LI><a href="#[94]">UARTB_Handler</a>
 <LI><a href="#[95]">UARTC_Handler</a>
 <LI><a href="#[96]">UARTD_Handler</a>
 <LI><a href="#[97]">SPIA_Handler</a>
 <LI><a href="#[98]">SPIB_Handler</a>
 <LI><a href="#[99]">SPIC_Handler</a>
 <LI><a href="#[9a]">SRAM_ECC_ERR_Handler</a>
 <LI><a href="#[9b]">EFLASH_Handler</a>
 <LI><a href="#[9c]">SRAM_ACC_VIO_Handler</a>
 <LI><a href="#[9d]">EMIF1_ERR_Handler</a>
 <LI><a href="#[9e]">WAKEUP_Handler</a>
 <LI><a href="#[9f]">TFU_Handler</a>
 <LI><a href="#[a0]">IPC_RAM_ERR_Handler</a>
 <LI><a href="#[a5]">HardFault_DriverHandler</a>
 <LI><a href="#[b8]">ADCA_EVT_DriverHandler</a>
 <LI><a href="#[bc]">ADCA_INT1_DriverHandler</a>
 <LI><a href="#[bd]">ADCA_INT2_DriverHandler</a>
 <LI><a href="#[be]">ADCA_INT3_DriverHandler</a>
 <LI><a href="#[bf]">ADCA_INT4_DriverHandler</a>
 <LI><a href="#[b9]">ADCB_EVT_DriverHandler</a>
 <LI><a href="#[c0]">ADCB_INT1_DriverHandler</a>
 <LI><a href="#[c1]">ADCB_INT2_DriverHandler</a>
 <LI><a href="#[c2]">ADCB_INT3_DriverHandler</a>
 <LI><a href="#[c3]">ADCB_INT4_DriverHandler</a>
 <LI><a href="#[ba]">ADCC_EVT_DriverHandler</a>
 <LI><a href="#[c4]">ADCC_INT1_DriverHandler</a>
 <LI><a href="#[c5]">ADCC_INT2_DriverHandler</a>
 <LI><a href="#[c6]">ADCC_INT3_DriverHandler</a>
 <LI><a href="#[c7]">ADCC_INT4_DriverHandler</a>
 <LI><a href="#[bb]">ADCD_EVT_DriverHandler</a>
 <LI><a href="#[c8]">ADCD_INT1_DriverHandler</a>
 <LI><a href="#[c9]">ADCD_INT2_DriverHandler</a>
 <LI><a href="#[ca]">ADCD_INT3_DriverHandler</a>
 <LI><a href="#[cb]">ADCD_INT4_DriverHandler</a>
 <LI><a href="#[a7]">BusFault_DriverHandler</a>
 <LI><a href="#[f3]">CLB1_DriverHandler</a>
 <LI><a href="#[f4]">CLB2_DriverHandler</a>
 <LI><a href="#[f5]">CLB3_DriverHandler</a>
 <LI><a href="#[f6]">CLB4_DriverHandler</a>
 <LI><a href="#[f7]">CLB5_DriverHandler</a>
 <LI><a href="#[f8]">CLB6_DriverHandler</a>
 <LI><a href="#[f9]">CLB7_DriverHandler</a>
 <LI><a href="#[fa]">CLB8_DriverHandler</a>
 <LI><a href="#[ae]">CPUTIMER0_DriverHandler</a>
 <LI><a href="#[af]">CPUTIMER1_DriverHandler</a>
 <LI><a href="#[b0]">CPUTIMER2_DriverHandler</a>
 <LI><a href="#[105]">DMA_CH1_DriverHandler</a>
 <LI><a href="#[106]">DMA_CH2_DriverHandler</a>
 <LI><a href="#[107]">DMA_CH3_DriverHandler</a>
 <LI><a href="#[108]">DMA_CH4_DriverHandler</a>
 <LI><a href="#[109]">DMA_CH5_DriverHandler</a>
 <LI><a href="#[10a]">DMA_CH6_DriverHandler</a>
 <LI><a href="#[b1]">DWTIMER_CH0_DriverHandler</a>
 <LI><a href="#[b2]">DWTIMER_CH1_DriverHandler</a>
 <LI><a href="#[b3]">DWTIMER_CH2_DriverHandler</a>
 <LI><a href="#[aa]">DebugMon_DriverHandler</a>
 <LI><a href="#[1ba]">Default_DriverHandler</a>
 <LI><a href="#[ea]">ECAP1_DriverHandler</a>
 <LI><a href="#[eb]">ECAP2_DriverHandler</a>
 <LI><a href="#[ec]">ECAP3_DriverHandler</a>
 <LI><a href="#[ed]">ECAP4_DriverHandler</a>
 <LI><a href="#[ee]">ECAP5_DriverHandler</a>
 <LI><a href="#[ef]">ECAP6_DriverHandler</a>
 <LI><a href="#[13e]">EFLASH_DriverHandler</a>
 <LI><a href="#[140]">EMIF1_ERR_DriverHandler</a>
 <LI><a href="#[e7]">EPWM10_DriverHandler</a>
 <LI><a href="#[db]">EPWM10_TZ_DriverHandler</a>
 <LI><a href="#[e8]">EPWM11_DriverHandler</a>
 <LI><a href="#[dc]">EPWM11_TZ_DriverHandler</a>
 <LI><a href="#[e9]">EPWM12_DriverHandler</a>
 <LI><a href="#[dd]">EPWM12_TZ_DriverHandler</a>
 <LI><a href="#[de]">EPWM1_DriverHandler</a>
 <LI><a href="#[d2]">EPWM1_TZ_DriverHandler</a>
 <LI><a href="#[df]">EPWM2_DriverHandler</a>
 <LI><a href="#[d3]">EPWM2_TZ_DriverHandler</a>
 <LI><a href="#[e0]">EPWM3_DriverHandler</a>
 <LI><a href="#[d4]">EPWM3_TZ_DriverHandler</a>
 <LI><a href="#[e1]">EPWM4_DriverHandler</a>
 <LI><a href="#[d5]">EPWM4_TZ_DriverHandler</a>
 <LI><a href="#[e2]">EPWM5_DriverHandler</a>
 <LI><a href="#[d6]">EPWM5_TZ_DriverHandler</a>
 <LI><a href="#[e3]">EPWM6_DriverHandler</a>
 <LI><a href="#[d7]">EPWM6_TZ_DriverHandler</a>
 <LI><a href="#[e4]">EPWM7_DriverHandler</a>
 <LI><a href="#[d8]">EPWM7_TZ_DriverHandler</a>
 <LI><a href="#[e5]">EPWM8_DriverHandler</a>
 <LI><a href="#[d9]">EPWM8_TZ_DriverHandler</a>
 <LI><a href="#[e6]">EPWM9_DriverHandler</a>
 <LI><a href="#[da]">EPWM9_TZ_DriverHandler</a>
 <LI><a href="#[d1]">EPWM_HRCAL_DriverHandler</a>
 <LI><a href="#[f0]">EQEP1_DriverHandler</a>
 <LI><a href="#[f1]">EQEP2_DriverHandler</a>
 <LI><a href="#[f2]">EQEP3_DriverHandler</a>
 <LI><a href="#[133]">I2CA_DriverHandler</a>
 <LI><a href="#[134]">I2CB_DriverHandler</a>
 <LI><a href="#[b4]">IPC_INT0_DriverHandler</a>
 <LI><a href="#[b5]">IPC_INT1_DriverHandler</a>
 <LI><a href="#[b6]">IPC_INT2_DriverHandler</a>
 <LI><a href="#[b7]">IPC_INT3_DriverHandler</a>
 <LI><a href="#[143]">IPC_RAM_ERR_DriverHandler</a>
 <LI><a href="#[12d]">MCANA_INT0_DriverHandler</a>
 <LI><a href="#[12e]">MCANA_INT1_DriverHandler</a>
 <LI><a href="#[12f]">MCANB_INT0_DriverHandler</a>
 <LI><a href="#[130]">MCANB_INT1_DriverHandler</a>
 <LI><a href="#[131]">MCANC_INT0_DriverHandler</a>
 <LI><a href="#[132]">MCANC_INT1_DriverHandler</a>
 <LI><a href="#[a6]">MemManage_DriverHandler</a>
 <LI><a href="#[a4]">NMI_DriverHandler</a>
 <LI><a href="#[135]">PMBUSA_DriverHandler</a>
 <LI><a href="#[ab]">PendSV_DriverHandler</a>
 <LI><a href="#[fb]">SDFM1_DriverHandler</a>
 <LI><a href="#[fc]">SDFM1_FLT1DR_DriverHandler</a>
 <LI><a href="#[fd]">SDFM1_FLT2DR_DriverHandler</a>
 <LI><a href="#[fe]">SDFM1_FLT3DR_DriverHandler</a>
 <LI><a href="#[ff]">SDFM1_FLT4DR_DriverHandler</a>
 <LI><a href="#[100]">SDFM2_DriverHandler</a>
 <LI><a href="#[101]">SDFM2_FLT1DR_DriverHandler</a>
 <LI><a href="#[102]">SDFM2_FLT2DR_DriverHandler</a>
 <LI><a href="#[103]">SDFM2_FLT3DR_DriverHandler</a>
 <LI><a href="#[104]">SDFM2_FLT4DR_DriverHandler</a>
 <LI><a href="#[13a]">SPIA_DriverHandler</a>
 <LI><a href="#[13b]">SPIB_DriverHandler</a>
 <LI><a href="#[13c]">SPIC_DriverHandler</a>
 <LI><a href="#[13f]">SRAM_ACC_VIO_DriverHandler</a>
 <LI><a href="#[13d]">SRAM_ECC_ERR_DriverHandler</a>
 <LI><a href="#[a9]">SVC_DriverHandler</a>
 <LI><a href="#[142]">TFU_DriverHandler</a>
 <LI><a href="#[10b]">USBA_DriverHandler</a>
 <LI><a href="#[10d]">USBA_EP0_DriverHandler</a>
 <LI><a href="#[117]">USBA_EP10_DriverHandler</a>
 <LI><a href="#[118]">USBA_EP11_DriverHandler</a>
 <LI><a href="#[119]">USBA_EP12_DriverHandler</a>
 <LI><a href="#[11a]">USBA_EP13_DriverHandler</a>
 <LI><a href="#[11b]">USBA_EP14_DriverHandler</a>
 <LI><a href="#[11c]">USBA_EP15_DriverHandler</a>
 <LI><a href="#[11d]">USBA_EP16_DriverHandler</a>
 <LI><a href="#[11e]">USBA_EP17_DriverHandler</a>
 <LI><a href="#[11f]">USBA_EP18_DriverHandler</a>
 <LI><a href="#[120]">USBA_EP19_DriverHandler</a>
 <LI><a href="#[10e]">USBA_EP1_DriverHandler</a>
 <LI><a href="#[121]">USBA_EP20_DriverHandler</a>
 <LI><a href="#[122]">USBA_EP21_DriverHandler</a>
 <LI><a href="#[123]">USBA_EP22_DriverHandler</a>
 <LI><a href="#[124]">USBA_EP23_DriverHandler</a>
 <LI><a href="#[125]">USBA_EP24_DriverHandler</a>
 <LI><a href="#[126]">USBA_EP25_DriverHandler</a>
 <LI><a href="#[127]">USBA_EP26_DriverHandler</a>
 <LI><a href="#[128]">USBA_EP27_DriverHandler</a>
 <LI><a href="#[129]">USBA_EP28_DriverHandler</a>
 <LI><a href="#[12a]">USBA_EP29_DriverHandler</a>
 <LI><a href="#[10f]">USBA_EP2_DriverHandler</a>
 <LI><a href="#[12b]">USBA_EP30_DriverHandler</a>
 <LI><a href="#[12c]">USBA_EP31_DriverHandler</a>
 <LI><a href="#[110]">USBA_EP3_DriverHandler</a>
 <LI><a href="#[111]">USBA_EP4_DriverHandler</a>
 <LI><a href="#[112]">USBA_EP5_DriverHandler</a>
 <LI><a href="#[113]">USBA_EP6_DriverHandler</a>
 <LI><a href="#[114]">USBA_EP7_DriverHandler</a>
 <LI><a href="#[115]">USBA_EP8_DriverHandler</a>
 <LI><a href="#[116]">USBA_EP9_DriverHandler</a>
 <LI><a href="#[10c]">USBA_EP_MP_DriverHandler</a>
 <LI><a href="#[a8]">UsageFault_DriverHandler</a>
 <LI><a href="#[141]">WAKEUP_DriverHandler</a>
 <LI><a href="#[ad]">WDT_DriverHandler</a>
 <LI><a href="#[cc]">XINT1_DriverHandler</a>
 <LI><a href="#[cd]">XINT2_DriverHandler</a>
 <LI><a href="#[ce]">XINT3_DriverHandler</a>
 <LI><a href="#[cf]">XINT4_DriverHandler</a>
 <LI><a href="#[d0]">XINT5_DriverHandler</a>
</UL>
</UL>
<P>
<H3>
Mutually Recursive functions
</H3> <LI><a href="#[a5]">HardFault_DriverHandler</a>&nbsp;&nbsp;&nbsp;&rArr;&nbsp;&nbsp;&nbsp;<a href="#[a5]">HardFault_DriverHandler</a><BR>
 <LI><a href="#[b8]">ADCA_EVT_DriverHandler</a>&nbsp;&nbsp;&nbsp;&rArr;&nbsp;&nbsp;&nbsp;<a href="#[b8]">ADCA_EVT_DriverHandler</a><BR>
</UL>
<P>
<H3>
Function Pointers
</H3><UL>
 <LI><a href="#[b8]">ADCA_EVT_DriverHandler</a> from startup_hs32f7d377_cpu1_ac6.o(.text) referenced from startup_hs32f7d377_cpu1_ac6.o(.text)
 <LI><a href="#[15]">ADCA_EVT_Handler</a> from startup_hs32f7d377_cpu1_ac6.o(.text) referenced from startup_hs32f7d377_cpu1_ac6.o(RESET)
 <LI><a href="#[bc]">ADCA_INT1_DriverHandler</a> from startup_hs32f7d377_cpu1_ac6.o(.text) referenced from startup_hs32f7d377_cpu1_ac6.o(.text)
 <LI><a href="#[19]">ADCA_INT1_Handler</a> from startup_hs32f7d377_cpu1_ac6.o(.text) referenced from startup_hs32f7d377_cpu1_ac6.o(RESET)
 <LI><a href="#[bd]">ADCA_INT2_DriverHandler</a> from startup_hs32f7d377_cpu1_ac6.o(.text) referenced from startup_hs32f7d377_cpu1_ac6.o(.text)
 <LI><a href="#[1a]">ADCA_INT2_Handler</a> from startup_hs32f7d377_cpu1_ac6.o(.text) referenced from startup_hs32f7d377_cpu1_ac6.o(RESET)
 <LI><a href="#[be]">ADCA_INT3_DriverHandler</a> from startup_hs32f7d377_cpu1_ac6.o(.text) referenced from startup_hs32f7d377_cpu1_ac6.o(.text)
 <LI><a href="#[1b]">ADCA_INT3_Handler</a> from startup_hs32f7d377_cpu1_ac6.o(.text) referenced from startup_hs32f7d377_cpu1_ac6.o(RESET)
 <LI><a href="#[bf]">ADCA_INT4_DriverHandler</a> from startup_hs32f7d377_cpu1_ac6.o(.text) referenced from startup_hs32f7d377_cpu1_ac6.o(.text)
 <LI><a href="#[1c]">ADCA_INT4_Handler</a> from startup_hs32f7d377_cpu1_ac6.o(.text) referenced from startup_hs32f7d377_cpu1_ac6.o(RESET)
 <LI><a href="#[b9]">ADCB_EVT_DriverHandler</a> from startup_hs32f7d377_cpu1_ac6.o(.text) referenced from startup_hs32f7d377_cpu1_ac6.o(.text)
 <LI><a href="#[16]">ADCB_EVT_Handler</a> from startup_hs32f7d377_cpu1_ac6.o(.text) referenced from startup_hs32f7d377_cpu1_ac6.o(RESET)
 <LI><a href="#[c0]">ADCB_INT1_DriverHandler</a> from startup_hs32f7d377_cpu1_ac6.o(.text) referenced from startup_hs32f7d377_cpu1_ac6.o(.text)
 <LI><a href="#[1d]">ADCB_INT1_Handler</a> from startup_hs32f7d377_cpu1_ac6.o(.text) referenced from startup_hs32f7d377_cpu1_ac6.o(RESET)
 <LI><a href="#[c1]">ADCB_INT2_DriverHandler</a> from startup_hs32f7d377_cpu1_ac6.o(.text) referenced from startup_hs32f7d377_cpu1_ac6.o(.text)
 <LI><a href="#[1e]">ADCB_INT2_Handler</a> from startup_hs32f7d377_cpu1_ac6.o(.text) referenced from startup_hs32f7d377_cpu1_ac6.o(RESET)
 <LI><a href="#[c2]">ADCB_INT3_DriverHandler</a> from startup_hs32f7d377_cpu1_ac6.o(.text) referenced from startup_hs32f7d377_cpu1_ac6.o(.text)
 <LI><a href="#[1f]">ADCB_INT3_Handler</a> from startup_hs32f7d377_cpu1_ac6.o(.text) referenced from startup_hs32f7d377_cpu1_ac6.o(RESET)
 <LI><a href="#[c3]">ADCB_INT4_DriverHandler</a> from startup_hs32f7d377_cpu1_ac6.o(.text) referenced from startup_hs32f7d377_cpu1_ac6.o(.text)
 <LI><a href="#[20]">ADCB_INT4_Handler</a> from startup_hs32f7d377_cpu1_ac6.o(.text) referenced from startup_hs32f7d377_cpu1_ac6.o(RESET)
 <LI><a href="#[ba]">ADCC_EVT_DriverHandler</a> from startup_hs32f7d377_cpu1_ac6.o(.text) referenced from startup_hs32f7d377_cpu1_ac6.o(.text)
 <LI><a href="#[17]">ADCC_EVT_Handler</a> from startup_hs32f7d377_cpu1_ac6.o(.text) referenced from startup_hs32f7d377_cpu1_ac6.o(RESET)
 <LI><a href="#[c4]">ADCC_INT1_DriverHandler</a> from startup_hs32f7d377_cpu1_ac6.o(.text) referenced from startup_hs32f7d377_cpu1_ac6.o(.text)
 <LI><a href="#[21]">ADCC_INT1_Handler</a> from startup_hs32f7d377_cpu1_ac6.o(.text) referenced from startup_hs32f7d377_cpu1_ac6.o(RESET)
 <LI><a href="#[c5]">ADCC_INT2_DriverHandler</a> from startup_hs32f7d377_cpu1_ac6.o(.text) referenced from startup_hs32f7d377_cpu1_ac6.o(.text)
 <LI><a href="#[22]">ADCC_INT2_Handler</a> from startup_hs32f7d377_cpu1_ac6.o(.text) referenced from startup_hs32f7d377_cpu1_ac6.o(RESET)
 <LI><a href="#[c6]">ADCC_INT3_DriverHandler</a> from startup_hs32f7d377_cpu1_ac6.o(.text) referenced from startup_hs32f7d377_cpu1_ac6.o(.text)
 <LI><a href="#[23]">ADCC_INT3_Handler</a> from startup_hs32f7d377_cpu1_ac6.o(.text) referenced from startup_hs32f7d377_cpu1_ac6.o(RESET)
 <LI><a href="#[c7]">ADCC_INT4_DriverHandler</a> from startup_hs32f7d377_cpu1_ac6.o(.text) referenced from startup_hs32f7d377_cpu1_ac6.o(.text)
 <LI><a href="#[24]">ADCC_INT4_Handler</a> from startup_hs32f7d377_cpu1_ac6.o(.text) referenced from startup_hs32f7d377_cpu1_ac6.o(RESET)
 <LI><a href="#[bb]">ADCD_EVT_DriverHandler</a> from startup_hs32f7d377_cpu1_ac6.o(.text) referenced from startup_hs32f7d377_cpu1_ac6.o(.text)
 <LI><a href="#[18]">ADCD_EVT_Handler</a> from startup_hs32f7d377_cpu1_ac6.o(.text) referenced from startup_hs32f7d377_cpu1_ac6.o(RESET)
 <LI><a href="#[c8]">ADCD_INT1_DriverHandler</a> from startup_hs32f7d377_cpu1_ac6.o(.text) referenced from startup_hs32f7d377_cpu1_ac6.o(.text)
 <LI><a href="#[25]">ADCD_INT1_Handler</a> from startup_hs32f7d377_cpu1_ac6.o(.text) referenced from startup_hs32f7d377_cpu1_ac6.o(RESET)
 <LI><a href="#[c9]">ADCD_INT2_DriverHandler</a> from startup_hs32f7d377_cpu1_ac6.o(.text) referenced from startup_hs32f7d377_cpu1_ac6.o(.text)
 <LI><a href="#[26]">ADCD_INT2_Handler</a> from startup_hs32f7d377_cpu1_ac6.o(.text) referenced from startup_hs32f7d377_cpu1_ac6.o(RESET)
 <LI><a href="#[ca]">ADCD_INT3_DriverHandler</a> from startup_hs32f7d377_cpu1_ac6.o(.text) referenced from startup_hs32f7d377_cpu1_ac6.o(.text)
 <LI><a href="#[27]">ADCD_INT3_Handler</a> from startup_hs32f7d377_cpu1_ac6.o(.text) referenced from startup_hs32f7d377_cpu1_ac6.o(RESET)
 <LI><a href="#[cb]">ADCD_INT4_DriverHandler</a> from startup_hs32f7d377_cpu1_ac6.o(.text) referenced from startup_hs32f7d377_cpu1_ac6.o(.text)
 <LI><a href="#[28]">ADCD_INT4_Handler</a> from startup_hs32f7d377_cpu1_ac6.o(.text) referenced from startup_hs32f7d377_cpu1_ac6.o(RESET)
 <LI><a href="#[a7]">BusFault_DriverHandler</a> from startup_hs32f7d377_cpu1_ac6.o(.text) referenced from startup_hs32f7d377_cpu1_ac6.o(.text)
 <LI><a href="#[4]">BusFault_Handler</a> from startup_hs32f7d377_cpu1_ac6.o(.text) referenced from startup_hs32f7d377_cpu1_ac6.o(RESET)
 <LI><a href="#[f3]">CLB1_DriverHandler</a> from startup_hs32f7d377_cpu1_ac6.o(.text) referenced from startup_hs32f7d377_cpu1_ac6.o(.text)
 <LI><a href="#[50]">CLB1_Handler</a> from startup_hs32f7d377_cpu1_ac6.o(.text) referenced from startup_hs32f7d377_cpu1_ac6.o(RESET)
 <LI><a href="#[f4]">CLB2_DriverHandler</a> from startup_hs32f7d377_cpu1_ac6.o(.text) referenced from startup_hs32f7d377_cpu1_ac6.o(.text)
 <LI><a href="#[51]">CLB2_Handler</a> from startup_hs32f7d377_cpu1_ac6.o(.text) referenced from startup_hs32f7d377_cpu1_ac6.o(RESET)
 <LI><a href="#[f5]">CLB3_DriverHandler</a> from startup_hs32f7d377_cpu1_ac6.o(.text) referenced from startup_hs32f7d377_cpu1_ac6.o(.text)
 <LI><a href="#[52]">CLB3_Handler</a> from startup_hs32f7d377_cpu1_ac6.o(.text) referenced from startup_hs32f7d377_cpu1_ac6.o(RESET)
 <LI><a href="#[f6]">CLB4_DriverHandler</a> from startup_hs32f7d377_cpu1_ac6.o(.text) referenced from startup_hs32f7d377_cpu1_ac6.o(.text)
 <LI><a href="#[53]">CLB4_Handler</a> from startup_hs32f7d377_cpu1_ac6.o(.text) referenced from startup_hs32f7d377_cpu1_ac6.o(RESET)
 <LI><a href="#[f7]">CLB5_DriverHandler</a> from startup_hs32f7d377_cpu1_ac6.o(.text) referenced from startup_hs32f7d377_cpu1_ac6.o(.text)
 <LI><a href="#[54]">CLB5_Handler</a> from startup_hs32f7d377_cpu1_ac6.o(.text) referenced from startup_hs32f7d377_cpu1_ac6.o(RESET)
 <LI><a href="#[f8]">CLB6_DriverHandler</a> from startup_hs32f7d377_cpu1_ac6.o(.text) referenced from startup_hs32f7d377_cpu1_ac6.o(.text)
 <LI><a href="#[55]">CLB6_Handler</a> from startup_hs32f7d377_cpu1_ac6.o(.text) referenced from startup_hs32f7d377_cpu1_ac6.o(RESET)
 <LI><a href="#[f9]">CLB7_DriverHandler</a> from startup_hs32f7d377_cpu1_ac6.o(.text) referenced from startup_hs32f7d377_cpu1_ac6.o(.text)
 <LI><a href="#[56]">CLB7_Handler</a> from startup_hs32f7d377_cpu1_ac6.o(.text) referenced from startup_hs32f7d377_cpu1_ac6.o(RESET)
 <LI><a href="#[fa]">CLB8_DriverHandler</a> from startup_hs32f7d377_cpu1_ac6.o(.text) referenced from startup_hs32f7d377_cpu1_ac6.o(.text)
 <LI><a href="#[57]">CLB8_Handler</a> from startup_hs32f7d377_cpu1_ac6.o(.text) referenced from startup_hs32f7d377_cpu1_ac6.o(RESET)
 <LI><a href="#[ae]">CPUTIMER0_DriverHandler</a> from startup_hs32f7d377_cpu1_ac6.o(.text) referenced from startup_hs32f7d377_cpu1_ac6.o(.text)
 <LI><a href="#[b]">CPUTIMER0_Handler</a> from startup_hs32f7d377_cpu1_ac6.o(.text) referenced from startup_hs32f7d377_cpu1_ac6.o(RESET)
 <LI><a href="#[af]">CPUTIMER1_DriverHandler</a> from startup_hs32f7d377_cpu1_ac6.o(.text) referenced from startup_hs32f7d377_cpu1_ac6.o(.text)
 <LI><a href="#[c]">CPUTIMER1_Handler</a> from startup_hs32f7d377_cpu1_ac6.o(.text) referenced from startup_hs32f7d377_cpu1_ac6.o(RESET)
 <LI><a href="#[b0]">CPUTIMER2_DriverHandler</a> from startup_hs32f7d377_cpu1_ac6.o(.text) referenced from startup_hs32f7d377_cpu1_ac6.o(.text)
 <LI><a href="#[d]">CPUTIMER2_Handler</a> from startup_hs32f7d377_cpu1_ac6.o(.text) referenced from startup_hs32f7d377_cpu1_ac6.o(RESET)
 <LI><a href="#[105]">DMA_CH1_DriverHandler</a> from startup_hs32f7d377_cpu1_ac6.o(.text) referenced from startup_hs32f7d377_cpu1_ac6.o(.text)
 <LI><a href="#[62]">DMA_CH1_Handler</a> from startup_hs32f7d377_cpu1_ac6.o(.text) referenced from startup_hs32f7d377_cpu1_ac6.o(RESET)
 <LI><a href="#[106]">DMA_CH2_DriverHandler</a> from startup_hs32f7d377_cpu1_ac6.o(.text) referenced from startup_hs32f7d377_cpu1_ac6.o(.text)
 <LI><a href="#[63]">DMA_CH2_Handler</a> from startup_hs32f7d377_cpu1_ac6.o(.text) referenced from startup_hs32f7d377_cpu1_ac6.o(RESET)
 <LI><a href="#[107]">DMA_CH3_DriverHandler</a> from startup_hs32f7d377_cpu1_ac6.o(.text) referenced from startup_hs32f7d377_cpu1_ac6.o(.text)
 <LI><a href="#[64]">DMA_CH3_Handler</a> from startup_hs32f7d377_cpu1_ac6.o(.text) referenced from startup_hs32f7d377_cpu1_ac6.o(RESET)
 <LI><a href="#[108]">DMA_CH4_DriverHandler</a> from startup_hs32f7d377_cpu1_ac6.o(.text) referenced from startup_hs32f7d377_cpu1_ac6.o(.text)
 <LI><a href="#[65]">DMA_CH4_Handler</a> from startup_hs32f7d377_cpu1_ac6.o(.text) referenced from startup_hs32f7d377_cpu1_ac6.o(RESET)
 <LI><a href="#[109]">DMA_CH5_DriverHandler</a> from startup_hs32f7d377_cpu1_ac6.o(.text) referenced from startup_hs32f7d377_cpu1_ac6.o(.text)
 <LI><a href="#[66]">DMA_CH5_Handler</a> from startup_hs32f7d377_cpu1_ac6.o(.text) referenced from startup_hs32f7d377_cpu1_ac6.o(RESET)
 <LI><a href="#[10a]">DMA_CH6_DriverHandler</a> from startup_hs32f7d377_cpu1_ac6.o(.text) referenced from startup_hs32f7d377_cpu1_ac6.o(.text)
 <LI><a href="#[67]">DMA_CH6_Handler</a> from startup_hs32f7d377_cpu1_ac6.o(.text) referenced from startup_hs32f7d377_cpu1_ac6.o(RESET)
 <LI><a href="#[b1]">DWTIMER_CH0_DriverHandler</a> from startup_hs32f7d377_cpu1_ac6.o(.text) referenced from startup_hs32f7d377_cpu1_ac6.o(.text)
 <LI><a href="#[e]">DWTIMER_CH0_Handler</a> from startup_hs32f7d377_cpu1_ac6.o(.text) referenced from startup_hs32f7d377_cpu1_ac6.o(RESET)
 <LI><a href="#[b2]">DWTIMER_CH1_DriverHandler</a> from startup_hs32f7d377_cpu1_ac6.o(.text) referenced from startup_hs32f7d377_cpu1_ac6.o(.text)
 <LI><a href="#[f]">DWTIMER_CH1_Handler</a> from startup_hs32f7d377_cpu1_ac6.o(.text) referenced from startup_hs32f7d377_cpu1_ac6.o(RESET)
 <LI><a href="#[b3]">DWTIMER_CH2_DriverHandler</a> from startup_hs32f7d377_cpu1_ac6.o(.text) referenced from startup_hs32f7d377_cpu1_ac6.o(.text)
 <LI><a href="#[10]">DWTIMER_CH2_Handler</a> from startup_hs32f7d377_cpu1_ac6.o(.text) referenced from startup_hs32f7d377_cpu1_ac6.o(RESET)
 <LI><a href="#[aa]">DebugMon_DriverHandler</a> from startup_hs32f7d377_cpu1_ac6.o(.text) referenced from startup_hs32f7d377_cpu1_ac6.o(.text)
 <LI><a href="#[7]">DebugMon_Handler</a> from startup_hs32f7d377_cpu1_ac6.o(.text) referenced from startup_hs32f7d377_cpu1_ac6.o(RESET)
 <LI><a href="#[ea]">ECAP1_DriverHandler</a> from startup_hs32f7d377_cpu1_ac6.o(.text) referenced from startup_hs32f7d377_cpu1_ac6.o(.text)
 <LI><a href="#[47]">ECAP1_Handler</a> from startup_hs32f7d377_cpu1_ac6.o(.text) referenced from startup_hs32f7d377_cpu1_ac6.o(RESET)
 <LI><a href="#[eb]">ECAP2_DriverHandler</a> from startup_hs32f7d377_cpu1_ac6.o(.text) referenced from startup_hs32f7d377_cpu1_ac6.o(.text)
 <LI><a href="#[48]">ECAP2_Handler</a> from startup_hs32f7d377_cpu1_ac6.o(.text) referenced from startup_hs32f7d377_cpu1_ac6.o(RESET)
 <LI><a href="#[ec]">ECAP3_DriverHandler</a> from startup_hs32f7d377_cpu1_ac6.o(.text) referenced from startup_hs32f7d377_cpu1_ac6.o(.text)
 <LI><a href="#[49]">ECAP3_Handler</a> from startup_hs32f7d377_cpu1_ac6.o(.text) referenced from startup_hs32f7d377_cpu1_ac6.o(RESET)
 <LI><a href="#[ed]">ECAP4_DriverHandler</a> from startup_hs32f7d377_cpu1_ac6.o(.text) referenced from startup_hs32f7d377_cpu1_ac6.o(.text)
 <LI><a href="#[4a]">ECAP4_Handler</a> from startup_hs32f7d377_cpu1_ac6.o(.text) referenced from startup_hs32f7d377_cpu1_ac6.o(RESET)
 <LI><a href="#[ee]">ECAP5_DriverHandler</a> from startup_hs32f7d377_cpu1_ac6.o(.text) referenced from startup_hs32f7d377_cpu1_ac6.o(.text)
 <LI><a href="#[4b]">ECAP5_Handler</a> from startup_hs32f7d377_cpu1_ac6.o(.text) referenced from startup_hs32f7d377_cpu1_ac6.o(RESET)
 <LI><a href="#[ef]">ECAP6_DriverHandler</a> from startup_hs32f7d377_cpu1_ac6.o(.text) referenced from startup_hs32f7d377_cpu1_ac6.o(.text)
 <LI><a href="#[4c]">ECAP6_Handler</a> from startup_hs32f7d377_cpu1_ac6.o(.text) referenced from startup_hs32f7d377_cpu1_ac6.o(RESET)
 <LI><a href="#[13e]">EFLASH_DriverHandler</a> from startup_hs32f7d377_cpu1_ac6.o(.text) referenced from startup_hs32f7d377_cpu1_ac6.o(.text)
 <LI><a href="#[9b]">EFLASH_Handler</a> from startup_hs32f7d377_cpu1_ac6.o(.text) referenced from startup_hs32f7d377_cpu1_ac6.o(RESET)
 <LI><a href="#[140]">EMIF1_ERR_DriverHandler</a> from startup_hs32f7d377_cpu1_ac6.o(.text) referenced from startup_hs32f7d377_cpu1_ac6.o(.text)
 <LI><a href="#[9d]">EMIF1_ERR_Handler</a> from startup_hs32f7d377_cpu1_ac6.o(.text) referenced from startup_hs32f7d377_cpu1_ac6.o(RESET)
 <LI><a href="#[e7]">EPWM10_DriverHandler</a> from startup_hs32f7d377_cpu1_ac6.o(.text) referenced from startup_hs32f7d377_cpu1_ac6.o(.text)
 <LI><a href="#[44]">EPWM10_Handler</a> from startup_hs32f7d377_cpu1_ac6.o(.text) referenced from startup_hs32f7d377_cpu1_ac6.o(RESET)
 <LI><a href="#[db]">EPWM10_TZ_DriverHandler</a> from startup_hs32f7d377_cpu1_ac6.o(.text) referenced from startup_hs32f7d377_cpu1_ac6.o(.text)
 <LI><a href="#[38]">EPWM10_TZ_Handler</a> from startup_hs32f7d377_cpu1_ac6.o(.text) referenced from startup_hs32f7d377_cpu1_ac6.o(RESET)
 <LI><a href="#[e8]">EPWM11_DriverHandler</a> from startup_hs32f7d377_cpu1_ac6.o(.text) referenced from startup_hs32f7d377_cpu1_ac6.o(.text)
 <LI><a href="#[45]">EPWM11_Handler</a> from startup_hs32f7d377_cpu1_ac6.o(.text) referenced from startup_hs32f7d377_cpu1_ac6.o(RESET)
 <LI><a href="#[dc]">EPWM11_TZ_DriverHandler</a> from startup_hs32f7d377_cpu1_ac6.o(.text) referenced from startup_hs32f7d377_cpu1_ac6.o(.text)
 <LI><a href="#[39]">EPWM11_TZ_Handler</a> from startup_hs32f7d377_cpu1_ac6.o(.text) referenced from startup_hs32f7d377_cpu1_ac6.o(RESET)
 <LI><a href="#[e9]">EPWM12_DriverHandler</a> from startup_hs32f7d377_cpu1_ac6.o(.text) referenced from startup_hs32f7d377_cpu1_ac6.o(.text)
 <LI><a href="#[46]">EPWM12_Handler</a> from startup_hs32f7d377_cpu1_ac6.o(.text) referenced from startup_hs32f7d377_cpu1_ac6.o(RESET)
 <LI><a href="#[dd]">EPWM12_TZ_DriverHandler</a> from startup_hs32f7d377_cpu1_ac6.o(.text) referenced from startup_hs32f7d377_cpu1_ac6.o(.text)
 <LI><a href="#[3a]">EPWM12_TZ_Handler</a> from startup_hs32f7d377_cpu1_ac6.o(.text) referenced from startup_hs32f7d377_cpu1_ac6.o(RESET)
 <LI><a href="#[de]">EPWM1_DriverHandler</a> from startup_hs32f7d377_cpu1_ac6.o(.text) referenced from startup_hs32f7d377_cpu1_ac6.o(.text)
 <LI><a href="#[3b]">EPWM1_Handler</a> from startup_hs32f7d377_cpu1_ac6.o(.text) referenced from startup_hs32f7d377_cpu1_ac6.o(RESET)
 <LI><a href="#[d2]">EPWM1_TZ_DriverHandler</a> from startup_hs32f7d377_cpu1_ac6.o(.text) referenced from startup_hs32f7d377_cpu1_ac6.o(.text)
 <LI><a href="#[2f]">EPWM1_TZ_Handler</a> from startup_hs32f7d377_cpu1_ac6.o(.text) referenced from startup_hs32f7d377_cpu1_ac6.o(RESET)
 <LI><a href="#[df]">EPWM2_DriverHandler</a> from startup_hs32f7d377_cpu1_ac6.o(.text) referenced from startup_hs32f7d377_cpu1_ac6.o(.text)
 <LI><a href="#[3c]">EPWM2_Handler</a> from startup_hs32f7d377_cpu1_ac6.o(.text) referenced from startup_hs32f7d377_cpu1_ac6.o(RESET)
 <LI><a href="#[d3]">EPWM2_TZ_DriverHandler</a> from startup_hs32f7d377_cpu1_ac6.o(.text) referenced from startup_hs32f7d377_cpu1_ac6.o(.text)
 <LI><a href="#[30]">EPWM2_TZ_Handler</a> from startup_hs32f7d377_cpu1_ac6.o(.text) referenced from startup_hs32f7d377_cpu1_ac6.o(RESET)
 <LI><a href="#[e0]">EPWM3_DriverHandler</a> from startup_hs32f7d377_cpu1_ac6.o(.text) referenced from startup_hs32f7d377_cpu1_ac6.o(.text)
 <LI><a href="#[3d]">EPWM3_Handler</a> from startup_hs32f7d377_cpu1_ac6.o(.text) referenced from startup_hs32f7d377_cpu1_ac6.o(RESET)
 <LI><a href="#[d4]">EPWM3_TZ_DriverHandler</a> from startup_hs32f7d377_cpu1_ac6.o(.text) referenced from startup_hs32f7d377_cpu1_ac6.o(.text)
 <LI><a href="#[31]">EPWM3_TZ_Handler</a> from startup_hs32f7d377_cpu1_ac6.o(.text) referenced from startup_hs32f7d377_cpu1_ac6.o(RESET)
 <LI><a href="#[e1]">EPWM4_DriverHandler</a> from startup_hs32f7d377_cpu1_ac6.o(.text) referenced from startup_hs32f7d377_cpu1_ac6.o(.text)
 <LI><a href="#[3e]">EPWM4_Handler</a> from startup_hs32f7d377_cpu1_ac6.o(.text) referenced from startup_hs32f7d377_cpu1_ac6.o(RESET)
 <LI><a href="#[d5]">EPWM4_TZ_DriverHandler</a> from startup_hs32f7d377_cpu1_ac6.o(.text) referenced from startup_hs32f7d377_cpu1_ac6.o(.text)
 <LI><a href="#[32]">EPWM4_TZ_Handler</a> from startup_hs32f7d377_cpu1_ac6.o(.text) referenced from startup_hs32f7d377_cpu1_ac6.o(RESET)
 <LI><a href="#[e2]">EPWM5_DriverHandler</a> from startup_hs32f7d377_cpu1_ac6.o(.text) referenced from startup_hs32f7d377_cpu1_ac6.o(.text)
 <LI><a href="#[3f]">EPWM5_Handler</a> from startup_hs32f7d377_cpu1_ac6.o(.text) referenced from startup_hs32f7d377_cpu1_ac6.o(RESET)
 <LI><a href="#[d6]">EPWM5_TZ_DriverHandler</a> from startup_hs32f7d377_cpu1_ac6.o(.text) referenced from startup_hs32f7d377_cpu1_ac6.o(.text)
 <LI><a href="#[33]">EPWM5_TZ_Handler</a> from startup_hs32f7d377_cpu1_ac6.o(.text) referenced from startup_hs32f7d377_cpu1_ac6.o(RESET)
 <LI><a href="#[e3]">EPWM6_DriverHandler</a> from startup_hs32f7d377_cpu1_ac6.o(.text) referenced from startup_hs32f7d377_cpu1_ac6.o(.text)
 <LI><a href="#[40]">EPWM6_Handler</a> from startup_hs32f7d377_cpu1_ac6.o(.text) referenced from startup_hs32f7d377_cpu1_ac6.o(RESET)
 <LI><a href="#[d7]">EPWM6_TZ_DriverHandler</a> from startup_hs32f7d377_cpu1_ac6.o(.text) referenced from startup_hs32f7d377_cpu1_ac6.o(.text)
 <LI><a href="#[34]">EPWM6_TZ_Handler</a> from startup_hs32f7d377_cpu1_ac6.o(.text) referenced from startup_hs32f7d377_cpu1_ac6.o(RESET)
 <LI><a href="#[e4]">EPWM7_DriverHandler</a> from startup_hs32f7d377_cpu1_ac6.o(.text) referenced from startup_hs32f7d377_cpu1_ac6.o(.text)
 <LI><a href="#[41]">EPWM7_Handler</a> from startup_hs32f7d377_cpu1_ac6.o(.text) referenced from startup_hs32f7d377_cpu1_ac6.o(RESET)
 <LI><a href="#[d8]">EPWM7_TZ_DriverHandler</a> from startup_hs32f7d377_cpu1_ac6.o(.text) referenced from startup_hs32f7d377_cpu1_ac6.o(.text)
 <LI><a href="#[35]">EPWM7_TZ_Handler</a> from startup_hs32f7d377_cpu1_ac6.o(.text) referenced from startup_hs32f7d377_cpu1_ac6.o(RESET)
 <LI><a href="#[e5]">EPWM8_DriverHandler</a> from startup_hs32f7d377_cpu1_ac6.o(.text) referenced from startup_hs32f7d377_cpu1_ac6.o(.text)
 <LI><a href="#[42]">EPWM8_Handler</a> from startup_hs32f7d377_cpu1_ac6.o(.text) referenced from startup_hs32f7d377_cpu1_ac6.o(RESET)
 <LI><a href="#[d9]">EPWM8_TZ_DriverHandler</a> from startup_hs32f7d377_cpu1_ac6.o(.text) referenced from startup_hs32f7d377_cpu1_ac6.o(.text)
 <LI><a href="#[36]">EPWM8_TZ_Handler</a> from startup_hs32f7d377_cpu1_ac6.o(.text) referenced from startup_hs32f7d377_cpu1_ac6.o(RESET)
 <LI><a href="#[e6]">EPWM9_DriverHandler</a> from startup_hs32f7d377_cpu1_ac6.o(.text) referenced from startup_hs32f7d377_cpu1_ac6.o(.text)
 <LI><a href="#[43]">EPWM9_Handler</a> from startup_hs32f7d377_cpu1_ac6.o(.text) referenced from startup_hs32f7d377_cpu1_ac6.o(RESET)
 <LI><a href="#[da]">EPWM9_TZ_DriverHandler</a> from startup_hs32f7d377_cpu1_ac6.o(.text) referenced from startup_hs32f7d377_cpu1_ac6.o(.text)
 <LI><a href="#[37]">EPWM9_TZ_Handler</a> from startup_hs32f7d377_cpu1_ac6.o(.text) referenced from startup_hs32f7d377_cpu1_ac6.o(RESET)
 <LI><a href="#[d1]">EPWM_HRCAL_DriverHandler</a> from startup_hs32f7d377_cpu1_ac6.o(.text) referenced from startup_hs32f7d377_cpu1_ac6.o(.text)
 <LI><a href="#[2e]">EPWM_HRCAL_Handler</a> from startup_hs32f7d377_cpu1_ac6.o(.text) referenced from startup_hs32f7d377_cpu1_ac6.o(RESET)
 <LI><a href="#[f0]">EQEP1_DriverHandler</a> from startup_hs32f7d377_cpu1_ac6.o(.text) referenced from startup_hs32f7d377_cpu1_ac6.o(.text)
 <LI><a href="#[4d]">EQEP1_Handler</a> from startup_hs32f7d377_cpu1_ac6.o(.text) referenced from startup_hs32f7d377_cpu1_ac6.o(RESET)
 <LI><a href="#[f1]">EQEP2_DriverHandler</a> from startup_hs32f7d377_cpu1_ac6.o(.text) referenced from startup_hs32f7d377_cpu1_ac6.o(.text)
 <LI><a href="#[4e]">EQEP2_Handler</a> from startup_hs32f7d377_cpu1_ac6.o(.text) referenced from startup_hs32f7d377_cpu1_ac6.o(RESET)
 <LI><a href="#[f2]">EQEP3_DriverHandler</a> from startup_hs32f7d377_cpu1_ac6.o(.text) referenced from startup_hs32f7d377_cpu1_ac6.o(.text)
 <LI><a href="#[4f]">EQEP3_Handler</a> from startup_hs32f7d377_cpu1_ac6.o(.text) referenced from startup_hs32f7d377_cpu1_ac6.o(RESET)
 <LI><a href="#[a5]">HardFault_DriverHandler</a> from startup_hs32f7d377_cpu1_ac6.o(.text) referenced from startup_hs32f7d377_cpu1_ac6.o(.text)
 <LI><a href="#[2]">HardFault_Handler</a> from startup_hs32f7d377_cpu1_ac6.o(.text) referenced from startup_hs32f7d377_cpu1_ac6.o(RESET)
 <LI><a href="#[133]">I2CA_DriverHandler</a> from startup_hs32f7d377_cpu1_ac6.o(.text) referenced from startup_hs32f7d377_cpu1_ac6.o(.text)
 <LI><a href="#[90]">I2CA_Handler</a> from startup_hs32f7d377_cpu1_ac6.o(.text) referenced from startup_hs32f7d377_cpu1_ac6.o(RESET)
 <LI><a href="#[134]">I2CB_DriverHandler</a> from startup_hs32f7d377_cpu1_ac6.o(.text) referenced from startup_hs32f7d377_cpu1_ac6.o(.text)
 <LI><a href="#[91]">I2CB_Handler</a> from startup_hs32f7d377_cpu1_ac6.o(.text) referenced from startup_hs32f7d377_cpu1_ac6.o(RESET)
 <LI><a href="#[b4]">IPC_INT0_DriverHandler</a> from startup_hs32f7d377_cpu1_ac6.o(.text) referenced from startup_hs32f7d377_cpu1_ac6.o(.text)
 <LI><a href="#[11]">IPC_INT0_Handler</a> from startup_hs32f7d377_cpu1_ac6.o(.text) referenced from startup_hs32f7d377_cpu1_ac6.o(RESET)
 <LI><a href="#[b5]">IPC_INT1_DriverHandler</a> from startup_hs32f7d377_cpu1_ac6.o(.text) referenced from startup_hs32f7d377_cpu1_ac6.o(.text)
 <LI><a href="#[12]">IPC_INT1_Handler</a> from startup_hs32f7d377_cpu1_ac6.o(.text) referenced from startup_hs32f7d377_cpu1_ac6.o(RESET)
 <LI><a href="#[b6]">IPC_INT2_DriverHandler</a> from startup_hs32f7d377_cpu1_ac6.o(.text) referenced from startup_hs32f7d377_cpu1_ac6.o(.text)
 <LI><a href="#[13]">IPC_INT2_Handler</a> from startup_hs32f7d377_cpu1_ac6.o(.text) referenced from startup_hs32f7d377_cpu1_ac6.o(RESET)
 <LI><a href="#[b7]">IPC_INT3_DriverHandler</a> from startup_hs32f7d377_cpu1_ac6.o(.text) referenced from startup_hs32f7d377_cpu1_ac6.o(.text)
 <LI><a href="#[14]">IPC_INT3_Handler</a> from startup_hs32f7d377_cpu1_ac6.o(.text) referenced from startup_hs32f7d377_cpu1_ac6.o(RESET)
 <LI><a href="#[143]">IPC_RAM_ERR_DriverHandler</a> from startup_hs32f7d377_cpu1_ac6.o(.text) referenced from startup_hs32f7d377_cpu1_ac6.o(.text)
 <LI><a href="#[a0]">IPC_RAM_ERR_Handler</a> from startup_hs32f7d377_cpu1_ac6.o(.text) referenced from startup_hs32f7d377_cpu1_ac6.o(RESET)
 <LI><a href="#[12d]">MCANA_INT0_DriverHandler</a> from startup_hs32f7d377_cpu1_ac6.o(.text) referenced from startup_hs32f7d377_cpu1_ac6.o(.text)
 <LI><a href="#[8a]">MCANA_INT0_Handler</a> from startup_hs32f7d377_cpu1_ac6.o(.text) referenced from startup_hs32f7d377_cpu1_ac6.o(RESET)
 <LI><a href="#[12e]">MCANA_INT1_DriverHandler</a> from startup_hs32f7d377_cpu1_ac6.o(.text) referenced from startup_hs32f7d377_cpu1_ac6.o(.text)
 <LI><a href="#[8b]">MCANA_INT1_Handler</a> from startup_hs32f7d377_cpu1_ac6.o(.text) referenced from startup_hs32f7d377_cpu1_ac6.o(RESET)
 <LI><a href="#[12f]">MCANB_INT0_DriverHandler</a> from startup_hs32f7d377_cpu1_ac6.o(.text) referenced from startup_hs32f7d377_cpu1_ac6.o(.text)
 <LI><a href="#[8c]">MCANB_INT0_Handler</a> from startup_hs32f7d377_cpu1_ac6.o(.text) referenced from startup_hs32f7d377_cpu1_ac6.o(RESET)
 <LI><a href="#[130]">MCANB_INT1_DriverHandler</a> from startup_hs32f7d377_cpu1_ac6.o(.text) referenced from startup_hs32f7d377_cpu1_ac6.o(.text)
 <LI><a href="#[8d]">MCANB_INT1_Handler</a> from startup_hs32f7d377_cpu1_ac6.o(.text) referenced from startup_hs32f7d377_cpu1_ac6.o(RESET)
 <LI><a href="#[131]">MCANC_INT0_DriverHandler</a> from startup_hs32f7d377_cpu1_ac6.o(.text) referenced from startup_hs32f7d377_cpu1_ac6.o(.text)
 <LI><a href="#[8e]">MCANC_INT0_Handler</a> from startup_hs32f7d377_cpu1_ac6.o(.text) referenced from startup_hs32f7d377_cpu1_ac6.o(RESET)
 <LI><a href="#[132]">MCANC_INT1_DriverHandler</a> from startup_hs32f7d377_cpu1_ac6.o(.text) referenced from startup_hs32f7d377_cpu1_ac6.o(.text)
 <LI><a href="#[8f]">MCANC_INT1_Handler</a> from startup_hs32f7d377_cpu1_ac6.o(.text) referenced from startup_hs32f7d377_cpu1_ac6.o(RESET)
 <LI><a href="#[a6]">MemManage_DriverHandler</a> from startup_hs32f7d377_cpu1_ac6.o(.text) referenced from startup_hs32f7d377_cpu1_ac6.o(.text)
 <LI><a href="#[3]">MemManage_Handler</a> from startup_hs32f7d377_cpu1_ac6.o(.text) referenced from startup_hs32f7d377_cpu1_ac6.o(RESET)
 <LI><a href="#[a4]">NMI_DriverHandler</a> from startup_hs32f7d377_cpu1_ac6.o(.text) referenced from startup_hs32f7d377_cpu1_ac6.o(.text)
 <LI><a href="#[1]">NMI_Handler</a> from startup_hs32f7d377_cpu1_ac6.o(.text) referenced from startup_hs32f7d377_cpu1_ac6.o(RESET)
 <LI><a href="#[135]">PMBUSA_DriverHandler</a> from startup_hs32f7d377_cpu1_ac6.o(.text) referenced from startup_hs32f7d377_cpu1_ac6.o(.text)
 <LI><a href="#[92]">PMBUSA_Handler</a> from startup_hs32f7d377_cpu1_ac6.o(.text) referenced from startup_hs32f7d377_cpu1_ac6.o(RESET)
 <LI><a href="#[ab]">PendSV_DriverHandler</a> from startup_hs32f7d377_cpu1_ac6.o(.text) referenced from startup_hs32f7d377_cpu1_ac6.o(.text)
 <LI><a href="#[8]">PendSV_Handler</a> from startup_hs32f7d377_cpu1_ac6.o(.text) referenced from startup_hs32f7d377_cpu1_ac6.o(RESET)
 <LI><a href="#[0]">Reset_Handler</a> from startup_hs32f7d377_cpu1_ac6.o(.text) referenced from startup_hs32f7d377_cpu1_ac6.o(RESET)
 <LI><a href="#[fb]">SDFM1_DriverHandler</a> from startup_hs32f7d377_cpu1_ac6.o(.text) referenced from startup_hs32f7d377_cpu1_ac6.o(.text)
 <LI><a href="#[fc]">SDFM1_FLT1DR_DriverHandler</a> from startup_hs32f7d377_cpu1_ac6.o(.text) referenced from startup_hs32f7d377_cpu1_ac6.o(.text)
 <LI><a href="#[59]">SDFM1_FLT1DR_Handler</a> from startup_hs32f7d377_cpu1_ac6.o(.text) referenced from startup_hs32f7d377_cpu1_ac6.o(RESET)
 <LI><a href="#[fd]">SDFM1_FLT2DR_DriverHandler</a> from startup_hs32f7d377_cpu1_ac6.o(.text) referenced from startup_hs32f7d377_cpu1_ac6.o(.text)
 <LI><a href="#[5a]">SDFM1_FLT2DR_Handler</a> from startup_hs32f7d377_cpu1_ac6.o(.text) referenced from startup_hs32f7d377_cpu1_ac6.o(RESET)
 <LI><a href="#[fe]">SDFM1_FLT3DR_DriverHandler</a> from startup_hs32f7d377_cpu1_ac6.o(.text) referenced from startup_hs32f7d377_cpu1_ac6.o(.text)
 <LI><a href="#[5b]">SDFM1_FLT3DR_Handler</a> from startup_hs32f7d377_cpu1_ac6.o(.text) referenced from startup_hs32f7d377_cpu1_ac6.o(RESET)
 <LI><a href="#[ff]">SDFM1_FLT4DR_DriverHandler</a> from startup_hs32f7d377_cpu1_ac6.o(.text) referenced from startup_hs32f7d377_cpu1_ac6.o(.text)
 <LI><a href="#[5c]">SDFM1_FLT4DR_Handler</a> from startup_hs32f7d377_cpu1_ac6.o(.text) referenced from startup_hs32f7d377_cpu1_ac6.o(RESET)
 <LI><a href="#[58]">SDFM1_Handler</a> from startup_hs32f7d377_cpu1_ac6.o(.text) referenced from startup_hs32f7d377_cpu1_ac6.o(RESET)
 <LI><a href="#[100]">SDFM2_DriverHandler</a> from startup_hs32f7d377_cpu1_ac6.o(.text) referenced from startup_hs32f7d377_cpu1_ac6.o(.text)
 <LI><a href="#[101]">SDFM2_FLT1DR_DriverHandler</a> from startup_hs32f7d377_cpu1_ac6.o(.text) referenced from startup_hs32f7d377_cpu1_ac6.o(.text)
 <LI><a href="#[5e]">SDFM2_FLT1DR_Handler</a> from startup_hs32f7d377_cpu1_ac6.o(.text) referenced from startup_hs32f7d377_cpu1_ac6.o(RESET)
 <LI><a href="#[102]">SDFM2_FLT2DR_DriverHandler</a> from startup_hs32f7d377_cpu1_ac6.o(.text) referenced from startup_hs32f7d377_cpu1_ac6.o(.text)
 <LI><a href="#[5f]">SDFM2_FLT2DR_Handler</a> from startup_hs32f7d377_cpu1_ac6.o(.text) referenced from startup_hs32f7d377_cpu1_ac6.o(RESET)
 <LI><a href="#[103]">SDFM2_FLT3DR_DriverHandler</a> from startup_hs32f7d377_cpu1_ac6.o(.text) referenced from startup_hs32f7d377_cpu1_ac6.o(.text)
 <LI><a href="#[60]">SDFM2_FLT3DR_Handler</a> from startup_hs32f7d377_cpu1_ac6.o(.text) referenced from startup_hs32f7d377_cpu1_ac6.o(RESET)
 <LI><a href="#[104]">SDFM2_FLT4DR_DriverHandler</a> from startup_hs32f7d377_cpu1_ac6.o(.text) referenced from startup_hs32f7d377_cpu1_ac6.o(.text)
 <LI><a href="#[61]">SDFM2_FLT4DR_Handler</a> from startup_hs32f7d377_cpu1_ac6.o(.text) referenced from startup_hs32f7d377_cpu1_ac6.o(RESET)
 <LI><a href="#[5d]">SDFM2_Handler</a> from startup_hs32f7d377_cpu1_ac6.o(.text) referenced from startup_hs32f7d377_cpu1_ac6.o(RESET)
 <LI><a href="#[13a]">SPIA_DriverHandler</a> from startup_hs32f7d377_cpu1_ac6.o(.text) referenced from startup_hs32f7d377_cpu1_ac6.o(.text)
 <LI><a href="#[97]">SPIA_Handler</a> from startup_hs32f7d377_cpu1_ac6.o(.text) referenced from startup_hs32f7d377_cpu1_ac6.o(RESET)
 <LI><a href="#[13b]">SPIB_DriverHandler</a> from startup_hs32f7d377_cpu1_ac6.o(.text) referenced from startup_hs32f7d377_cpu1_ac6.o(.text)
 <LI><a href="#[98]">SPIB_Handler</a> from startup_hs32f7d377_cpu1_ac6.o(.text) referenced from startup_hs32f7d377_cpu1_ac6.o(RESET)
 <LI><a href="#[13c]">SPIC_DriverHandler</a> from startup_hs32f7d377_cpu1_ac6.o(.text) referenced from startup_hs32f7d377_cpu1_ac6.o(.text)
 <LI><a href="#[99]">SPIC_Handler</a> from startup_hs32f7d377_cpu1_ac6.o(.text) referenced from startup_hs32f7d377_cpu1_ac6.o(RESET)
 <LI><a href="#[13f]">SRAM_ACC_VIO_DriverHandler</a> from startup_hs32f7d377_cpu1_ac6.o(.text) referenced from startup_hs32f7d377_cpu1_ac6.o(.text)
 <LI><a href="#[9c]">SRAM_ACC_VIO_Handler</a> from startup_hs32f7d377_cpu1_ac6.o(.text) referenced from startup_hs32f7d377_cpu1_ac6.o(RESET)
 <LI><a href="#[13d]">SRAM_ECC_ERR_DriverHandler</a> from startup_hs32f7d377_cpu1_ac6.o(.text) referenced from startup_hs32f7d377_cpu1_ac6.o(.text)
 <LI><a href="#[9a]">SRAM_ECC_ERR_Handler</a> from startup_hs32f7d377_cpu1_ac6.o(.text) referenced from startup_hs32f7d377_cpu1_ac6.o(RESET)
 <LI><a href="#[a9]">SVC_DriverHandler</a> from startup_hs32f7d377_cpu1_ac6.o(.text) referenced from startup_hs32f7d377_cpu1_ac6.o(.text)
 <LI><a href="#[6]">SVC_Handler</a> from startup_hs32f7d377_cpu1_ac6.o(.text) referenced from startup_hs32f7d377_cpu1_ac6.o(RESET)
 <LI><a href="#[ac]">SysTick_DriverHandler</a> from clock_config.o(.text.SysTick_DriverHandler) referenced from startup_hs32f7d377_cpu1_ac6.o(.text)
 <LI><a href="#[9]">SysTick_Handler</a> from startup_hs32f7d377_cpu1_ac6.o(.text) referenced from startup_hs32f7d377_cpu1_ac6.o(RESET)
 <LI><a href="#[a2]">SystemInit</a> from system_hs32f7d377_cpu1.o(.text.SystemInit) referenced from startup_hs32f7d377_cpu1_ac6.o(.text)
 <LI><a href="#[142]">TFU_DriverHandler</a> from startup_hs32f7d377_cpu1_ac6.o(.text) referenced from startup_hs32f7d377_cpu1_ac6.o(.text)
 <LI><a href="#[9f]">TFU_Handler</a> from startup_hs32f7d377_cpu1_ac6.o(.text) referenced from startup_hs32f7d377_cpu1_ac6.o(RESET)
 <LI><a href="#[136]">UARTA_DriverHandler</a> from hte_uart.o(.text.UARTA_DriverHandler) referenced from startup_hs32f7d377_cpu1_ac6.o(.text)
 <LI><a href="#[93]">UARTA_Handler</a> from startup_hs32f7d377_cpu1_ac6.o(.text) referenced from startup_hs32f7d377_cpu1_ac6.o(RESET)
 <LI><a href="#[137]">UARTB_DriverHandler</a> from hte_uart.o(.text.UARTB_DriverHandler) referenced from startup_hs32f7d377_cpu1_ac6.o(.text)
 <LI><a href="#[94]">UARTB_Handler</a> from startup_hs32f7d377_cpu1_ac6.o(.text) referenced from startup_hs32f7d377_cpu1_ac6.o(RESET)
 <LI><a href="#[138]">UARTC_DriverHandler</a> from hte_uart.o(.text.UARTC_DriverHandler) referenced from startup_hs32f7d377_cpu1_ac6.o(.text)
 <LI><a href="#[95]">UARTC_Handler</a> from startup_hs32f7d377_cpu1_ac6.o(.text) referenced from startup_hs32f7d377_cpu1_ac6.o(RESET)
 <LI><a href="#[139]">UARTD_DriverHandler</a> from hte_uart.o(.text.UARTD_DriverHandler) referenced from startup_hs32f7d377_cpu1_ac6.o(.text)
 <LI><a href="#[96]">UARTD_Handler</a> from startup_hs32f7d377_cpu1_ac6.o(.text) referenced from startup_hs32f7d377_cpu1_ac6.o(RESET)
 <LI><a href="#[10b]">USBA_DriverHandler</a> from startup_hs32f7d377_cpu1_ac6.o(.text) referenced from startup_hs32f7d377_cpu1_ac6.o(.text)
 <LI><a href="#[10d]">USBA_EP0_DriverHandler</a> from startup_hs32f7d377_cpu1_ac6.o(.text) referenced from startup_hs32f7d377_cpu1_ac6.o(.text)
 <LI><a href="#[6a]">USBA_EP0_Handler</a> from startup_hs32f7d377_cpu1_ac6.o(.text) referenced from startup_hs32f7d377_cpu1_ac6.o(RESET)
 <LI><a href="#[117]">USBA_EP10_DriverHandler</a> from startup_hs32f7d377_cpu1_ac6.o(.text) referenced from startup_hs32f7d377_cpu1_ac6.o(.text)
 <LI><a href="#[74]">USBA_EP10_Handler</a> from startup_hs32f7d377_cpu1_ac6.o(.text) referenced from startup_hs32f7d377_cpu1_ac6.o(RESET)
 <LI><a href="#[118]">USBA_EP11_DriverHandler</a> from startup_hs32f7d377_cpu1_ac6.o(.text) referenced from startup_hs32f7d377_cpu1_ac6.o(.text)
 <LI><a href="#[75]">USBA_EP11_Handler</a> from startup_hs32f7d377_cpu1_ac6.o(.text) referenced from startup_hs32f7d377_cpu1_ac6.o(RESET)
 <LI><a href="#[119]">USBA_EP12_DriverHandler</a> from startup_hs32f7d377_cpu1_ac6.o(.text) referenced from startup_hs32f7d377_cpu1_ac6.o(.text)
 <LI><a href="#[76]">USBA_EP12_Handler</a> from startup_hs32f7d377_cpu1_ac6.o(.text) referenced from startup_hs32f7d377_cpu1_ac6.o(RESET)
 <LI><a href="#[11a]">USBA_EP13_DriverHandler</a> from startup_hs32f7d377_cpu1_ac6.o(.text) referenced from startup_hs32f7d377_cpu1_ac6.o(.text)
 <LI><a href="#[77]">USBA_EP13_Handler</a> from startup_hs32f7d377_cpu1_ac6.o(.text) referenced from startup_hs32f7d377_cpu1_ac6.o(RESET)
 <LI><a href="#[11b]">USBA_EP14_DriverHandler</a> from startup_hs32f7d377_cpu1_ac6.o(.text) referenced from startup_hs32f7d377_cpu1_ac6.o(.text)
 <LI><a href="#[78]">USBA_EP14_Handler</a> from startup_hs32f7d377_cpu1_ac6.o(.text) referenced from startup_hs32f7d377_cpu1_ac6.o(RESET)
 <LI><a href="#[11c]">USBA_EP15_DriverHandler</a> from startup_hs32f7d377_cpu1_ac6.o(.text) referenced from startup_hs32f7d377_cpu1_ac6.o(.text)
 <LI><a href="#[79]">USBA_EP15_Handler</a> from startup_hs32f7d377_cpu1_ac6.o(.text) referenced from startup_hs32f7d377_cpu1_ac6.o(RESET)
 <LI><a href="#[11d]">USBA_EP16_DriverHandler</a> from startup_hs32f7d377_cpu1_ac6.o(.text) referenced from startup_hs32f7d377_cpu1_ac6.o(.text)
 <LI><a href="#[7a]">USBA_EP16_Handler</a> from startup_hs32f7d377_cpu1_ac6.o(.text) referenced from startup_hs32f7d377_cpu1_ac6.o(RESET)
 <LI><a href="#[11e]">USBA_EP17_DriverHandler</a> from startup_hs32f7d377_cpu1_ac6.o(.text) referenced from startup_hs32f7d377_cpu1_ac6.o(.text)
 <LI><a href="#[7b]">USBA_EP17_Handler</a> from startup_hs32f7d377_cpu1_ac6.o(.text) referenced from startup_hs32f7d377_cpu1_ac6.o(RESET)
 <LI><a href="#[11f]">USBA_EP18_DriverHandler</a> from startup_hs32f7d377_cpu1_ac6.o(.text) referenced from startup_hs32f7d377_cpu1_ac6.o(.text)
 <LI><a href="#[7c]">USBA_EP18_Handler</a> from startup_hs32f7d377_cpu1_ac6.o(.text) referenced from startup_hs32f7d377_cpu1_ac6.o(RESET)
 <LI><a href="#[120]">USBA_EP19_DriverHandler</a> from startup_hs32f7d377_cpu1_ac6.o(.text) referenced from startup_hs32f7d377_cpu1_ac6.o(.text)
 <LI><a href="#[7d]">USBA_EP19_Handler</a> from startup_hs32f7d377_cpu1_ac6.o(.text) referenced from startup_hs32f7d377_cpu1_ac6.o(RESET)
 <LI><a href="#[10e]">USBA_EP1_DriverHandler</a> from startup_hs32f7d377_cpu1_ac6.o(.text) referenced from startup_hs32f7d377_cpu1_ac6.o(.text)
 <LI><a href="#[6b]">USBA_EP1_Handler</a> from startup_hs32f7d377_cpu1_ac6.o(.text) referenced from startup_hs32f7d377_cpu1_ac6.o(RESET)
 <LI><a href="#[121]">USBA_EP20_DriverHandler</a> from startup_hs32f7d377_cpu1_ac6.o(.text) referenced from startup_hs32f7d377_cpu1_ac6.o(.text)
 <LI><a href="#[7e]">USBA_EP20_Handler</a> from startup_hs32f7d377_cpu1_ac6.o(.text) referenced from startup_hs32f7d377_cpu1_ac6.o(RESET)
 <LI><a href="#[122]">USBA_EP21_DriverHandler</a> from startup_hs32f7d377_cpu1_ac6.o(.text) referenced from startup_hs32f7d377_cpu1_ac6.o(.text)
 <LI><a href="#[7f]">USBA_EP21_Handler</a> from startup_hs32f7d377_cpu1_ac6.o(.text) referenced from startup_hs32f7d377_cpu1_ac6.o(RESET)
 <LI><a href="#[123]">USBA_EP22_DriverHandler</a> from startup_hs32f7d377_cpu1_ac6.o(.text) referenced from startup_hs32f7d377_cpu1_ac6.o(.text)
 <LI><a href="#[80]">USBA_EP22_Handler</a> from startup_hs32f7d377_cpu1_ac6.o(.text) referenced from startup_hs32f7d377_cpu1_ac6.o(RESET)
 <LI><a href="#[124]">USBA_EP23_DriverHandler</a> from startup_hs32f7d377_cpu1_ac6.o(.text) referenced from startup_hs32f7d377_cpu1_ac6.o(.text)
 <LI><a href="#[81]">USBA_EP23_Handler</a> from startup_hs32f7d377_cpu1_ac6.o(.text) referenced from startup_hs32f7d377_cpu1_ac6.o(RESET)
 <LI><a href="#[125]">USBA_EP24_DriverHandler</a> from startup_hs32f7d377_cpu1_ac6.o(.text) referenced from startup_hs32f7d377_cpu1_ac6.o(.text)
 <LI><a href="#[82]">USBA_EP24_Handler</a> from startup_hs32f7d377_cpu1_ac6.o(.text) referenced from startup_hs32f7d377_cpu1_ac6.o(RESET)
 <LI><a href="#[126]">USBA_EP25_DriverHandler</a> from startup_hs32f7d377_cpu1_ac6.o(.text) referenced from startup_hs32f7d377_cpu1_ac6.o(.text)
 <LI><a href="#[83]">USBA_EP25_Handler</a> from startup_hs32f7d377_cpu1_ac6.o(.text) referenced from startup_hs32f7d377_cpu1_ac6.o(RESET)
 <LI><a href="#[127]">USBA_EP26_DriverHandler</a> from startup_hs32f7d377_cpu1_ac6.o(.text) referenced from startup_hs32f7d377_cpu1_ac6.o(.text)
 <LI><a href="#[84]">USBA_EP26_Handler</a> from startup_hs32f7d377_cpu1_ac6.o(.text) referenced from startup_hs32f7d377_cpu1_ac6.o(RESET)
 <LI><a href="#[128]">USBA_EP27_DriverHandler</a> from startup_hs32f7d377_cpu1_ac6.o(.text) referenced from startup_hs32f7d377_cpu1_ac6.o(.text)
 <LI><a href="#[85]">USBA_EP27_Handler</a> from startup_hs32f7d377_cpu1_ac6.o(.text) referenced from startup_hs32f7d377_cpu1_ac6.o(RESET)
 <LI><a href="#[129]">USBA_EP28_DriverHandler</a> from startup_hs32f7d377_cpu1_ac6.o(.text) referenced from startup_hs32f7d377_cpu1_ac6.o(.text)
 <LI><a href="#[86]">USBA_EP28_Handler</a> from startup_hs32f7d377_cpu1_ac6.o(.text) referenced from startup_hs32f7d377_cpu1_ac6.o(RESET)
 <LI><a href="#[12a]">USBA_EP29_DriverHandler</a> from startup_hs32f7d377_cpu1_ac6.o(.text) referenced from startup_hs32f7d377_cpu1_ac6.o(.text)
 <LI><a href="#[87]">USBA_EP29_Handler</a> from startup_hs32f7d377_cpu1_ac6.o(.text) referenced from startup_hs32f7d377_cpu1_ac6.o(RESET)
 <LI><a href="#[10f]">USBA_EP2_DriverHandler</a> from startup_hs32f7d377_cpu1_ac6.o(.text) referenced from startup_hs32f7d377_cpu1_ac6.o(.text)
 <LI><a href="#[6c]">USBA_EP2_Handler</a> from startup_hs32f7d377_cpu1_ac6.o(.text) referenced from startup_hs32f7d377_cpu1_ac6.o(RESET)
 <LI><a href="#[12b]">USBA_EP30_DriverHandler</a> from startup_hs32f7d377_cpu1_ac6.o(.text) referenced from startup_hs32f7d377_cpu1_ac6.o(.text)
 <LI><a href="#[88]">USBA_EP30_Handler</a> from startup_hs32f7d377_cpu1_ac6.o(.text) referenced from startup_hs32f7d377_cpu1_ac6.o(RESET)
 <LI><a href="#[12c]">USBA_EP31_DriverHandler</a> from startup_hs32f7d377_cpu1_ac6.o(.text) referenced from startup_hs32f7d377_cpu1_ac6.o(.text)
 <LI><a href="#[89]">USBA_EP31_Handler</a> from startup_hs32f7d377_cpu1_ac6.o(.text) referenced from startup_hs32f7d377_cpu1_ac6.o(RESET)
 <LI><a href="#[110]">USBA_EP3_DriverHandler</a> from startup_hs32f7d377_cpu1_ac6.o(.text) referenced from startup_hs32f7d377_cpu1_ac6.o(.text)
 <LI><a href="#[6d]">USBA_EP3_Handler</a> from startup_hs32f7d377_cpu1_ac6.o(.text) referenced from startup_hs32f7d377_cpu1_ac6.o(RESET)
 <LI><a href="#[111]">USBA_EP4_DriverHandler</a> from startup_hs32f7d377_cpu1_ac6.o(.text) referenced from startup_hs32f7d377_cpu1_ac6.o(.text)
 <LI><a href="#[6e]">USBA_EP4_Handler</a> from startup_hs32f7d377_cpu1_ac6.o(.text) referenced from startup_hs32f7d377_cpu1_ac6.o(RESET)
 <LI><a href="#[112]">USBA_EP5_DriverHandler</a> from startup_hs32f7d377_cpu1_ac6.o(.text) referenced from startup_hs32f7d377_cpu1_ac6.o(.text)
 <LI><a href="#[6f]">USBA_EP5_Handler</a> from startup_hs32f7d377_cpu1_ac6.o(.text) referenced from startup_hs32f7d377_cpu1_ac6.o(RESET)
 <LI><a href="#[113]">USBA_EP6_DriverHandler</a> from startup_hs32f7d377_cpu1_ac6.o(.text) referenced from startup_hs32f7d377_cpu1_ac6.o(.text)
 <LI><a href="#[70]">USBA_EP6_Handler</a> from startup_hs32f7d377_cpu1_ac6.o(.text) referenced from startup_hs32f7d377_cpu1_ac6.o(RESET)
 <LI><a href="#[114]">USBA_EP7_DriverHandler</a> from startup_hs32f7d377_cpu1_ac6.o(.text) referenced from startup_hs32f7d377_cpu1_ac6.o(.text)
 <LI><a href="#[71]">USBA_EP7_Handler</a> from startup_hs32f7d377_cpu1_ac6.o(.text) referenced from startup_hs32f7d377_cpu1_ac6.o(RESET)
 <LI><a href="#[115]">USBA_EP8_DriverHandler</a> from startup_hs32f7d377_cpu1_ac6.o(.text) referenced from startup_hs32f7d377_cpu1_ac6.o(.text)
 <LI><a href="#[72]">USBA_EP8_Handler</a> from startup_hs32f7d377_cpu1_ac6.o(.text) referenced from startup_hs32f7d377_cpu1_ac6.o(RESET)
 <LI><a href="#[116]">USBA_EP9_DriverHandler</a> from startup_hs32f7d377_cpu1_ac6.o(.text) referenced from startup_hs32f7d377_cpu1_ac6.o(.text)
 <LI><a href="#[73]">USBA_EP9_Handler</a> from startup_hs32f7d377_cpu1_ac6.o(.text) referenced from startup_hs32f7d377_cpu1_ac6.o(RESET)
 <LI><a href="#[10c]">USBA_EP_MP_DriverHandler</a> from startup_hs32f7d377_cpu1_ac6.o(.text) referenced from startup_hs32f7d377_cpu1_ac6.o(.text)
 <LI><a href="#[69]">USBA_EP_MP_Handler</a> from startup_hs32f7d377_cpu1_ac6.o(.text) referenced from startup_hs32f7d377_cpu1_ac6.o(RESET)
 <LI><a href="#[68]">USBA_Handler</a> from startup_hs32f7d377_cpu1_ac6.o(.text) referenced from startup_hs32f7d377_cpu1_ac6.o(RESET)
 <LI><a href="#[a8]">UsageFault_DriverHandler</a> from startup_hs32f7d377_cpu1_ac6.o(.text) referenced from startup_hs32f7d377_cpu1_ac6.o(.text)
 <LI><a href="#[5]">UsageFault_Handler</a> from startup_hs32f7d377_cpu1_ac6.o(.text) referenced from startup_hs32f7d377_cpu1_ac6.o(RESET)
 <LI><a href="#[141]">WAKEUP_DriverHandler</a> from startup_hs32f7d377_cpu1_ac6.o(.text) referenced from startup_hs32f7d377_cpu1_ac6.o(.text)
 <LI><a href="#[9e]">WAKEUP_Handler</a> from startup_hs32f7d377_cpu1_ac6.o(.text) referenced from startup_hs32f7d377_cpu1_ac6.o(RESET)
 <LI><a href="#[ad]">WDT_DriverHandler</a> from startup_hs32f7d377_cpu1_ac6.o(.text) referenced from startup_hs32f7d377_cpu1_ac6.o(.text)
 <LI><a href="#[a]">WDT_Handler</a> from startup_hs32f7d377_cpu1_ac6.o(.text) referenced from startup_hs32f7d377_cpu1_ac6.o(RESET)
 <LI><a href="#[cc]">XINT1_DriverHandler</a> from startup_hs32f7d377_cpu1_ac6.o(.text) referenced from startup_hs32f7d377_cpu1_ac6.o(.text)
 <LI><a href="#[29]">XINT1_Handler</a> from startup_hs32f7d377_cpu1_ac6.o(.text) referenced from startup_hs32f7d377_cpu1_ac6.o(RESET)
 <LI><a href="#[cd]">XINT2_DriverHandler</a> from startup_hs32f7d377_cpu1_ac6.o(.text) referenced from startup_hs32f7d377_cpu1_ac6.o(.text)
 <LI><a href="#[2a]">XINT2_Handler</a> from startup_hs32f7d377_cpu1_ac6.o(.text) referenced from startup_hs32f7d377_cpu1_ac6.o(RESET)
 <LI><a href="#[ce]">XINT3_DriverHandler</a> from startup_hs32f7d377_cpu1_ac6.o(.text) referenced from startup_hs32f7d377_cpu1_ac6.o(.text)
 <LI><a href="#[2b]">XINT3_Handler</a> from startup_hs32f7d377_cpu1_ac6.o(.text) referenced from startup_hs32f7d377_cpu1_ac6.o(RESET)
 <LI><a href="#[cf]">XINT4_DriverHandler</a> from startup_hs32f7d377_cpu1_ac6.o(.text) referenced from startup_hs32f7d377_cpu1_ac6.o(.text)
 <LI><a href="#[2c]">XINT4_Handler</a> from startup_hs32f7d377_cpu1_ac6.o(.text) referenced from startup_hs32f7d377_cpu1_ac6.o(RESET)
 <LI><a href="#[d0]">XINT5_DriverHandler</a> from startup_hs32f7d377_cpu1_ac6.o(.text) referenced from startup_hs32f7d377_cpu1_ac6.o(.text)
 <LI><a href="#[2d]">XINT5_Handler</a> from startup_hs32f7d377_cpu1_ac6.o(.text) referenced from startup_hs32f7d377_cpu1_ac6.o(RESET)
 <LI><a href="#[a3]">__main</a> from entry.o(.ARM.Collect$$$$00000000) referenced from startup_hs32f7d377_cpu1_ac6.o(.text)
 <LI><a href="#[144]">fputc</a> from hte_debug_console.o(.text.fputc) referenced from printf3.o(i.__0printf$3)
 <LI><a href="#[a1]">main</a> from hello_world.o(.text.main) referenced from entry9a.o(.ARM.Collect$$$$0000000B)
</UL>
<P>
<H3>
Global Symbols
</H3>
<P><STRONG><a name="[a3]"></a>__main</STRONG> (Thumb, 0 bytes, Stack size unknown bytes, entry.o(.ARM.Collect$$$$00000000))
<BR>[Address Reference Count : 1]<UL><LI> startup_hs32f7d377_cpu1_ac6.o(.text)
</UL>
<P><STRONG><a name="[1b4]"></a>_main_stk</STRONG> (Thumb, 0 bytes, Stack size unknown bytes, entry4.o(.ARM.Collect$$$$00000003))

<P><STRONG><a name="[145]"></a>_main_scatterload</STRONG> (Thumb, 0 bytes, Stack size unknown bytes, entry5.o(.ARM.Collect$$$$00000004))
<BR><BR>[Calls]<UL><LI><a href="#[146]">&gt;&gt;</a>&nbsp;&nbsp;&nbsp;__scatterload
</UL>

<P><STRONG><a name="[14a]"></a>__main_after_scatterload</STRONG> (Thumb, 0 bytes, Stack size unknown bytes, entry5.o(.ARM.Collect$$$$00000004))
<BR><BR>[Called By]<UL><LI><a href="#[146]">&gt;&gt;</a>&nbsp;&nbsp;&nbsp;__scatterload
</UL>

<P><STRONG><a name="[1b5]"></a>_main_clock</STRONG> (Thumb, 0 bytes, Stack size unknown bytes, entry7b.o(.ARM.Collect$$$$00000008))

<P><STRONG><a name="[1b6]"></a>_main_cpp_init</STRONG> (Thumb, 0 bytes, Stack size unknown bytes, entry8b.o(.ARM.Collect$$$$0000000A))

<P><STRONG><a name="[1b7]"></a>_main_init</STRONG> (Thumb, 0 bytes, Stack size unknown bytes, entry9a.o(.ARM.Collect$$$$0000000B))

<P><STRONG><a name="[1b8]"></a>__rt_final_cpp</STRONG> (Thumb, 0 bytes, Stack size unknown bytes, entry10a.o(.ARM.Collect$$$$0000000D))

<P><STRONG><a name="[1b9]"></a>__rt_final_exit</STRONG> (Thumb, 0 bytes, Stack size unknown bytes, entry11a.o(.ARM.Collect$$$$0000000F))

<P><STRONG><a name="[0]"></a>Reset_Handler</STRONG> (Thumb, 24 bytes, Stack size unknown bytes, startup_hs32f7d377_cpu1_ac6.o(.text))
<BR>[Address Reference Count : 1]<UL><LI> startup_hs32f7d377_cpu1_ac6.o(RESET)
</UL>
<P><STRONG><a name="[1]"></a>NMI_Handler</STRONG> (Thumb, 4 bytes, Stack size unknown bytes, startup_hs32f7d377_cpu1_ac6.o(.text))
<BR>[Address Reference Count : 1]<UL><LI> startup_hs32f7d377_cpu1_ac6.o(RESET)
</UL>
<P><STRONG><a name="[2]"></a>HardFault_Handler</STRONG> (Thumb, 4 bytes, Stack size unknown bytes, startup_hs32f7d377_cpu1_ac6.o(.text))
<BR>[Address Reference Count : 1]<UL><LI> startup_hs32f7d377_cpu1_ac6.o(RESET)
</UL>
<P><STRONG><a name="[3]"></a>MemManage_Handler</STRONG> (Thumb, 4 bytes, Stack size unknown bytes, startup_hs32f7d377_cpu1_ac6.o(.text))
<BR>[Address Reference Count : 1]<UL><LI> startup_hs32f7d377_cpu1_ac6.o(RESET)
</UL>
<P><STRONG><a name="[4]"></a>BusFault_Handler</STRONG> (Thumb, 4 bytes, Stack size unknown bytes, startup_hs32f7d377_cpu1_ac6.o(.text))
<BR>[Address Reference Count : 1]<UL><LI> startup_hs32f7d377_cpu1_ac6.o(RESET)
</UL>
<P><STRONG><a name="[5]"></a>UsageFault_Handler</STRONG> (Thumb, 4 bytes, Stack size unknown bytes, startup_hs32f7d377_cpu1_ac6.o(.text))
<BR>[Address Reference Count : 1]<UL><LI> startup_hs32f7d377_cpu1_ac6.o(RESET)
</UL>
<P><STRONG><a name="[6]"></a>SVC_Handler</STRONG> (Thumb, 4 bytes, Stack size unknown bytes, startup_hs32f7d377_cpu1_ac6.o(.text))
<BR>[Address Reference Count : 1]<UL><LI> startup_hs32f7d377_cpu1_ac6.o(RESET)
</UL>
<P><STRONG><a name="[7]"></a>DebugMon_Handler</STRONG> (Thumb, 4 bytes, Stack size unknown bytes, startup_hs32f7d377_cpu1_ac6.o(.text))
<BR>[Address Reference Count : 1]<UL><LI> startup_hs32f7d377_cpu1_ac6.o(RESET)
</UL>
<P><STRONG><a name="[8]"></a>PendSV_Handler</STRONG> (Thumb, 4 bytes, Stack size unknown bytes, startup_hs32f7d377_cpu1_ac6.o(.text))
<BR>[Address Reference Count : 1]<UL><LI> startup_hs32f7d377_cpu1_ac6.o(RESET)
</UL>
<P><STRONG><a name="[9]"></a>SysTick_Handler</STRONG> (Thumb, 4 bytes, Stack size unknown bytes, startup_hs32f7d377_cpu1_ac6.o(.text))
<BR>[Address Reference Count : 1]<UL><LI> startup_hs32f7d377_cpu1_ac6.o(RESET)
</UL>
<P><STRONG><a name="[a]"></a>WDT_Handler</STRONG> (Thumb, 4 bytes, Stack size unknown bytes, startup_hs32f7d377_cpu1_ac6.o(.text))
<BR>[Address Reference Count : 1]<UL><LI> startup_hs32f7d377_cpu1_ac6.o(RESET)
</UL>
<P><STRONG><a name="[b]"></a>CPUTIMER0_Handler</STRONG> (Thumb, 4 bytes, Stack size unknown bytes, startup_hs32f7d377_cpu1_ac6.o(.text))
<BR>[Address Reference Count : 1]<UL><LI> startup_hs32f7d377_cpu1_ac6.o(RESET)
</UL>
<P><STRONG><a name="[c]"></a>CPUTIMER1_Handler</STRONG> (Thumb, 4 bytes, Stack size unknown bytes, startup_hs32f7d377_cpu1_ac6.o(.text))
<BR>[Address Reference Count : 1]<UL><LI> startup_hs32f7d377_cpu1_ac6.o(RESET)
</UL>
<P><STRONG><a name="[d]"></a>CPUTIMER2_Handler</STRONG> (Thumb, 4 bytes, Stack size unknown bytes, startup_hs32f7d377_cpu1_ac6.o(.text))
<BR>[Address Reference Count : 1]<UL><LI> startup_hs32f7d377_cpu1_ac6.o(RESET)
</UL>
<P><STRONG><a name="[e]"></a>DWTIMER_CH0_Handler</STRONG> (Thumb, 4 bytes, Stack size unknown bytes, startup_hs32f7d377_cpu1_ac6.o(.text))
<BR>[Address Reference Count : 1]<UL><LI> startup_hs32f7d377_cpu1_ac6.o(RESET)
</UL>
<P><STRONG><a name="[f]"></a>DWTIMER_CH1_Handler</STRONG> (Thumb, 4 bytes, Stack size unknown bytes, startup_hs32f7d377_cpu1_ac6.o(.text))
<BR>[Address Reference Count : 1]<UL><LI> startup_hs32f7d377_cpu1_ac6.o(RESET)
</UL>
<P><STRONG><a name="[10]"></a>DWTIMER_CH2_Handler</STRONG> (Thumb, 4 bytes, Stack size unknown bytes, startup_hs32f7d377_cpu1_ac6.o(.text))
<BR>[Address Reference Count : 1]<UL><LI> startup_hs32f7d377_cpu1_ac6.o(RESET)
</UL>
<P><STRONG><a name="[11]"></a>IPC_INT0_Handler</STRONG> (Thumb, 4 bytes, Stack size unknown bytes, startup_hs32f7d377_cpu1_ac6.o(.text))
<BR>[Address Reference Count : 1]<UL><LI> startup_hs32f7d377_cpu1_ac6.o(RESET)
</UL>
<P><STRONG><a name="[12]"></a>IPC_INT1_Handler</STRONG> (Thumb, 4 bytes, Stack size unknown bytes, startup_hs32f7d377_cpu1_ac6.o(.text))
<BR>[Address Reference Count : 1]<UL><LI> startup_hs32f7d377_cpu1_ac6.o(RESET)
</UL>
<P><STRONG><a name="[13]"></a>IPC_INT2_Handler</STRONG> (Thumb, 4 bytes, Stack size unknown bytes, startup_hs32f7d377_cpu1_ac6.o(.text))
<BR>[Address Reference Count : 1]<UL><LI> startup_hs32f7d377_cpu1_ac6.o(RESET)
</UL>
<P><STRONG><a name="[14]"></a>IPC_INT3_Handler</STRONG> (Thumb, 4 bytes, Stack size unknown bytes, startup_hs32f7d377_cpu1_ac6.o(.text))
<BR>[Address Reference Count : 1]<UL><LI> startup_hs32f7d377_cpu1_ac6.o(RESET)
</UL>
<P><STRONG><a name="[15]"></a>ADCA_EVT_Handler</STRONG> (Thumb, 4 bytes, Stack size unknown bytes, startup_hs32f7d377_cpu1_ac6.o(.text))
<BR>[Address Reference Count : 1]<UL><LI> startup_hs32f7d377_cpu1_ac6.o(RESET)
</UL>
<P><STRONG><a name="[16]"></a>ADCB_EVT_Handler</STRONG> (Thumb, 4 bytes, Stack size unknown bytes, startup_hs32f7d377_cpu1_ac6.o(.text))
<BR>[Address Reference Count : 1]<UL><LI> startup_hs32f7d377_cpu1_ac6.o(RESET)
</UL>
<P><STRONG><a name="[17]"></a>ADCC_EVT_Handler</STRONG> (Thumb, 4 bytes, Stack size unknown bytes, startup_hs32f7d377_cpu1_ac6.o(.text))
<BR>[Address Reference Count : 1]<UL><LI> startup_hs32f7d377_cpu1_ac6.o(RESET)
</UL>
<P><STRONG><a name="[18]"></a>ADCD_EVT_Handler</STRONG> (Thumb, 4 bytes, Stack size unknown bytes, startup_hs32f7d377_cpu1_ac6.o(.text))
<BR>[Address Reference Count : 1]<UL><LI> startup_hs32f7d377_cpu1_ac6.o(RESET)
</UL>
<P><STRONG><a name="[19]"></a>ADCA_INT1_Handler</STRONG> (Thumb, 4 bytes, Stack size unknown bytes, startup_hs32f7d377_cpu1_ac6.o(.text))
<BR>[Address Reference Count : 1]<UL><LI> startup_hs32f7d377_cpu1_ac6.o(RESET)
</UL>
<P><STRONG><a name="[1a]"></a>ADCA_INT2_Handler</STRONG> (Thumb, 4 bytes, Stack size unknown bytes, startup_hs32f7d377_cpu1_ac6.o(.text))
<BR>[Address Reference Count : 1]<UL><LI> startup_hs32f7d377_cpu1_ac6.o(RESET)
</UL>
<P><STRONG><a name="[1b]"></a>ADCA_INT3_Handler</STRONG> (Thumb, 4 bytes, Stack size unknown bytes, startup_hs32f7d377_cpu1_ac6.o(.text))
<BR>[Address Reference Count : 1]<UL><LI> startup_hs32f7d377_cpu1_ac6.o(RESET)
</UL>
<P><STRONG><a name="[1c]"></a>ADCA_INT4_Handler</STRONG> (Thumb, 4 bytes, Stack size unknown bytes, startup_hs32f7d377_cpu1_ac6.o(.text))
<BR>[Address Reference Count : 1]<UL><LI> startup_hs32f7d377_cpu1_ac6.o(RESET)
</UL>
<P><STRONG><a name="[1d]"></a>ADCB_INT1_Handler</STRONG> (Thumb, 4 bytes, Stack size unknown bytes, startup_hs32f7d377_cpu1_ac6.o(.text))
<BR>[Address Reference Count : 1]<UL><LI> startup_hs32f7d377_cpu1_ac6.o(RESET)
</UL>
<P><STRONG><a name="[1e]"></a>ADCB_INT2_Handler</STRONG> (Thumb, 4 bytes, Stack size unknown bytes, startup_hs32f7d377_cpu1_ac6.o(.text))
<BR>[Address Reference Count : 1]<UL><LI> startup_hs32f7d377_cpu1_ac6.o(RESET)
</UL>
<P><STRONG><a name="[1f]"></a>ADCB_INT3_Handler</STRONG> (Thumb, 4 bytes, Stack size unknown bytes, startup_hs32f7d377_cpu1_ac6.o(.text))
<BR>[Address Reference Count : 1]<UL><LI> startup_hs32f7d377_cpu1_ac6.o(RESET)
</UL>
<P><STRONG><a name="[20]"></a>ADCB_INT4_Handler</STRONG> (Thumb, 4 bytes, Stack size unknown bytes, startup_hs32f7d377_cpu1_ac6.o(.text))
<BR>[Address Reference Count : 1]<UL><LI> startup_hs32f7d377_cpu1_ac6.o(RESET)
</UL>
<P><STRONG><a name="[21]"></a>ADCC_INT1_Handler</STRONG> (Thumb, 4 bytes, Stack size unknown bytes, startup_hs32f7d377_cpu1_ac6.o(.text))
<BR>[Address Reference Count : 1]<UL><LI> startup_hs32f7d377_cpu1_ac6.o(RESET)
</UL>
<P><STRONG><a name="[22]"></a>ADCC_INT2_Handler</STRONG> (Thumb, 4 bytes, Stack size unknown bytes, startup_hs32f7d377_cpu1_ac6.o(.text))
<BR>[Address Reference Count : 1]<UL><LI> startup_hs32f7d377_cpu1_ac6.o(RESET)
</UL>
<P><STRONG><a name="[23]"></a>ADCC_INT3_Handler</STRONG> (Thumb, 4 bytes, Stack size unknown bytes, startup_hs32f7d377_cpu1_ac6.o(.text))
<BR>[Address Reference Count : 1]<UL><LI> startup_hs32f7d377_cpu1_ac6.o(RESET)
</UL>
<P><STRONG><a name="[24]"></a>ADCC_INT4_Handler</STRONG> (Thumb, 4 bytes, Stack size unknown bytes, startup_hs32f7d377_cpu1_ac6.o(.text))
<BR>[Address Reference Count : 1]<UL><LI> startup_hs32f7d377_cpu1_ac6.o(RESET)
</UL>
<P><STRONG><a name="[25]"></a>ADCD_INT1_Handler</STRONG> (Thumb, 4 bytes, Stack size unknown bytes, startup_hs32f7d377_cpu1_ac6.o(.text))
<BR>[Address Reference Count : 1]<UL><LI> startup_hs32f7d377_cpu1_ac6.o(RESET)
</UL>
<P><STRONG><a name="[26]"></a>ADCD_INT2_Handler</STRONG> (Thumb, 4 bytes, Stack size unknown bytes, startup_hs32f7d377_cpu1_ac6.o(.text))
<BR>[Address Reference Count : 1]<UL><LI> startup_hs32f7d377_cpu1_ac6.o(RESET)
</UL>
<P><STRONG><a name="[27]"></a>ADCD_INT3_Handler</STRONG> (Thumb, 4 bytes, Stack size unknown bytes, startup_hs32f7d377_cpu1_ac6.o(.text))
<BR>[Address Reference Count : 1]<UL><LI> startup_hs32f7d377_cpu1_ac6.o(RESET)
</UL>
<P><STRONG><a name="[28]"></a>ADCD_INT4_Handler</STRONG> (Thumb, 4 bytes, Stack size unknown bytes, startup_hs32f7d377_cpu1_ac6.o(.text))
<BR>[Address Reference Count : 1]<UL><LI> startup_hs32f7d377_cpu1_ac6.o(RESET)
</UL>
<P><STRONG><a name="[29]"></a>XINT1_Handler</STRONG> (Thumb, 4 bytes, Stack size unknown bytes, startup_hs32f7d377_cpu1_ac6.o(.text))
<BR>[Address Reference Count : 1]<UL><LI> startup_hs32f7d377_cpu1_ac6.o(RESET)
</UL>
<P><STRONG><a name="[2a]"></a>XINT2_Handler</STRONG> (Thumb, 4 bytes, Stack size unknown bytes, startup_hs32f7d377_cpu1_ac6.o(.text))
<BR>[Address Reference Count : 1]<UL><LI> startup_hs32f7d377_cpu1_ac6.o(RESET)
</UL>
<P><STRONG><a name="[2b]"></a>XINT3_Handler</STRONG> (Thumb, 4 bytes, Stack size unknown bytes, startup_hs32f7d377_cpu1_ac6.o(.text))
<BR>[Address Reference Count : 1]<UL><LI> startup_hs32f7d377_cpu1_ac6.o(RESET)
</UL>
<P><STRONG><a name="[2c]"></a>XINT4_Handler</STRONG> (Thumb, 4 bytes, Stack size unknown bytes, startup_hs32f7d377_cpu1_ac6.o(.text))
<BR>[Address Reference Count : 1]<UL><LI> startup_hs32f7d377_cpu1_ac6.o(RESET)
</UL>
<P><STRONG><a name="[2d]"></a>XINT5_Handler</STRONG> (Thumb, 4 bytes, Stack size unknown bytes, startup_hs32f7d377_cpu1_ac6.o(.text))
<BR>[Address Reference Count : 1]<UL><LI> startup_hs32f7d377_cpu1_ac6.o(RESET)
</UL>
<P><STRONG><a name="[2e]"></a>EPWM_HRCAL_Handler</STRONG> (Thumb, 4 bytes, Stack size unknown bytes, startup_hs32f7d377_cpu1_ac6.o(.text))
<BR>[Address Reference Count : 1]<UL><LI> startup_hs32f7d377_cpu1_ac6.o(RESET)
</UL>
<P><STRONG><a name="[2f]"></a>EPWM1_TZ_Handler</STRONG> (Thumb, 4 bytes, Stack size unknown bytes, startup_hs32f7d377_cpu1_ac6.o(.text))
<BR>[Address Reference Count : 1]<UL><LI> startup_hs32f7d377_cpu1_ac6.o(RESET)
</UL>
<P><STRONG><a name="[30]"></a>EPWM2_TZ_Handler</STRONG> (Thumb, 4 bytes, Stack size unknown bytes, startup_hs32f7d377_cpu1_ac6.o(.text))
<BR>[Address Reference Count : 1]<UL><LI> startup_hs32f7d377_cpu1_ac6.o(RESET)
</UL>
<P><STRONG><a name="[31]"></a>EPWM3_TZ_Handler</STRONG> (Thumb, 4 bytes, Stack size unknown bytes, startup_hs32f7d377_cpu1_ac6.o(.text))
<BR>[Address Reference Count : 1]<UL><LI> startup_hs32f7d377_cpu1_ac6.o(RESET)
</UL>
<P><STRONG><a name="[32]"></a>EPWM4_TZ_Handler</STRONG> (Thumb, 4 bytes, Stack size unknown bytes, startup_hs32f7d377_cpu1_ac6.o(.text))
<BR>[Address Reference Count : 1]<UL><LI> startup_hs32f7d377_cpu1_ac6.o(RESET)
</UL>
<P><STRONG><a name="[33]"></a>EPWM5_TZ_Handler</STRONG> (Thumb, 4 bytes, Stack size unknown bytes, startup_hs32f7d377_cpu1_ac6.o(.text))
<BR>[Address Reference Count : 1]<UL><LI> startup_hs32f7d377_cpu1_ac6.o(RESET)
</UL>
<P><STRONG><a name="[34]"></a>EPWM6_TZ_Handler</STRONG> (Thumb, 4 bytes, Stack size unknown bytes, startup_hs32f7d377_cpu1_ac6.o(.text))
<BR>[Address Reference Count : 1]<UL><LI> startup_hs32f7d377_cpu1_ac6.o(RESET)
</UL>
<P><STRONG><a name="[35]"></a>EPWM7_TZ_Handler</STRONG> (Thumb, 4 bytes, Stack size unknown bytes, startup_hs32f7d377_cpu1_ac6.o(.text))
<BR>[Address Reference Count : 1]<UL><LI> startup_hs32f7d377_cpu1_ac6.o(RESET)
</UL>
<P><STRONG><a name="[36]"></a>EPWM8_TZ_Handler</STRONG> (Thumb, 4 bytes, Stack size unknown bytes, startup_hs32f7d377_cpu1_ac6.o(.text))
<BR>[Address Reference Count : 1]<UL><LI> startup_hs32f7d377_cpu1_ac6.o(RESET)
</UL>
<P><STRONG><a name="[37]"></a>EPWM9_TZ_Handler</STRONG> (Thumb, 4 bytes, Stack size unknown bytes, startup_hs32f7d377_cpu1_ac6.o(.text))
<BR>[Address Reference Count : 1]<UL><LI> startup_hs32f7d377_cpu1_ac6.o(RESET)
</UL>
<P><STRONG><a name="[38]"></a>EPWM10_TZ_Handler</STRONG> (Thumb, 4 bytes, Stack size unknown bytes, startup_hs32f7d377_cpu1_ac6.o(.text))
<BR>[Address Reference Count : 1]<UL><LI> startup_hs32f7d377_cpu1_ac6.o(RESET)
</UL>
<P><STRONG><a name="[39]"></a>EPWM11_TZ_Handler</STRONG> (Thumb, 4 bytes, Stack size unknown bytes, startup_hs32f7d377_cpu1_ac6.o(.text))
<BR>[Address Reference Count : 1]<UL><LI> startup_hs32f7d377_cpu1_ac6.o(RESET)
</UL>
<P><STRONG><a name="[3a]"></a>EPWM12_TZ_Handler</STRONG> (Thumb, 4 bytes, Stack size unknown bytes, startup_hs32f7d377_cpu1_ac6.o(.text))
<BR>[Address Reference Count : 1]<UL><LI> startup_hs32f7d377_cpu1_ac6.o(RESET)
</UL>
<P><STRONG><a name="[3b]"></a>EPWM1_Handler</STRONG> (Thumb, 4 bytes, Stack size unknown bytes, startup_hs32f7d377_cpu1_ac6.o(.text))
<BR>[Address Reference Count : 1]<UL><LI> startup_hs32f7d377_cpu1_ac6.o(RESET)
</UL>
<P><STRONG><a name="[3c]"></a>EPWM2_Handler</STRONG> (Thumb, 4 bytes, Stack size unknown bytes, startup_hs32f7d377_cpu1_ac6.o(.text))
<BR>[Address Reference Count : 1]<UL><LI> startup_hs32f7d377_cpu1_ac6.o(RESET)
</UL>
<P><STRONG><a name="[3d]"></a>EPWM3_Handler</STRONG> (Thumb, 4 bytes, Stack size unknown bytes, startup_hs32f7d377_cpu1_ac6.o(.text))
<BR>[Address Reference Count : 1]<UL><LI> startup_hs32f7d377_cpu1_ac6.o(RESET)
</UL>
<P><STRONG><a name="[3e]"></a>EPWM4_Handler</STRONG> (Thumb, 4 bytes, Stack size unknown bytes, startup_hs32f7d377_cpu1_ac6.o(.text))
<BR>[Address Reference Count : 1]<UL><LI> startup_hs32f7d377_cpu1_ac6.o(RESET)
</UL>
<P><STRONG><a name="[3f]"></a>EPWM5_Handler</STRONG> (Thumb, 4 bytes, Stack size unknown bytes, startup_hs32f7d377_cpu1_ac6.o(.text))
<BR>[Address Reference Count : 1]<UL><LI> startup_hs32f7d377_cpu1_ac6.o(RESET)
</UL>
<P><STRONG><a name="[40]"></a>EPWM6_Handler</STRONG> (Thumb, 4 bytes, Stack size unknown bytes, startup_hs32f7d377_cpu1_ac6.o(.text))
<BR>[Address Reference Count : 1]<UL><LI> startup_hs32f7d377_cpu1_ac6.o(RESET)
</UL>
<P><STRONG><a name="[41]"></a>EPWM7_Handler</STRONG> (Thumb, 4 bytes, Stack size unknown bytes, startup_hs32f7d377_cpu1_ac6.o(.text))
<BR>[Address Reference Count : 1]<UL><LI> startup_hs32f7d377_cpu1_ac6.o(RESET)
</UL>
<P><STRONG><a name="[42]"></a>EPWM8_Handler</STRONG> (Thumb, 4 bytes, Stack size unknown bytes, startup_hs32f7d377_cpu1_ac6.o(.text))
<BR>[Address Reference Count : 1]<UL><LI> startup_hs32f7d377_cpu1_ac6.o(RESET)
</UL>
<P><STRONG><a name="[43]"></a>EPWM9_Handler</STRONG> (Thumb, 4 bytes, Stack size unknown bytes, startup_hs32f7d377_cpu1_ac6.o(.text))
<BR>[Address Reference Count : 1]<UL><LI> startup_hs32f7d377_cpu1_ac6.o(RESET)
</UL>
<P><STRONG><a name="[44]"></a>EPWM10_Handler</STRONG> (Thumb, 4 bytes, Stack size unknown bytes, startup_hs32f7d377_cpu1_ac6.o(.text))
<BR>[Address Reference Count : 1]<UL><LI> startup_hs32f7d377_cpu1_ac6.o(RESET)
</UL>
<P><STRONG><a name="[45]"></a>EPWM11_Handler</STRONG> (Thumb, 4 bytes, Stack size unknown bytes, startup_hs32f7d377_cpu1_ac6.o(.text))
<BR>[Address Reference Count : 1]<UL><LI> startup_hs32f7d377_cpu1_ac6.o(RESET)
</UL>
<P><STRONG><a name="[46]"></a>EPWM12_Handler</STRONG> (Thumb, 4 bytes, Stack size unknown bytes, startup_hs32f7d377_cpu1_ac6.o(.text))
<BR>[Address Reference Count : 1]<UL><LI> startup_hs32f7d377_cpu1_ac6.o(RESET)
</UL>
<P><STRONG><a name="[47]"></a>ECAP1_Handler</STRONG> (Thumb, 4 bytes, Stack size unknown bytes, startup_hs32f7d377_cpu1_ac6.o(.text))
<BR>[Address Reference Count : 1]<UL><LI> startup_hs32f7d377_cpu1_ac6.o(RESET)
</UL>
<P><STRONG><a name="[48]"></a>ECAP2_Handler</STRONG> (Thumb, 4 bytes, Stack size unknown bytes, startup_hs32f7d377_cpu1_ac6.o(.text))
<BR>[Address Reference Count : 1]<UL><LI> startup_hs32f7d377_cpu1_ac6.o(RESET)
</UL>
<P><STRONG><a name="[49]"></a>ECAP3_Handler</STRONG> (Thumb, 4 bytes, Stack size unknown bytes, startup_hs32f7d377_cpu1_ac6.o(.text))
<BR>[Address Reference Count : 1]<UL><LI> startup_hs32f7d377_cpu1_ac6.o(RESET)
</UL>
<P><STRONG><a name="[4a]"></a>ECAP4_Handler</STRONG> (Thumb, 4 bytes, Stack size unknown bytes, startup_hs32f7d377_cpu1_ac6.o(.text))
<BR>[Address Reference Count : 1]<UL><LI> startup_hs32f7d377_cpu1_ac6.o(RESET)
</UL>
<P><STRONG><a name="[4b]"></a>ECAP5_Handler</STRONG> (Thumb, 4 bytes, Stack size unknown bytes, startup_hs32f7d377_cpu1_ac6.o(.text))
<BR>[Address Reference Count : 1]<UL><LI> startup_hs32f7d377_cpu1_ac6.o(RESET)
</UL>
<P><STRONG><a name="[4c]"></a>ECAP6_Handler</STRONG> (Thumb, 4 bytes, Stack size unknown bytes, startup_hs32f7d377_cpu1_ac6.o(.text))
<BR>[Address Reference Count : 1]<UL><LI> startup_hs32f7d377_cpu1_ac6.o(RESET)
</UL>
<P><STRONG><a name="[4d]"></a>EQEP1_Handler</STRONG> (Thumb, 4 bytes, Stack size unknown bytes, startup_hs32f7d377_cpu1_ac6.o(.text))
<BR>[Address Reference Count : 1]<UL><LI> startup_hs32f7d377_cpu1_ac6.o(RESET)
</UL>
<P><STRONG><a name="[4e]"></a>EQEP2_Handler</STRONG> (Thumb, 4 bytes, Stack size unknown bytes, startup_hs32f7d377_cpu1_ac6.o(.text))
<BR>[Address Reference Count : 1]<UL><LI> startup_hs32f7d377_cpu1_ac6.o(RESET)
</UL>
<P><STRONG><a name="[4f]"></a>EQEP3_Handler</STRONG> (Thumb, 4 bytes, Stack size unknown bytes, startup_hs32f7d377_cpu1_ac6.o(.text))
<BR>[Address Reference Count : 1]<UL><LI> startup_hs32f7d377_cpu1_ac6.o(RESET)
</UL>
<P><STRONG><a name="[50]"></a>CLB1_Handler</STRONG> (Thumb, 4 bytes, Stack size unknown bytes, startup_hs32f7d377_cpu1_ac6.o(.text))
[...]
</UL>

<P><STRONG><a name="[154]"></a>SYSCTRL_initMsgram</STRONG> (Thumb, 18 bytes, Stack size 0 bytes, clock_config.o(.text.SYSCTRL_initMsgram))
<BR><BR>[Called By]<UL><LI><a href="#[153]">&gt;&gt;</a>&nbsp;&nbsp;&nbsp;BOARD_clockConfigForCPU2
</UL>

<P><STRONG><a name="[14e]"></a>SYSCTRL_setPLLClkEn</STRONG> (Thumb, 18 bytes, Stack size 0 bytes, clock_config.o(.text.SYSCTRL_setPLLClkEn))
<BR><BR>[Called By]<UL><LI><a href="#[14d]">&gt;&gt;</a>&nbsp;&nbsp;&nbsp;BOARD_clockConfig
</UL>

<P><STRONG><a name="[166]"></a>DEBUG_CONSOLE_HAL_uartInit</STRONG> (Thumb, 58 bytes, Stack size 40 bytes, hte_debug_console.o(.text.DEBUG_CONSOLE_HAL_uartInit))
<BR><BR>[Stack]<UL><LI>Max Depth = 96<LI>Call Chain = DEBUG_CONSOLE_HAL_uartInit &rArr; UART_init &rArr; UART_setBaudRate &rArr; UART_isBusy &rArr; __aeabi_assert &rArr; __2printf
</UL>
<BR>[Calls]<UL><LI><a href="#[168]">&gt;&gt;</a>&nbsp;&nbsp;&nbsp;UART_init
<LI><a href="#[167]">&gt;&gt;</a>&nbsp;&nbsp;&nbsp;UART_getDefaultConfig
</UL>
<BR>[Called By]<UL><LI><a href="#[15d]">&gt;&gt;</a>&nbsp;&nbsp;&nbsp;DEBUG_CONSOLE_init
</UL>

<P><STRONG><a name="[169]"></a>DEBUG_CONSOLE_HAL_uartReceive</STRONG> (Thumb, 8 bytes, Stack size 8 bytes, hte_debug_console.o(.text.DEBUG_CONSOLE_HAL_uartReceive))
<BR><BR>[Stack]<UL><LI>Max Depth = 48<LI>Call Chain = DEBUG_CONSOLE_HAL_uartReceive &rArr; UART_readDataBlocking &rArr; UART_getLineStatus &rArr; __aeabi_assert &rArr; __2printf
</UL>
<BR>[Calls]<UL><LI><a href="#[16a]">&gt;&gt;</a>&nbsp;&nbsp;&nbsp;UART_readDataBlocking
</UL>
<BR>[Called By]<UL><LI><a href="#[1ae]">&gt;&gt;</a>&nbsp;&nbsp;&nbsp;fgetc
</UL>

<P><STRONG><a name="[16b]"></a>DEBUG_CONSOLE_HAL_uartTransmit</STRONG> (Thumb, 8 bytes, Stack size 8 bytes, hte_debug_console.o(.text.DEBUG_CONSOLE_HAL_uartTransmit))
<BR><BR>[Stack]<UL><LI>Max Depth = 56<LI>Call Chain = DEBUG_CONSOLE_HAL_uartTransmit &rArr; UART_writeDataBlocking &rArr; UART_isSpaceAvailable &rArr; UART_isTransmitHoldingEmpty &rArr; __aeabi_assert &rArr; __2printf
</UL>
<BR>[Calls]<UL><LI><a href="#[16c]">&gt;&gt;</a>&nbsp;&nbsp;&nbsp;UART_writeDataBlocking
</UL>
<BR>[Called By]<UL><LI><a href="#[144]">&gt;&gt;</a>&nbsp;&nbsp;&nbsp;fputc
</UL>

<P><STRONG><a name="[16d]"></a>GPIO_getPort</STRONG> (Thumb, 36 bytes, Stack size 8 bytes, hte_gpio.o(.text.GPIO_getPort))
<BR><BR>[Stack]<UL><LI>Max Depth = 32<LI>Call Chain = GPIO_getPort &rArr; __aeabi_assert &rArr; __2printf
</UL>
<BR>[Calls]<UL><LI><a href="#[16e]">&gt;&gt;</a>&nbsp;&nbsp;&nbsp;GPIO_isPinValid
<LI><a href="#[16f]">&gt;&gt;</a>&nbsp;&nbsp;&nbsp;__aeabi_assert
</UL>
<BR>[Called By]<UL><LI><a href="#[164]">&gt;&gt;</a>&nbsp;&nbsp;&nbsp;GPIO_setPinConfig
<LI><a href="#[165]">&gt;&gt;</a>&nbsp;&nbsp;&nbsp;GPIO_setPadConfig
</UL>

<P><STRONG><a name="[16e]"></a>GPIO_isPinValid</STRONG> (Thumb, 12 bytes, Stack size 0 bytes, hte_gpio.o(.text.GPIO_isPinValid))
<BR><BR>[Called By]<UL><LI><a href="#[16d]">&gt;&gt;</a>&nbsp;&nbsp;&nbsp;GPIO_getPort
</UL>

<P><STRONG><a name="[194]"></a>SYSCTRL_bypassAuxPLLPi</STRONG> (Thumb, 26 bytes, Stack size 0 bytes, hte_sysctrl.o(.text.SYSCTRL_bypassAuxPLLPi))
<BR><BR>[Called By]<UL><LI><a href="#[150]">&gt;&gt;</a>&nbsp;&nbsp;&nbsp;SYSCTRL_setAuxClock
</UL>

<P><STRONG><a name="[1a0]"></a>SYSCTRL_bypassPLLPi</STRONG> (Thumb, 26 bytes, Stack size 0 bytes, hte_sysctrl.o(.text.SYSCTRL_bypassPLLPi))
<BR><BR>[Called By]<UL><LI><a href="#[14f]">&gt;&gt;</a>&nbsp;&nbsp;&nbsp;SYSCTRL_setClock
</UL>

<P><STRONG><a name="[171]"></a>SYSCTRL_gelAuxClkSrc</STRONG> (Thumb, 16 bytes, Stack size 0 bytes, hte_sysctrl.o(.text.SYSCTRL_gelAuxClkSrc))
<BR><BR>[Called By]<UL><LI><a href="#[152]">&gt;&gt;</a>&nbsp;&nbsp;&nbsp;SYSCTRL_getAuxClock
</UL>

<P><STRONG><a name="[178]"></a>SYSCTRL_getAuxClkDivSel</STRONG> (Thumb, 16 bytes, Stack size 0 bytes, hte_sysctrl.o(.text.SYSCTRL_getAuxClkDivSel))
<BR><BR>[Called By]<UL><LI><a href="#[152]">&gt;&gt;</a>&nbsp;&nbsp;&nbsp;SYSCTRL_getAuxClock
</UL>

<P><STRONG><a name="[174]"></a>SYSCTRL_getAuxPLLCkRefSel</STRONG> (Thumb, 16 bytes, Stack size 0 bytes, hte_sysctrl.o(.text.SYSCTRL_getAuxPLLCkRefSel))
<BR><BR>[Called By]<UL><LI><a href="#[152]">&gt;&gt;</a>&nbsp;&nbsp;&nbsp;SYSCTRL_getAuxClock
</UL>

<P><STRONG><a name="[173]"></a>SYSCTRL_getAuxPLLClkEn</STRONG> (Thumb, 16 bytes, Stack size 0 bytes, hte_sysctrl.o(.text.SYSCTRL_getAuxPLLClkEn))
<BR><BR>[Called By]<UL><LI><a href="#[152]">&gt;&gt;</a>&nbsp;&nbsp;&nbsp;SYSCTRL_getAuxClock
</UL>

<P><STRONG><a name="[175]"></a>SYSCTRL_getAuxPLLClkRefDiv</STRONG> (Thumb, 16 bytes, Stack size 0 bytes, hte_sysctrl.o(.text.SYSCTRL_getAuxPLLClkRefDiv))
<BR><BR>[Called By]<UL><LI><a href="#[152]">&gt;&gt;</a>&nbsp;&nbsp;&nbsp;SYSCTRL_getAuxClock
</UL>

<P><STRONG><a name="[172]"></a>SYSCTRL_getAuxPLLEn</STRONG> (Thumb, 16 bytes, Stack size 0 bytes, hte_sysctrl.o(.text.SYSCTRL_getAuxPLLEn))
<BR><BR>[Called By]<UL><LI><a href="#[152]">&gt;&gt;</a>&nbsp;&nbsp;&nbsp;SYSCTRL_getAuxClock
</UL>

<P><STRONG><a name="[177]"></a>SYSCTRL_getAuxPLLFcwSsc</STRONG> (Thumb, 16 bytes, Stack size 0 bytes, hte_sysctrl.o(.text.SYSCTRL_getAuxPLLFcwSsc))
<BR><BR>[Called By]<UL><LI><a href="#[152]">&gt;&gt;</a>&nbsp;&nbsp;&nbsp;SYSCTRL_getAuxClock
</UL>

<P><STRONG><a name="[176]"></a>SYSCTRL_getAuxPLLFcwSscDecPoint</STRONG> (Thumb, 16 bytes, Stack size 0 bytes, hte_sysctrl.o(.text.SYSCTRL_getAuxPLLFcwSscDecPoint))
<BR><BR>[Called By]<UL><LI><a href="#[152]">&gt;&gt;</a>&nbsp;&nbsp;&nbsp;SYSCTRL_getAuxClock
</UL>

<P><STRONG><a name="[195]"></a>SYSCTRL_getAuxPLLLockStatus</STRONG> (Thumb, 16 bytes, Stack size 0 bytes, hte_sysctrl.o(.text.SYSCTRL_getAuxPLLLockStatus))
<BR><BR>[Called By]<UL><LI><a href="#[150]">&gt;&gt;</a>&nbsp;&nbsp;&nbsp;SYSCTRL_setAuxClock
</UL>

<P><STRONG><a name="[17a]"></a>SYSCTRL_getOscClkSrc</STRONG> (Thumb, 16 bytes, Stack size 0 bytes, hte_sysctrl.o(.text.SYSCTRL_getOscClkSrc))
<BR><BR>[Called By]<UL><LI><a href="#[151]">&gt;&gt;</a>&nbsp;&nbsp;&nbsp;SYSCTRL_getClock
</UL>

<P><STRONG><a name="[17d]"></a>SYSCTRL_getPLLCkRefSel</STRONG> (Thumb, 16 bytes, Stack size 0 bytes, hte_sysctrl.o(.text.SYSCTRL_getPLLCkRefSel))
<BR><BR>[Called By]<UL><LI><a href="#[151]">&gt;&gt;</a>&nbsp;&nbsp;&nbsp;SYSCTRL_getClock
</UL>

<P><STRONG><a name="[17c]"></a>SYSCTRL_getPLLClkEn</STRONG> (Thumb, 16 bytes, Stack size 0 bytes, hte_sysctrl.o(.text.SYSCTRL_getPLLClkEn))
<BR><BR>[Called By]<UL><LI><a href="#[151]">&gt;&gt;</a>&nbsp;&nbsp;&nbsp;SYSCTRL_getClock
</UL>

<P><STRONG><a name="[17e]"></a>SYSCTRL_getPLLClkRefDiv</STRONG> (Thumb, 16 bytes, Stack size 0 bytes, hte_sysctrl.o(.text.SYSCTRL_getPLLClkRefDiv))
<BR><BR>[Called By]<UL><LI><a href="#[151]">&gt;&gt;</a>&nbsp;&nbsp;&nbsp;SYSCTRL_getClock
</UL>

<P><STRONG><a name="[17b]"></a>SYSCTRL_getPLLEn</STRONG> (Thumb, 16 bytes, Stack size 0 bytes, hte_sysctrl.o(.text.SYSCTRL_getPLLEn))
<BR><BR>[Called By]<UL><LI><a href="#[151]">&gt;&gt;</a>&nbsp;&nbsp;&nbsp;SYSCTRL_getClock
</UL>

<P><STRONG><a name="[180]"></a>SYSCTRL_getPLLFcwSsc</STRONG> (Thumb, 16 bytes, Stack size 0 bytes, hte_sysctrl.o(.text.SYSCTRL_getPLLFcwSsc))
<BR><BR>[Called By]<UL><LI><a href="#[151]">&gt;&gt;</a>&nbsp;&nbsp;&nbsp;SYSCTRL_getClock
</UL>

<P><STRONG><a name="[17f]"></a>SYSCTRL_getPLLFcwSscDecPoint</STRONG> (Thumb, 16 bytes, Stack size 0 bytes, hte_sysctrl.o(.text.SYSCTRL_getPLLFcwSscDecPoint))
<BR><BR>[Called By]<UL><LI><a href="#[151]">&gt;&gt;</a>&nbsp;&nbsp;&nbsp;SYSCTRL_getClock
</UL>

<P><STRONG><a name="[1a1]"></a>SYSCTRL_getPLLLockStatus</STRONG> (Thumb, 16 bytes, Stack size 0 bytes, hte_sysctrl.o(.text.SYSCTRL_getPLLLockStatus))
<BR><BR>[Called By]<UL><LI><a href="#[14f]">&gt;&gt;</a>&nbsp;&nbsp;&nbsp;SYSCTRL_setClock
</UL>

<P><STRONG><a name="[181]"></a>SYSCTRL_getPLLPi</STRONG> (Thumb, 16 bytes, Stack size 0 bytes, hte_sysctrl.o(.text.SYSCTRL_getPLLPi))
<BR><BR>[Called By]<UL><LI><a href="#[151]">&gt;&gt;</a>&nbsp;&nbsp;&nbsp;SYSCTRL_getClock
</UL>

<P><STRONG><a name="[182]"></a>SYSCTRL_getSysClkDivSel</STRONG> (Thumb, 16 bytes, Stack size 0 bytes, hte_sysctrl.o(.text.SYSCTRL_getSysClkDivSel))
<BR><BR>[Called By]<UL><LI><a href="#[151]">&gt;&gt;</a>&nbsp;&nbsp;&nbsp;SYSCTRL_getClock
</UL>

<P><STRONG><a name="[179]"></a>SYSCTRL_isMCDClockFailureDetected</STRONG> (Thumb, 16 bytes, Stack size 0 bytes, hte_sysctrl.o(.text.SYSCTRL_isMCDClockFailureDetected))
<BR><BR>[Called By]<UL><LI><a href="#[187]">&gt;&gt;</a>&nbsp;&nbsp;&nbsp;SYSCTRL_selectXTAL
<LI><a href="#[14f]">&gt;&gt;</a>&nbsp;&nbsp;&nbsp;SYSCTRL_setClock
<LI><a href="#[151]">&gt;&gt;</a>&nbsp;&nbsp;&nbsp;SYSCTRL_getClock
</UL>

<P><STRONG><a name="[18d]"></a>SYSCTRL_resetAuxPLL</STRONG> (Thumb, 26 bytes, Stack size 0 bytes, hte_sysctrl.o(.text.SYSCTRL_resetAuxPLL))
<BR><BR>[Called By]<UL><LI><a href="#[150]">&gt;&gt;</a>&nbsp;&nbsp;&nbsp;SYSCTRL_setAuxClock
</UL>

<P><STRONG><a name="[188]"></a>SYSCTRL_resetMCD</STRONG> (Thumb, 18 bytes, Stack size 0 bytes, hte_sysctrl.o(.text.SYSCTRL_resetMCD))
<BR><BR>[Called By]<UL><LI><a href="#[187]">&gt;&gt;</a>&nbsp;&nbsp;&nbsp;SYSCTRL_selectXTAL
</UL>

<P><STRONG><a name="[199]"></a>SYSCTRL_resetPLL</STRONG> (Thumb, 26 bytes, Stack size 0 bytes, hte_sysctrl.o(.text.SYSCTRL_resetPLL))
<BR><BR>[Called By]<UL><LI><a href="#[14f]">&gt;&gt;</a>&nbsp;&nbsp;&nbsp;SYSCTRL_setClock
</UL>

<P><STRONG><a name="[189]"></a>SYSCTRL_selAuxClkSrc</STRONG> (Thumb, 18 bytes, Stack size 0 bytes, hte_sysctrl.o(.text.SYSCTRL_selAuxClkSrc))
<BR><BR>[Called By]<UL><LI><a href="#[150]">&gt;&gt;</a>&nbsp;&nbsp;&nbsp;SYSCTRL_setAuxClock
</UL>

<P><STRONG><a name="[185]"></a>SYSCTRL_selOscClkSrc</STRONG> (Thumb, 18 bytes, Stack size 0 bytes, hte_sysctrl.o(.text.SYSCTRL_selOscClkSrc))
<BR><BR>[Called By]<UL><LI><a href="#[187]">&gt;&gt;</a>&nbsp;&nbsp;&nbsp;SYSCTRL_selectXTAL
<LI><a href="#[183]">&gt;&gt;</a>&nbsp;&nbsp;&nbsp;SYSCTRL_selectOscSource
</UL>

<P><STRONG><a name="[18a]"></a>SYSCTRL_setAuxClkDivSel</STRONG> (Thumb, 12 bytes, Stack size 0 bytes, hte_sysctrl.o(.text.SYSCTRL_setAuxClkDivSel))
<BR><BR>[Called By]<UL><LI><a href="#[150]">&gt;&gt;</a>&nbsp;&nbsp;&nbsp;SYSCTRL_setAuxClock
</UL>

<P><STRONG><a name="[190]"></a>SYSCTRL_setAuxPLLCkRefSel</STRONG> (Thumb, 26 bytes, Stack size 0 bytes, hte_sysctrl.o(.text.SYSCTRL_setAuxPLLCkRefSel))
<BR><BR>[Called By]<UL><LI><a href="#[150]">&gt;&gt;</a>&nbsp;&nbsp;&nbsp;SYSCTRL_setAuxClock
</UL>

<P><STRONG><a name="[18b]"></a>SYSCTRL_setAuxPLLClkEn</STRONG> (Thumb, 24 bytes, Stack size 0 bytes, hte_sysctrl.o(.text.SYSCTRL_setAuxPLLClkEn))
<BR><BR>[Called By]<UL><LI><a href="#[150]">&gt;&gt;</a>&nbsp;&nbsp;&nbsp;SYSCTRL_setAuxClock
</UL>

<P><STRONG><a name="[191]"></a>SYSCTRL_setAuxPLLClkRefDiv</STRONG> (Thumb, 30 bytes, Stack size 0 bytes, hte_sysctrl.o(.text.SYSCTRL_setAuxPLLClkRefDiv))
<BR><BR>[Called By]<UL><LI><a href="#[150]">&gt;&gt;</a>&nbsp;&nbsp;&nbsp;SYSCTRL_setAuxClock
</UL>

<P><STRONG><a name="[18e]"></a>SYSCTRL_setAuxPLLEn</STRONG> (Thumb, 24 bytes, Stack size 0 bytes, hte_sysctrl.o(.text.SYSCTRL_setAuxPLLEn))
<BR><BR>[Called By]<UL><LI><a href="#[150]">&gt;&gt;</a>&nbsp;&nbsp;&nbsp;SYSCTRL_setAuxClock
</UL>

<P><STRONG><a name="[193]"></a>SYSCTRL_setAuxPLLFcwSsc</STRONG> (Thumb, 18 bytes, Stack size 0 bytes, hte_sysctrl.o(.text.SYSCTRL_setAuxPLLFcwSsc))
<BR><BR>[Called By]<UL><LI><a href="#[150]">&gt;&gt;</a>&nbsp;&nbsp;&nbsp;SYSCTRL_setAuxClock
</UL>

<P><STRONG><a name="[192]"></a>SYSCTRL_setAuxPLLFcwSscDecPoint</STRONG> (Thumb, 20 bytes, Stack size 0 bytes, hte_sysctrl.o(.text.SYSCTRL_setAuxPLLFcwSscDecPoint))
<BR><BR>[Called By]<UL><LI><a href="#[150]">&gt;&gt;</a>&nbsp;&nbsp;&nbsp;SYSCTRL_setAuxClock
</UL>

<P><STRONG><a name="[18c]"></a>SYSCTRL_setAuxPLLHighFreqBand</STRONG> (Thumb, 26 bytes, Stack size 0 bytes, hte_sysctrl.o(.text.SYSCTRL_setAuxPLLHighFreqBand))
<BR><BR>[Called By]<UL><LI><a href="#[150]">&gt;&gt;</a>&nbsp;&nbsp;&nbsp;SYSCTRL_setAuxClock
</UL>

<P><STRONG><a name="[18f]"></a>SYSCTRL_setAuxPLLLDOEn</STRONG> (Thumb, 26 bytes, Stack size 0 bytes, hte_sysctrl.o(.text.SYSCTRL_setAuxPLLLDOEn))
<BR><BR>[Called By]<UL><LI><a href="#[150]">&gt;&gt;</a>&nbsp;&nbsp;&nbsp;SYSCTRL_setAuxClock
</UL>

<P><STRONG><a name="[19c]"></a>SYSCTRL_setPLLCkRefSel</STRONG> (Thumb, 26 bytes, Stack size 0 bytes, hte_sysctrl.o(.text.SYSCTRL_setPLLCkRefSel))
<BR><BR>[Called By]<UL><LI><a href="#[14f]">&gt;&gt;</a>&nbsp;&nbsp;&nbsp;SYSCTRL_setClock
</UL>

<P><STRONG><a name="[197]"></a>SYSCTRL_setPLLClkEn</STRONG> (Thumb, 24 bytes, Stack size 0 bytes, hte_sysctrl.o(.text.SYSCTRL_setPLLClkEn))
<BR><BR>[Called By]<UL><LI><a href="#[14f]">&gt;&gt;</a>&nbsp;&nbsp;&nbsp;SYSCTRL_setClock
</UL>

<P><STRONG><a name="[19d]"></a>SYSCTRL_setPLLClkRefDiv</STRONG> (Thumb, 30 bytes, Stack size 0 bytes, hte_sysctrl.o(.text.SYSCTRL_setPLLClkRefDiv))
<BR><BR>[Called By]<UL><LI><a href="#[14f]">&gt;&gt;</a>&nbsp;&nbsp;&nbsp;SYSCTRL_setClock
</UL>

<P><STRONG><a name="[19a]"></a>SYSCTRL_setPLLEn</STRONG> (Thumb, 24 bytes, Stack size 0 bytes, hte_sysctrl.o(.text.SYSCTRL_setPLLEn))
<BR><BR>[Called By]<UL><LI><a href="#[14f]">&gt;&gt;</a>&nbsp;&nbsp;&nbsp;SYSCTRL_setClock
</UL>

<P><STRONG><a name="[19f]"></a>SYSCTRL_setPLLFcwSsc</STRONG> (Thumb, 18 bytes, Stack size 0 bytes, hte_sysctrl.o(.text.SYSCTRL_setPLLFcwSsc))
<BR><BR>[Called By]<UL><LI><a href="#[14f]">&gt;&gt;</a>&nbsp;&nbsp;&nbsp;SYSCTRL_setClock
</UL>

<P><STRONG><a name="[19e]"></a>SYSCTRL_setPLLFcwSscDecPoint</STRONG> (Thumb, 20 bytes, Stack size 0 bytes, hte_sysctrl.o(.text.SYSCTRL_setPLLFcwSscDecPoint))
<BR><BR>[Called By]<UL><LI><a href="#[14f]">&gt;&gt;</a>&nbsp;&nbsp;&nbsp;SYSCTRL_setClock
</UL>

<P><STRONG><a name="[198]"></a>SYSCTRL_setPLLHighFreqBand</STRONG> (Thumb, 26 bytes, Stack size 0 bytes, hte_sysctrl.o(.text.SYSCTRL_setPLLHighFreqBand))
<BR><BR>[Called By]<UL><LI><a href="#[14f]">&gt;&gt;</a>&nbsp;&nbsp;&nbsp;SYSCTRL_setClock
</UL>

<P><STRONG><a name="[19b]"></a>SYSCTRL_setPLLLDOEn</STRONG> (Thumb, 26 bytes, Stack size 0 bytes, hte_sysctrl.o(.text.SYSCTRL_setPLLLDOEn))
<BR><BR>[Called By]<UL><LI><a href="#[14f]">&gt;&gt;</a>&nbsp;&nbsp;&nbsp;SYSCTRL_setClock
</UL>

<P><STRONG><a name="[196]"></a>SYSCTRL_setSysClkDivSel</STRONG> (Thumb, 12 bytes, Stack size 0 bytes, hte_sysctrl.o(.text.SYSCTRL_setSysClkDivSel))
<BR><BR>[Called By]<UL><LI><a href="#[14f]">&gt;&gt;</a>&nbsp;&nbsp;&nbsp;SYSCTRL_setClock
</UL>

<P><STRONG><a name="[186]"></a>SYSCTRL_turnOffOsc</STRONG> (Thumb, 18 bytes, Stack size 0 bytes, hte_sysctrl.o(.text.SYSCTRL_turnOffOsc))
<BR><BR>[Called By]<UL><LI><a href="#[183]">&gt;&gt;</a>&nbsp;&nbsp;&nbsp;SYSCTRL_selectOscSource
</UL>

<P><STRONG><a name="[184]"></a>SYSCTRL_turnOnOsc</STRONG> (Thumb, 34 bytes, Stack size 0 bytes, hte_sysctrl.o(.text.SYSCTRL_turnOnOsc))
<BR><BR>[Called By]<UL><LI><a href="#[187]">&gt;&gt;</a>&nbsp;&nbsp;&nbsp;SYSCTRL_selectXTAL
<LI><a href="#[183]">&gt;&gt;</a>&nbsp;&nbsp;&nbsp;SYSCTRL_selectOscSource
</UL>

<P><STRONG><a name="[1a2]"></a>UART_disableFIFOAccess</STRONG> (Thumb, 38 bytes, Stack size 0 bytes, hte_uart.o(.text.UART_disableFIFOAccess))
<BR><BR>[Stack]<UL><LI>Max Depth = 24<LI>Call Chain = UART_disableFIFOAccess &rArr; __aeabi_assert &rArr; __2printf
</UL>
<BR>[Calls]<UL><LI><a href="#[16f]">&gt;&gt;</a>&nbsp;&nbsp;&nbsp;__aeabi_assert
</UL>
<BR>[Called By]<UL><LI><a href="#[168]">&gt;&gt;</a>&nbsp;&nbsp;&nbsp;UART_init
</UL>

<P><STRONG><a name="[1a3]"></a>UART_disableLoopback</STRONG> (Thumb, 38 bytes, Stack size 0 bytes, hte_uart.o(.text.UART_disableLoopback))
<BR><BR>[Stack]<UL><LI>Max Depth = 24<LI>Call Chain = UART_disableLoopback &rArr; __aeabi_assert &rArr; __2printf
</UL>
<BR>[Calls]<UL><LI><a href="#[16f]">&gt;&gt;</a>&nbsp;&nbsp;&nbsp;__aeabi_assert
</UL>
<BR>[Called By]<UL><LI><a href="#[168]">&gt;&gt;</a>&nbsp;&nbsp;&nbsp;UART_init
</UL>

<P><STRONG><a name="[1a4]"></a>UART_getLineStatus</STRONG> (Thumb, 32 bytes, Stack size 0 bytes, hte_uart.o(.text.UART_getLineStatus))
<BR><BR>[Stack]<UL><LI>Max Depth = 24<LI>Call Chain = UART_getLineStatus &rArr; __aeabi_assert &rArr; __2printf
</UL>
<BR>[Calls]<UL><LI><a href="#[16f]">&gt;&gt;</a>&nbsp;&nbsp;&nbsp;__aeabi_assert
</UL>
<BR>[Called By]<UL><LI><a href="#[16a]">&gt;&gt;</a>&nbsp;&nbsp;&nbsp;UART_readDataBlocking
</UL>

<P><STRONG><a name="[1a5]"></a>UART_getTxFIFOLevel</STRONG> (Thumb, 36 bytes, Stack size 0 bytes, hte_uart.o(.text.UART_getTxFIFOLevel))
<BR><BR>[Stack]<UL><LI>Max Depth = 24<LI>Call Chain = UART_getTxFIFOLevel &rArr; __aeabi_assert &rArr; __2printf
</UL>
<BR>[Calls]<UL><LI><a href="#[16f]">&gt;&gt;</a>&nbsp;&nbsp;&nbsp;__aeabi_assert
</UL>
<BR>[Called By]<UL><LI><a href="#[1aa]">&gt;&gt;</a>&nbsp;&nbsp;&nbsp;UART_isSpaceAvailable
</UL>

<P><STRONG><a name="[1a6]"></a>UART_haltTransmit</STRONG> (Thumb, 42 bytes, Stack size 0 bytes, hte_uart.o(.text.UART_haltTransmit))
<BR><BR>[Stack]<UL><LI>Max Depth = 24<LI>Call Chain = UART_haltTransmit &rArr; __aeabi_assert &rArr; __2printf
</UL>
<BR>[Calls]<UL><LI><a href="#[16f]">&gt;&gt;</a>&nbsp;&nbsp;&nbsp;__aeabi_assert
</UL>
<BR>[Called By]<UL><LI><a href="#[168]">&gt;&gt;</a>&nbsp;&nbsp;&nbsp;UART_init
</UL>

<P><STRONG><a name="[1a7]"></a>UART_isBusy</STRONG> (Thumb, 36 bytes, Stack size 0 bytes, hte_uart.o(.text.UART_isBusy))
<BR><BR>[Stack]<UL><LI>Max Depth = 24<LI>Call Chain = UART_isBusy &rArr; __aeabi_assert &rArr; __2printf
</UL>
<BR>[Calls]<UL><LI><a href="#[16f]">&gt;&gt;</a>&nbsp;&nbsp;&nbsp;__aeabi_assert
</UL>
<BR>[Called By]<UL><LI><a href="#[1a8]">&gt;&gt;</a>&nbsp;&nbsp;&nbsp;UART_setBaudRate
<LI><a href="#[168]">&gt;&gt;</a>&nbsp;&nbsp;&nbsp;UART_init
</UL>

<P><STRONG><a name="[1a9]"></a>UART_isFIFOEnabled</STRONG> (Thumb, 38 bytes, Stack size 0 bytes, hte_uart.o(.text.UART_isFIFOEnabled))
<BR><BR>[Stack]<UL><LI>Max Depth = 24<LI>Call Chain = UART_isFIFOEnabled &rArr; __aeabi_assert &rArr; __2printf
</UL>
<BR>[Calls]<UL><LI><a href="#[16f]">&gt;&gt;</a>&nbsp;&nbsp;&nbsp;__aeabi_assert
</UL>
<BR>[Called By]<UL><LI><a href="#[1aa]">&gt;&gt;</a>&nbsp;&nbsp;&nbsp;UART_isSpaceAvailable
</UL>

<P><STRONG><a name="[1aa]"></a>UART_isSpaceAvailable</STRONG> (Thumb, 62 bytes, Stack size 8 bytes, hte_uart.o(.text.UART_isSpaceAvailable))
<BR><BR>[Stack]<UL><LI>Max Depth = 32<LI>Call Chain = UART_isSpaceAvailable &rArr; UART_isTransmitHoldingEmpty &rArr; __aeabi_assert &rArr; __2printf
</UL>
<BR>[Calls]<UL><LI><a href="#[1ab]">&gt;&gt;</a>&nbsp;&nbsp;&nbsp;UART_isTransmitHoldingEmpty
<LI><a href="#[1a9]">&gt;&gt;</a>&nbsp;&nbsp;&nbsp;UART_isFIFOEnabled
<LI><a href="#[1a5]">&gt;&gt;</a>&nbsp;&nbsp;&nbsp;UART_getTxFIFOLevel
<LI><a href="#[16f]">&gt;&gt;</a>&nbsp;&nbsp;&nbsp;__aeabi_assert
</UL>
<BR>[Called By]<UL><LI><a href="#[16c]">&gt;&gt;</a>&nbsp;&nbsp;&nbsp;UART_writeDataBlocking
</UL>

<P><STRONG><a name="[1ab]"></a>UART_isTransmitHoldingEmpty</STRONG> (Thumb, 36 bytes, Stack size 0 bytes, hte_uart.o(.text.UART_isTransmitHoldingEmpty))
<BR><BR>[Stack]<UL><LI>Max Depth = 24<LI>Call Chain = UART_isTransmitHoldingEmpty &rArr; __aeabi_assert &rArr; __2printf
</UL>
<BR>[Calls]<UL><LI><a href="#[16f]">&gt;&gt;</a>&nbsp;&nbsp;&nbsp;__aeabi_assert
</UL>
<BR>[Called By]<UL><LI><a href="#[1aa]">&gt;&gt;</a>&nbsp;&nbsp;&nbsp;UART_isSpaceAvailable
</UL>

<P><STRONG><a name="[1ac]"></a>UART_isTransmitRegisterEmpty</STRONG> (Thumb, 36 bytes, Stack size 0 bytes, hte_uart.o(.text.UART_isTransmitRegisterEmpty))
<BR><BR>[Stack]<UL><LI>Max Depth = 24<LI>Call Chain = UART_isTransmitRegisterEmpty &rArr; __aeabi_assert &rArr; __2printf
</UL>
<BR>[Calls]<UL><LI><a href="#[16f]">&gt;&gt;</a>&nbsp;&nbsp;&nbsp;__aeabi_assert
</UL>
<BR>[Called By]<UL><LI><a href="#[16c]">&gt;&gt;</a>&nbsp;&nbsp;&nbsp;UART_writeDataBlocking
</UL>

<P><STRONG><a name="[1b2]"></a>_printf_core</STRONG> (Thumb, 436 bytes, Stack size 96 bytes, printf3.o(i._printf_core), UNUSED)
<BR><BR>[Calls]<UL><LI><a href="#[1b3]">&gt;&gt;</a>&nbsp;&nbsp;&nbsp;__aeabi_uidivmod
</UL>
<BR>[Called By]<UL><LI><a href="#[1b1]">&gt;&gt;</a>&nbsp;&nbsp;&nbsp;__0printf$3
</UL>
<P>
<H3>
Undefined Global Symbols
</H3><HR></body></html>
