Component: ARM Compiler 6.16 Tool: armlink [5dfeaa00]

==============================================================================

Section Cross References

    board.o(.text.BOARD_init) refers to clock_config.o(.text.BOARD_clockConfig) for BOARD_clockConfig
    board.o(.text.BOARD_init) refers to board.o(.text.BOARD_mpuConfig) for BOARD_mpuConfig
    board.o(.text.BOARD_init) refers to board.o(.text.BOARD_debugConsoleInit) for BOARD_debugConsoleInit
    board.o(.ARM.exidx.text.BOARD_init) refers to board.o(.text.BOARD_init) for [Anonymous Symbol]
    board.o(.text.BOARD_mpuConfig) refers to board.o(.text.ARM_MPU_Disable) for ARM_MPU_Disable
    board.o(.text.BOARD_mpuConfig) refers to board.o(.text.ARM_MPU_Load) for ARM_MPU_Load
    board.o(.text.BOARD_mpuConfig) refers to board.o(.text.ARM_MPU_Enable) for ARM_MPU_Enable
    board.o(.ARM.exidx.text.BOARD_mpuConfig) refers to board.o(.text.BOARD_mpuConfig) for [Anonymous Symbol]
    board.o(.text.BOARD_debugConsoleInit) refers to board.o(.text.SYSCTRL_enablePeripheral) for SYSCTRL_enablePeripheral
    board.o(.text.BOARD_debugConsoleInit) refers to board.o(.text.BOARD_getPeripheralClk) for BOARD_getPeripheralClk
    board.o(.text.BOARD_debugConsoleInit) refers to hte_debug_console.o(.text.DEBUG_CONSOLE_init) for DEBUG_CONSOLE_init
    board.o(.ARM.exidx.text.BOARD_debugConsoleInit) refers to board.o(.text.BOARD_debugConsoleInit) for [Anonymous Symbol]
    board.o(.ARM.exidx.text.ARM_MPU_Disable) refers to board.o(.text.ARM_MPU_Disable) for [Anonymous Symbol]
    board.o(.text.ARM_MPU_Load) refers to board.o(.data.s_mpuRegions) for s_mpuRegions
    board.o(.text.ARM_MPU_Load) refers to board.o(.text.ARM_MPU_OrderedMemcpy) for ARM_MPU_OrderedMemcpy
    board.o(.ARM.exidx.text.ARM_MPU_Load) refers to board.o(.text.ARM_MPU_Load) for [Anonymous Symbol]
    board.o(.ARM.exidx.text.ARM_MPU_Enable) refers to board.o(.text.ARM_MPU_Enable) for [Anonymous Symbol]
    board.o(.ARM.exidx.text.SYSCTRL_enablePeripheral) refers to board.o(.text.SYSCTRL_enablePeripheral) for [Anonymous Symbol]
    board.o(.text.BOARD_getPeripheralClk) refers to clock_config.o(.bss.g_clockConfig) for g_clockConfig
    board.o(.ARM.exidx.text.BOARD_getPeripheralClk) refers to board.o(.text.BOARD_getPeripheralClk) for [Anonymous Symbol]
    board.o(.text.BOARD_debugConsoleDeinit) refers to hte_debug_console.o(.text.DEBUG_CONSOLE_deinit) for DEBUG_CONSOLE_deinit
    board.o(.ARM.exidx.text.BOARD_debugConsoleDeinit) refers to board.o(.text.BOARD_debugConsoleDeinit) for [Anonymous Symbol]
    board.o(.ARM.exidx.text.ARM_MPU_OrderedMemcpy) refers to board.o(.text.ARM_MPU_OrderedMemcpy) for [Anonymous Symbol]
    clock_config.o(.text.SysTick_DriverHandler) refers to clock_config.o(.data.gSystickFreq) for gSystickFreq
    clock_config.o(.text.SysTick_DriverHandler) refers to clock_config.o(.bss.gSystick) for gSystick
    clock_config.o(.ARM.exidx.text.SysTick_DriverHandler) refers to clock_config.o(.text.SysTick_DriverHandler) for [Anonymous Symbol]
    clock_config.o(.text.BOARD_initTick) refers to clock_config.o(.data.gSystickFreq) for gSystickFreq
    clock_config.o(.text.BOARD_initTick) refers to clock_config.o(.bss.g_clockConfig) for g_clockConfig
    clock_config.o(.text.BOARD_initTick) refers to clock_config.o(.text.SysTick_Config) for SysTick_Config
    clock_config.o(.text.BOARD_initTick) refers to clock_config.o(.text.__NVIC_SetPriority) for __NVIC_SetPriority
    clock_config.o(.ARM.exidx.text.BOARD_initTick) refers to clock_config.o(.text.BOARD_initTick) for [Anonymous Symbol]
    clock_config.o(.text.SysTick_Config) refers to clock_config.o(.text.__NVIC_SetPriority) for __NVIC_SetPriority
    clock_config.o(.ARM.exidx.text.SysTick_Config) refers to clock_config.o(.text.SysTick_Config) for [Anonymous Symbol]
    clock_config.o(.ARM.exidx.text.__NVIC_SetPriority) refers to clock_config.o(.text.__NVIC_SetPriority) for [Anonymous Symbol]
    clock_config.o(.text.BOARD_getTick) refers to clock_config.o(.bss.gSystick) for gSystick
    clock_config.o(.ARM.exidx.text.BOARD_getTick) refers to clock_config.o(.text.BOARD_getTick) for [Anonymous Symbol]
    clock_config.o(.text.BOARD_setSystickFreq) refers to clock_config.o(.data.gSystickFreq) for gSystickFreq
    clock_config.o(.text.BOARD_setSystickFreq) refers to clock_config.o(.text.BOARD_initTick) for BOARD_initTick
    clock_config.o(.text.BOARD_setSystickFreq) refers to hte_assert.o(.text.__aeabi_assert) for __aeabi_assert
    clock_config.o(.ARM.exidx.text.BOARD_setSystickFreq) refers to clock_config.o(.text.BOARD_setSystickFreq) for [Anonymous Symbol]
    clock_config.o(.text.BOARD_getSystickFreq) refers to clock_config.o(.data.gSystickFreq) for gSystickFreq
    clock_config.o(.ARM.exidx.text.BOARD_getSystickFreq) refers to clock_config.o(.text.BOARD_getSystickFreq) for [Anonymous Symbol]
    clock_config.o(.text.BOARD_clockInfStore) refers to clock_config.o(.bss.g_clockConfig) for g_clockConfig
[...]
    ../clib/microlib/longlong.c              0x00000000   Number         0  llushr.o ABSOLUTE
    ../clib/microlib/longlong.c              0x00000000   Number         0  llsshr.o ABSOLUTE
    ../clib/microlib/printf/printf.c         0x00000000   Number         0  printfb.o ABSOLUTE
    ../clib/microlib/printf/printf.c         0x00000000   Number         0  printf0.o ABSOLUTE
    ../clib/microlib/printf/printf.c         0x00000000   Number         0  printf1.o ABSOLUTE
    ../clib/microlib/printf/printf.c         0x00000000   Number         0  printf2.o ABSOLUTE
    ../clib/microlib/printf/printf.c         0x00000000   Number         0  printf3.o ABSOLUTE
    ../clib/microlib/printf/printf.c         0x00000000   Number         0  printf4.o ABSOLUTE
    ../clib/microlib/printf/printf.c         0x00000000   Number         0  printf5.o ABSOLUTE
    ../clib/microlib/printf/printf.c         0x00000000   Number         0  printf6.o ABSOLUTE
    ../clib/microlib/printf/printf.c         0x00000000   Number         0  printf7.o ABSOLUTE
    ../clib/microlib/printf/printf.c         0x00000000   Number         0  printf8.o ABSOLUTE
    ../clib/microlib/printf/printf.c         0x00000000   Number         0  printfa.o ABSOLUTE
    ../clib/microlib/printf/stubs.s          0x00000000   Number         0  printfstubs.o ABSOLUTE
    ../clib/microlib/stdio/setvbuf.c         0x00000000   Number         0  setvbuf.o ABSOLUTE
    ../clib/microlib/stdio/streams.c         0x00000000   Number         0  stderr.o ABSOLUTE
    ../clib/microlib/stdlib/abort.c          0x00000000   Number         0  abort.o ABSOLUTE
    ../clib/microlib/string/memcpy.c         0x00000000   Number         0  memcpy.o ABSOLUTE
    ../clib/microlib/string/memcpy.c         0x00000000   Number         0  memcpyc.o ABSOLUTE
    ../clib/microlib/string/memcpy.c         0x00000000   Number         0  memcpya.o ABSOLUTE
    ../clib/microlib/string/memcpy.c         0x00000000   Number         0  memcpyb.o ABSOLUTE
    ../clib/microlib/string/memset.c         0x00000000   Number         0  memset.o ABSOLUTE
    ../clib/microlib/string/memset.c         0x00000000   Number         0  memseta.o ABSOLUTE
    ../clib/microlib/stubs.s                 0x00000000   Number         0  iusefp.o ABSOLUTE
    ../fplib/microlib/fpadd.c                0x00000000   Number         0  dadd.o ABSOLUTE
    ../fplib/microlib/fpdiv.c                0x00000000   Number         0  ddiv.o ABSOLUTE
    ../fplib/microlib/fpepilogue.c           0x00000000   Number         0  depilogue.o ABSOLUTE
    ../fplib/microlib/fpfix.c                0x00000000   Number         0  dfixul.o ABSOLUTE
    ../fplib/microlib/fpmul.c                0x00000000   Number         0  dmul.o ABSOLUTE
    Unwind-EHABI.cpp                         0x00000000   Number         0  Unwind-EHABI.cpp.o ABSOLUTE
    board.c                                  0x00000000   Number         0  board.o ABSOLUTE
    cdrcmple.s                               0x00000000   Number         0  cdrcmple.o ABSOLUTE
    clock_config.c                           0x00000000   Number         0  clock_config.o ABSOLUTE
    dc.s                                     0x00000000   Number         0  dc.o ABSOLUTE
    handlers.s                               0x00000000   Number         0  handlers.o ABSOLUTE
    hte_assert.c                             0x00000000   Number         0  hte_assert.o ABSOLUTE
    hte_common.c                             0x00000000   Number         0  hte_common.o ABSOLUTE
    hte_cpu2_ipc.c                           0x00000000   Number         0  hte_cpu2_ipc.o ABSOLUTE
    hte_cpu2_ipc_com.c                       0x00000000   Number         0  hte_cpu2_ipc_com.o ABSOLUTE
    hte_debug_console.c                      0x00000000   Number         0  hte_debug_console.o ABSOLUTE
    hte_gpio.c                               0x00000000   Number         0  hte_gpio.o ABSOLUTE
    hte_mcan.c                               0x00000000   Number         0  hte_mcan.o ABSOLUTE
    hte_uart.c                               0x00000000   Number         0  hte_uart.o ABSOLUTE
    hte_xbar.c                               0x00000000   Number         0  hte_xbar.o ABSOLUTE
    init.s                                   0x00000000   Number         0  init.o ABSOLUTE
    libunwind.cpp                            0x00000000   Number         0  libunwind.cpp.o ABSOLUTE
    mcan_ex4_classic_transmit.c              0x00000000   Number         0  mcan_ex4_classic_transmit.o ABSOLUTE
    system_HS32F7D377_cpu2.c                 0x00000000   Number         0  system_hs32f7d377_cpu2.o ABSOLUTE
    .ARM.Collect$$$$00000000                 0x10300400   Section        0  entry.o(.ARM.Collect$$$$00000000)
    .ARM.Collect$$$$00000003                 0x10300400   Section        4  entry4.o(.ARM.Collect$$$$00000003)
    .ARM.Collect$$$$00000004                 0x10300404   Section        4  entry5.o(.ARM.Collect$$$$00000004)
    .ARM.Collect$$$$00000008                 0x10300408   Section        0  entry7b.o(.ARM.Collect$$$$00000008)
    .ARM.Collect$$$$0000000A                 0x10300408   Section        0  entry8b.o(.ARM.Collect$$$$0000000A)
    .ARM.Collect$$$$0000000B                 0x10300408   Section        8  entry9a.o(.ARM.Collect$$$$0000000B)
    __lit__00000000                          0x10300410   Data           4  entry4.o(.ARM.Collect$$$$00002714)
    .ARM.Collect$$$$0000000D                 0x10300410   Section        0  entry10a.o(.ARM.Collect$$$$0000000D)
    .ARM.Collect$$$$0000000F                 0x10300410   Section        0  entry11a.o(.ARM.Collect$$$$0000000F)
    .ARM.Collect$$$$00002714                 0x10300410   Section        4  entry4.o(.ARM.Collect$$$$00002714)
    [Anonymous Symbol]                       0x10300414   Section        0  startup_hs32f7d377_cpu2_ac6.o(.text)
    .text                                    0x10300940   Section        0  memcpy.o(.text)
    .text                                    0x10300968   Section        0  memseta.o(.text)
    .text                                    0x1030098c   Section        0  uidiv.o(.text)
    .text                                    0x103009b8   Section       36  init.o(.text)
    ARM_MPU_Disable                          0x103009e1   Thumb Code    38  board.o(.text.ARM_MPU_Disable)
    [Anonymous Symbol]                       0x103009e0   Section        0  board.o(.text.ARM_MPU_Disable)
    ARM_MPU_Enable                           0x10300a09   Thumb Code    34  board.o(.text.ARM_MPU_Enable)
    [Anonymous Symbol]                       0x10300a08   Section        0  board.o(.text.ARM_MPU_Enable)
    ARM_MPU_Load                             0x10300a31   Thumb Code    30  board.o(.text.ARM_MPU_Load)
    [Anonymous Symbol]                       0x10300a30   Section        0  board.o(.text.ARM_MPU_Load)
    ARM_MPU_OrderedMemcpy                    0x10300a51   Thumb Code    30  board.o(.text.ARM_MPU_OrderedMemcpy)
    [Anonymous Symbol]                       0x10300a50   Section        0  board.o(.text.ARM_MPU_OrderedMemcpy)
    [Anonymous Symbol]                       0x10300a70   Section        0  clock_config.o(.text.BOARD_clockConfig)
    [Anonymous Symbol]                       0x10300aa0   Section        0  clock_config.o(.text.BOARD_clockInfGet)
    [Anonymous Symbol]                       0x10300ac0   Section        0  board.o(.text.BOARD_debugConsoleInit)
    BOARD_getPeripheralClk                   0x10300af9   Thumb Code    12  board.o(.text.BOARD_getPeripheralClk)
    [Anonymous Symbol]                       0x10300af8   Section        0  board.o(.text.BOARD_getPeripheralClk)
    [Anonymous Symbol]                       0x10300b08   Section        0  board.o(.text.BOARD_init)
    [Anonymous Symbol]                       0x10300b18   Section        0  board.o(.text.BOARD_mpuConfig)
    DEBUG_CONSOLE_HAL_uartInit               0x10300b81   Thumb Code    58  hte_debug_console.o(.text.DEBUG_CONSOLE_HAL_uartInit)
    [Anonymous Symbol]                       0x10300b80   Section        0  hte_debug_console.o(.text.DEBUG_CONSOLE_HAL_uartInit)
    DEBUG_CONSOLE_HAL_uartTransmit           0x10300bc1   Thumb Code     8  hte_debug_console.o(.text.DEBUG_CONSOLE_HAL_uartTransmit)
    [Anonymous Symbol]                       0x10300bc0   Section        0  hte_debug_console.o(.text.DEBUG_CONSOLE_HAL_uartTransmit)
    [Anonymous Symbol]                       0x10300bc8   Section        0  hte_debug_console.o(.text.DEBUG_CONSOLE_init)
    GPIO_getPort                             0x10300c49   Thumb Code    28  hte_cpu2_ipc_com.o(.text.GPIO_getPort)
    [Anonymous Symbol]                       0x10300c48   Section        0  hte_cpu2_ipc_com.o(.text.GPIO_getPort)
    GPIO_isPinValid                          0x10300cb1   Thumb Code    12  hte_cpu2_ipc_com.o(.text.GPIO_isPinValid)
    [Anonymous Symbol]                       0x10300cb0   Section        0  hte_cpu2_ipc_com.o(.text.GPIO_isPinValid)
    [Anonymous Symbol]                       0x10300cc0   Section        0  hte_cpu2_ipc.o(.text.IPC_INT0_DriverHandler)
    [Anonymous Symbol]                       0x10300cd0   Section        0  hte_cpu2_ipc.o(.text.IPC_INT1_DriverHandler)
    [Anonymous Symbol]                       0x10300ce0   Section        0  hte_cpu2_ipc.o(.text.IPC_INT2_DriverHandler)
    [Anonymous Symbol]                       0x10300cf0   Section        0  hte_cpu2_ipc.o(.text.IPC_INT3_DriverHandler)
    [Anonymous Symbol]                       0x10300d00   Section        0  hte_cpu2_ipc_com.o(.text.IPC_com_GPIO_setMasterCore)
    [Anonymous Symbol]                       0x10300d58   Section        0  hte_cpu2_ipc_com.o(.text.IPC_com_GPIO_setPinConfig)
    [Anonymous Symbol]                       0x10300dd8   Section        0  hte_cpu2_ipc_com.o(.text.IPC_com_SYSCTRL_enablePeripheral)
    [Anonymous Symbol]                       0x10300e18   Section        0  hte_cpu2_ipc_com.o(.text.IPC_com_SYSCTRL_getCANSramInitDone)
    [Anonymous Symbol]                       0x10300e38   Section        0  hte_cpu2_ipc_com.o(.text.IPC_com_SYSCTRL_initCANSram)
    [Anonymous Symbol]                       0x10300e68   Section        0  hte_cpu2_ipc_com.o(.text.IPC_com_getReg)
    [Anonymous Symbol]                       0x10300eb0   Section        0  hte_cpu2_ipc_com.o(.text.IPC_com_selectCPUForPeripheral)
    [Anonymous Symbol]                       0x10300ef8   Section        0  hte_cpu2_ipc_com.o(.text.IPC_com_setReg)
    IPC_getResponse                          0x10300f49   Thumb Code    10  hte_cpu2_ipc_com.o(.text.IPC_getResponse)
    [Anonymous Symbol]                       0x10300f48   Section        0  hte_cpu2_ipc_com.o(.text.IPC_getResponse)
    [Anonymous Symbol]                       0x10300f58   Section        0  hte_cpu2_ipc.o(.text.IPC_handlerIRQ)
    IPC_isFlagBusyLtoR                       0x10300f71   Thumb Code    14  hte_cpu2_ipc_com.o(.text.IPC_isFlagBusyLtoR)
    [Anonymous Symbol]                       0x10300f70   Section        0  hte_cpu2_ipc_com.o(.text.IPC_isFlagBusyLtoR)
    [Anonymous Symbol]                       0x10300f80   Section        0  hte_cpu2_ipc.o(.text.IPC_sendCommand)
    IPC_waitForAck                           0x10300fb9   Thumb Code    16  hte_cpu2_ipc_com.o(.text.IPC_waitForAck)
    [Anonymous Symbol]                       0x10300fb8   Section        0  hte_cpu2_ipc_com.o(.text.IPC_waitForAck)
    [Anonymous Symbol]                       0x10300fc8   Section        0  hte_mcan.o(.text.MCANA_INT0_DriverHandler)
    [Anonymous Symbol]                       0x10300fe0   Section        0  hte_mcan.o(.text.MCANA_INT1_DriverHandler)
    [Anonymous Symbol]                       0x10300ff8   Section        0  hte_mcan.o(.text.MCANB_INT0_DriverHandler)
    [Anonymous Symbol]                       0x10301010   Section        0  hte_mcan.o(.text.MCANB_INT1_DriverHandler)
    [Anonymous Symbol]                       0x10301028   Section        0  hte_mcan.o(.text.MCANC_INT0_DriverHandler)
    [Anonymous Symbol]                       0x10301040   Section        0  hte_mcan.o(.text.MCANC_INT1_DriverHandler)
    MCANConfig                               0x10301059   Thumb Code   138  mcan_ex4_classic_transmit.o(.text.MCANConfig)
    [Anonymous Symbol]                       0x10301058   Section        0  mcan_ex4_classic_transmit.o(.text.MCANConfig)
    MCAN_Run                                 0x103010e9   Thumb Code   132  mcan_ex4_classic_transmit.o(.text.MCAN_Run)
    [Anonymous Symbol]                       0x103010e8   Section        0  mcan_ex4_classic_transmit.o(.text.MCAN_Run)
    MCAN_getDataSize                         0x10301171   Thumb Code    32  hte_mcan.o(.text.MCAN_getDataSize)
    [Anonymous Symbol]                       0x10301170   Section        0  hte_mcan.o(.text.MCAN_getDataSize)
    MCAN_getMsgObjSize                       0x103011e1   Thumb Code     8  hte_mcan.o(.text.MCAN_getMsgObjSize)
    [Anonymous Symbol]                       0x103011e0   Section        0  hte_mcan.o(.text.MCAN_getMsgObjSize)
    [Anonymous Symbol]                       0x10301208   Section        0  hte_mcan.o(.text.MCAN_getOpMode)
    MCAN_getRamBase                          0x10301239   Thumb Code    36  hte_mcan.o(.text.MCAN_getRamBase)
    [Anonymous Symbol]                       0x10301238   Section        0  hte_mcan.o(.text.MCAN_getRamBase)
    [Anonymous Symbol]                       0x10301260   Section        0  hte_mcan.o(.text.MCAN_getTxBufReqPend)
    [Anonymous Symbol]                       0x10301290   Section        0  hte_mcan.o(.text.MCAN_handlerIRQ)
    [Anonymous Symbol]                       0x103012b0   Section        0  hte_mcan.o(.text.MCAN_init)
    MCAN_isBaseValid                         0x10301379   Thumb Code    36  hte_mcan.o(.text.MCAN_isBaseValid)
    [Anonymous Symbol]                       0x10301378   Section        0  hte_mcan.o(.text.MCAN_isBaseValid)
    [Anonymous Symbol]                       0x103013a0   Section        0  hte_mcan.o(.text.MCAN_msgRAMConfig)
    [Anonymous Symbol]                       0x10301540   Section        0  mcan_ex4_classic_transmit.o(.text.MCAN_pinMux)
    [Anonymous Symbol]                       0x10301568   Section        0  hte_mcan.o(.text.MCAN_setBitTime)
    [Anonymous Symbol]                       0x10301658   Section        0  hte_mcan.o(.text.MCAN_setOpMode)
    [Anonymous Symbol]                       0x10301688   Section        0  mcan_ex4_classic_transmit.o(.text.MCAN_setPclkEnable)
    [Anonymous Symbol]                       0x10301718   Section        0  hte_mcan.o(.text.MCAN_txBufAddReq)
    MCAN_writeMsg                            0x10301761   Thumb Code   272  hte_mcan.o(.text.MCAN_writeMsg)
    [Anonymous Symbol]                       0x10301760   Section        0  hte_mcan.o(.text.MCAN_writeMsg)
    [Anonymous Symbol]                       0x10301870   Section        0  hte_mcan.o(.text.MCAN_writeMsgRam)
    MCAN_writeProtectedRegAccessLock         0x103018f1   Thumb Code    46  hte_mcan.o(.text.MCAN_writeProtectedRegAccessLock)
    [Anonymous Symbol]                       0x103018f0   Section        0  hte_mcan.o(.text.MCAN_writeProtectedRegAccessLock)
    MCAN_writeProtectedRegAccessUnlock       0x10301921   Thumb Code    46  hte_mcan.o(.text.MCAN_writeProtectedRegAccessUnlock)
    [Anonymous Symbol]                       0x10301920   Section        0  hte_mcan.o(.text.MCAN_writeProtectedRegAccessUnlock)
    SYSCTRL_enablePeripheral                 0x10301951   Thumb Code    18  board.o(.text.SYSCTRL_enablePeripheral)
    [Anonymous Symbol]                       0x10301950   Section        0  board.o(.text.SYSCTRL_enablePeripheral)
    SYSCTRL_enablePeripheral                 0x10301969   Thumb Code    32  mcan_ex4_classic_transmit.o(.text.SYSCTRL_enablePeripheral)
    [Anonymous Symbol]                       0x10301968   Section        0  mcan_ex4_classic_transmit.o(.text.SYSCTRL_enablePeripheral)
    [Anonymous Symbol]                       0x10301988   Section        0  clock_config.o(.text.SysTick_DriverHandler)
    [Anonymous Symbol]                       0x103019a8   Section        0  system_hs32f7d377_cpu2.o(.text.SystemInit)
    [Anonymous Symbol]                       0x103019c0   Section        0  hte_uart.o(.text.UARTA_DriverHandler)
    [Anonymous Symbol]                       0x103019e8   Section        0  hte_uart.o(.text.UARTB_DriverHandler)
    [Anonymous Symbol]                       0x10301a18   Section        0  hte_uart.o(.text.UARTC_DriverHandler)
    [Anonymous Symbol]                       0x10301a48   Section        0  hte_uart.o(.text.UARTD_DriverHandler)
    UART_disableFIFOAccess                   0x10301a79   Thumb Code    38  hte_uart.o(.text.UART_disableFIFOAccess)
    [Anonymous Symbol]                       0x10301a78   Section        0  hte_uart.o(.text.UART_disableFIFOAccess)
    UART_disableLoopback                     0x10301aa1   Thumb Code    38  hte_uart.o(.text.UART_disableLoopback)
    [Anonymous Symbol]                       0x10301aa0   Section        0  hte_uart.o(.text.UART_disableLoopback)
    [Anonymous Symbol]                       0x10301ac8   Section        0  hte_uart.o(.text.UART_getDefaultConfig)
    UART_getTxFIFOLevel                      0x10301b01   Thumb Code    36  hte_uart.o(.text.UART_getTxFIFOLevel)
    [Anonymous Symbol]                       0x10301b00   Section        0  hte_uart.o(.text.UART_getTxFIFOLevel)
    UART_haltTransmit                        0x10301b29   Thumb Code    42  hte_uart.o(.text.UART_haltTransmit)
    [Anonymous Symbol]                       0x10301b28   Section        0  hte_uart.o(.text.UART_haltTransmit)
    [Anonymous Symbol]                       0x10301b58   Section        0  hte_uart.o(.text.UART_init)
    UART_isBusy                              0x10301c11   Thumb Code    36  hte_uart.o(.text.UART_isBusy)
    [Anonymous Symbol]                       0x10301c10   Section        0  hte_uart.o(.text.UART_isBusy)
    UART_isFIFOEnabled                       0x10301c39   Thumb Code    38  hte_uart.o(.text.UART_isFIFOEnabled)
    [Anonymous Symbol]                       0x10301c38   Section        0  hte_uart.o(.text.UART_isFIFOEnabled)
    UART_isSpaceAvailable                    0x10301c61   Thumb Code    62  hte_uart.o(.text.UART_isSpaceAvailable)
    [Anonymous Symbol]                       0x10301c60   Section        0  hte_uart.o(.text.UART_isSpaceAvailable)
    UART_isTransmitHoldingEmpty              0x10301ca1   Thumb Code    36  hte_uart.o(.text.UART_isTransmitHoldingEmpty)
    [Anonymous Symbol]                       0x10301ca0   Section        0  hte_uart.o(.text.UART_isTransmitHoldingEmpty)
    UART_isTransmitRegisterEmpty             0x10301cc9   Thumb Code    36  hte_uart.o(.text.UART_isTransmitRegisterEmpty)
    [Anonymous Symbol]                       0x10301cc8   Section        0  hte_uart.o(.text.UART_isTransmitRegisterEmpty)
    [Anonymous Symbol]                       0x10301cf0   Section        0  hte_uart.o(.text.UART_setBaudRate)
    [Anonymous Symbol]                       0x10301de0   Section        0  hte_uart.o(.text.UART_writeDataBlocking)
    [Anonymous Symbol]                       0x10301e48   Section        0  hte_assert.o(.text.__aeabi_assert)
    [Anonymous Symbol]                       0x10301eb0   Section        0  hte_debug_console.o(.text.fputc)
    [Anonymous Symbol]                       0x10301ee0   Section        0  mcan_ex4_classic_transmit.o(.text.main)
    i.__0printf$3                            0x10301ee8   Section        0  printf3.o(i.__0printf$3)
    i.__scatterload_copy                     0x10301f08   Section       14  handlers.o(i.__scatterload_copy)
    i.__scatterload_null                     0x10301f16   Section        2  handlers.o(i.__scatterload_null)
    i.__scatterload_zeroinit                 0x10301f18   Section       14  handlers.o(i.__scatterload_zeroinit)
    _printf_core                             0x10301f29   Thumb Code   436  printf3.o(i._printf_core)
    i._printf_core                           0x10301f28   Section        0  printf3.o(i._printf_core)
    .L.str                                   0x103020e0   Data          23  hte_mcan.o(.rodata.str1.1)
    [Anonymous Symbol]                       0x103020e0   Section        0  hte_mcan.o(.rodata.str1.1)
    .L.str.4                                 0x103020f7   Data          39  hte_mcan.o(.rodata.str1.1)
    .L.str.1                                 0x1030211e   Data          45  hte_mcan.o(.rodata.str1.1)
    .L.str.2                                 0x10302124   Data          23  hte_mcan.o(.rodata.str1.1)
    .L.str.6                                 0x1030214b   Data           5  hte_uart.o(.rodata.str1.1)
    [Anonymous Symbol]                       0x1030214b   Section        0  hte_uart.o(.rodata.str1.1)
    .L.str.1                                 0x10302150   Data          45  hte_uart.o(.rodata.str1.1)
    .L.str.3                                 0x1030217d   Data           5  hte_uart.o(.rodata.str1.1)
    .L.str.2                                 0x10302182   Data           7  hte_uart.o(.rodata.str1.1)
    .L.str.7                                 0x10302189   Data          45  hte_uart.o(.rodata.str1.1)
    .data                                    0x20000000   Section        4  stderr.o(.data)
    s_debugConsole.0                         0x20000114   Data           4  hte_debug_console.o(.bss.s_debugConsole.0)
    [Anonymous Symbol]                       0x20000114   Section        0  hte_debug_console.o(.bss.s_debugConsole.0)
    s_ipcISR                                 0x20000118   Data          16  hte_cpu2_ipc.o(.bss.s_ipcISR)
    [Anonymous Symbol]                       0x20000118   Section        0  hte_cpu2_ipc.o(.bss.s_ipcISR)
    s_mcanISR                                0x20000128   Data          24  hte_mcan.o(.bss.s_mcanISR)
    [Anonymous Symbol]                       0x20000128   Section        0  hte_mcan.o(.bss.s_mcanISR)
    VTOR                                     0xe000ed08   Number         0  startup_hs32f7d377_cpu2_ac6.o ABSOLUTE

    Global Symbols

    Symbol Name                              Value     Ov Type        Size  Object(Section)

    BuildAttributes$$THM_ISAv4$E$P$D$K$B$S$7EM$VFPi5$EXTD16$VFPS$VFMA$PE$PLD8$A:L22UL41UL21$X:L11$S22US41US21$IEEE1$IW$USESV6$~STKCKD$USESV7$~SHL$OTIME$ROPI$EBA8$UX$MICROLIB$REQ8$EABIv2 0x00000000   Number         0  anon$$obj.o ABSOLUTE
    _printf_a                                0x00000000   Number         0  printfstubs.o ABSOLUTE
    _printf_c                                0x00000000   Number         0  printfstubs.o ABSOLUTE
    _printf_charcount                        0x00000000   Number         0  printfstubs.o ABSOLUTE
    _printf_d                                0x00000000   Number         0  printfstubs.o ABSOLUTE
    _printf_e                                0x00000000   Number         0  printfstubs.o ABSOLUTE
    _printf_f                                0x00000000   Number         0  printfstubs.o ABSOLUTE
    _printf_flags                            0x00000000   Number         0  printfstubs.o ABSOLUTE
    _printf_fp_dec                           0x00000000   Number         0  printfstubs.o ABSOLUTE
    _printf_fp_hex                           0x00000000   Number         0  printfstubs.o ABSOLUTE
    _printf_g                                0x00000000   Number         0  printfstubs.o ABSOLUTE
    _printf_i                                0x00000000   Number         0  printfstubs.o ABSOLUTE
    _printf_int_dec                          0x00000000   Number         0  printfstubs.o ABSOLUTE
    _printf_l                                0x00000000   Number         0  printfstubs.o ABSOLUTE
    _printf_lc                               0x00000000   Number         0  printfstubs.o ABSOLUTE
    _printf_ll                               0x00000000   Number         0  printfstubs.o ABSOLUTE
    _printf_lld                              0x00000000   Number         0  printfstubs.o ABSOLUTE
    _printf_lli                              0x00000000   Number         0  printfstubs.o ABSOLUTE
    _printf_llo                              0x00000000   Number         0  printfstubs.o ABSOLUTE
    _printf_llu                              0x00000000   Number         0  printfstubs.o ABSOLUTE
    _printf_llx                              0x00000000   Number         0  printfstubs.o ABSOLUTE
    _printf_longlong_dec                     0x00000000   Number         0  printfstubs.o ABSOLUTE
    _printf_longlong_hex                     0x00000000   Number         0  printfstubs.o ABSOLUTE
    _printf_longlong_oct                     0x00000000   Number         0  printfstubs.o ABSOLUTE
    _printf_ls                               0x00000000   Number         0  printfstubs.o ABSOLUTE
    _printf_mbtowc                           0x00000000   Number         0  printfstubs.o ABSOLUTE
    _printf_n                                0x00000000   Number         0  printfstubs.o ABSOLUTE
    _printf_o                                0x00000000   Number         0  printfstubs.o ABSOLUTE
    _printf_p                                0x00000000   Number         0  printfstubs.o ABSOLUTE
    _printf_percent                          0x00000000   Number         0  printfstubs.o ABSOLUTE
    _printf_pre_padding                      0x00000000   Number         0  printfstubs.o ABSOLUTE
    _printf_return_value                     0x00000000   Number         0  printfstubs.o ABSOLUTE
    _printf_s                                0x00000000   Number         0  printfstubs.o ABSOLUTE
    _printf_sizespec                         0x00000000   Number         0  printfstubs.o ABSOLUTE
    _printf_str                              0x00000000   Number         0  printfstubs.o ABSOLUTE
    _printf_truncate_signed                  0x00000000   Number         0  printfstubs.o ABSOLUTE
    _printf_truncate_unsigned                0x00000000   Number         0  printfstubs.o ABSOLUTE
    _printf_u                                0x00000000   Number         0  printfstubs.o ABSOLUTE
    _printf_wc                               0x00000000   Number         0  printfstubs.o ABSOLUTE
    _printf_wctomb                           0x00000000   Number         0  printfstubs.o ABSOLUTE
    _printf_widthprec                        0x00000000   Number         0  printfstubs.o ABSOLUTE
    _printf_x                                0x00000000   Number         0  printfstubs.o ABSOLUTE
    SHT$$ARM_EXIDX$$Base                      - Undefined Reference
    SHT$$ARM_EXIDX$$Limit                     - Undefined Reference
    __arm_find_exidx_section                  - Undefined Weak Reference
    __cpp_initialize__aeabi_                  - Undefined Weak Reference
    __cxa_finalize                            - Undefined Weak Reference
    __decompress                              - Undefined Weak Reference
    _clock_init                               - Undefined Weak Reference
    _microlib_exit                            - Undefined Weak Reference
    __Vectors_Size                           0x00000400   Number         0  startup_hs32f7d377_cpu2_ac6.o ABSOLUTE
    __Vectors                                0x10300000   Number      1024  startup_hs32f7d377_cpu2_ac6.o(RESET)
    __Vectors_End                            0x10300400   Number         0  startup_hs32f7d377_cpu2_ac6.o(RESET)
    __main                                   0x10300401   Thumb Code     0  entry.o(.ARM.Collect$$$$00000000)
    _main_stk                                0x10300401   Thumb Code     0  entry4.o(.ARM.Collect$$$$00000003)
    _main_scatterload                        0x10300405   Thumb Code     0  entry5.o(.ARM.Collect$$$$00000004)
    __main_after_scatterload                 0x10300409   Thumb Code     0  entry5.o(.ARM.Collect$$$$00000004)
    _main_clock                              0x10300409   Thumb Code     0  entry7b.o(.ARM.Collect$$$$00000008)
    _main_cpp_init                           0x10300409   Thumb Code     0  entry8b.o(.ARM.Collect$$$$0000000A)
    _main_init                               0x10300409   Thumb Code     0  entry9a.o(.ARM.Collect$$$$0000000B)
    __rt_final_cpp                           0x10300411   Thumb Code     0  entry10a.o(.ARM.Collect$$$$0000000D)
    __rt_final_exit                          0x10300411   Thumb Code     0  entry11a.o(.ARM.Collect$$$$0000000F)
    Reset_Handler                            0x10300415   Thumb Code    24  startup_hs32f7d377_cpu2_ac6.o(.text)
    NMI_Handler                              0x1030042d   Thumb Code     4  startup_hs32f7d377_cpu2_ac6.o(.text)
    HardFault_Handler                        0x10300431   Thumb Code     4  startup_hs32f7d377_cpu2_ac6.o(.text)
    MemManage_Handler                        0x10300435   Thumb Code     4  startup_hs32f7d377_cpu2_ac6.o(.text)
    BusFault_Handler                         0x10300439   Thumb Code     4  startup_hs32f7d377_cpu2_ac6.o(.text)
    UsageFault_Handler                       0x1030043d   Thumb Code     4  startup_hs32f7d377_cpu2_ac6.o(.text)
    SVC_Handler                              0x10300441   Thumb Code     4  startup_hs32f7d377_cpu2_ac6.o(.text)
    DebugMon_Handler                         0x10300445   Thumb Code     4  startup_hs32f7d377_cpu2_ac6.o(.text)
    PendSV_Handler                           0x10300449   Thumb Code     4  startup_hs32f7d377_cpu2_ac6.o(.text)
    SysTick_Handler                          0x1030044d   Thumb Code     4  startup_hs32f7d377_cpu2_ac6.o(.text)
    WDT_Handler                              0x10300451   Thumb Code     4  startup_hs32f7d377_cpu2_ac6.o(.text)
    CPUTIMER0_Handler                        0x10300455   Thumb Code     4  startup_hs32f7d377_cpu2_ac6.o(.text)
    CPUTIMER1_Handler                        0x10300459   Thumb Code     4  startup_hs32f7d377_cpu2_ac6.o(.text)
    CPUTIMER2_Handler                        0x1030045d   Thumb Code     4  startup_hs32f7d377_cpu2_ac6.o(.text)
    DWTIMER_CH0_Handler                      0x10300461   Thumb Code     4  startup_hs32f7d377_cpu2_ac6.o(.text)
    DWTIMER_CH1_Handler                      0x10300465   Thumb Code     4  startup_hs32f7d377_cpu2_ac6.o(.text)
    DWTIMER_CH2_Handler                      0x10300469   Thumb Code     4  startup_hs32f7d377_cpu2_ac6.o(.text)
    IPC_INT0_Handler                         0x1030046d   Thumb Code     4  startup_hs32f7d377_cpu2_ac6.o(.text)
    IPC_INT1_Handler                         0x10300471   Thumb Code     4  startup_hs32f7d377_cpu2_ac6.o(.text)
    IPC_INT2_Handler                         0x10300475   Thumb Code     4  startup_hs32f7d377_cpu2_ac6.o(.text)
    IPC_INT3_Handler                         0x10300479   Thumb Code     4  startup_hs32f7d377_cpu2_ac6.o(.text)
    ADCA_EVT_Handler                         0x1030047d   Thumb Code     4  startup_hs32f7d377_cpu2_ac6.o(.text)
    ADCB_EVT_Handler                         0x10300481   Thumb Code     4  startup_hs32f7d377_cpu2_ac6.o(.text)
    ADCC_EVT_Handler                         0x10300485   Thumb Code     4  startup_hs32f7d377_cpu2_ac6.o(.text)
    ADCD_EVT_Handler                         0x10300489   Thumb Code     4  startup_hs32f7d377_cpu2_ac6.o(.text)
    ADCA_INT1_Handler                        0x1030048d   Thumb Code     4  startup_hs32f7d377_cpu2_ac6.o(.text)
    ADCA_INT2_Handler                        0x10300491   Thumb Code     4  startup_hs32f7d377_cpu2_ac6.o(.text)
    ADCA_INT3_Handler                        0x10300495   Thumb Code     4  startup_hs32f7d377_cpu2_ac6.o(.text)
    ADCA_INT4_Handler                        0x10300499   Thumb Code     4  startup_hs32f7d377_cpu2_ac6.o(.text)
    ADCB_INT1_Handler                        0x1030049d   Thumb Code     4  startup_hs32f7d377_cpu2_ac6.o(.text)
    ADCB_INT2_Handler                        0x103004a1   Thumb Code     4  startup_hs32f7d377_cpu2_ac6.o(.text)
    ADCB_INT3_Handler                        0x103004a5   Thumb Code     4  startup_hs32f7d377_cpu2_ac6.o(.text)
    ADCB_INT4_Handler                        0x103004a9   Thumb Code     4  startup_hs32f7d377_cpu2_ac6.o(.text)
    ADCC_INT1_Handler                        0x103004ad   Thumb Code     4  startup_hs32f7d377_cpu2_ac6.o(.text)
    ADCC_INT2_Handler                        0x103004b1   Thumb Code     4  startup_hs32f7d377_cpu2_ac6.o(.text)
    ADCC_INT3_Handler                        0x103004b5   Thumb Code     4  startup_hs32f7d377_cpu2_ac6.o(.text)
    ADCC_INT4_Handler                        0x103004b9   Thumb Code     4  startup_hs32f7d377_cpu2_ac6.o(.text)
    ADCD_INT1_Handler                        0x103004bd   Thumb Code     4  startup_hs32f7d377_cpu2_ac6.o(.text)
    ADCD_INT2_Handler                        0x103004c1   Thumb Code     4  startup_hs32f7d377_cpu2_ac6.o(.text)
    ADCD_INT3_Handler                        0x103004c5   Thumb Code     4  startup_hs32f7d377_cpu2_ac6.o(.text)
    ADCD_INT4_Handler                        0x103004c9   Thumb Code     4  startup_hs32f7d377_cpu2_ac6.o(.text)
    XINT1_Handler                            0x103004cd   Thumb Code     4  startup_hs32f7d377_cpu2_ac6.o(.text)
    XINT2_Handler                            0x103004d1   Thumb Code     4  startup_hs32f7d377_cpu2_ac6.o(.text)
    XINT3_Handler                            0x103004d5   Thumb Code     4  startup_hs32f7d377_cpu2_ac6.o(.text)
    XINT4_Handler                            0x103004d9   Thumb Code     4  startup_hs32f7d377_cpu2_ac6.o(.text)
    XINT5_Handler                            0x103004dd   Thumb Code     4  startup_hs32f7d377_cpu2_ac6.o(.text)
    EPWM_HRCAL_Handler                       0x103004e1   Thumb Code     4  startup_hs32f7d377_cpu2_ac6.o(.text)
    EPWM1_TZ_Handler                         0x103004e5   Thumb Code     4  startup_hs32f7d377_cpu2_ac6.o(.text)
    EPWM2_TZ_Handler                         0x103004e9   Thumb Code     4  startup_hs32f7d377_cpu2_ac6.o(.text)
    EPWM3_TZ_Handler                         0x103004ed   Thumb Code     4  startup_hs32f7d377_cpu2_ac6.o(.text)
    EPWM4_TZ_Handler                         0x103004f1   Thumb Code     4  startup_hs32f7d377_cpu2_ac6.o(.text)
    EPWM5_TZ_Handler                         0x103004f5   Thumb Code     4  startup_hs32f7d377_cpu2_ac6.o(.text)
    EPWM6_TZ_Handler                         0x103004f9   Thumb Code     4  startup_hs32f7d377_cpu2_ac6.o(.text)
    EPWM7_TZ_Handler                         0x103004fd   Thumb Code     4  startup_hs32f7d377_cpu2_ac6.o(.text)
    EPWM8_TZ_Handler                         0x10300501   Thumb Code     4  startup_hs32f7d377_cpu2_ac6.o(.text)
    EPWM9_TZ_Handler                         0x10300505   Thumb Code     4  startup_hs32f7d377_cpu2_ac6.o(.text)
    EPWM10_TZ_Handler                        0x10300509   Thumb Code     4  startup_hs32f7d377_cpu2_ac6.o(.text)
    EPWM11_TZ_Handler                        0x1030050d   Thumb Code     4  startup_hs32f7d377_cpu2_ac6.o(.text)
    EPWM12_TZ_Handler                        0x10300511   Thumb Code     4  startup_hs32f7d377_cpu2_ac6.o(.text)
    EPWM1_Handler                            0x10300515   Thumb Code     4  startup_hs32f7d377_cpu2_ac6.o(.text)
    EPWM2_Handler                            0x10300519   Thumb Code     4  startup_hs32f7d377_cpu2_ac6.o(.text)
    EPWM3_Handler                            0x1030051d   Thumb Code     4  startup_hs32f7d377_cpu2_ac6.o(.text)
    EPWM4_Handler                            0x10300521   Thumb Code     4  startup_hs32f7d377_cpu2_ac6.o(.text)
    EPWM5_Handler                            0x10300525   Thumb Code     4  startup_hs32f7d377_cpu2_ac6.o(.text)
    EPWM6_Handler                            0x10300529   Thumb Code     4  startup_hs32f7d377_cpu2_ac6.o(.text)
    EPWM7_Handler                            0x1030052d   Thumb Code     4  startup_hs32f7d377_cpu2_ac6.o(.text)
    EPWM8_Handler                            0x10300531   Thumb Code     4  startup_hs32f7d377_cpu2_ac6.o(.text)
    EPWM9_Handler                            0x10300535   Thumb Code     4  startup_hs32f7d377_cpu2_ac6.o(.text)
    EPWM10_Handler                           0x10300539   Thumb Code     4  startup_hs32f7d377_cpu2_ac6.o(.text)
    EPWM11_Handler                           0x1030053d   Thumb Code     4  startup_hs32f7d377_cpu2_ac6.o(.text)
    EPWM12_Handler                           0x10300541   Thumb Code     4  startup_hs32f7d377_cpu2_ac6.o(.text)
    ECAP1_Handler                            0x10300545   Thumb Code     4  startup_hs32f7d377_cpu2_ac6.o(.text)
    ECAP2_Handler                            0x10300549   Thumb Code     4  startup_hs32f7d377_cpu2_ac6.o(.text)
    ECAP3_Handler                            0x1030054d   Thumb Code     4  startup_hs32f7d377_cpu2_ac6.o(.text)
    ECAP4_Handler                            0x10300551   Thumb Code     4  startup_hs32f7d377_cpu2_ac6.o(.text)
    ECAP5_Handler                            0x10300555   Thumb Code     4  startup_hs32f7d377_cpu2_ac6.o(.text)
    ECAP6_Handler                            0x10300559   Thumb Code     4  startup_hs32f7d377_cpu2_ac6.o(.text)
    EQEP1_Handler                            0x1030055d   Thumb Code     4  startup_hs32f7d377_cpu2_ac6.o(.text)
    EQEP2_Handler                            0x10300561   Thumb Code     4  startup_hs32f7d377_cpu2_ac6.o(.text)
    EQEP3_Handler                            0x10300565   Thumb Code     4  startup_hs32f7d377_cpu2_ac6.o(.text)
    CLB1_Handler                             0x10300569   Thumb Code     4  startup_hs32f7d377_cpu2_ac6.o(.text)
    CLB2_Handler                             0x1030056d   Thumb Code     4  startup_hs32f7d377_cpu2_ac6.o(.text)
    CLB3_Handler                             0x10300571   Thumb Code     4  startup_hs32f7d377_cpu2_ac6.o(.text)
    CLB4_Handler                             0x10300575   Thumb Code     4  startup_hs32f7d377_cpu2_ac6.o(.text)
    CLB5_Handler                             0x10300579   Thumb Code     4  startup_hs32f7d377_cpu2_ac6.o(.text)
    CLB6_Handler                             0x1030057d   Thumb Code     4  startup_hs32f7d377_cpu2_ac6.o(.text)
    CLB7_Handler                             0x10300581   Thumb Code     4  startup_hs32f7d377_cpu2_ac6.o(.text)
    CLB8_Handler                             0x10300585   Thumb Code     4  startup_hs32f7d377_cpu2_ac6.o(.text)
    SDFM1_Handler                            0x10300589   Thumb Code     4  startup_hs32f7d377_cpu2_ac6.o(.text)
    SDFM1_FLT1DR_Handler                     0x1030058d   Thumb Code     4  startup_hs32f7d377_cpu2_ac6.o(.text)
    SDFM1_FLT2DR_Handler                     0x10300591   Thumb Code     4  startup_hs32f7d377_cpu2_ac6.o(.text)
    SDFM1_FLT3DR_Handler                     0x10300595   Thumb Code     4  startup_hs32f7d377_cpu2_ac6.o(.text)
    SDFM1_FLT4DR_Handler                     0x10300599   Thumb Code     4  startup_hs32f7d377_cpu2_ac6.o(.text)
    SDFM2_Handler                            0x1030059d   Thumb Code     4  startup_hs32f7d377_cpu2_ac6.o(.text)
    SDFM2_FLT1DR_Handler                     0x103005a1   Thumb Code     4  startup_hs32f7d377_cpu2_ac6.o(.text)
    SDFM2_FLT2DR_Handler                     0x103005a5   Thumb Code     4  startup_hs32f7d377_cpu2_ac6.o(.text)
    SDFM2_FLT3DR_Handler                     0x103005a9   Thumb Code     4  startup_hs32f7d377_cpu2_ac6.o(.text)
    SDFM2_FLT4DR_Handler                     0x103005ad   Thumb Code     4  startup_hs32f7d377_cpu2_ac6.o(.text)
    DMA_CH1_Handler                          0x103005b1   Thumb Code     4  startup_hs32f7d377_cpu2_ac6.o(.text)
    DMA_CH2_Handler                          0x103005b5   Thumb Code     4  startup_hs32f7d377_cpu2_ac6.o(.text)
    DMA_CH3_Handler                          0x103005b9   Thumb Code     4  startup_hs32f7d377_cpu2_ac6.o(.text)
    DMA_CH4_Handler                          0x103005bd   Thumb Code     4  startup_hs32f7d377_cpu2_ac6.o(.text)
    DMA_CH5_Handler                          0x103005c1   Thumb Code     4  startup_hs32f7d377_cpu2_ac6.o(.text)
    DMA_CH6_Handler                          0x103005c5   Thumb Code     4  startup_hs32f7d377_cpu2_ac6.o(.text)
    USBA_Handler                             0x103005c9   Thumb Code     4  startup_hs32f7d377_cpu2_ac6.o(.text)
    USBA_EP_MP_Handler                       0x103005cd   Thumb Code     4  startup_hs32f7d377_cpu2_ac6.o(.text)
    USBA_EP0_Handler                         0x103005d1   Thumb Code     4  startup_hs32f7d377_cpu2_ac6.o(.text)
    USBA_EP1_Handler                         0x103005d5   Thumb Code     4  startup_hs32f7d377_cpu2_ac6.o(.text)
    USBA_EP2_Handler                         0x103005d9   Thumb Code     4  startup_hs32f7d377_cpu2_ac6.o(.text)
    USBA_EP3_Handler                         0x103005dd   Thumb Code     4  startup_hs32f7d377_cpu2_ac6.o(.text)
    USBA_EP4_Handler                         0x103005e1   Thumb Code     4  startup_hs32f7d377_cpu2_ac6.o(.text)
    USBA_EP5_Handler                         0x103005e5   Thumb Code     4  startup_hs32f7d377_cpu2_ac6.o(.text)
    USBA_EP6_Handler                         0x103005e9   Thumb Code     4  startup_hs32f7d377_cpu2_ac6.o(.text)
    USBA_EP7_Handler                         0x103005ed   Thumb Code     4  startup_hs32f7d377_cpu2_ac6.o(.text)
    USBA_EP8_Handler                         0x103005f1   Thumb Code     4  startup_hs32f7d377_cpu2_ac6.o(.text)
    USBA_EP9_Handler                         0x103005f5   Thumb Code     4  startup_hs32f7d377_cpu2_ac6.o(.text)
    USBA_EP10_Handler                        0x103005f9   Thumb Code     4  startup_hs32f7d377_cpu2_ac6.o(.text)
    USBA_EP11_Handler                        0x103005fd   Thumb Code     4  startup_hs32f7d377_cpu2_ac6.o(.text)
    USBA_EP12_Handler                        0x10300601   Thumb Code     4  startup_hs32f7d377_cpu2_ac6.o(.text)
    USBA_EP13_Handler                        0x10300605   Thumb Code     4  startup_hs32f7d377_cpu2_ac6.o(.text)
    USBA_EP14_Handler                        0x10300609   Thumb Code     4  startup_hs32f7d377_cpu2_ac6.o(.text)
    USBA_EP15_Handler                        0x1030060d   Thumb Code     4  startup_hs32f7d377_cpu2_ac6.o(.text)
    USBA_EP16_Handler                        0x10300611   Thumb Code     4  startup_hs32f7d377_cpu2_ac6.o(.text)
    USBA_EP17_Handler                        0x10300615   Thumb Code     4  startup_hs32f7d377_cpu2_ac6.o(.text)
    USBA_EP18_Handler                        0x10300619   Thumb Code     4  startup_hs32f7d377_cpu2_ac6.o(.text)
    USBA_EP19_Handler                        0x1030061d   Thumb Code     4  startup_hs32f7d377_cpu2_ac6.o(.text)
    USBA_EP20_Handler                        0x10300621   Thumb Code     4  startup_hs32f7d377_cpu2_ac6.o(.text)
    USBA_EP21_Handler                        0x10300625   Thumb Code     4  startup_hs32f7d377_cpu2_ac6.o(.text)
    USBA_EP22_Handler                        0x10300629   Thumb Code     4  startup_hs32f7d377_cpu2_ac6.o(.text)
    USBA_EP23_Handler                        0x1030062d   Thumb Code     4  startup_hs32f7d377_cpu2_ac6.o(.text)
    USBA_EP24_Handler                        0x10300631   Thumb Code     4  startup_hs32f7d377_cpu2_ac6.o(.text)
    USBA_EP25_Handler                        0x10300635   Thumb Code     4  startup_hs32f7d377_cpu2_ac6.o(.text)
    USBA_EP26_Handler                        0x10300639   Thumb Code     4  startup_hs32f7d377_cpu2_ac6.o(.text)
    USBA_EP27_Handler                        0x1030063d   Thumb Code     4  startup_hs32f7d377_cpu2_ac6.o(.text)
    USBA_EP28_Handler                        0x10300641   Thumb Code     4  startup_hs32f7d377_cpu2_ac6.o(.text)
    USBA_EP29_Handler                        0x10300645   Thumb Code     4  startup_hs32f7d377_cpu2_ac6.o(.text)
    USBA_EP30_Handler                        0x10300649   Thumb Code     4  startup_hs32f7d377_cpu2_ac6.o(.text)
    USBA_EP31_Handler                        0x1030064d   Thumb Code     4  startup_hs32f7d377_cpu2_ac6.o(.text)
    MCANA_INT0_Handler                       0x10300651   Thumb Code     4  startup_hs32f7d377_cpu2_ac6.o(.text)
    MCANA_INT1_Handler                       0x10300655   Thumb Code     4  startup_hs32f7d377_cpu2_ac6.o(.text)
    MCANB_INT0_Handler                       0x10300659   Thumb Code     4  startup_hs32f7d377_cpu2_ac6.o(.text)
    MCANB_INT1_Handler                       0x1030065d   Thumb Code     4  startup_hs32f7d377_cpu2_ac6.o(.text)
    MCANC_INT0_Handler                       0x10300661   Thumb Code     4  startup_hs32f7d377_cpu2_ac6.o(.text)
    MCANC_INT1_Handler                       0x10300665   Thumb Code     4  startup_hs32f7d377_cpu2_ac6.o(.text)
    I2CA_Handler                             0x10300669   Thumb Code     4  startup_hs32f7d377_cpu2_ac6.o(.text)
    I2CB_Handler                             0x1030066d   Thumb Code     4  startup_hs32f7d377_cpu2_ac6.o(.text)
    PMBUSA_Handler                           0x10300671   Thumb Code     4  startup_hs32f7d377_cpu2_ac6.o(.text)
    UARTA_Handler                            0x10300675   Thumb Code     4  startup_hs32f7d377_cpu2_ac6.o(.text)
    UARTB_Handler                            0x10300679   Thumb Code     4  startup_hs32f7d377_cpu2_ac6.o(.text)
    UARTC_Handler                            0x1030067d   Thumb Code     4  startup_hs32f7d377_cpu2_ac6.o(.text)
    UARTD_Handler                            0x10300681   Thumb Code     4  startup_hs32f7d377_cpu2_ac6.o(.text)
    SPIA_Handler                             0x10300685   Thumb Code     4  startup_hs32f7d377_cpu2_ac6.o(.text)
    SPIB_Handler                             0x10300689   Thumb Code     4  startup_hs32f7d377_cpu2_ac6.o(.text)
    SPIC_Handler                             0x1030068d   Thumb Code     4  startup_hs32f7d377_cpu2_ac6.o(.text)
    SRAM_ECC_ERR_Handler                     0x10300691   Thumb Code     4  startup_hs32f7d377_cpu2_ac6.o(.text)
    EFLASH_Handler                           0x10300695   Thumb Code     4  startup_hs32f7d377_cpu2_ac6.o(.text)
    SRAM_ACC_VIO_Handler                     0x10300699   Thumb Code     4  startup_hs32f7d377_cpu2_ac6.o(.text)
    EMIF1_ERR_Handler                        0x1030069d   Thumb Code     4  startup_hs32f7d377_cpu2_ac6.o(.text)
    WAKEUP_Handler                           0x103006a1   Thumb Code     4  startup_hs32f7d377_cpu2_ac6.o(.text)
    TFU_Handler                              0x103006a5   Thumb Code     4  startup_hs32f7d377_cpu2_ac6.o(.text)
    IPC_RAM_ERR_Handler                      0x103006a9   Thumb Code     4  startup_hs32f7d377_cpu2_ac6.o(.text)
    HardFault_DriverHandler                  0x103006ad   Thumb Code     2  startup_hs32f7d377_cpu2_ac6.o(.text)
    ADCA_EVT_DriverHandler                   0x103006af   Thumb Code     2  startup_hs32f7d377_cpu2_ac6.o(.text)
    ADCA_INT1_DriverHandler                  0x103006af   Thumb Code     2  startup_hs32f7d377_cpu2_ac6.o(.text)
    ADCA_INT2_DriverHandler                  0x103006af   Thumb Code     2  startup_hs32f7d377_cpu2_ac6.o(.text)
    ADCA_INT3_DriverHandler                  0x103006af   Thumb Code     2  startup_hs32f7d377_cpu2_ac6.o(.text)
    ADCA_INT4_DriverHandler                  0x103006af   Thumb Code     2  startup_hs32f7d377_cpu2_ac6.o(.text)
    ADCB_EVT_DriverHandler                   0x103006af   Thumb Code     2  startup_hs32f7d377_cpu2_ac6.o(.text)
    ADCB_INT1_DriverHandler                  0x103006af   Thumb Code     2  startup_hs32f7d377_cpu2_ac6.o(.text)
    ADCB_INT2_DriverHandler                  0x103006af   Thumb Code     2  startup_hs32f7d377_cpu2_ac6.o(.text)
    ADCB_INT3_DriverHandler                  0x103006af   Thumb Code     2  startup_hs32f7d377_cpu2_ac6.o(.text)
    ADCB_INT4_DriverHandler                  0x103006af   Thumb Code     2  startup_hs32f7d377_cpu2_ac6.o(.text)
    ADCC_EVT_DriverHandler                   0x103006af   Thumb Code     2  startup_hs32f7d377_cpu2_ac6.o(.text)
    ADCC_INT1_DriverHandler                  0x103006af   Thumb Code     2  startup_hs32f7d377_cpu2_ac6.o(.text)
    ADCC_INT2_DriverHandler                  0x103006af   Thumb Code     2  startup_hs32f7d377_cpu2_ac6.o(.text)
    ADCC_INT3_DriverHandler                  0x103006af   Thumb Code     2  startup_hs32f7d377_cpu2_ac6.o(.text)
    ADCC_INT4_DriverHandler                  0x103006af   Thumb Code     2  startup_hs32f7d377_cpu2_ac6.o(.text)
    ADCD_EVT_DriverHandler                   0x103006af   Thumb Code     2  startup_hs32f7d377_cpu2_ac6.o(.text)
    ADCD_INT1_DriverHandler                  0x103006af   Thumb Code     2  startup_hs32f7d377_cpu2_ac6.o(.text)
    ADCD_INT2_DriverHandler                  0x103006af   Thumb Code     2  startup_hs32f7d377_cpu2_ac6.o(.text)
    ADCD_INT3_DriverHandler                  0x103006af   Thumb Code     2  startup_hs32f7d377_cpu2_ac6.o(.text)
    ADCD_INT4_DriverHandler                  0x103006af   Thumb Code     2  startup_hs32f7d377_cpu2_ac6.o(.text)
    BusFault_DriverHandler                   0x103006af   Thumb Code     2  startup_hs32f7d377_cpu2_ac6.o(.text)
    CLB1_DriverHandler                       0x103006af   Thumb Code     2  startup_hs32f7d377_cpu2_ac6.o(.text)
    CLB2_DriverHandler                       0x103006af   Thumb Code     2  startup_hs32f7d377_cpu2_ac6.o(.text)
    CLB3_DriverHandler                       0x103006af   Thumb Code     2  startup_hs32f7d377_cpu2_ac6.o(.text)
    CLB4_DriverHandler                       0x103006af   Thumb Code     2  startup_hs32f7d377_cpu2_ac6.o(.text)
    CLB5_DriverHandler                       0x103006af   Thumb Code     2  startup_hs32f7d377_cpu2_ac6.o(.text)
    CLB6_DriverHandler                       0x103006af   Thumb Code     2  startup_hs32f7d377_cpu2_ac6.o(.text)
    CLB7_DriverHandler                       0x103006af   Thumb Code     2  startup_hs32f7d377_cpu2_ac6.o(.text)
    CLB8_DriverHandler                       0x103006af   Thumb Code     2  startup_hs32f7d377_cpu2_ac6.o(.text)
    CPUTIMER0_DriverHandler                  0x103006af   Thumb Code     2  startup_hs32f7d377_cpu2_ac6.o(.text)
    CPUTIMER1_DriverHandler                  0x103006af   Thumb Code     2  startup_hs32f7d377_cpu2_ac6.o(.text)
    CPUTIMER2_DriverHandler                  0x103006af   Thumb Code     2  startup_hs32f7d377_cpu2_ac6.o(.text)
    DMA_CH1_DriverHandler                    0x103006af   Thumb Code     2  startup_hs32f7d377_cpu2_ac6.o(.text)
    DMA_CH2_DriverHandler                    0x103006af   Thumb Code     2  startup_hs32f7d377_cpu2_ac6.o(.text)
    DMA_CH3_DriverHandler                    0x103006af   Thumb Code     2  startup_hs32f7d377_cpu2_ac6.o(.text)
    DMA_CH4_DriverHandler                    0x103006af   Thumb Code     2  startup_hs32f7d377_cpu2_ac6.o(.text)
    DMA_CH5_DriverHandler                    0x103006af   Thumb Code     2  startup_hs32f7d377_cpu2_ac6.o(.text)
    DMA_CH6_DriverHandler                    0x103006af   Thumb Code     2  startup_hs32f7d377_cpu2_ac6.o(.text)
    DWTIMER_CH0_DriverHandler                0x103006af   Thumb Code     2  startup_hs32f7d377_cpu2_ac6.o(.text)
    DWTIMER_CH1_DriverHandler                0x103006af   Thumb Code     2  startup_hs32f7d377_cpu2_ac6.o(.text)
    DWTIMER_CH2_DriverHandler                0x103006af   Thumb Code     2  startup_hs32f7d377_cpu2_ac6.o(.text)
    DebugMon_DriverHandler                   0x103006af   Thumb Code     2  startup_hs32f7d377_cpu2_ac6.o(.text)
    Default_DriverHandler                    0x103006af   Thumb Code     2  startup_hs32f7d377_cpu2_ac6.o(.text)
    ECAP1_DriverHandler                      0x103006af   Thumb Code     2  startup_hs32f7d377_cpu2_ac6.o(.text)
    ECAP2_DriverHandler                      0x103006af   Thumb Code     2  startup_hs32f7d377_cpu2_ac6.o(.text)
    ECAP3_DriverHandler                      0x103006af   Thumb Code     2  startup_hs32f7d377_cpu2_ac6.o(.text)
    ECAP4_DriverHandler                      0x103006af   Thumb Code     2  startup_hs32f7d377_cpu2_ac6.o(.text)
    ECAP5_DriverHandler                      0x103006af   Thumb Code     2  startup_hs32f7d377_cpu2_ac6.o(.text)
    ECAP6_DriverHandler                      0x103006af   Thumb Code     2  startup_hs32f7d377_cpu2_ac6.o(.text)
    EFLASH_DriverHandler                     0x103006af   Thumb Code     2  startup_hs32f7d377_cpu2_ac6.o(.text)
    EMIF1_ERR_DriverHandler                  0x103006af   Thumb Code     2  startup_hs32f7d377_cpu2_ac6.o(.text)
    EPWM10_DriverHandler                     0x103006af   Thumb Code     2  startup_hs32f7d377_cpu2_ac6.o(.text)
    EPWM10_TZ_DriverHandler                  0x103006af   Thumb Code     2  startup_hs32f7d377_cpu2_ac6.o(.text)
    EPWM11_DriverHandler                     0x103006af   Thumb Code     2  startup_hs32f7d377_cpu2_ac6.o(.text)
    EPWM11_TZ_DriverHandler                  0x103006af   Thumb Code     2  startup_hs32f7d377_cpu2_ac6.o(.text)
    EPWM12_DriverHandler                     0x103006af   Thumb Code     2  startup_hs32f7d377_cpu2_ac6.o(.text)
    EPWM12_TZ_DriverHandler                  0x103006af   Thumb Code     2  startup_hs32f7d377_cpu2_ac6.o(.text)
    EPWM1_DriverHandler                      0x103006af   Thumb Code     2  startup_hs32f7d377_cpu2_ac6.o(.text)
    EPWM1_TZ_DriverHandler                   0x103006af   Thumb Code     2  startup_hs32f7d377_cpu2_ac6.o(.text)
    EPWM2_DriverHandler                      0x103006af   Thumb Code     2  startup_hs32f7d377_cpu2_ac6.o(.text)
    EPWM2_TZ_DriverHandler                   0x103006af   Thumb Code     2  startup_hs32f7d377_cpu2_ac6.o(.text)
    EPWM3_DriverHandler                      0x103006af   Thumb Code     2  startup_hs32f7d377_cpu2_ac6.o(.text)
    EPWM3_TZ_DriverHandler                   0x103006af   Thumb Code     2  startup_hs32f7d377_cpu2_ac6.o(.text)
    EPWM4_DriverHandler                      0x103006af   Thumb Code     2  startup_hs32f7d377_cpu2_ac6.o(.text)
    EPWM4_TZ_DriverHandler                   0x103006af   Thumb Code     2  startup_hs32f7d377_cpu2_ac6.o(.text)
    EPWM5_DriverHandler                      0x103006af   Thumb Code     2  startup_hs32f7d377_cpu2_ac6.o(.text)
    EPWM5_TZ_DriverHandler                   0x103006af   Thumb Code     2  startup_hs32f7d377_cpu2_ac6.o(.text)
    EPWM6_DriverHandler                      0x103006af   Thumb Code     2  startup_hs32f7d377_cpu2_ac6.o(.text)
    EPWM6_TZ_DriverHandler                   0x103006af   Thumb Code     2  startup_hs32f7d377_cpu2_ac6.o(.text)
    EPWM7_DriverHandler                      0x103006af   Thumb Code     2  startup_hs32f7d377_cpu2_ac6.o(.text)
    EPWM7_TZ_DriverHandler                   0x103006af   Thumb Code     2  startup_hs32f7d377_cpu2_ac6.o(.text)
    EPWM8_DriverHandler                      0x103006af   Thumb Code     2  startup_hs32f7d377_cpu2_ac6.o(.text)
    EPWM8_TZ_DriverHandler                   0x103006af   Thumb Code     2  startup_hs32f7d377_cpu2_ac6.o(.text)
    EPWM9_DriverHandler                      0x103006af   Thumb Code     2  startup_hs32f7d377_cpu2_ac6.o(.text)
    EPWM9_TZ_DriverHandler                   0x103006af   Thumb Code     2  startup_hs32f7d377_cpu2_ac6.o(.text)
    EPWM_HRCAL_DriverHandler                 0x103006af   Thumb Code     2  startup_hs32f7d377_cpu2_ac6.o(.text)
    EQEP1_DriverHandler                      0x103006af   Thumb Code     2  startup_hs32f7d377_cpu2_ac6.o(.text)
    EQEP2_DriverHandler                      0x103006af   Thumb Code     2  startup_hs32f7d377_cpu2_ac6.o(.text)
    EQEP3_DriverHandler                      0x103006af   Thumb Code     2  startup_hs32f7d377_cpu2_ac6.o(.text)
    I2CA_DriverHandler                       0x103006af   Thumb Code     2  startup_hs32f7d377_cpu2_ac6.o(.text)
    I2CB_DriverHandler                       0x103006af   Thumb Code     2  startup_hs32f7d377_cpu2_ac6.o(.text)
    IPC_RAM_ERR_DriverHandler                0x103006af   Thumb Code     2  startup_hs32f7d377_cpu2_ac6.o(.text)
    MemManage_DriverHandler                  0x103006af   Thumb Code     2  startup_hs32f7d377_cpu2_ac6.o(.text)
    NMI_DriverHandler                        0x103006af   Thumb Code     2  startup_hs32f7d377_cpu2_ac6.o(.text)
    PMBUSA_DriverHandler                     0x103006af   Thumb Code     2  startup_hs32f7d377_cpu2_ac6.o(.text)
    PendSV_DriverHandler                     0x103006af   Thumb Code     2  startup_hs32f7d377_cpu2_ac6.o(.text)
    SDFM1_DriverHandler                      0x103006af   Thumb Code     2  startup_hs32f7d377_cpu2_ac6.o(.text)
    SDFM1_FLT1DR_DriverHandler               0x103006af   Thumb Code     2  startup_hs32f7d377_cpu2_ac6.o(.text)
    SDFM1_FLT2DR_DriverHandler               0x103006af   Thumb Code     2  startup_hs32f7d377_cpu2_ac6.o(.text)
    SDFM1_FLT3DR_DriverHandler               0x103006af   Thumb Code     2  startup_hs32f7d377_cpu2_ac6.o(.text)
    SDFM1_FLT4DR_DriverHandler               0x103006af   Thumb Code     2  startup_hs32f7d377_cpu2_ac6.o(.text)
    SDFM2_DriverHandler                      0x103006af   Thumb Code     2  startup_hs32f7d377_cpu2_ac6.o(.text)
    SDFM2_FLT1DR_DriverHandler               0x103006af   Thumb Code     2  startup_hs32f7d377_cpu2_ac6.o(.text)
    SDFM2_FLT2DR_DriverHandler               0x103006af   Thumb Code     2  startup_hs32f7d377_cpu2_ac6.o(.text)
    SDFM2_FLT3DR_DriverHandler               0x103006af   Thumb Code     2  startup_hs32f7d377_cpu2_ac6.o(.text)
    SDFM2_FLT4DR_DriverHandler               0x103006af   Thumb Code     2  startup_hs32f7d377_cpu2_ac6.o(.text)
    SPIA_DriverHandler                       0x103006af   Thumb Code     2  startup_hs32f7d377_cpu2_ac6.o(.text)
    SPIB_DriverHandler                       0x103006af   Thumb Code     2  startup_hs32f7d377_cpu2_ac6.o(.text)
    SPIC_DriverHandler                       0x103006af   Thumb Code     2  startup_hs32f7d377_cpu2_ac6.o(.text)
    SRAM_ACC_VIO_DriverHandler               0x103006af   Thumb Code     2  startup_hs32f7d377_cpu2_ac6.o(.text)
    SRAM_ECC_ERR_DriverHandler               0x103006af   Thumb Code     2  startup_hs32f7d377_cpu2_ac6.o(.text)
    SVC_DriverHandler                        0x103006af   Thumb Code     2  startup_hs32f7d377_cpu2_ac6.o(.text)
    TFU_DriverHandler                        0x103006af   Thumb Code     2  startup_hs32f7d377_cpu2_ac6.o(.text)
    USBA_DriverHandler                       0x103006af   Thumb Code     2  startup_hs32f7d377_cpu2_ac6.o(.text)
    USBA_EP0_DriverHandler                   0x103006af   Thumb Code     2  startup_hs32f7d377_cpu2_ac6.o(.text)
    USBA_EP10_DriverHandler                  0x103006af   Thumb Code     2  startup_hs32f7d377_cpu2_ac6.o(.text)
    USBA_EP11_DriverHandler                  0x103006af   Thumb Code     2  startup_hs32f7d377_cpu2_ac6.o(.text)
    USBA_EP12_DriverHandler                  0x103006af   Thumb Code     2  startup_hs32f7d377_cpu2_ac6.o(.text)
    USBA_EP13_DriverHandler                  0x103006af   Thumb Code     2  startup_hs32f7d377_cpu2_ac6.o(.text)
    USBA_EP14_DriverHandler                  0x103006af   Thumb Code     2  startup_hs32f7d377_cpu2_ac6.o(.text)
    USBA_EP15_DriverHandler                  0x103006af   Thumb Code     2  startup_hs32f7d377_cpu2_ac6.o(.text)
    USBA_EP16_DriverHandler                  0x103006af   Thumb Code     2  startup_hs32f7d377_cpu2_ac6.o(.text)
    USBA_EP17_DriverHandler                  0x103006af   Thumb Code     2  startup_hs32f7d377_cpu2_ac6.o(.text)
    USBA_EP18_DriverHandler                  0x103006af   Thumb Code     2  startup_hs32f7d377_cpu2_ac6.o(.text)
    USBA_EP19_DriverHandler                  0x103006af   Thumb Code     2  startup_hs32f7d377_cpu2_ac6.o(.text)
    USBA_EP1_DriverHandler                   0x103006af   Thumb Code     2  startup_hs32f7d377_cpu2_ac6.o(.text)
    USBA_EP20_DriverHandler                  0x103006af   Thumb Code     2  startup_hs32f7d377_cpu2_ac6.o(.text)
    USBA_EP21_DriverHandler                  0x103006af   Thumb Code     2  startup_hs32f7d377_cpu2_ac6.o(.text)
    USBA_EP22_DriverHandler                  0x103006af   Thumb Code     2  startup_hs32f7d377_cpu2_ac6.o(.text)
    USBA_EP23_DriverHandler                  0x103006af   Thumb Code     2  startup_hs32f7d377_cpu2_ac6.o(.text)
    USBA_EP24_DriverHandler                  0x103006af   Thumb Code     2  startup_hs32f7d377_cpu2_ac6.o(.text)
    USBA_EP25_DriverHandler                  0x103006af   Thumb Code     2  startup_hs32f7d377_cpu2_ac6.o(.text)
    USBA_EP26_DriverHandler                  0x103006af   Thumb Code     2  startup_hs32f7d377_cpu2_ac6.o(.text)
    USBA_EP27_DriverHandler                  0x103006af   Thumb Code     2  startup_hs32f7d377_cpu2_ac6.o(.text)
    USBA_EP28_DriverHandler                  0x103006af   Thumb Code     2  startup_hs32f7d377_cpu2_ac6.o(.text)
    USBA_EP29_DriverHandler                  0x103006af   Thumb Code     2  startup_hs32f7d377_cpu2_ac6.o(.text)
    USBA_EP2_DriverHandler                   0x103006af   Thumb Code     2  startup_hs32f7d377_cpu2_ac6.o(.text)
    USBA_EP30_DriverHandler                  0x103006af   Thumb Code     2  startup_hs32f7d377_cpu2_ac6.o(.text)
    USBA_EP31_DriverHandler                  0x103006af   Thumb Code     2  startup_hs32f7d377_cpu2_ac6.o(.text)
    USBA_EP3_DriverHandler                   0x103006af   Thumb Code     2  startup_hs32f7d377_cpu2_ac6.o(.text)
    USBA_EP4_DriverHandler                   0x103006af   Thumb Code     2  startup_hs32f7d377_cpu2_ac6.o(.text)
    USBA_EP5_DriverHandler                   0x103006af   Thumb Code     2  startup_hs32f7d377_cpu2_ac6.o(.text)
    USBA_EP6_DriverHandler                   0x103006af   Thumb Code     2  startup_hs32f7d377_cpu2_ac6.o(.text)
    USBA_EP7_DriverHandler                   0x103006af   Thumb Code     2  startup_hs32f7d377_cpu2_ac6.o(.text)
    USBA_EP8_DriverHandler                   0x103006af   Thumb Code     2  startup_hs32f7d377_cpu2_ac6.o(.text)
    USBA_EP9_DriverHandler                   0x103006af   Thumb Code     2  startup_hs32f7d377_cpu2_ac6.o(.text)
    USBA_EP_MP_DriverHandler                 0x103006af   Thumb Code     2  startup_hs32f7d377_cpu2_ac6.o(.text)
    UsageFault_DriverHandler                 0x103006af   Thumb Code     2  startup_hs32f7d377_cpu2_ac6.o(.text)
    WAKEUP_DriverHandler                     0x103006af   Thumb Code     2  startup_hs32f7d377_cpu2_ac6.o(.text)
    WDT_DriverHandler                        0x103006af   Thumb Code     2  startup_hs32f7d377_cpu2_ac6.o(.text)
    XINT1_DriverHandler                      0x103006af   Thumb Code     2  startup_hs32f7d377_cpu2_ac6.o(.text)
    XINT2_DriverHandler                      0x103006af   Thumb Code     2  startup_hs32f7d377_cpu2_ac6.o(.text)
    XINT3_DriverHandler                      0x103006af   Thumb Code     2  startup_hs32f7d377_cpu2_ac6.o(.text)
    XINT4_DriverHandler                      0x103006af   Thumb Code     2  startup_hs32f7d377_cpu2_ac6.o(.text)
    XINT5_DriverHandler                      0x103006af   Thumb Code     2  startup_hs32f7d377_cpu2_ac6.o(.text)
    ___aeabi_memcpy4$ret                     0x10300941   Thumb Code     0  memcpy.o(.text)
    ___aeabi_memcpy8$ret                     0x10300941   Thumb Code     0  memcpy.o(.text)
    __aeabi_memcpy                           0x10300941   Thumb Code    40  memcpy.o(.text)
    memcpy                                   0x10300941   Thumb Code     0  memcpy.o(.text)
    __aeabi_memset                           0x10300969   Thumb Code    14  memseta.o(.text)
    __aeabi_memset4                          0x10300969   Thumb Code     0  memseta.o(.text)
    __aeabi_memset8                          0x10300969   Thumb Code     0  memseta.o(.text)
    __aeabi_memclr                           0x10300977   Thumb Code     4  memseta.o(.text)
    __aeabi_memclr4                          0x10300977   Thumb Code     0  memseta.o(.text)
    __aeabi_memclr8                          0x10300977   Thumb Code     0  memseta.o(.text)
    memset                                   0x1030097b   Thumb Code    18  memseta.o(.text)
    __aeabi_uidiv                            0x1030098d   Thumb Code     0  uidiv.o(.text)
    __aeabi_uidivmod                         0x1030098d   Thumb Code    44  uidiv.o(.text)
    __scatterload                            0x103009b9   Thumb Code    28  init.o(.text)
    __scatterload_rt2                        0x103009b9   Thumb Code     0  init.o(.text)
    BOARD_clockConfig                        0x10300a71   Thumb Code    46  clock_config.o(.text.BOARD_clockConfig)
    BOARD_clockInfGet                        0x10300aa1   Thumb Code    26  clock_config.o(.text.BOARD_clockInfGet)
    BOARD_debugConsoleInit                   0x10300ac1   Thumb Code    50  board.o(.text.BOARD_debugConsoleInit)
    BOARD_init                               0x10300b09   Thumb Code    16  board.o(.text.BOARD_init)
    BOARD_mpuConfig                          0x10300b19   Thumb Code    98  board.o(.text.BOARD_mpuConfig)
    DEBUG_CONSOLE_init                       0x10300bc9   Thumb Code   122  hte_debug_console.o(.text.DEBUG_CONSOLE_init)
    IPC_INT0_DriverHandler                   0x10300cc1   Thumb Code    14  hte_cpu2_ipc.o(.text.IPC_INT0_DriverHandler)
    IPC_INT1_DriverHandler                   0x10300cd1   Thumb Code    14  hte_cpu2_ipc.o(.text.IPC_INT1_DriverHandler)
    IPC_INT2_DriverHandler                   0x10300ce1   Thumb Code    14  hte_cpu2_ipc.o(.text.IPC_INT2_DriverHandler)
    IPC_INT3_DriverHandler                   0x10300cf1   Thumb Code    14  hte_cpu2_ipc.o(.text.IPC_INT3_DriverHandler)
    IPC_com_GPIO_setMasterCore               0x10300d01   Thumb Code    84  hte_cpu2_ipc_com.o(.text.IPC_com_GPIO_setMasterCore)
    IPC_com_GPIO_setPinConfig                0x10300d59   Thumb Code   122  hte_cpu2_ipc_com.o(.text.IPC_com_GPIO_setPinConfig)
    IPC_com_SYSCTRL_enablePeripheral         0x10300dd9   Thumb Code    62  hte_cpu2_ipc_com.o(.text.IPC_com_SYSCTRL_enablePeripheral)
    IPC_com_SYSCTRL_getCANSramInitDone       0x10300e19   Thumb Code    30  hte_cpu2_ipc_com.o(.text.IPC_com_SYSCTRL_getCANSramInitDone)
    IPC_com_SYSCTRL_initCANSram              0x10300e39   Thumb Code    44  hte_cpu2_ipc_com.o(.text.IPC_com_SYSCTRL_initCANSram)
    IPC_com_getReg                           0x10300e69   Thumb Code    66  hte_cpu2_ipc_com.o(.text.IPC_com_getReg)
    IPC_com_selectCPUForPeripheral           0x10300eb1   Thumb Code    72  hte_cpu2_ipc_com.o(.text.IPC_com_selectCPUForPeripheral)
    IPC_com_setReg                           0x10300ef9   Thumb Code    80  hte_cpu2_ipc_com.o(.text.IPC_com_setReg)
    IPC_handlerIRQ                           0x10300f59   Thumb Code    24  hte_cpu2_ipc.o(.text.IPC_handlerIRQ)
    IPC_sendCommand                          0x10300f81   Thumb Code    52  hte_cpu2_ipc.o(.text.IPC_sendCommand)
    MCANA_INT0_DriverHandler                 0x10300fc9   Thumb Code    22  hte_mcan.o(.text.MCANA_INT0_DriverHandler)
    MCANA_INT1_DriverHandler                 0x10300fe1   Thumb Code    22  hte_mcan.o(.text.MCANA_INT1_DriverHandler)
    MCANB_INT0_DriverHandler                 0x10300ff9   Thumb Code    24  hte_mcan.o(.text.MCANB_INT0_DriverHandler)
    MCANB_INT1_DriverHandler                 0x10301011   Thumb Code    24  hte_mcan.o(.text.MCANB_INT1_DriverHandler)
    MCANC_INT0_DriverHandler                 0x10301029   Thumb Code    24  hte_mcan.o(.text.MCANC_INT0_DriverHandler)
    MCANC_INT1_DriverHandler                 0x10301041   Thumb Code    24  hte_mcan.o(.text.MCANC_INT1_DriverHandler)
    MCAN_getOpMode                           0x10301209   Thumb Code    44  hte_mcan.o(.text.MCAN_getOpMode)
    MCAN_getTxBufReqPend                     0x10301261   Thumb Code    42  hte_mcan.o(.text.MCAN_getTxBufReqPend)
    MCAN_handlerIRQ                          0x10301291   Thumb Code    30  hte_mcan.o(.text.MCAN_handlerIRQ)
    MCAN_init                                0x103012b1   Thumb Code   194  hte_mcan.o(.text.MCAN_init)
    MCAN_msgRAMConfig                        0x103013a1   Thumb Code   410  hte_mcan.o(.text.MCAN_msgRAMConfig)
    MCAN_pinMux                              0x10301541   Thumb Code    40  mcan_ex4_classic_transmit.o(.text.MCAN_pinMux)
    MCAN_setBitTime                          0x10301569   Thumb Code   236  hte_mcan.o(.text.MCAN_setBitTime)
    MCAN_setOpMode                           0x10301659   Thumb Code    48  hte_mcan.o(.text.MCAN_setOpMode)
    MCAN_setPclkEnable                       0x10301689   Thumb Code   140  mcan_ex4_classic_transmit.o(.text.MCAN_setPclkEnable)
    MCAN_txBufAddReq                         0x10301719   Thumb Code    72  hte_mcan.o(.text.MCAN_txBufAddReq)
    MCAN_writeMsgRam                         0x10301871   Thumb Code   128  hte_mcan.o(.text.MCAN_writeMsgRam)
    SysTick_DriverHandler                    0x10301989   Thumb Code    30  clock_config.o(.text.SysTick_DriverHandler)
    SystemInit                               0x103019a9   Thumb Code    18  system_hs32f7d377_cpu2.o(.text.SystemInit)
    UARTA_DriverHandler                      0x103019c1   Thumb Code    36  hte_uart.o(.text.UARTA_DriverHandler)
    UARTB_DriverHandler                      0x103019e9   Thumb Code    42  hte_uart.o(.text.UARTB_DriverHandler)
    UARTC_DriverHandler                      0x10301a19   Thumb Code    42  hte_uart.o(.text.UARTC_DriverHandler)
    UARTD_DriverHandler                      0x10301a49   Thumb Code    42  hte_uart.o(.text.UARTD_DriverHandler)
    UART_getDefaultConfig                    0x10301ac9   Thumb Code    54  hte_uart.o(.text.UART_getDefaultConfig)
    UART_init                                0x10301b59   Thumb Code   180  hte_uart.o(.text.UART_init)
    UART_setBaudRate                         0x10301cf1   Thumb Code   208  hte_uart.o(.text.UART_setBaudRate)
    UART_writeDataBlocking                   0x10301de1   Thumb Code    98  hte_uart.o(.text.UART_writeDataBlocking)
    __aeabi_assert                           0x10301e49   Thumb Code    40  hte_assert.o(.text.__aeabi_assert)
    fputc                                    0x10301eb1   Thumb Code    46  hte_debug_console.o(.text.fputc)
    main                                     0x10301ee1   Thumb Code     8  mcan_ex4_classic_transmit.o(.text.main)
    __0printf$3                              0x10301ee9   Thumb Code    22  printf3.o(i.__0printf$3)
    __1printf$3                              0x10301ee9   Thumb Code     0  printf3.o(i.__0printf$3)
    __2printf                                0x10301ee9   Thumb Code     0  printf3.o(i.__0printf$3)
    __scatterload_copy                       0x10301f09   Thumb Code    14  handlers.o(i.__scatterload_copy)
    __scatterload_null                       0x10301f17   Thumb Code     2  handlers.o(i.__scatterload_null)
    __scatterload_zeroinit                   0x10301f19   Thumb Code    14  handlers.o(i.__scatterload_zeroinit)
    Region$$Table$$Base                      0x103021b8   Number         0  anon$$obj.o(Region$$Table)
    Region$$Table$$Limit                     0x103021d8   Number         0  anon$$obj.o(Region$$Table)
    __stderr                                 0x20000000   Data           4  stderr.o(.data)
    SystemCoreClock                          0x20000004   Data           4  system_hs32f7d377_cpu2.o(.data.SystemCoreClock)
    gSystickFreq                             0x20000008   Data           1  clock_config.o(.data.gSystickFreq)
    s_mpuRegions                             0x2000000c   Data          56  board.o(.data.s_mpuRegions)
    __stdin                                  0x20000044   Data          84  hte_debug_console.o(.bss.__stdin)
    __stdout                                 0x20000098   Data          84  hte_debug_console.o(.bss.__stdout)
    gSystick                                 0x200000ec   Data           4  clock_config.o(.bss.gSystick)
    g_clockConfig                            0x200000f0   Data          32  clock_config.o(.bss.g_clockConfig)
    loopCnt                                  0x20000110   Data           4  mcan_ex4_classic_transmit.o(.bss.loopCnt)
    s_uartHandle                             0x20000140   Data         144  hte_uart.o(.bss.s_uartHandle)
    s_uartISR                                0x200001d0   Data          16  hte_uart.o(.bss.s_uartISR)
    txMsg                                    0x200001e0   Data         164  mcan_ex4_classic_transmit.o(.bss.txMsg)
    Image$$ARM_LIB_STACK$$ZI$$Limit          0x20020000   Number         0  anon$$obj.o ABSOLUTE
    Image$$CLOCK_INFO$$Base                  0x40001fe0   Number         0  anon$$obj.o ABSOLUTE



==============================================================================

Memory Map of the image

  Image Entry point : 0x10300401

  Load Region LR_ROM (Base: 0x10300000, Size: 0x0000221c, Max: 0x00100000, ABSOLUTE)

    Execution Region ER_ROM (Exec base: 0x10300000, Load base: 0x10300000, Size: 0x000021d8, Max: 0x00100000, ABSOLUTE)

    Exec Addr    Load Addr    Size         Type   Attr      Idx    E Section Name        Object

    0x10300000   0x10300000   0x00000400   Data   RO          596    RESET               startup_hs32f7d377_cpu2_ac6.o
    0x10300400   0x10300400   0x00000000   Code   RO          639  * .ARM.Collect$$$$00000000  mc_w.l(entry.o)
    0x10300400   0x10300400   0x00000004   Code   RO          990    .ARM.Collect$$$$00000003  mc_w.l(entry4.o)
    0x10300404   0x10300404   0x00000004   Code   RO          993    .ARM.Collect$$$$00000004  mc_w.l(entry5.o)
    0x10300408   0x10300408   0x00000000   Code   RO          995    .ARM.Collect$$$$00000008  mc_w.l(entry7b.o)
    0x10300408   0x10300408   0x00000000   Code   RO          997    .ARM.Collect$$$$0000000A  mc_w.l(entry8b.o)
    0x10300408   0x10300408   0x00000008   Code   RO          998    .ARM.Collect$$$$0000000B  mc_w.l(entry9a.o)
    0x10300410   0x10300410   0x00000000   Code   RO         1000    .ARM.Collect$$$$0000000D  mc_w.l(entry10a.o)
    0x10300410   0x10300410   0x00000000   Code   RO         1002    .ARM.Collect$$$$0000000F  mc_w.l(entry11a.o)
    0x10300410   0x10300410   0x00000004   Code   RO          991    .ARM.Collect$$$$00002714  mc_w.l(entry4.o)
    0x10300414   0x10300414   0x0000052c   Code   RO          595    .text               startup_hs32f7d377_cpu2_ac6.o
    0x10300940   0x10300940   0x00000028   Code   RO          647    .text               mc_w.l(memcpy.o)
    0x10300968   0x10300968   0x00000024   Code   RO          651    .text               mc_w.l(memseta.o)
    0x1030098c   0x1030098c   0x0000002c   Code   RO         1013    .text               mc_w.l(uidiv.o)
    0x103009b8   0x103009b8   0x00000024   Code   RO         1033    .text               mc_w.l(init.o)
    0x103009dc   0x103009dc   0x00000004   PAD
    0x103009e0   0x103009e0   0x00000026   Code   RO           11    .text.ARM_MPU_Disable  board.o
    0x10300a06   0x10300a06   0x00000002   PAD
    0x10300a08   0x10300a08   0x00000022   Code   RO           15    .text.ARM_MPU_Enable  board.o
    0x10300a2a   0x10300a2a   0x00000006   PAD
    0x10300a30   0x10300a30   0x0000001e   Code   RO           13    .text.ARM_MPU_Load  board.o
    0x10300a4e   0x10300a4e   0x00000002   PAD
    0x10300a50   0x10300a50   0x0000001e   Code   RO           23    .text.ARM_MPU_OrderedMemcpy  board.o
    0x10300a6e   0x10300a6e   0x00000002   PAD
    0x10300a70   0x10300a70   0x0000002e   Code   RO           52    .text.BOARD_clockConfig  clock_config.o
    0x10300a9e   0x10300a9e   0x00000002   PAD
    0x10300aa0   0x10300aa0   0x0000001a   Code   RO           50    .text.BOARD_clockInfGet  clock_config.o
    0x10300aba   0x10300aba   0x00000006   PAD
    0x10300ac0   0x10300ac0   0x00000032   Code   RO            9    .text.BOARD_debugConsoleInit  board.o
    0x10300af2   0x10300af2   0x00000006   PAD
    0x10300af8   0x10300af8   0x0000000c   Code   RO           19    .text.BOARD_getPeripheralClk  board.o
    0x10300b04   0x10300b04   0x00000004   PAD
    0x10300b08   0x10300b08   0x00000010   Code   RO            5    .text.BOARD_init    board.o
    0x10300b18   0x10300b18   0x00000062   Code   RO            7    .text.BOARD_mpuConfig  board.o
    0x10300b7a   0x10300b7a   0x00000006   PAD
    0x10300b80   0x10300b80   0x0000003a   Code   RO          185    .text.DEBUG_CONSOLE_HAL_uartInit  hte_debug_console.o
    0x10300bba   0x10300bba   0x00000006   PAD
    0x10300bc0   0x10300bc0   0x00000008   Code   RO          189    .text.DEBUG_CONSOLE_HAL_uartTransmit  hte_debug_console.o
    0x10300bc8   0x10300bc8   0x0000007a   Code   RO          183    .text.DEBUG_CONSOLE_init  hte_debug_console.o
    0x10300c42   0x10300c42   0x00000006   PAD
    0x10300c48   0x10300c48   0x00000064   Code   RO          135    .text.GPIO_getPort  hte_cpu2_ipc_com.o
    0x10300cac   0x10300cac   0x00000004   PAD
    0x10300cb0   0x10300cb0   0x0000000c   Code   RO          163    .text.GPIO_isPinValid  hte_cpu2_ipc_com.o
    0x10300cbc   0x10300cbc   0x00000004   PAD
    0x10300cc0   0x10300cc0   0x0000000e   Code   RO          273    .text.IPC_INT0_DriverHandler  hte_cpu2_ipc.o
    0x10300cce   0x10300cce   0x00000002   PAD
    0x10300cd0   0x10300cd0   0x0000000e   Code   RO          275    .text.IPC_INT1_DriverHandler  hte_cpu2_ipc.o
    0x10300cde   0x10300cde   0x00000002   PAD
    0x10300ce0   0x10300ce0   0x0000000e   Code   RO          277    .text.IPC_INT2_DriverHandler  hte_cpu2_ipc.o
    0x10300cee   0x10300cee   0x00000002   PAD
    0x10300cf0   0x10300cf0   0x0000000e   Code   RO          279    .text.IPC_INT3_DriverHandler  hte_cpu2_ipc.o
    0x10300cfe   0x10300cfe   0x00000002   PAD
    0x10300d00   0x10300d00   0x00000054   Code   RO          133    .text.IPC_com_GPIO_setMasterCore  hte_cpu2_ipc_com.o
    0x10300d54   0x10300d54   0x00000004   PAD
    0x10300d58   0x10300d58   0x0000007a   Code   RO          147    .text.IPC_com_GPIO_setPinConfig  hte_cpu2_ipc_com.o
    0x10300dd2   0x10300dd2   0x00000006   PAD
    0x10300dd8   0x10300dd8   0x0000003e   Code   RO          125    .text.IPC_com_SYSCTRL_enablePeripheral  hte_cpu2_ipc_com.o
    0x10300e16   0x10300e16   0x00000002   PAD
    0x10300e18   0x10300e18   0x0000001e   Code   RO          129    .text.IPC_com_SYSCTRL_getCANSramInitDone  hte_cpu2_ipc_com.o
    0x10300e36   0x10300e36   0x00000002   PAD
    0x10300e38   0x10300e38   0x0000002c   Code   RO          127    .text.IPC_com_SYSCTRL_initCANSram  hte_cpu2_ipc_com.o
    0x10300e64   0x10300e64   0x00000004   PAD
    0x10300e68   0x10300e68   0x00000042   Code   RO          117    .text.IPC_com_getReg  hte_cpu2_ipc_com.o
    0x10300eaa   0x10300eaa   0x00000006   PAD
    0x10300eb0   0x10300eb0   0x00000048   Code   RO          123    .text.IPC_com_selectCPUForPeripheral  hte_cpu2_ipc_com.o
    0x10300ef8   0x10300ef8   0x00000050   Code   RO          109    .text.IPC_com_setReg  hte_cpu2_ipc_com.o
    0x10300f48   0x10300f48   0x0000000a   Code   RO          115    .text.IPC_getResponse  hte_cpu2_ipc_com.o
    0x10300f52   0x10300f52   0x00000006   PAD
    0x10300f58   0x10300f58   0x00000018   Code   RO          271    .text.IPC_handlerIRQ  hte_cpu2_ipc.o
    0x10300f70   0x10300f70   0x0000000e   Code   RO          111    .text.IPC_isFlagBusyLtoR  hte_cpu2_ipc_com.o
    0x10300f7e   0x10300f7e   0x00000002   PAD
    0x10300f80   0x10300f80   0x00000034   Code   RO          257    .text.IPC_sendCommand  hte_cpu2_ipc.o
    0x10300fb4   0x10300fb4   0x00000004   PAD
    0x10300fb8   0x10300fb8   0x00000010   Code   RO          113    .text.IPC_waitForAck  hte_cpu2_ipc_com.o
    0x10300fc8   0x10300fc8   0x00000016   Code   RO          429    .text.MCANA_INT0_DriverHandler  hte_mcan.o
    0x10300fde   0x10300fde   0x00000002   PAD
    0x10300fe0   0x10300fe0   0x00000016   Code   RO          431    .text.MCANA_INT1_DriverHandler  hte_mcan.o
    0x10300ff6   0x10300ff6   0x00000002   PAD
    0x10300ff8   0x10300ff8   0x00000018   Code   RO          433    .text.MCANB_INT0_DriverHandler  hte_mcan.o
    0x10301010   0x10301010   0x00000018   Code   RO          435    .text.MCANB_INT1_DriverHandler  hte_mcan.o
    0x10301028   0x10301028   0x00000018   Code   RO          437    .text.MCANC_INT0_DriverHandler  hte_mcan.o
    0x10301040   0x10301040   0x00000018   Code   RO          439    .text.MCANC_INT1_DriverHandler  hte_mcan.o
    0x10301058   0x10301058   0x0000008a   Code   RO          582    .text.MCANConfig    mcan_ex4_classic_transmit.o
    0x103010e2   0x103010e2   0x00000006   PAD
    0x103010e8   0x103010e8   0x00000084   Code   RO          574    .text.MCAN_Run      mcan_ex4_classic_transmit.o
    0x1030116c   0x1030116c   0x00000004   PAD
    0x10301170   0x10301170   0x0000006c   Code   RO          441    .text.MCAN_getDataSize  hte_mcan.o
    0x103011dc   0x103011dc   0x00000004   PAD
    0x103011e0   0x103011e0   0x00000028   Code   RO          335    .text.MCAN_getMsgObjSize  hte_mcan.o
    0x10301208   0x10301208   0x0000002c   Code   RO          315    .text.MCAN_getOpMode  hte_mcan.o
    0x10301234   0x10301234   0x00000004   PAD
    0x10301238   0x10301238   0x00000024   Code   RO          333    .text.MCAN_getRamBase  hte_mcan.o
    0x1030125c   0x1030125c   0x00000004   PAD
    0x10301260   0x10301260   0x0000002a   Code   RO          383    .text.MCAN_getTxBufReqPend  hte_mcan.o
    0x1030128a   0x1030128a   0x00000006   PAD
    0x10301290   0x10301290   0x0000001e   Code   RO          427    .text.MCAN_handlerIRQ  hte_mcan.o
    0x103012ae   0x103012ae   0x00000002   PAD
    0x103012b0   0x103012b0   0x000000c2   Code   RO          317    .text.MCAN_init     hte_mcan.o
    0x10301372   0x10301372   0x00000006   PAD
    0x10301378   0x10301378   0x00000024   Code   RO          313    .text.MCAN_isBaseValid  hte_mcan.o
    0x1030139c   0x1030139c   0x00000004   PAD
    0x103013a0   0x103013a0   0x0000019a   Code   RO          327    .text.MCAN_msgRAMConfig  hte_mcan.o
    0x1030153a   0x1030153a   0x00000006   PAD
    0x10301540   0x10301540   0x00000028   Code   RO          576    .text.MCAN_pinMux   mcan_ex4_classic_transmit.o
    0x10301568   0x10301568   0x000000ec   Code   RO          325    .text.MCAN_setBitTime  hte_mcan.o
    0x10301654   0x10301654   0x00000004   PAD
    0x10301658   0x10301658   0x00000030   Code   RO          311    .text.MCAN_setOpMode  hte_mcan.o
    0x10301688   0x10301688   0x0000008c   Code   RO          578    .text.MCAN_setPclkEnable  mcan_ex4_classic_transmit.o
    0x10301714   0x10301714   0x00000004   PAD
    0x10301718   0x10301718   0x00000048   Code   RO          339    .text.MCAN_txBufAddReq  hte_mcan.o
    0x10301760   0x10301760   0x00000110   Code   RO          337    .text.MCAN_writeMsg  hte_mcan.o
    0x10301870   0x10301870   0x00000080   Code   RO          331    .text.MCAN_writeMsgRam  hte_mcan.o
    0x103018f0   0x103018f0   0x0000002e   Code   RO          321    .text.MCAN_writeProtectedRegAccessLock  hte_mcan.o
    0x1030191e   0x1030191e   0x00000002   PAD
    0x10301920   0x10301920   0x0000002e   Code   RO          319    .text.MCAN_writeProtectedRegAccessUnlock  hte_mcan.o
    0x1030194e   0x1030194e   0x00000002   PAD
    0x10301950   0x10301950   0x00000012   Code   RO           17    .text.SYSCTRL_enablePeripheral  board.o
    0x10301962   0x10301962   0x00000006   PAD
    0x10301968   0x10301968   0x00000020   Code   RO          580    .text.SYSCTRL_enablePeripheral  mcan_ex4_classic_transmit.o
    0x10301988   0x10301988   0x0000001e   Code   RO           34    .text.SysTick_DriverHandler  clock_config.o
    0x103019a6   0x103019a6   0x00000002   PAD
    0x103019a8   0x103019a8   0x00000012   Code   RO          226    .text.SystemInit    system_hs32f7d377_cpu2.o
    0x103019ba   0x103019ba   0x00000006   PAD
    0x103019c0   0x103019c0   0x00000024   Code   RO          528    .text.UARTA_DriverHandler  hte_uart.o
    0x103019e4   0x103019e4   0x00000004   PAD
    0x103019e8   0x103019e8   0x0000002a   Code   RO          530    .text.UARTB_DriverHandler  hte_uart.o
    0x10301a12   0x10301a12   0x00000006   PAD
    0x10301a18   0x10301a18   0x0000002a   Code   RO          532    .text.UARTC_DriverHandler  hte_uart.o
    0x10301a42   0x10301a42   0x00000006   PAD
    0x10301a48   0x10301a48   0x0000002a   Code   RO          534    .text.UARTD_DriverHandler  hte_uart.o
    0x10301a72   0x10301a72   0x00000006   PAD
    0x10301a78   0x10301a78   0x00000026   Code   RO          464    .text.UART_disableFIFOAccess  hte_uart.o
    0x10301a9e   0x10301a9e   0x00000002   PAD
    0x10301aa0   0x10301aa0   0x00000026   Code   RO          466    .text.UART_disableLoopback  hte_uart.o
    0x10301ac6   0x10301ac6   0x00000002   PAD
    0x10301ac8   0x10301ac8   0x00000036   Code   RO          456    .text.UART_getDefaultConfig  hte_uart.o
    0x10301afe   0x10301afe   0x00000002   PAD
    0x10301b00   0x10301b00   0x00000024   Code   RO          536    .text.UART_getTxFIFOLevel  hte_uart.o
    0x10301b24   0x10301b24   0x00000004   PAD
    0x10301b28   0x10301b28   0x0000002a   Code   RO          468    .text.UART_haltTransmit  hte_uart.o
    0x10301b52   0x10301b52   0x00000006   PAD
    0x10301b58   0x10301b58   0x000000b4   Code   RO          458    .text.UART_init     hte_uart.o
    0x10301c0c   0x10301c0c   0x00000004   PAD
    0x10301c10   0x10301c10   0x00000024   Code   RO          460    .text.UART_isBusy   hte_uart.o
    0x10301c34   0x10301c34   0x00000004   PAD
    0x10301c38   0x10301c38   0x00000026   Code   RO          488    .text.UART_isFIFOEnabled  hte_uart.o
    0x10301c5e   0x10301c5e   0x00000002   PAD
    0x10301c60   0x10301c60   0x0000003e   Code   RO          480    .text.UART_isSpaceAvailable  hte_uart.o
    0x10301c9e   0x10301c9e   0x00000002   PAD
    0x10301ca0   0x10301ca0   0x00000024   Code   RO          538    .text.UART_isTransmitHoldingEmpty  hte_uart.o
    0x10301cc4   0x10301cc4   0x00000004   PAD
    0x10301cc8   0x10301cc8   0x00000024   Code   RO          482    .text.UART_isTransmitRegisterEmpty  hte_uart.o
    0x10301cec   0x10301cec   0x00000004   PAD
    0x10301cf0   0x10301cf0   0x000000f0   Code   RO          462    .text.UART_setBaudRate  hte_uart.o
    0x10301de0   0x10301de0   0x00000062   Code   RO          478    .text.UART_writeDataBlocking  hte_uart.o
    0x10301e42   0x10301e42   0x00000006   PAD
    0x10301e48   0x10301e48   0x00000068   Code   RO          174    .text.__aeabi_assert  hte_assert.o
    0x10301eb0   0x10301eb0   0x0000002e   Code   RO          209    .text.fputc         hte_debug_console.o
    0x10301ede   0x10301ede   0x00000002   PAD
    0x10301ee0   0x10301ee0   0x00000008   Code   RO          572    .text.main          mcan_ex4_classic_transmit.o
    0x10301ee8   0x10301ee8   0x00000020   Code   RO          744    i.__0printf$3       mc_w.l(printf3.o)
    0x10301f08   0x10301f08   0x0000000e   Code   RO         1045    i.__scatterload_copy  mc_w.l(handlers.o)
    0x10301f16   0x10301f16   0x00000002   Code   RO         1046    i.__scatterload_null  mc_w.l(handlers.o)
    0x10301f18   0x10301f18   0x0000000e   Code   RO         1047    i.__scatterload_zeroinit  mc_w.l(handlers.o)
    0x10301f26   0x10301f26   0x00000002   PAD
    0x10301f28   0x10301f28   0x000001b8   Code   RO          751    i._printf_core      mc_w.l(printf3.o)
    0x103020e0   0x103020e0   0x0000006b   Data   RO          443    .rodata.str1.1      hte_mcan.o
    0x1030214b   0x1030214b   0x0000006b   Data   RO          561    .rodata.str1.1      hte_uart.o
    0x103021b6   0x103021b6   0x00000002   PAD
    0x103021b8   0x103021b8   0x00000020   Data   RO         1044    Region$$Table       anon$$obj.o


    Execution Region RW_RAM (Exec base: 0x20000000, Load base: 0x103021d8, Size: 0x00000284, Max: 0x0001f200, ABSOLUTE)

    Exec Addr    Load Addr    Size         Type   Attr      Idx    E Section Name        Object

    0x20000000   0x103021d8   0x00000004   Data   RW          644    .data               mc_w.l(stderr.o)
    0x20000004   0x103021dc   0x00000004   Data   RW          230    .data.SystemCoreClock  system_hs32f7d377_cpu2.o
    0x20000008   0x103021e0   0x00000001   Data   RW           99    .data.gSystickFreq  clock_config.o
    0x20000009   0x103021e1   0x00000003   PAD
    0x2000000c   0x103021e4   0x00000038   Data   RW           25    .data.s_mpuRegions  board.o
    0x20000044        -       0x00000054   Zero   RW          213    .bss.__stdin        hte_debug_console.o
    0x20000098        -       0x00000054   Zero   RW          214    .bss.__stdout       hte_debug_console.o
    0x200000ec        -       0x00000004   Zero   RW           98    .bss.gSystick       clock_config.o
    0x200000f0        -       0x00000020   Zero   RW          100    .bss.g_clockConfig  clock_config.o
    0x20000110        -       0x00000004   Zero   RW          585    .bss.loopCnt        mcan_ex4_classic_transmit.o
    0x20000114        -       0x00000004   Zero   RW          215    .bss.s_debugConsole.0  hte_debug_console.o
    0x20000118        -       0x00000010   Zero   RW          282    .bss.s_ipcISR       hte_cpu2_ipc.o
    0x20000128        -       0x00000018   Zero   RW          444    .bss.s_mcanISR      hte_mcan.o
    0x20000140        -       0x00000090   Zero   RW          562    .bss.s_uartHandle   hte_uart.o
    0x200001d0        -       0x00000010   Zero   RW          560    .bss.s_uartISR      hte_uart.o
    0x200001e0        -       0x000000a4   Zero   RW          586    .bss.txMsg          mcan_ex4_classic_transmit.o


    Execution Region ARM_LIB_HEAP (Exec base: 0x20000288, Load base: 0x1030221c, Size: 0x00000c00, Max: 0x00000c00, ABSOLUTE)

    Exec Addr    Load Addr    Size         Type   Attr      Idx    E Section Name        Object

    0x20000288        -       0x00000c00   Zero   RW            1    ARM_LIB_HEAP.bss    anon$$obj.o


    Execution Region ARM_LIB_STACK (Exec base: 0x2001fe00, Load base: 0x1030221c, Size: 0x00000200, Max: 0x00000200, ABSOLUTE)

    Exec Addr    Load Addr    Size         Type   Attr      Idx    E Section Name        Object

    0x2001fe00        -       0x00000200   Zero   RW            2    ARM_LIB_STACK.bss   anon$$obj.o


    Execution Region CLOCK_INFO (Exec base: 0x40001fe0, Load base: 0x1030221c, Size: 0x00000020, Max: 0x00000020, ABSOLUTE)

    Exec Addr    Load Addr    Size         Type   Attr      Idx    E Section Name        Object

    0x40001fe0        -       0x00000020   Zero   RW            3    CLOCK_INFO.bss      anon$$obj.o


==============================================================================

Image component sizes


      Code (inc. data)   RO Data    RW Data    ZI Data      Debug   Object Name

       326          0          0         56          0       7310   board.o
       102          0          0          1         36     160815   clock_config.o
       104         64          0          0          0        761   hte_assert.o
       132          0          0          0         16      15086   hte_cpu2_ipc.o
       712         72          0          0          0      39362   hte_cpu2_ipc_com.o
       234          0          0          0        172      10022   hte_debug_console.o
      1928        108        107          0         24      46535   hte_mcan.o
      1096         36        107          0        160      30184   hte_uart.o
       490          0          0          0        168      26294   mcan_ex4_classic_transmit.o
      1324        656       1024          0          0       5633   startup_hs32f7d377_cpu2_ac6.o
        18          0          0          4          0       2260   system_hs32f7d377_cpu2.o

    ----------------------------------------------------------------------
      6708        944       1272         64       4192     344262   Object Totals
         0          0         32          0       3616          0   (incl. Generated)
       242          8          2          3          0          0   (incl. Padding)

    ----------------------------------------------------------------------

      Code (inc. data)   RO Data    RW Data    ZI Data      Debug   Library Member Name

         0          0          0          0          0          0   entry.o
         0          0          0          0          0          0   entry10a.o
         0          0          0          0          0          0   entry11a.o
         8          4          0          0          0          0   entry4.o
         4          0          0          0          0          0   entry5.o
         0          0          0          0          0          0   entry7b.o
         0          0          0          0          0          0   entry8b.o
         8          4          0          0          0          0   entry9a.o
        30          0          0          0          0          0   handlers.o
        36          8          0          0          0         68   init.o
        40          0          0          0          0         76   memcpy.o
        36          0          0          0          0        108   memseta.o
       472         14          0          0          0        184   printf3.o
         0          0          0          4          0          0   stderr.o
        44          0          0          0          0         80   uidiv.o

    ----------------------------------------------------------------------
       684         34          0          4          0        516   Library Totals
         6          4          0          0          0          0   (incl. Padding)

    ----------------------------------------------------------------------

      Code (inc. data)   RO Data    RW Data    ZI Data      Debug   Library Name

       678         30          0          4          0        516   mc_w.l

    ----------------------------------------------------------------------
       684         34          0          4          0        516   Library Totals

    ----------------------------------------------------------------------

==============================================================================


      Code (inc. data)   RO Data    RW Data    ZI Data      Debug   

      7392        978       1272         68       4192     344646   Grand Totals
      7392        978       1272         68       4192     344646   ELF Image Totals
      7392        978       1272         68          0          0   ROM Totals

==============================================================================

    Total RO  Size (Code + RO Data)                 8664 (   8.46kB)
    Total RW  Size (RW Data + ZI Data)              4260 (   4.16kB)
    Total ROM Size (Code + RO Data + RW Data)       8732 (   8.53kB)

==============================================================================

